# pipeline trace log
# created_at=2026-06-04 21:19:49
[pipeline-trace] wall=21:19:58 elapsed=5.300s phase=train event=dispatch trial=0 stage=1/3
[pipeline-trace] wall=21:21:24 elapsed=90.533s phase=train event=complete trial=0 stage=1/3 stage_duration_sec=85.233
[pipeline-trace] wall=21:21:24 elapsed=90.533s phase=train event=dispatch trial=1 stage=1/3
[pipeline-trace] wall=21:21:24 elapsed=90.537s phase=train event=dispatch trial=0 stage=2/3
[pipeline-trace] wall=21:22:50 elapsed=176.754s phase=train event=complete trial=0 stage=2/3 stage_duration_sec=86.217
[pipeline-trace] wall=21:22:50 elapsed=176.754s phase=train event=dispatch trial=0 stage=3/3
[pipeline-trace] wall=21:22:52 elapsed=178.925s phase=train event=complete trial=1 stage=1/3 stage_duration_sec=88.392
[pipeline-trace] wall=21:22:52 elapsed=178.925s phase=train event=dispatch trial=1 stage=2/3
[pipeline-trace] wall=21:23:40 elapsed=227.205s phase=train event=complete trial=0 stage=3/3 stage_duration_sec=50.450
[pipeline-trace] wall=21:23:56 elapsed=242.897s phase=train event=complete trial=1 stage=2/3 stage_duration_sec=63.972
[pipeline-trace] wall=21:23:56 elapsed=242.898s phase=train event=dispatch trial=1 stage=3/3
[pipeline-trace] wall=21:24:59 elapsed=305.928s phase=train event=complete trial=1 stage=3/3 stage_duration_sec=63.030
[pipeline-trace] wall=21:24:59 elapsed=305.928s phase=train event=dispatch trial=0 stage=1/3
[pipeline-trace] wall=21:26:22 elapsed=388.944s phase=train event=complete trial=0 stage=1/3 stage_duration_sec=83.016
[pipeline-trace] wall=21:26:22 elapsed=388.944s phase=train event=dispatch trial=1 stage=1/3
[pipeline-trace] wall=21:26:22 elapsed=388.950s phase=train event=dispatch trial=0 stage=2/3
[pipeline-trace] wall=21:27:34 elapsed=461.214s phase=train event=complete trial=0 stage=2/3 stage_duration_sec=72.264
[pipeline-trace] wall=21:27:34 elapsed=461.215s phase=train event=dispatch trial=0 stage=3/3
[pipeline-trace] wall=21:27:44 elapsed=470.457s phase=train event=complete trial=1 stage=1/3 stage_duration_sec=81.513
[pipeline-trace] wall=21:27:44 elapsed=470.457s phase=train event=dispatch trial=1 stage=2/3
[pipeline-trace] wall=21:28:32 elapsed=519.193s phase=train event=complete trial=0 stage=3/3 stage_duration_sec=57.978
[pipeline-trace] wall=21:29:10 elapsed=556.957s phase=train event=complete trial=1 stage=2/3 stage_duration_sec=86.500
[pipeline-trace] wall=21:29:10 elapsed=556.957s phase=train event=dispatch trial=1 stage=3/3
[pipeline-trace] wall=21:30:11 elapsed=618.026s phase=train event=complete trial=1 stage=3/3 stage_duration_sec=61.069
[pipeline-trace] wall=21:30:11 elapsed=618.027s phase=train event=dispatch trial=0 stage=1/4
[pipeline-trace] wall=21:31:32 elapsed=698.433s phase=train event=complete trial=0 stage=1/4 stage_duration_sec=80.406
[pipeline-trace] wall=21:31:32 elapsed=698.433s phase=train event=dispatch trial=1 stage=1/4
[pipeline-trace] wall=21:31:32 elapsed=698.438s phase=train event=dispatch trial=0 stage=2/4
[pipeline-trace] wall=21:32:48 elapsed=774.634s phase=train event=complete trial=0 stage=2/4 stage_duration_sec=76.196
[pipeline-trace] wall=21:32:48 elapsed=774.634s phase=train event=dispatch trial=0 stage=3/4
[pipeline-trace] wall=21:32:50 elapsed=777.171s phase=train event=complete trial=1 stage=1/4 stage_duration_sec=78.738
[pipeline-trace] wall=21:32:50 elapsed=777.171s phase=train event=dispatch trial=1 stage=2/4
[pipeline-trace] wall=21:33:51 elapsed=837.829s phase=train event=complete trial=0 stage=3/4 stage_duration_sec=63.196
[pipeline-trace] wall=21:33:51 elapsed=837.830s phase=eval event=dispatch trial=0 stage=1/4
[pipeline-trace] wall=21:33:51 elapsed=828.580s phase=eval event=batch_start trial=0 partitions=[3] synthetic=False
[pipeline-trace] wall=21:33:51 elapsed=828.581s phase=eval event=partition_start trial=0 partition=3 interactions=1999
[pipeline-trace] wall=21:33:51 elapsed=828.581s phase=eval event=interaction_progress trial=0 partition=3 processed=1 total=1999 metric=ranking
[pipeline-trace] wall=21:33:53 elapsed=830.344s phase=eval event=interaction_progress trial=0 partition=3 processed=100 total=1999 metric=ranking
[pipeline-trace] wall=21:33:55 elapsed=832.162s phase=eval event=interaction_progress trial=0 partition=3 processed=200 total=1999 metric=ranking
[pipeline-trace] wall=21:33:56 elapsed=833.911s phase=eval event=interaction_progress trial=0 partition=3 processed=300 total=1999 metric=ranking
[pipeline-trace] wall=21:33:58 elapsed=835.700s phase=eval event=interaction_progress trial=0 partition=3 processed=400 total=1999 metric=ranking
[pipeline-trace] wall=21:34:00 elapsed=837.503s phase=eval event=interaction_progress trial=0 partition=3 processed=500 total=1999 metric=ranking
[pipeline-trace] wall=21:34:00 elapsed=847.203s phase=train event=complete trial=1 stage=2/4 stage_duration_sec=70.032
[pipeline-trace] wall=21:34:00 elapsed=847.204s phase=train event=dispatch trial=1 stage=3/4
[pipeline-trace] wall=21:34:02 elapsed=839.274s phase=eval event=interaction_progress trial=0 partition=3 processed=600 total=1999 metric=ranking
[pipeline-trace] wall=21:34:14 elapsed=851.455s phase=eval event=interaction_progress trial=0 partition=3 processed=700 total=1999 metric=ranking
[pipeline-trace] wall=21:34:18 elapsed=855.808s phase=eval event=interaction_progress trial=0 partition=3 processed=800 total=1999 metric=ranking
[pipeline-trace] wall=21:34:20 elapsed=857.670s phase=eval event=interaction_progress trial=0 partition=3 processed=900 total=1999 metric=ranking
[pipeline-trace] wall=21:34:22 elapsed=859.583s phase=eval event=interaction_progress trial=0 partition=3 processed=1000 total=1999 metric=ranking
[pipeline-trace] wall=21:34:24 elapsed=861.476s phase=eval event=interaction_progress trial=0 partition=3 processed=1100 total=1999 metric=ranking
[pipeline-trace] wall=21:34:26 elapsed=863.343s phase=eval event=interaction_progress trial=0 partition=3 processed=1200 total=1999 metric=ranking
[pipeline-trace] wall=21:34:28 elapsed=865.243s phase=eval event=interaction_progress trial=0 partition=3 processed=1300 total=1999 metric=ranking
[pipeline-trace] wall=21:34:30 elapsed=867.111s phase=eval event=interaction_progress trial=0 partition=3 processed=1400 total=1999 metric=ranking
[pipeline-trace] wall=21:34:32 elapsed=869.032s phase=eval event=interaction_progress trial=0 partition=3 processed=1500 total=1999 metric=ranking
[pipeline-trace] wall=21:34:33 elapsed=870.923s phase=eval event=interaction_progress trial=0 partition=3 processed=1600 total=1999 metric=ranking
[pipeline-trace] wall=21:34:35 elapsed=872.857s phase=eval event=interaction_progress trial=0 partition=3 processed=1700 total=1999 metric=ranking
[pipeline-trace] wall=21:34:37 elapsed=874.782s phase=eval event=interaction_progress trial=0 partition=3 processed=1800 total=1999 metric=ranking
[pipeline-trace] wall=21:34:39 elapsed=876.661s phase=eval event=interaction_progress trial=0 partition=3 processed=1900 total=1999 metric=ranking
[pipeline-trace] wall=21:34:41 elapsed=878.560s phase=eval event=interaction_progress trial=0 partition=3 processed=1999 total=1999 metric=ranking
[pipeline-trace] wall=21:34:41 elapsed=878.567s phase=eval event=partition_complete trial=0 partition=3 elapsed_sec=49.987 hits=1850 total=1999
[pipeline-trace] wall=21:34:41 elapsed=888.086s phase=eval event=complete trial=0 stage=1/4 stage_duration_sec=50.256
[pipeline-trace] wall=21:35:00 elapsed=907.020s phase=train event=complete trial=1 stage=3/4 stage_duration_sec=59.816
[pipeline-trace] wall=21:35:00 elapsed=907.020s phase=eval event=dispatch trial=1 stage=1/4
[pipeline-trace] wall=21:35:00 elapsed=897.806s phase=eval event=batch_start trial=1 partitions=[3] synthetic=False
[pipeline-trace] wall=21:35:00 elapsed=897.806s phase=eval event=partition_start trial=1 partition=3 interactions=1999
[pipeline-trace] wall=21:35:00 elapsed=897.806s phase=eval event=interaction_progress trial=1 partition=3 processed=1 total=1999 metric=ranking
[pipeline-trace] wall=21:35:02 elapsed=899.667s phase=eval event=interaction_progress trial=1 partition=3 processed=100 total=1999 metric=ranking
[pipeline-trace] wall=21:35:04 elapsed=901.610s phase=eval event=interaction_progress trial=1 partition=3 processed=200 total=1999 metric=ranking
[pipeline-trace] wall=21:35:17 elapsed=914.112s phase=eval event=interaction_progress trial=1 partition=3 processed=300 total=1999 metric=ranking
[pipeline-trace] wall=21:35:19 elapsed=916.477s phase=eval event=interaction_progress trial=1 partition=3 processed=400 total=1999 metric=ranking
[pipeline-trace] wall=21:35:21 elapsed=918.408s phase=eval event=interaction_progress trial=1 partition=3 processed=500 total=1999 metric=ranking
[pipeline-trace] wall=21:35:23 elapsed=920.355s phase=eval event=interaction_progress trial=1 partition=3 processed=600 total=1999 metric=ranking
[pipeline-trace] wall=21:35:25 elapsed=922.270s phase=eval event=interaction_progress trial=1 partition=3 processed=700 total=1999 metric=ranking
[pipeline-trace] wall=21:35:27 elapsed=924.228s phase=eval event=interaction_progress trial=1 partition=3 processed=800 total=1999 metric=ranking
[pipeline-trace] wall=21:35:29 elapsed=926.148s phase=eval event=interaction_progress trial=1 partition=3 processed=900 total=1999 metric=ranking
[pipeline-trace] wall=21:35:31 elapsed=928.055s phase=eval event=interaction_progress trial=1 partition=3 processed=1000 total=1999 metric=ranking
[pipeline-trace] wall=21:35:33 elapsed=930.019s phase=eval event=interaction_progress trial=1 partition=3 processed=1100 total=1999 metric=ranking
[pipeline-trace] wall=21:35:34 elapsed=931.934s phase=eval event=interaction_progress trial=1 partition=3 processed=1200 total=1999 metric=ranking
[pipeline-trace] wall=21:35:36 elapsed=933.916s phase=eval event=interaction_progress trial=1 partition=3 processed=1300 total=1999 metric=ranking
[pipeline-trace] wall=21:35:38 elapsed=935.852s phase=eval event=interaction_progress trial=1 partition=3 processed=1400 total=1999 metric=ranking
[pipeline-trace] wall=21:35:40 elapsed=937.768s phase=eval event=interaction_progress trial=1 partition=3 processed=1500 total=1999 metric=ranking
[pipeline-trace] wall=21:35:42 elapsed=939.711s phase=eval event=interaction_progress trial=1 partition=3 processed=1600 total=1999 metric=ranking
[pipeline-trace] wall=21:35:44 elapsed=941.661s phase=eval event=interaction_progress trial=1 partition=3 processed=1700 total=1999 metric=ranking
[pipeline-trace] wall=21:35:46 elapsed=943.612s phase=eval event=interaction_progress trial=1 partition=3 processed=1800 total=1999 metric=ranking
[pipeline-trace] wall=21:35:48 elapsed=945.544s phase=eval event=interaction_progress trial=1 partition=3 processed=1900 total=1999 metric=ranking
[pipeline-trace] wall=21:35:50 elapsed=947.452s phase=eval event=interaction_progress trial=1 partition=3 processed=1999 total=1999 metric=ranking
[pipeline-trace] wall=21:35:50 elapsed=947.470s phase=eval event=partition_complete trial=1 partition=3 elapsed_sec=49.664 hits=1507 total=1999
[pipeline-trace] wall=21:35:50 elapsed=956.959s phase=eval event=complete trial=1 stage=1/4 stage_duration_sec=49.939
[pipeline-trace] wall=21:35:51 elapsed=958.173s phase=train event=dispatch trial=0 stage=1/3
[pipeline-trace] wall=21:37:17 elapsed=1044.127s phase=train event=complete trial=0 stage=1/3 stage_duration_sec=85.954
[pipeline-trace] wall=21:37:17 elapsed=1044.127s phase=train event=dispatch trial=1 stage=1/3
[pipeline-trace] wall=21:37:17 elapsed=1044.132s phase=train event=dispatch trial=0 stage=2/3
[pipeline-trace] wall=21:38:18 elapsed=1104.518s phase=train event=complete trial=1 stage=1/3 stage_duration_sec=60.390
[pipeline-trace] wall=21:38:20 elapsed=1106.576s phase=train event=complete trial=0 stage=2/3 stage_duration_sec=62.444
[pipeline-trace] wall=21:38:20 elapsed=1106.577s phase=train event=dispatch trial=1 stage=2/3
[pipeline-trace] wall=21:38:20 elapsed=1106.585s phase=train event=dispatch trial=0 stage=3/3
[pipeline-trace] wall=21:39:11 elapsed=1157.610s phase=train event=complete trial=1 stage=2/3 stage_duration_sec=51.034
[pipeline-trace] wall=21:39:12 elapsed=1158.927s phase=train event=complete trial=0 stage=3/3 stage_duration_sec=52.342
[pipeline-trace] wall=21:39:12 elapsed=1158.927s phase=train event=dispatch trial=1 stage=3/3
[pipeline-trace] wall=21:40:08 elapsed=1214.655s phase=train event=complete trial=1 stage=3/3 stage_duration_sec=55.728
[pipeline-trace] wall=21:40:08 elapsed=1214.655s phase=train event=dispatch trial=0 stage=1/3
[pipeline-trace] wall=21:41:24 elapsed=1290.714s phase=train event=complete trial=0 stage=1/3 stage_duration_sec=76.059
[pipeline-trace] wall=21:41:24 elapsed=1290.715s phase=train event=dispatch trial=1 stage=1/3
[pipeline-trace] wall=21:41:24 elapsed=1290.734s phase=train event=dispatch trial=0 stage=2/3
[pipeline-trace] wall=21:42:31 elapsed=1358.048s phase=train event=complete trial=0 stage=2/3 stage_duration_sec=67.314
[pipeline-trace] wall=21:42:31 elapsed=1358.049s phase=train event=dispatch trial=0 stage=3/3
[pipeline-trace] wall=21:42:38 elapsed=1365.117s phase=train event=complete trial=1 stage=1/3 stage_duration_sec=74.402
[pipeline-trace] wall=21:42:38 elapsed=1365.117s phase=train event=dispatch trial=1 stage=2/3
[pipeline-trace] wall=21:43:19 elapsed=1405.968s phase=train event=complete trial=0 stage=3/3 stage_duration_sec=47.920
[pipeline-trace] wall=21:43:43 elapsed=1429.926s phase=train event=complete trial=1 stage=2/3 stage_duration_sec=64.809
[pipeline-trace] wall=21:43:43 elapsed=1429.926s phase=train event=dispatch trial=1 stage=3/3
[pipeline-trace] wall=21:44:43 elapsed=1489.722s phase=train event=complete trial=1 stage=3/3 stage_duration_sec=59.796
[pipeline-trace] wall=21:44:43 elapsed=1489.723s phase=train event=dispatch trial=0 stage=1/4
[pipeline-trace] wall=21:45:54 elapsed=1561.314s phase=train event=complete trial=0 stage=1/4 stage_duration_sec=71.591
[pipeline-trace] wall=21:45:54 elapsed=1561.314s phase=train event=dispatch trial=1 stage=1/4
[pipeline-trace] wall=21:45:54 elapsed=1561.318s phase=train event=dispatch trial=0 stage=2/4
[pipeline-trace] wall=21:46:58 elapsed=1624.586s phase=train event=complete trial=0 stage=2/4 stage_duration_sec=63.268
[pipeline-trace] wall=21:46:58 elapsed=1624.586s phase=train event=dispatch trial=0 stage=3/4
[pipeline-trace] wall=21:47:05 elapsed=1631.401s phase=train event=complete trial=1 stage=1/4 stage_duration_sec=70.087
[pipeline-trace] wall=21:47:05 elapsed=1631.401s phase=train event=dispatch trial=1 stage=2/4
[pipeline-trace] wall=21:47:59 elapsed=1685.673s phase=train event=complete trial=0 stage=3/4 stage_duration_sec=61.086
[pipeline-trace] wall=21:47:59 elapsed=1685.673s phase=eval event=dispatch trial=0 stage=1/4
[pipeline-trace] wall=21:47:59 elapsed=723.557s phase=eval event=batch_start trial=0 partitions=[3] synthetic=False
[pipeline-trace] wall=21:47:59 elapsed=723.558s phase=eval event=partition_start trial=0 partition=3 interactions=1999
[pipeline-trace] wall=21:47:59 elapsed=723.558s phase=eval event=interaction_progress trial=0 partition=3 processed=1 total=1999 metric=ranking
[pipeline-trace] wall=21:48:01 elapsed=725.346s phase=eval event=interaction_progress trial=0 partition=3 processed=100 total=1999 metric=ranking
[pipeline-trace] wall=21:48:03 elapsed=727.186s phase=eval event=interaction_progress trial=0 partition=3 processed=200 total=1999 metric=ranking
[pipeline-trace] wall=21:48:04 elapsed=729.035s phase=eval event=interaction_progress trial=0 partition=3 processed=300 total=1999 metric=ranking
[pipeline-trace] wall=21:48:06 elapsed=730.835s phase=eval event=interaction_progress trial=0 partition=3 processed=400 total=1999 metric=ranking
[pipeline-trace] wall=21:48:08 elapsed=732.717s phase=eval event=interaction_progress trial=0 partition=3 processed=500 total=1999 metric=ranking
[pipeline-trace] wall=21:48:08 elapsed=1695.003s phase=train event=complete trial=1 stage=2/4 stage_duration_sec=63.602
[pipeline-trace] wall=21:48:08 elapsed=1695.004s phase=train event=dispatch trial=1 stage=3/4
[pipeline-trace] wall=21:48:10 elapsed=734.603s phase=eval event=interaction_progress trial=0 partition=3 processed=600 total=1999 metric=ranking
[pipeline-trace] wall=21:48:12 elapsed=736.484s phase=eval event=interaction_progress trial=0 partition=3 processed=700 total=1999 metric=ranking
[pipeline-trace] wall=21:48:14 elapsed=738.389s phase=eval event=interaction_progress trial=0 partition=3 processed=800 total=1999 metric=ranking
[pipeline-trace] wall=21:48:16 elapsed=740.268s phase=eval event=interaction_progress trial=0 partition=3 processed=900 total=1999 metric=ranking
[pipeline-trace] wall=21:48:18 elapsed=742.195s phase=eval event=interaction_progress trial=0 partition=3 processed=1000 total=1999 metric=ranking
[pipeline-trace] wall=21:48:19 elapsed=744.070s phase=eval event=interaction_progress trial=0 partition=3 processed=1100 total=1999 metric=ranking
[pipeline-trace] wall=21:48:21 elapsed=745.960s phase=eval event=interaction_progress trial=0 partition=3 processed=1200 total=1999 metric=ranking
[pipeline-trace] wall=21:48:23 elapsed=747.842s phase=eval event=interaction_progress trial=0 partition=3 processed=1300 total=1999 metric=ranking
[pipeline-trace] wall=21:48:25 elapsed=749.714s phase=eval event=interaction_progress trial=0 partition=3 processed=1400 total=1999 metric=ranking
[pipeline-trace] wall=21:48:27 elapsed=751.711s phase=eval event=interaction_progress trial=0 partition=3 processed=1500 total=1999 metric=ranking
[pipeline-trace] wall=21:48:29 elapsed=753.593s phase=eval event=interaction_progress trial=0 partition=3 processed=1600 total=1999 metric=ranking
[pipeline-trace] wall=21:48:31 elapsed=755.528s phase=eval event=interaction_progress trial=0 partition=3 processed=1700 total=1999 metric=ranking
[pipeline-trace] wall=21:48:33 elapsed=757.445s phase=eval event=interaction_progress trial=0 partition=3 processed=1800 total=1999 metric=ranking
[pipeline-trace] wall=21:48:35 elapsed=759.290s phase=eval event=interaction_progress trial=0 partition=3 processed=1900 total=1999 metric=ranking
[pipeline-trace] wall=21:48:37 elapsed=761.167s phase=eval event=interaction_progress trial=0 partition=3 processed=1999 total=1999 metric=ranking
[pipeline-trace] wall=21:48:37 elapsed=761.181s phase=eval event=partition_complete trial=0 partition=3 elapsed_sec=37.624 hits=1579 total=1999
[pipeline-trace] wall=21:48:37 elapsed=1723.988s phase=eval event=complete trial=0 stage=1/4 stage_duration_sec=38.315
[pipeline-trace] wall=21:49:02 elapsed=1749.216s phase=train event=complete trial=1 stage=3/4 stage_duration_sec=54.212
[pipeline-trace] wall=21:49:02 elapsed=1749.216s phase=eval event=dispatch trial=1 stage=1/4
[pipeline-trace] wall=21:49:02 elapsed=787.061s phase=eval event=batch_start trial=1 partitions=[3] synthetic=False
[pipeline-trace] wall=21:49:02 elapsed=787.061s phase=eval event=partition_start trial=1 partition=3 interactions=1999
[pipeline-trace] wall=21:49:02 elapsed=787.061s phase=eval event=interaction_progress trial=1 partition=3 processed=1 total=1999 metric=ranking
[pipeline-trace] wall=21:49:04 elapsed=788.773s phase=eval event=interaction_progress trial=1 partition=3 processed=100 total=1999 metric=ranking
[pipeline-trace] wall=21:49:06 elapsed=790.467s phase=eval event=interaction_progress trial=1 partition=3 processed=200 total=1999 metric=ranking
[pipeline-trace] wall=21:49:08 elapsed=792.194s phase=eval event=interaction_progress trial=1 partition=3 processed=300 total=1999 metric=ranking
[pipeline-trace] wall=21:49:09 elapsed=793.862s phase=eval event=interaction_progress trial=1 partition=3 processed=400 total=1999 metric=ranking
[pipeline-trace] wall=21:49:11 elapsed=795.604s phase=eval event=interaction_progress trial=1 partition=3 processed=500 total=1999 metric=ranking
[pipeline-trace] wall=21:49:13 elapsed=797.290s phase=eval event=interaction_progress trial=1 partition=3 processed=600 total=1999 metric=ranking
[pipeline-trace] wall=21:49:14 elapsed=798.992s phase=eval event=interaction_progress trial=1 partition=3 processed=700 total=1999 metric=ranking
[pipeline-trace] wall=21:49:16 elapsed=800.713s phase=eval event=interaction_progress trial=1 partition=3 processed=800 total=1999 metric=ranking
[pipeline-trace] wall=21:49:18 elapsed=802.417s phase=eval event=interaction_progress trial=1 partition=3 processed=900 total=1999 metric=ranking
[pipeline-trace] wall=21:49:20 elapsed=804.148s phase=eval event=interaction_progress trial=1 partition=3 processed=1000 total=1999 metric=ranking
[pipeline-trace] wall=21:49:21 elapsed=805.807s phase=eval event=interaction_progress trial=1 partition=3 processed=1100 total=1999 metric=ranking
[pipeline-trace] wall=21:49:23 elapsed=807.574s phase=eval event=interaction_progress trial=1 partition=3 processed=1200 total=1999 metric=ranking
[pipeline-trace] wall=21:49:25 elapsed=809.341s phase=eval event=interaction_progress trial=1 partition=3 processed=1300 total=1999 metric=ranking
[pipeline-trace] wall=21:49:27 elapsed=811.136s phase=eval event=interaction_progress trial=1 partition=3 processed=1400 total=1999 metric=ranking
[pipeline-trace] wall=21:49:28 elapsed=812.968s phase=eval event=interaction_progress trial=1 partition=3 processed=1500 total=1999 metric=ranking
[pipeline-trace] wall=21:49:30 elapsed=814.787s phase=eval event=interaction_progress trial=1 partition=3 processed=1600 total=1999 metric=ranking
[pipeline-trace] wall=21:49:32 elapsed=816.676s phase=eval event=interaction_progress trial=1 partition=3 processed=1700 total=1999 metric=ranking
[pipeline-trace] wall=21:49:34 elapsed=818.455s phase=eval event=interaction_progress trial=1 partition=3 processed=1800 total=1999 metric=ranking
[pipeline-trace] wall=21:49:36 elapsed=820.187s phase=eval event=interaction_progress trial=1 partition=3 processed=1900 total=1999 metric=ranking
[pipeline-trace] wall=21:49:37 elapsed=821.914s phase=eval event=interaction_progress trial=1 partition=3 processed=1999 total=1999 metric=ranking
[pipeline-trace] wall=21:49:37 elapsed=821.934s phase=eval event=partition_complete trial=1 partition=3 elapsed_sec=34.874 hits=1416 total=1999
[pipeline-trace] wall=21:49:37 elapsed=1784.293s phase=eval event=complete trial=1 stage=1/4 stage_duration_sec=35.076
[pipeline-trace] wall=21:49:39 elapsed=1785.849s phase=train event=dispatch trial=0 stage=1/3
