
======================================================================
  JODIE GraphNAS 全策略对比
  2026-09-11 20:39:33
======================================================================

  [预检] 正在验证运行环境...
  [预检] ✓ 数据文件: data/public/mooc.csv (39.1 MB)
  [预检] ✓ CUDA 可用: True, 可见GPU数: 3
  [预检] ✓ Ray 已安装 (version=2.40.0)
  [预检] ✓ Pipeline Naive: 2 stages × [2, 1] workers (固定)
  [预检] ✓ Pipeline Smart: 手动配置

  当前配置:
    搜索空间: mixed  搜索模式: rl
    数据集: public_csv  选择指标: mrr
    粗搜索: 50 trials × 2 epochs
    重排序: top 8 × 5 epochs
    GPU: 0,1,2  流水线Naive: 2stages×2,1workers
    流水线Smart: 手动  DP workers: 3
    时间预算: 无限制(全量运行)  启用策略: ['pipeline_smart']

  结果目录: results/20260911_203933

  配置快照已保存: results/20260911_203933/config.json


======================================================================
  策略 4/4: Pipeline Smart (流水线异步持久化池)
  2026-09-11 20:39:33
======================================================================


======================================================================
[GraphNAS] Starting search pipeline
[GraphNAS] Coarse trials: 50, epochs: 2
[GraphNAS] Rerank top-k: 8, epochs: 5
======================================================================

[Timing] Timing log: results/20260911_203933/pipeline_smart/timing_log.csv
[Coarse Phase] Sampling batch 1: 4 architectures
[Coarse Phase] Evaluating architectures 1-4/50
2026-09-11 20:39:47,377	INFO worker.py:1812 -- Started a local Ray instance. View the dashboard at [1m[32mhttp://127.0.0.1:8265 [39m[22m
[RayPipeline] train-only mode: 1 stages, train workers=[3]
[RayPipeline] created train workers=[3]
[36m(PartitionShardWorker pid=2407701)[0m /usr/local/anaconda3/lib/python3.11/site-packages/torch/storage.py:414: FutureWarning: You are using `torch.load` with `weights_only=False` (the current default value), which uses the default pickle module implicitly. It is possible to construct malicious pickle data which will execute arbitrary code during unpickling (See https://github.com/pytorch/pytorch/blob/main/SECURITY.md#untrusted-models for more details). In a future release, the default value for `weights_only` will be flipped to `True`. This limits the functions that could be executed during unpickling. Arbitrary objects will no longer be allowed to be loaded via this mode unless they are explicitly allowlisted by the user via `torch.serialization.add_safe_globals`. We recommend you start setting `weights_only=True` for any use case where you don't have full control of the loaded file. Please open an issue on GitHub for any issues related to this experimental feature.
[36m(PartitionShardWorker pid=2407701)[0m   return torch.load(io.BytesIO(b))
[pipeline-heartbeat] wall=20:39:58 phase=train status=no_new_progress progress_events_total=0 progress_events_delta=0 in_flight=3 active=stage 1=3 pending=stage 1=1
[pipeline-heartbeat] wall=20:40:03 phase=train status=advancing progress_events_total=5 progress_events_delta=5 in_flight=3 active=stage 1=3 pending=stage 1=1 last_progress=[pipeline-trace] wall=20:40:03 elapsed=3.165s phase=train event=interaction_progress trial=0 partition=0 processed=200 total=2000 metric=ce epoch=1/1
[pipeline-heartbeat] wall=20:40:08 phase=train status=advancing progress_events_total=46 progress_events_delta=41 in_flight=3 active=stage 1=3 pending=stage 1=1 last_progress=[pipeline-trace] wall=20:40:08 elapsed=8.180s phase=train event=interaction_progress trial=0 partition=0 processed=1700 total=2000 metric=ce epoch=1/1
[pipeline-heartbeat] wall=20:40:13 phase=train status=advancing progress_events_total=97 progress_events_delta=51 in_flight=3 active=stage 1=3 pending=stage 1=1 last_progress=[pipeline-trace] wall=20:40:13 elapsed=10.833s phase=train event=interaction_progress trial=1 partition=1 processed=900 total=2000 metric=ce epoch=1/1
[pipeline-heartbeat] wall=20:40:18 phase=train status=advancing progress_events_total=148 progress_events_delta=51 in_flight=3 active=stage 1=3 pending=stage 1=1 last_progress=[pipeline-trace] wall=20:40:18 elapsed=17.483s phase=train event=interaction_progress trial=2 partition=2 processed=500 total=2000 metric=ce epoch=1/1
[pipeline-heartbeat] wall=20:40:23 phase=train status=advancing progress_events_total=197 progress_events_delta=49 in_flight=3 active=stage 1=3 pending=stage 1=1 last_progress=[pipeline-trace] wall=20:40:23 elapsed=20.840s phase=train event=interaction_progress trial=1 partition=3 processed=400 total=2000 metric=ce epoch=1/1
[pipeline-heartbeat] wall=20:40:28 phase=train status=advancing progress_events_total=246 progress_events_delta=49 in_flight=3 active=stage 1=3 pending=stage 1=1 last_progress=[pipeline-trace] wall=20:40:28 elapsed=27.355s phase=train event=interaction_progress trial=2 partition=3 processed=1400 total=2000 metric=ce epoch=1/1
[pipeline-heartbeat] wall=20:40:33 phase=train status=advancing progress_events_total=296 progress_events_delta=50 in_flight=3 active=stage 1=3 pending=stage 1=1 last_progress=[pipeline-trace] wall=20:40:33 elapsed=32.461s phase=train event=interaction_progress trial=2 partition=4 processed=900 total=2000 metric=ce epoch=1/1
[pipeline-heartbeat] wall=20:40:38 phase=train status=advancing progress_events_total=346 progress_events_delta=50 in_flight=3 active=stage 1=3 pending=stage 1=1 last_progress=[pipeline-trace] wall=20:40:38 elapsed=38.257s phase=train event=interaction_progress trial=0 partition=5 processed=900 total=2000 metric=ce epoch=1/1
[pipeline-heartbeat] wall=20:40:43 phase=train status=advancing progress_events_total=396 progress_events_delta=50 in_flight=3 active=stage 1=3 pending=stage 1=1 last_progress=[pipeline-trace] wall=20:40:43 elapsed=42.410s phase=train event=interaction_progress trial=2 partition=5 processed=1800 total=2000 metric=ce epoch=1/1
/usr/local/anaconda3/lib/python3.11/site-packages/torch/storage.py:414: FutureWarning: You are using `torch.load` with `weights_only=False` (the current default value), which uses the default pickle module implicitly. It is possible to construct malicious pickle data which will execute arbitrary code during unpickling (See https://github.com/pytorch/pytorch/blob/main/SECURITY.md#untrusted-models for more details). In a future release, the default value for `weights_only` will be flipped to `True`. This limits the functions that could be executed during unpickling. Arbitrary objects will no longer be allowed to be loaded via this mode unless they are explicitly allowlisted by the user via `torch.serialization.add_safe_globals`. We recommend you start setting `weights_only=True` for any use case where you don't have full control of the loaded file. Please open an issue on GitHub for any issues related to this experimental feature.
  return torch.load(io.BytesIO(b))
[36m(PartitionShardWorker pid=2407693)[0m /usr/local/anaconda3/lib/python3.11/site-packages/torch/storage.py:414: FutureWarning: You are using `torch.load` with `weights_only=False` (the current default value), which uses the default pickle module implicitly. It is possible to construct malicious pickle data which will execute arbitrary code during unpickling (See https://github.com/pytorch/pytorch/blob/main/SECURITY.md#untrusted-models for more details). In a future release, the default value for `weights_only` will be flipped to `True`. This limits the functions that could be executed during unpickling. Arbitrary objects will no longer be allowed to be loaded via this mode unless they are explicitly allowlisted by the user via `torch.serialization.add_safe_globals`. We recommend you start setting `weights_only=True` for any use case where you don't have full control of the loaded file. Please open an issue on GitHub for any issues related to this experimental feature.[32m [repeated 3x across cluster] (Ray deduplicates logs by default. Set RAY_DEDUP_LOGS=0 to disable log deduplication, or see https://docs.ray.io/en/master/ray-observability/user-guides/configure-logging.html#log-deduplication for more options.)[0m
[36m(PartitionShardWorker pid=2407693)[0m   return torch.load(io.BytesIO(b))[32m [repeated 3x across cluster][0m
[pipeline-heartbeat] wall=20:40:56 phase=train status=advancing progress_events_total=473 progress_events_delta=77 in_flight=1 active=stage 1=1 pending=stage 1=0 last_progress=[pipeline-trace] wall=20:40:55 elapsed=53.706s phase=train event=interaction_progress trial=3 partition=1 processed=1000 total=2000 metric=ce epoch=1/1
[pipeline-heartbeat] wall=20:41:01 phase=train status=advancing progress_events_total=488 progress_events_delta=15 in_flight=1 active=stage 1=1 pending=stage 1=0 last_progress=[pipeline-trace] wall=20:41:00 elapsed=58.695s phase=train event=interaction_progress trial=3 partition=2 processed=400 total=2000 metric=ce epoch=1/1
[pipeline-heartbeat] wall=20:41:06 phase=train status=advancing progress_events_total=503 progress_events_delta=15 in_flight=1 active=stage 1=1 pending=stage 1=0 last_progress=[pipeline-trace] wall=20:41:06 elapsed=63.782s phase=train event=interaction_progress trial=3 partition=2 processed=1900 total=2000 metric=ce epoch=1/1
[pipeline-heartbeat] wall=20:41:11 phase=train status=advancing progress_events_total=519 progress_events_delta=16 in_flight=1 active=stage 1=1 pending=stage 1=0 last_progress=[pipeline-trace] wall=20:41:10 elapsed=68.754s phase=train event=interaction_progress trial=3 partition=3 processed=1400 total=2000 metric=ce epoch=1/1
[pipeline-heartbeat] wall=20:41:16 phase=train status=advancing progress_events_total=534 progress_events_delta=15 in_flight=1 active=stage 1=1 pending=stage 1=0 last_progress=[pipeline-trace] wall=20:41:15 elapsed=73.610s phase=train event=interaction_progress trial=3 partition=4 processed=800 total=2000 metric=ce epoch=1/1
[pipeline-heartbeat] wall=20:41:21 phase=train status=advancing progress_events_total=549 progress_events_delta=15 in_flight=1 active=stage 1=1 pending=stage 1=0 last_progress=[pipeline-trace] wall=20:41:20 elapsed=78.547s phase=train event=interaction_progress trial=3 partition=5 processed=200 total=2000 metric=ce epoch=1/1
[pipeline-heartbeat] wall=20:41:26 phase=train status=advancing progress_events_total=564 progress_events_delta=15 in_flight=1 active=stage 1=1 pending=stage 1=0 last_progress=[pipeline-trace] wall=20:41:25 elapsed=83.685s phase=train event=interaction_progress trial=3 partition=5 processed=1700 total=2000 metric=ce epoch=1/1
[pipeline-heartbeat] wall=20:41:31 phase=train status=advancing progress_events_total=579 progress_events_delta=15 in_flight=1 active=stage 1=1 pending=stage 1=0 last_progress=[pipeline-trace] wall=20:41:30 elapsed=88.655s phase=train event=interaction_progress trial=3 partition=6 processed=1100 total=2000 metric=ce epoch=1/1
[RayPipeline] train-only epoch 1/2 completed
[36m(PartitionShardWorker pid=2407701)[0m /usr/local/anaconda3/lib/python3.11/site-packages/torch/storage.py:414: FutureWarning: You are using `torch.load` with `weights_only=False` (the current default value), which uses the default pickle module implicitly. It is possible to construct malicious pickle data which will execute arbitrary code during unpickling (See https://github.com/pytorch/pytorch/blob/main/SECURITY.md#untrusted-models for more details). In a future release, the default value for `weights_only` will be flipped to `True`. This limits the functions that could be executed during unpickling. Arbitrary objects will no longer be allowed to be loaded via this mode unless they are explicitly allowlisted by the user via `torch.serialization.add_safe_globals`. We recommend you start setting `weights_only=True` for any use case where you don't have full control of the loaded file. Please open an issue on GitHub for any issues related to this experimental feature.
[36m(PartitionShardWorker pid=2407701)[0m   return torch.load(io.BytesIO(b))
[36m(PartitionShardWorker pid=2407694)[0m /usr/local/anaconda3/lib/python3.11/site-packages/torch/storage.py:414: FutureWarning: You are using `torch.load` with `weights_only=False` (the current default value), which uses the default pickle module implicitly. It is possible to construct malicious pickle data which will execute arbitrary code during unpickling (See https://github.com/pytorch/pytorch/blob/main/SECURITY.md#untrusted-models for more details). In a future release, the default value for `weights_only` will be flipped to `True`. This limits the functions that could be executed during unpickling. Arbitrary objects will no longer be allowed to be loaded via this mode unless they are explicitly allowlisted by the user via `torch.serialization.add_safe_globals`. We recommend you start setting `weights_only=True` for any use case where you don't have full control of the loaded file. Please open an issue on GitHub for any issues related to this experimental feature.
[36m(PartitionShardWorker pid=2407694)[0m   return torch.load(io.BytesIO(b))
[pipeline-heartbeat] wall=20:41:39 phase=train status=advancing progress_events_total=57 progress_events_delta=57 in_flight=3 active=stage 1=3 pending=stage 1=1 last_progress=[pipeline-trace] wall=20:41:38 elapsed=96.666s phase=train event=interaction_progress trial=1 partition=0 processed=1700 total=2000 metric=ce epoch=1/1
[pipeline-heartbeat] wall=20:41:44 phase=train status=advancing progress_events_total=108 progress_events_delta=51 in_flight=3 active=stage 1=3 pending=stage 1=1 last_progress=[pipeline-trace] wall=20:41:43 elapsed=101.739s phase=train event=interaction_progress trial=1 partition=1 processed=1500 total=2000 metric=ce epoch=1/1
[pipeline-heartbeat] wall=20:41:49 phase=train status=advancing progress_events_total=158 progress_events_delta=50 in_flight=3 active=stage 1=3 pending=stage 1=1 last_progress=[pipeline-trace] wall=20:41:48 elapsed=109.014s phase=train event=interaction_progress trial=0 partition=2 processed=500 total=2000 metric=ce epoch=1/1
[pipeline-heartbeat] wall=20:41:54 phase=train status=advancing progress_events_total=207 progress_events_delta=49 in_flight=3 active=stage 1=3 pending=stage 1=1 last_progress=[pipeline-trace] wall=20:41:53 elapsed=113.092s phase=train event=interaction_progress trial=2 partition=2 processed=1800 total=2000 metric=ce epoch=1/1
[pipeline-heartbeat] wall=20:41:59 phase=train status=advancing progress_events_total=258 progress_events_delta=51 in_flight=3 active=stage 1=3 pending=stage 1=1 last_progress=[pipeline-trace] wall=20:41:58 elapsed=118.226s phase=train event=interaction_progress trial=2 partition=3 processed=1300 total=2000 metric=ce epoch=1/1
[pipeline-heartbeat] wall=20:42:04 phase=train status=advancing progress_events_total=307 progress_events_delta=49 in_flight=3 active=stage 1=3 pending=stage 1=1 last_progress=[pipeline-trace] wall=20:42:03 elapsed=121.603s phase=train event=interaction_progress trial=1 partition=5 processed=400 total=2000 metric=ce epoch=1/1
[pipeline-heartbeat] wall=20:42:09 phase=train status=advancing progress_events_total=358 progress_events_delta=51 in_flight=3 active=stage 1=3 pending=stage 1=1 last_progress=[pipeline-trace] wall=20:42:09 elapsed=126.809s phase=train event=interaction_progress trial=1 partition=6 processed=200 total=2000 metric=ce epoch=1/1
[pipeline-heartbeat] wall=20:42:14 phase=train status=advancing progress_events_total=404 progress_events_delta=46 in_flight=3 active=stage 1=3 pending=stage 1=1 last_progress=[pipeline-trace] wall=20:42:13 elapsed=133.961s phase=train event=interaction_progress trial=0 partition=6 processed=100 total=2000 metric=ce epoch=1/1
[pipeline-heartbeat] wall=20:42:19 phase=train status=advancing progress_events_total=454 progress_events_delta=50 in_flight=3 active=stage 1=3 pending=stage 1=0 last_progress=[pipeline-trace] wall=20:42:19 elapsed=138.576s phase=train event=interaction_progress trial=2 partition=6 processed=1200 total=2000 metric=ce epoch=1/1
[pipeline-heartbeat] wall=20:42:27 phase=train status=advancing progress_events_total=488 progress_events_delta=34 in_flight=1 active=stage 1=1 pending=stage 1=0 last_progress=[pipeline-trace] wall=20:42:26 elapsed=144.717s phase=train event=interaction_progress trial=3 partition=1 processed=1600 total=2000 metric=ce epoch=1/1
[pipeline-heartbeat] wall=20:42:32 phase=train status=advancing progress_events_total=503 progress_events_delta=15 in_flight=1 active=stage 1=1 pending=stage 1=0 last_progress=[pipeline-trace] wall=20:42:31 elapsed=149.689s phase=train event=interaction_progress trial=3 partition=2 processed=1000 total=2000 metric=ce epoch=1/1
[pipeline-heartbeat] wall=20:42:37 phase=train status=advancing progress_events_total=519 progress_events_delta=16 in_flight=1 active=stage 1=1 pending=stage 1=0 last_progress=[pipeline-trace] wall=20:42:37 elapsed=154.906s phase=train event=interaction_progress trial=3 partition=3 processed=500 total=2000 metric=ce epoch=1/1
[pipeline-heartbeat] wall=20:42:42 phase=train status=advancing progress_events_total=533 progress_events_delta=14 in_flight=1 active=stage 1=1 pending=stage 1=0 last_progress=[pipeline-trace] wall=20:42:42 elapsed=159.870s phase=train event=interaction_progress trial=3 partition=3 processed=1900 total=2000 metric=ce epoch=1/1
[pipeline-heartbeat] wall=20:42:47 phase=train status=advancing progress_events_total=548 progress_events_delta=15 in_flight=1 active=stage 1=1 pending=stage 1=0 last_progress=[pipeline-trace] wall=20:42:46 elapsed=164.634s phase=train event=interaction_progress trial=3 partition=4 processed=1300 total=2000 metric=ce epoch=1/1
[pipeline-heartbeat] wall=20:42:52 phase=train status=advancing progress_events_total=564 progress_events_delta=16 in_flight=1 active=stage 1=1 pending=stage 1=0 last_progress=[pipeline-trace] wall=20:42:52 elapsed=169.846s phase=train event=interaction_progress trial=3 partition=5 processed=800 total=2000 metric=ce epoch=1/1
[pipeline-heartbeat] wall=20:42:57 phase=train status=advancing progress_events_total=580 progress_events_delta=16 in_flight=1 active=stage 1=1 pending=stage 1=0 last_progress=[pipeline-trace] wall=20:42:57 elapsed=174.891s phase=train event=interaction_progress trial=3 partition=6 processed=300 total=2000 metric=ce epoch=1/1
[pipeline-heartbeat] wall=20:43:02 phase=train status=advancing progress_events_total=594 progress_events_delta=14 in_flight=1 active=stage 1=1 pending=stage 1=0 last_progress=[pipeline-trace] wall=20:43:02 elapsed=179.874s phase=train event=interaction_progress trial=3 partition=6 processed=1700 total=2000 metric=ce epoch=1/1
[RayPipeline] train-only epoch 2/2 completed

  [pipeline_smart] ✗ 失败: TemporalEventGNNJODIE requires graph_ctx dynamic state
Traceback (most recent call last):
  File "/home/wanghaoyu/JODIE-simple/run_all.py", line 880, in main
    best, results, elapsed = strategy_runners[strategy](strategy_output_dir)
                             ^^^^^^^^^^^^^^^^^^^^^^^^^^^^^^^^^^^^^^^^^^^^^^^
  File "/home/wanghaoyu/JODIE-simple/run_all.py", line 510, in run_pipeline_smart
    best, results = trainer.search_pipeline(
                    ^^^^^^^^^^^^^^^^^^^^^^^^
  File "/home/wanghaoyu/JODIE-simple/jodie/nas/trainer.py", line 920, in search_pipeline
    batch_results = self.evaluate_arch_pipeline(
                    ^^^^^^^^^^^^^^^^^^^^^^^^^^^^
  File "/home/wanghaoyu/JODIE-simple/jodie/nas/trainer.py", line 483, in evaluate_arch_pipeline
    metrics = evaluate_ranking_metrics(
              ^^^^^^^^^^^^^^^^^^^^^^^^^
  File "/usr/local/anaconda3/lib/python3.11/site-packages/torch/utils/_contextlib.py", line 116, in decorate_context
    return func(*args, **kwargs)
           ^^^^^^^^^^^^^^^^^^^^^
  File "/home/wanghaoyu/JODIE-simple/jodie/training/metrics.py", line 154, in evaluate_ranking_metrics
    metrics = evaluate_partition_ranking(model, partition, k=k, graph_ctx=eval_graph_ctx, frozen=frozen)
              ^^^^^^^^^^^^^^^^^^^^^^^^^^^^^^^^^^^^^^^^^^^^^^^^^^^^^^^^^^^^^^^^^^^^^^^^^^^^^^^^^^^^^^^^^^
  File "/usr/local/anaconda3/lib/python3.11/site-packages/torch/utils/_contextlib.py", line 116, in decorate_context
    return func(*args, **kwargs)
           ^^^^^^^^^^^^^^^^^^^^^
  File "/home/wanghaoyu/JODIE-simple/jodie/training/metrics.py", line 90, in evaluate_partition_ranking
    pred_emb, _, _ = model(
                     ^^^^^^
  File "/usr/local/anaconda3/lib/python3.11/site-packages/torch/nn/modules/module.py", line 1553, in _wrapped_call_impl
    return self._call_impl(*args, **kwargs)
           ^^^^^^^^^^^^^^^^^^^^^^^^^^^^^^^^
  File "/usr/local/anaconda3/lib/python3.11/site-packages/torch/nn/modules/module.py", line 1562, in _call_impl
    return forward_call(*args, **kwargs)
           ^^^^^^^^^^^^^^^^^^^^^^^^^^^^^
  File "/home/wanghaoyu/JODIE-simple/jodie/models/hybrid_jodie.py", line 484, in forward
    raise ValueError("TemporalEventGNNJODIE requires graph_ctx dynamic state")
ValueError: TemporalEventGNNJODIE requires graph_ctx dynamic state
[Init] Ray shutdown from previous run

  总耗时: 213.4s (3.6min)
  成功策略: []
  失败策略: ['pipeline_smart']
  结果目录: results/20260911_203933

======================================================================
  全部完成 — 2026-09-11 20:43:11
======================================================================


── 负载快照 (run 结束, 09-11 20:44:01) ──
0, 410 MiB, 0 %
1, 409 MiB, 0 %
2, 409 MiB, 0 %
3, 21205 MiB, 84 %
4, 16003 MiB, 99 %
5, 409 MiB, 0 %
6, 409 MiB, 0 %
7, 20797 MiB, 100 %
-- compute-apps --
7894, 386 MiB
7877, 386 MiB
7872, 386 MiB
7889, 386 MiB
1329751, 20786 MiB
7880, 386 MiB
1440024, 15586 MiB
7867, 386 MiB
7906, 386 MiB
7900, 386 MiB
1332948, 20378 MiB
