
======================================================================
  JODIE GraphNAS 全策略对比
  2026-09-11 20:29:06
======================================================================

  [预检] 正在验证运行环境...
  [预检] ✓ 数据文件: data/public/mooc.csv (39.1 MB)
  [预检] ✓ CUDA 可用: True, 可见GPU数: 3
  [预检] ✓ Ray 已安装 (version=2.40.0)
  [预检] ✓ Pipeline Naive: 3 stages × [1, 1, 1] workers (固定)
  [预检] ✓ Pipeline Smart: 手动配置

  当前配置:
    搜索空间: mixed  搜索模式: rl
    数据集: public_csv  选择指标: mrr
    粗搜索: 50 trials × 2 epochs
    重排序: top 8 × 5 epochs
    GPU: 0,1,2  流水线Naive: 3stages×1,1,1workers
    流水线Smart: 手动  DP workers: 3
    时间预算: 无限制(全量运行)  启用策略: ['pipeline_naive']

  结果目录: results/20260911_202906

  配置快照已保存: results/20260911_202906/config.json


======================================================================
  策略 3/4: Pipeline Naive (流水线批次同步)
  2026-09-11 20:29:06
======================================================================


======================================================================
[GraphNAS] Starting search pipeline
[GraphNAS] Coarse trials: 50, epochs: 2
[GraphNAS] Rerank top-k: 8, epochs: 5
======================================================================

[Timing] Timing log: results/20260911_202906/pipeline_naive/timing_log.csv
[Coarse Phase] Sampling batch 1: 4 architectures
[Coarse Phase] Evaluating architectures 1-4/50
2026-09-11 20:29:21,648	INFO worker.py:1812 -- Started a local Ray instance. View the dashboard at [1m[32mhttp://127.0.0.1:8265 [39m[22m
[RayPipeline] train-only mode: 3 stages, train workers=[1, 1, 1]
[RayPipeline] created train workers=[1, 1, 1]
[36m(PartitionShardWorker pid=2381148)[0m /usr/local/anaconda3/lib/python3.11/site-packages/torch/storage.py:414: FutureWarning: You are using `torch.load` with `weights_only=False` (the current default value), which uses the default pickle module implicitly. It is possible to construct malicious pickle data which will execute arbitrary code during unpickling (See https://github.com/pytorch/pytorch/blob/main/SECURITY.md#untrusted-models for more details). In a future release, the default value for `weights_only` will be flipped to `True`. This limits the functions that could be executed during unpickling. Arbitrary objects will no longer be allowed to be loaded via this mode unless they are explicitly allowlisted by the user via `torch.serialization.add_safe_globals`. We recommend you start setting `weights_only=True` for any use case where you don't have full control of the loaded file. Please open an issue on GitHub for any issues related to this experimental feature.
[36m(PartitionShardWorker pid=2381148)[0m   return torch.load(io.BytesIO(b))
[pipeline-heartbeat] wall=20:29:30 phase=train status=advancing progress_events_total=4 progress_events_delta=4 in_flight=1 active=stage 1=1 pending=stage 1=3, stage 2=0, stage 3=0 last_progress=[pipeline-trace] wall=20:29:30 elapsed=3.089s phase=train event=interaction_progress trial=0 partition=0 processed=300 total=2000 metric=ce epoch=1/1
[pipeline-heartbeat] wall=20:29:35 phase=train status=advancing progress_events_total=19 progress_events_delta=15 in_flight=1 active=stage 1=1 pending=stage 1=3, stage 2=0, stage 3=0 last_progress=[pipeline-trace] wall=20:29:35 elapsed=8.277s phase=train event=interaction_progress trial=0 partition=0 processed=1800 total=2000 metric=ce epoch=1/1
[pipeline-heartbeat] wall=20:29:40 phase=train status=advancing progress_events_total=33 progress_events_delta=14 in_flight=1 active=stage 1=1 pending=stage 1=3, stage 2=0, stage 3=0 last_progress=[pipeline-trace] wall=20:29:40 elapsed=13.007s phase=train event=interaction_progress trial=0 partition=1 processed=1100 total=2000 metric=ce epoch=1/1
/usr/local/anaconda3/lib/python3.11/site-packages/torch/storage.py:414: FutureWarning: You are using `torch.load` with `weights_only=False` (the current default value), which uses the default pickle module implicitly. It is possible to construct malicious pickle data which will execute arbitrary code during unpickling (See https://github.com/pytorch/pytorch/blob/main/SECURITY.md#untrusted-models for more details). In a future release, the default value for `weights_only` will be flipped to `True`. This limits the functions that could be executed during unpickling. Arbitrary objects will no longer be allowed to be loaded via this mode unless they are explicitly allowlisted by the user via `torch.serialization.add_safe_globals`. We recommend you start setting `weights_only=True` for any use case where you don't have full control of the loaded file. Please open an issue on GitHub for any issues related to this experimental feature.
  return torch.load(io.BytesIO(b))
[36m(PartitionShardWorker pid=2381148)[0m /usr/local/anaconda3/lib/python3.11/site-packages/torch/storage.py:414: FutureWarning: You are using `torch.load` with `weights_only=False` (the current default value), which uses the default pickle module implicitly. It is possible to construct malicious pickle data which will execute arbitrary code during unpickling (See https://github.com/pytorch/pytorch/blob/main/SECURITY.md#untrusted-models for more details). In a future release, the default value for `weights_only` will be flipped to `True`. This limits the functions that could be executed during unpickling. Arbitrary objects will no longer be allowed to be loaded via this mode unless they are explicitly allowlisted by the user via `torch.serialization.add_safe_globals`. We recommend you start setting `weights_only=True` for any use case where you don't have full control of the loaded file. Please open an issue on GitHub for any issues related to this experimental feature.[32m [repeated 3x across cluster] (Ray deduplicates logs by default. Set RAY_DEDUP_LOGS=0 to disable log deduplication, or see https://docs.ray.io/en/master/ray-observability/user-guides/configure-logging.html#log-deduplication for more options.)[0m
[36m(PartitionShardWorker pid=2381148)[0m   return torch.load(io.BytesIO(b))[32m [repeated 3x across cluster][0m
[pipeline-heartbeat] wall=20:29:48 phase=train status=advancing progress_events_total=67 progress_events_delta=34 in_flight=2 active=stage 1=1, stage 2=1 pending=stage 1=2, stage 2=0, stage 3=0 last_progress=[pipeline-trace] wall=20:29:48 elapsed=20.955s phase=train event=interaction_progress trial=1 partition=0 processed=1500 total=2000 metric=ce epoch=1/1
[pipeline-heartbeat] wall=20:29:53 phase=train status=advancing progress_events_total=102 progress_events_delta=35 in_flight=2 active=stage 1=1, stage 2=1 pending=stage 1=2, stage 2=0, stage 3=0 last_progress=[pipeline-trace] wall=20:29:53 elapsed=25.986s phase=train event=interaction_progress trial=1 partition=1 processed=1200 total=2000 metric=ce epoch=1/1
[36m(PartitionShardWorker pid=2381146)[0m /usr/local/anaconda3/lib/python3.11/site-packages/torch/storage.py:414: FutureWarning: You are using `torch.load` with `weights_only=False` (the current default value), which uses the default pickle module implicitly. It is possible to construct malicious pickle data which will execute arbitrary code during unpickling (See https://github.com/pytorch/pytorch/blob/main/SECURITY.md#untrusted-models for more details). In a future release, the default value for `weights_only` will be flipped to `True`. This limits the functions that could be executed during unpickling. Arbitrary objects will no longer be allowed to be loaded via this mode unless they are explicitly allowlisted by the user via `torch.serialization.add_safe_globals`. We recommend you start setting `weights_only=True` for any use case where you don't have full control of the loaded file. Please open an issue on GitHub for any issues related to this experimental feature.
[36m(PartitionShardWorker pid=2381146)[0m   return torch.load(io.BytesIO(b))
[pipeline-heartbeat] wall=20:30:03 phase=train status=advancing progress_events_total=176 progress_events_delta=74 in_flight=3 active=stage 1=1, stage 2=1, stage 3=1 pending=stage 1=1, stage 2=0, stage 3=0 last_progress=[pipeline-trace] wall=20:30:03 elapsed=32.047s phase=train event=interaction_progress trial=0 partition=4 processed=800 total=2000 metric=ce epoch=1/1
[pipeline-heartbeat] wall=20:30:08 phase=train status=advancing progress_events_total=223 progress_events_delta=47 in_flight=3 active=stage 1=1, stage 2=1, stage 3=1 pending=stage 1=1, stage 2=0, stage 3=0 last_progress=[pipeline-trace] wall=20:30:08 elapsed=39.323s phase=train event=interaction_progress trial=1 partition=3 processed=1400 total=2000 metric=ce epoch=1/1
[pipeline-heartbeat] wall=20:30:15 phase=train status=advancing progress_events_total=288 progress_events_delta=65 in_flight=3 active=stage 1=1, stage 2=1, stage 3=1 pending=stage 1=0, stage 2=0, stage 3=1 last_progress=[pipeline-trace] wall=20:30:15 elapsed=47.928s phase=train event=interaction_progress trial=3 partition=0 processed=1500 total=2000 metric=ce epoch=1/1
[pipeline-heartbeat] wall=20:30:20 phase=train status=advancing progress_events_total=332 progress_events_delta=44 in_flight=3 active=stage 1=1, stage 2=1, stage 3=1 pending=stage 1=0, stage 2=0, stage 3=1 last_progress=[pipeline-trace] wall=20:30:20 elapsed=48.807s phase=train event=interaction_progress trial=0 partition=6 processed=1900 total=2000 metric=ce epoch=1/1
[36m(PartitionShardWorker pid=2381152)[0m /usr/local/anaconda3/lib/python3.11/site-packages/torch/storage.py:414: FutureWarning: You are using `torch.load` with `weights_only=False` (the current default value), which uses the default pickle module implicitly. It is possible to construct malicious pickle data which will execute arbitrary code during unpickling (See https://github.com/pytorch/pytorch/blob/main/SECURITY.md#untrusted-models for more details). In a future release, the default value for `weights_only` will be flipped to `True`. This limits the functions that could be executed during unpickling. Arbitrary objects will no longer be allowed to be loaded via this mode unless they are explicitly allowlisted by the user via `torch.serialization.add_safe_globals`. We recommend you start setting `weights_only=True` for any use case where you don't have full control of the loaded file. Please open an issue on GitHub for any issues related to this experimental feature.
[36m(PartitionShardWorker pid=2381152)[0m   return torch.load(io.BytesIO(b))
[pipeline-heartbeat] wall=20:30:29 phase=train status=advancing progress_events_total=401 progress_events_delta=69 in_flight=2 active=stage 2=1, stage 3=1 pending=stage 1=0, stage 2=0, stage 3=1 last_progress=[pipeline-trace] wall=20:30:29 elapsed=60.245s phase=train event=interaction_progress trial=3 partition=2 processed=1400 total=2000 metric=ce epoch=1/1
[pipeline-heartbeat] wall=20:30:34 phase=train status=advancing progress_events_total=434 progress_events_delta=33 in_flight=2 active=stage 2=1, stage 3=1 pending=stage 1=0, stage 2=0, stage 3=1 last_progress=[pipeline-trace] wall=20:30:34 elapsed=65.242s phase=train event=interaction_progress trial=3 partition=3 processed=800 total=2000 metric=ce epoch=1/1
[pipeline-heartbeat] wall=20:30:44 phase=train status=advancing progress_events_total=477 progress_events_delta=43 in_flight=1 active=stage 3=1 pending=stage 1=0, stage 2=0, stage 3=1 last_progress=[pipeline-trace] wall=20:30:44 elapsed=72.558s phase=train event=interaction_progress trial=2 partition=4 processed=1400 total=2000 metric=ce epoch=1/1
[pipeline-heartbeat] wall=20:30:49 phase=train status=advancing progress_events_total=491 progress_events_delta=14 in_flight=1 active=stage 3=1 pending=stage 1=0, stage 2=0, stage 3=1 last_progress=[pipeline-trace] wall=20:30:48 elapsed=77.322s phase=train event=interaction_progress trial=2 partition=5 processed=700 total=2000 metric=ce epoch=1/1
[pipeline-heartbeat] wall=20:30:54 phase=train status=advancing progress_events_total=508 progress_events_delta=17 in_flight=1 active=stage 3=1 pending=stage 1=0, stage 2=0, stage 3=1 last_progress=[pipeline-trace] wall=20:30:54 elapsed=82.565s phase=train event=interaction_progress trial=2 partition=6 processed=300 total=2000 metric=ce epoch=1/1
[pipeline-heartbeat] wall=20:30:59 phase=train status=advancing progress_events_total=521 progress_events_delta=13 in_flight=1 active=stage 3=1 pending=stage 1=0, stage 2=0, stage 3=1 last_progress=[pipeline-trace] wall=20:30:58 elapsed=87.304s phase=train event=interaction_progress trial=2 partition=6 processed=1600 total=2000 metric=ce epoch=1/1
[pipeline-heartbeat] wall=20:31:05 phase=train status=advancing progress_events_total=539 progress_events_delta=18 in_flight=1 active=stage 3=1 pending=stage 1=0, stage 2=0, stage 3=0 last_progress=[pipeline-trace] wall=20:31:05 elapsed=93.868s phase=train event=interaction_progress trial=3 partition=4 processed=1300 total=2000 metric=ce epoch=1/1
[pipeline-heartbeat] wall=20:31:10 phase=train status=advancing progress_events_total=552 progress_events_delta=13 in_flight=1 active=stage 3=1 pending=stage 1=0, stage 2=0, stage 3=0 last_progress=[pipeline-trace] wall=20:31:10 elapsed=98.573s phase=train event=interaction_progress trial=3 partition=5 processed=500 total=2000 metric=ce epoch=1/1
[pipeline-heartbeat] wall=20:31:15 phase=train status=advancing progress_events_total=568 progress_events_delta=16 in_flight=1 active=stage 3=1 pending=stage 1=0, stage 2=0, stage 3=0 last_progress=[pipeline-trace] wall=20:31:15 elapsed=103.972s phase=train event=interaction_progress trial=3 partition=6 processed=1 total=2000 metric=ce epoch=1/1
[pipeline-heartbeat] wall=20:31:20 phase=train status=advancing progress_events_total=581 progress_events_delta=13 in_flight=1 active=stage 3=1 pending=stage 1=0, stage 2=0, stage 3=0 last_progress=[pipeline-trace] wall=20:31:20 elapsed=108.718s phase=train event=interaction_progress trial=3 partition=6 processed=1300 total=2000 metric=ce epoch=1/1
[RayPipeline] train-only epoch 1/2 completed
[pipeline-heartbeat] wall=20:31:27 phase=train status=advancing progress_events_total=22 progress_events_delta=22 in_flight=1 active=stage 1=1 pending=stage 1=3, stage 2=0, stage 3=0 last_progress=[pipeline-trace] wall=20:31:27 elapsed=119.994s phase=train event=interaction_progress trial=0 partition=0 processed=1400 total=2000 metric=ce epoch=1/1
[pipeline-heartbeat] wall=20:31:32 phase=train status=advancing progress_events_total=38 progress_events_delta=16 in_flight=1 active=stage 1=1 pending=stage 1=3, stage 2=0, stage 3=0 last_progress=[pipeline-trace] wall=20:31:32 elapsed=124.951s phase=train event=interaction_progress trial=0 partition=1 processed=900 total=2000 metric=ce epoch=1/1
[pipeline-heartbeat] wall=20:31:41 phase=train status=advancing progress_events_total=82 progress_events_delta=44 in_flight=2 active=stage 1=1, stage 2=1 pending=stage 1=2, stage 2=0, stage 3=0 last_progress=[pipeline-trace] wall=20:31:41 elapsed=133.592s phase=train event=interaction_progress trial=1 partition=0 processed=1600 total=2000 metric=ce epoch=1/1
[pipeline-heartbeat] wall=20:31:46 phase=train status=advancing progress_events_total=117 progress_events_delta=35 in_flight=2 active=stage 1=1, stage 2=1 pending=stage 1=2, stage 2=0, stage 3=0 last_progress=[pipeline-trace] wall=20:31:46 elapsed=138.656s phase=train event=interaction_progress trial=1 partition=1 processed=1300 total=2000 metric=ce epoch=1/1
[pipeline-heartbeat] wall=20:31:53 phase=train status=advancing progress_events_total=182 progress_events_delta=65 in_flight=3 active=stage 1=1, stage 2=1, stage 3=1 pending=stage 1=1, stage 2=0, stage 3=0 last_progress=[pipeline-trace] wall=20:31:53 elapsed=144.453s phase=train event=interaction_progress trial=1 partition=2 processed=1700 total=2000 metric=ce epoch=1/1
[pipeline-heartbeat] wall=20:31:58 phase=train status=advancing progress_events_total=232 progress_events_delta=50 in_flight=3 active=stage 1=1, stage 2=1, stage 3=1 pending=stage 1=1, stage 2=0, stage 3=0 last_progress=[pipeline-trace] wall=20:31:58 elapsed=151.331s phase=train event=interaction_progress trial=2 partition=1 processed=1000 total=2000 metric=ce epoch=1/1
[pipeline-heartbeat] wall=20:32:07 phase=train status=advancing progress_events_total=301 progress_events_delta=69 in_flight=3 active=stage 1=1, stage 2=1, stage 3=1 pending=stage 1=0, stage 2=0, stage 3=1 last_progress=[pipeline-trace] wall=20:32:07 elapsed=158.144s phase=train event=interaction_progress trial=2 partition=2 processed=1400 total=2000 metric=ce epoch=1/1
[pipeline-heartbeat] wall=20:32:15 phase=train status=advancing progress_events_total=370 progress_events_delta=69 in_flight=3 active=stage 1=1, stage 2=1, stage 3=1 pending=stage 1=0, stage 2=0, stage 3=0 last_progress=[pipeline-trace] wall=20:32:15 elapsed=163.464s phase=train event=interaction_progress trial=1 partition=4 processed=1500 total=2000 metric=ce epoch=1/1
[pipeline-heartbeat] wall=20:32:22 phase=train status=advancing progress_events_total=418 progress_events_delta=48 in_flight=2 active=stage 2=1, stage 3=1 pending=stage 1=0, stage 2=0, stage 3=1 last_progress=[pipeline-trace] wall=20:32:22 elapsed=172.699s phase=train event=interaction_progress trial=3 partition=2 processed=1400 total=2000 metric=ce epoch=1/1
[pipeline-heartbeat] wall=20:32:27 phase=train status=advancing progress_events_total=451 progress_events_delta=33 in_flight=2 active=stage 2=1, stage 3=1 pending=stage 1=0, stage 2=0, stage 3=1 last_progress=[pipeline-trace] wall=20:32:27 elapsed=175.488s phase=train event=interaction_progress trial=1 partition=6 processed=1400 total=2000 metric=ce epoch=1/1
[pipeline-heartbeat] wall=20:32:36 phase=train status=advancing progress_events_total=488 progress_events_delta=37 in_flight=1 active=stage 3=1 pending=stage 1=0, stage 2=0, stage 3=1 last_progress=[pipeline-trace] wall=20:32:36 elapsed=184.488s phase=train event=interaction_progress trial=2 partition=4 processed=1800 total=2000 metric=ce epoch=1/1
[pipeline-heartbeat] wall=20:32:41 phase=train status=advancing progress_events_total=503 progress_events_delta=15 in_flight=1 active=stage 3=1 pending=stage 1=0, stage 2=0, stage 3=1 last_progress=[pipeline-trace] wall=20:32:41 elapsed=189.514s phase=train event=interaction_progress trial=2 partition=5 processed=1200 total=2000 metric=ce epoch=1/1
[pipeline-heartbeat] wall=20:32:46 phase=train status=advancing progress_events_total=517 progress_events_delta=14 in_flight=1 active=stage 3=1 pending=stage 1=0, stage 2=0, stage 3=1 last_progress=[pipeline-trace] wall=20:32:46 elapsed=194.517s phase=train event=interaction_progress trial=2 partition=6 processed=500 total=2000 metric=ce epoch=1/1
[pipeline-heartbeat] wall=20:32:51 phase=train status=advancing progress_events_total=530 progress_events_delta=13 in_flight=1 active=stage 3=1 pending=stage 1=0, stage 2=0, stage 3=1 last_progress=[pipeline-trace] wall=20:32:51 elapsed=199.350s phase=train event=interaction_progress trial=2 partition=6 processed=1800 total=2000 metric=ce epoch=1/1
[pipeline-heartbeat] wall=20:32:56 phase=train status=advancing progress_events_total=546 progress_events_delta=16 in_flight=1 active=stage 3=1 pending=stage 1=0, stage 2=0, stage 3=0 last_progress=[pipeline-trace] wall=20:32:56 elapsed=204.850s phase=train event=interaction_progress trial=3 partition=4 processed=1300 total=2000 metric=ce epoch=1/1
[pipeline-heartbeat] wall=20:33:01 phase=train status=advancing progress_events_total=561 progress_events_delta=15 in_flight=1 active=stage 3=1 pending=stage 1=0, stage 2=0, stage 3=0 last_progress=[pipeline-trace] wall=20:33:01 elapsed=209.966s phase=train event=interaction_progress trial=3 partition=5 processed=700 total=2000 metric=ce epoch=1/1
[pipeline-heartbeat] wall=20:33:06 phase=train status=advancing progress_events_total=576 progress_events_delta=15 in_flight=1 active=stage 3=1 pending=stage 1=0, stage 2=0, stage 3=0 last_progress=[pipeline-trace] wall=20:33:06 elapsed=214.842s phase=train event=interaction_progress trial=3 partition=6 processed=100 total=2000 metric=ce epoch=1/1
[pipeline-heartbeat] wall=20:33:11 phase=train status=advancing progress_events_total=591 progress_events_delta=15 in_flight=1 active=stage 3=1 pending=stage 1=0, stage 2=0, stage 3=0 last_progress=[pipeline-trace] wall=20:33:11 elapsed=220.041s phase=train event=interaction_progress trial=3 partition=6 processed=1600 total=2000 metric=ce epoch=1/1
[RayPipeline] train-only epoch 2/2 completed

  [pipeline_naive] ✗ 失败: TemporalEventGNNJODIE requires graph_ctx dynamic state
Traceback (most recent call last):
  File "/home/wanghaoyu/JODIE-simple/run_all.py", line 880, in main
    best, results, elapsed = strategy_runners[strategy](strategy_output_dir)
                             ^^^^^^^^^^^^^^^^^^^^^^^^^^^^^^^^^^^^^^^^^^^^^^^
  File "/home/wanghaoyu/JODIE-simple/run_all.py", line 475, in run_pipeline_naive
    best, results = trainer.search_pipeline(
                    ^^^^^^^^^^^^^^^^^^^^^^^^
  File "/home/wanghaoyu/JODIE-simple/jodie/nas/trainer.py", line 920, in search_pipeline
    batch_results = self.evaluate_arch_pipeline(
                    ^^^^^^^^^^^^^^^^^^^^^^^^^^^^
  File "/home/wanghaoyu/JODIE-simple/jodie/nas/trainer.py", line 483, in evaluate_arch_pipeline
    metrics = evaluate_ranking_metrics(
              ^^^^^^^^^^^^^^^^^^^^^^^^^
  File "/usr/local/anaconda3/lib/python3.11/site-packages/torch/utils/_contextlib.py", line 116, in decorate_context
    return func(*args, **kwargs)
           ^^^^^^^^^^^^^^^^^^^^^
  File "/home/wanghaoyu/JODIE-simple/jodie/training/metrics.py", line 154, in evaluate_ranking_metrics
    metrics = evaluate_partition_ranking(model, partition, k=k, graph_ctx=eval_graph_ctx, frozen=frozen)
              ^^^^^^^^^^^^^^^^^^^^^^^^^^^^^^^^^^^^^^^^^^^^^^^^^^^^^^^^^^^^^^^^^^^^^^^^^^^^^^^^^^^^^^^^^^
  File "/usr/local/anaconda3/lib/python3.11/site-packages/torch/utils/_contextlib.py", line 116, in decorate_context
    return func(*args, **kwargs)
           ^^^^^^^^^^^^^^^^^^^^^
  File "/home/wanghaoyu/JODIE-simple/jodie/training/metrics.py", line 90, in evaluate_partition_ranking
    pred_emb, _, _ = model(
                     ^^^^^^
  File "/usr/local/anaconda3/lib/python3.11/site-packages/torch/nn/modules/module.py", line 1553, in _wrapped_call_impl
    return self._call_impl(*args, **kwargs)
           ^^^^^^^^^^^^^^^^^^^^^^^^^^^^^^^^
  File "/usr/local/anaconda3/lib/python3.11/site-packages/torch/nn/modules/module.py", line 1562, in _call_impl
    return forward_call(*args, **kwargs)
           ^^^^^^^^^^^^^^^^^^^^^^^^^^^^^
  File "/home/wanghaoyu/JODIE-simple/jodie/models/hybrid_jodie.py", line 484, in forward
    raise ValueError("TemporalEventGNNJODIE requires graph_ctx dynamic state")
ValueError: TemporalEventGNNJODIE requires graph_ctx dynamic state
[Init] Ray shutdown from previous run

  总耗时: 249.5s (4.2min)
  成功策略: []
  失败策略: ['pipeline_naive']
  结果目录: results/20260911_202906

======================================================================
  全部完成 — 2026-09-11 20:33:20
======================================================================


── 负载快照 (run 结束, 09-11 20:33:34) ──
0, 410 MiB, 0 %
1, 409 MiB, 0 %
2, 409 MiB, 0 %
3, 21205 MiB, 100 %
4, 16003 MiB, 94 %
5, 409 MiB, 0 %
6, 409 MiB, 0 %
7, 20797 MiB, 100 %
-- compute-apps --
7894, 386 MiB
7877, 386 MiB
7872, 386 MiB
7889, 386 MiB
1329751, 20786 MiB
7880, 386 MiB
1440024, 15586 MiB
7867, 386 MiB
7906, 386 MiB
7900, 386 MiB
1332948, 20378 MiB
