
======================================================================
[GraphNAS] Starting data-parallel search
[GraphNAS] Coarse trials: 27, epochs: 3, workers: 3
======================================================================

[Timing] Timing log: outputs/full_cross_experiment_fixed/data_parallel_tbatch/timing_log.csv
2026-05-25 20:51:54,283	INFO worker.py:1812 -- Started a local Ray instance. View the dashboard at [1m[32mhttp://127.0.0.1:8267 [39m[22m
[36m(_DataParallelWorker pid=3538651)[0m /usr/local/anaconda3/lib/python3.11/site-packages/torch/storage.py:414: FutureWarning: You are using `torch.load` with `weights_only=False` (the current default value), which uses the default pickle module implicitly. It is possible to construct malicious pickle data which will execute arbitrary code during unpickling (See https://github.com/pytorch/pytorch/blob/main/SECURITY.md#untrusted-models for more details). In a future release, the default value for `weights_only` will be flipped to `True`. This limits the functions that could be executed during unpickling. Arbitrary objects will no longer be allowed to be loaded via this mode unless they are explicitly allowlisted by the user via `torch.serialization.add_safe_globals`. We recommend you start setting `weights_only=True` for any use case where you don't have full control of the loaded file. Please open an issue on GitHub for any issues related to this experimental feature.
[36m(_DataParallelWorker pid=3538651)[0m   return torch.load(io.BytesIO(b))
/usr/local/anaconda3/lib/python3.11/site-packages/torch/storage.py:414: FutureWarning: You are using `torch.load` with `weights_only=False` (the current default value), which uses the default pickle module implicitly. It is possible to construct malicious pickle data which will execute arbitrary code during unpickling (See https://github.com/pytorch/pytorch/blob/main/SECURITY.md#untrusted-models for more details). In a future release, the default value for `weights_only` will be flipped to `True`. This limits the functions that could be executed during unpickling. Arbitrary objects will no longer be allowed to be loaded via this mode unless they are explicitly allowlisted by the user via `torch.serialization.add_safe_globals`. We recommend you start setting `weights_only=True` for any use case where you don't have full control of the loaded file. Please open an issue on GitHub for any issues related to this experimental feature.
  return torch.load(io.BytesIO(b))
[DataParallel batch-sync] trial=0 epoch=1/3 partition=0 interactions=1000/1000
[DataParallel batch-sync] trial=0 epoch=1/3 partition=1 interactions=1000/1000
[DataParallel batch-sync] trial=0 epoch=1/3 partition=2 interactions=1000/1000
[DataParallel batch-sync] trial=0 epoch=1/3 partition=3 interactions=1000/1000
[DataParallel batch-sync] trial=0 epoch=1/3 partition=4 interactions=1000/1000
[DataParallel batch-sync] trial=0 epoch=1/3 partition=5 interactions=1000/1000
[DataParallel batch-sync] trial=0 epoch=1/3 partition=6 interactions=1000/1000
[DataParallel batch-sync] trial=0 epoch=1/3 partition=7 interactions=1000/1000
[DataParallel batch-sync] trial=0 epoch=1/3 partition=8 interactions=1000/1000
[DataParallel batch-sync] trial=0 epoch=1/3 partition=9 interactions=1000/1000
[DataParallel batch-sync] trial=0 epoch=1/3 partition=10 interactions=1000/1000
[DataParallel batch-sync] trial=0 epoch=1/3 partition=11 interactions=1000/1000
[DataParallel batch-sync] trial=0 epoch=1/3 partition=12 interactions=1000/1000
[DataParallel batch-sync] trial=0 epoch=1/3 partition=13 interactions=1000/1000
[DataParallel batch-sync] trial=0 epoch=2/3 partition=0 interactions=1000/1000
[DataParallel batch-sync] trial=0 epoch=2/3 partition=1 interactions=1000/1000
[DataParallel batch-sync] trial=0 epoch=2/3 partition=2 interactions=1000/1000
[DataParallel batch-sync] trial=0 epoch=2/3 partition=3 interactions=1000/1000
[DataParallel batch-sync] trial=0 epoch=2/3 partition=4 interactions=1000/1000
[DataParallel batch-sync] trial=0 epoch=2/3 partition=5 interactions=1000/1000
[DataParallel batch-sync] trial=0 epoch=2/3 partition=6 interactions=1000/1000
[DataParallel batch-sync] trial=0 epoch=2/3 partition=7 interactions=1000/1000
[DataParallel batch-sync] trial=0 epoch=2/3 partition=8 interactions=1000/1000
[DataParallel batch-sync] trial=0 epoch=2/3 partition=9 interactions=1000/1000
[DataParallel batch-sync] trial=0 epoch=2/3 partition=10 interactions=1000/1000
[DataParallel batch-sync] trial=0 epoch=2/3 partition=11 interactions=1000/1000
[DataParallel batch-sync] trial=0 epoch=2/3 partition=12 interactions=1000/1000
[DataParallel batch-sync] trial=0 epoch=2/3 partition=13 interactions=1000/1000
[DataParallel batch-sync] trial=0 epoch=3/3 partition=0 interactions=1000/1000
[DataParallel batch-sync] trial=0 epoch=3/3 partition=1 interactions=1000/1000
[DataParallel batch-sync] trial=0 epoch=3/3 partition=2 interactions=1000/1000
[DataParallel batch-sync] trial=0 epoch=3/3 partition=3 interactions=1000/1000
[DataParallel batch-sync] trial=0 epoch=3/3 partition=4 interactions=1000/1000
[DataParallel batch-sync] trial=0 epoch=3/3 partition=5 interactions=1000/1000
[DataParallel batch-sync] trial=0 epoch=3/3 partition=6 interactions=1000/1000
[DataParallel batch-sync] trial=0 epoch=3/3 partition=7 interactions=1000/1000
[DataParallel batch-sync] trial=0 epoch=3/3 partition=8 interactions=1000/1000
[DataParallel batch-sync] trial=0 epoch=3/3 partition=9 interactions=1000/1000
[DataParallel batch-sync] trial=0 epoch=3/3 partition=10 interactions=1000/1000
[DataParallel batch-sync] trial=0 epoch=3/3 partition=11 interactions=1000/1000
[DataParallel batch-sync] trial=0 epoch=3/3 partition=12 interactions=1000/1000
[DataParallel batch-sync] trial=0 epoch=3/3 partition=13 interactions=1000/1000
[DataParallel 1/27] model=jodie_rnn agg=none memory=rnn val_score=0.5105
[DataParallel batch-sync] trial=0 epoch=1/3 partition=0 interactions=1000/1000
[DataParallel batch-sync] trial=0 epoch=1/3 partition=1 interactions=1000/1000
[DataParallel batch-sync] trial=0 epoch=1/3 partition=2 interactions=1000/1000
[DataParallel batch-sync] trial=0 epoch=1/3 partition=3 interactions=1000/1000
[DataParallel batch-sync] trial=0 epoch=1/3 partition=4 interactions=1000/1000
[DataParallel batch-sync] trial=0 epoch=1/3 partition=5 interactions=1000/1000
[DataParallel batch-sync] trial=0 epoch=1/3 partition=6 interactions=1000/1000
[DataParallel batch-sync] trial=0 epoch=1/3 partition=7 interactions=1000/1000
[DataParallel batch-sync] trial=0 epoch=1/3 partition=8 interactions=1000/1000
[DataParallel batch-sync] trial=0 epoch=1/3 partition=9 interactions=1000/1000
[DataParallel batch-sync] trial=0 epoch=1/3 partition=10 interactions=1000/1000
[DataParallel batch-sync] trial=0 epoch=1/3 partition=11 interactions=1000/1000
[DataParallel batch-sync] trial=0 epoch=1/3 partition=12 interactions=1000/1000
[DataParallel batch-sync] trial=0 epoch=1/3 partition=13 interactions=1000/1000
[DataParallel batch-sync] trial=0 epoch=2/3 partition=0 interactions=1000/1000
[DataParallel batch-sync] trial=0 epoch=2/3 partition=1 interactions=1000/1000
[DataParallel batch-sync] trial=0 epoch=2/3 partition=2 interactions=1000/1000
[DataParallel batch-sync] trial=0 epoch=2/3 partition=3 interactions=1000/1000
[DataParallel batch-sync] trial=0 epoch=2/3 partition=4 interactions=1000/1000
[DataParallel batch-sync] trial=0 epoch=2/3 partition=5 interactions=1000/1000
[DataParallel batch-sync] trial=0 epoch=2/3 partition=6 interactions=1000/1000
[DataParallel batch-sync] trial=0 epoch=2/3 partition=7 interactions=1000/1000
[DataParallel batch-sync] trial=0 epoch=2/3 partition=8 interactions=1000/1000
[DataParallel batch-sync] trial=0 epoch=2/3 partition=9 interactions=1000/1000
[DataParallel batch-sync] trial=0 epoch=2/3 partition=10 interactions=1000/1000
[DataParallel batch-sync] trial=0 epoch=2/3 partition=11 interactions=1000/1000
[DataParallel batch-sync] trial=0 epoch=2/3 partition=12 interactions=1000/1000
[DataParallel batch-sync] trial=0 epoch=2/3 partition=13 interactions=1000/1000
[DataParallel batch-sync] trial=0 epoch=3/3 partition=0 interactions=1000/1000
[DataParallel batch-sync] trial=0 epoch=3/3 partition=1 interactions=1000/1000
[DataParallel batch-sync] trial=0 epoch=3/3 partition=2 interactions=1000/1000
[DataParallel batch-sync] trial=0 epoch=3/3 partition=3 interactions=1000/1000
[DataParallel batch-sync] trial=0 epoch=3/3 partition=4 interactions=1000/1000
[DataParallel batch-sync] trial=0 epoch=3/3 partition=5 interactions=1000/1000
[DataParallel batch-sync] trial=0 epoch=3/3 partition=6 interactions=1000/1000
[DataParallel batch-sync] trial=0 epoch=3/3 partition=7 interactions=1000/1000
[DataParallel batch-sync] trial=0 epoch=3/3 partition=8 interactions=1000/1000
[DataParallel batch-sync] trial=0 epoch=3/3 partition=9 interactions=1000/1000
[DataParallel batch-sync] trial=0 epoch=3/3 partition=10 interactions=1000/1000
[DataParallel batch-sync] trial=0 epoch=3/3 partition=11 interactions=1000/1000
[DataParallel batch-sync] trial=0 epoch=3/3 partition=12 interactions=1000/1000
[DataParallel batch-sync] trial=0 epoch=3/3 partition=13 interactions=1000/1000
[DataParallel 2/27] model=temporal_event_gnn_jodie agg=none memory=rnn val_score=0.1311
[DataParallel batch-sync] trial=0 epoch=1/3 partition=0 interactions=1000/1000
[DataParallel batch-sync] trial=0 epoch=1/3 partition=1 interactions=1000/1000
[DataParallel batch-sync] trial=0 epoch=1/3 partition=2 interactions=1000/1000
[DataParallel batch-sync] trial=0 epoch=1/3 partition=3 interactions=1000/1000
[DataParallel batch-sync] trial=0 epoch=1/3 partition=4 interactions=1000/1000
[DataParallel batch-sync] trial=0 epoch=1/3 partition=5 interactions=1000/1000
[DataParallel batch-sync] trial=0 epoch=1/3 partition=6 interactions=1000/1000
[DataParallel batch-sync] trial=0 epoch=1/3 partition=7 interactions=1000/1000
[DataParallel batch-sync] trial=0 epoch=1/3 partition=8 interactions=1000/1000
[DataParallel batch-sync] trial=0 epoch=1/3 partition=9 interactions=1000/1000
[DataParallel batch-sync] trial=0 epoch=1/3 partition=10 interactions=1000/1000
[DataParallel batch-sync] trial=0 epoch=1/3 partition=11 interactions=1000/1000
[DataParallel batch-sync] trial=0 epoch=1/3 partition=12 interactions=1000/1000
[DataParallel batch-sync] trial=0 epoch=1/3 partition=13 interactions=1000/1000
[DataParallel batch-sync] trial=0 epoch=2/3 partition=0 interactions=1000/1000
[DataParallel batch-sync] trial=0 epoch=2/3 partition=1 interactions=1000/1000
[DataParallel batch-sync] trial=0 epoch=2/3 partition=2 interactions=1000/1000
[DataParallel batch-sync] trial=0 epoch=2/3 partition=3 interactions=1000/1000
[DataParallel batch-sync] trial=0 epoch=2/3 partition=4 interactions=1000/1000
[DataParallel batch-sync] trial=0 epoch=2/3 partition=5 interactions=1000/1000
[DataParallel batch-sync] trial=0 epoch=2/3 partition=6 interactions=1000/1000
[DataParallel batch-sync] trial=0 epoch=2/3 partition=7 interactions=1000/1000
[DataParallel batch-sync] trial=0 epoch=2/3 partition=8 interactions=1000/1000
[DataParallel batch-sync] trial=0 epoch=2/3 partition=9 interactions=1000/1000
[DataParallel batch-sync] trial=0 epoch=2/3 partition=10 interactions=1000/1000
[DataParallel batch-sync] trial=0 epoch=2/3 partition=11 interactions=1000/1000
[DataParallel batch-sync] trial=0 epoch=2/3 partition=12 interactions=1000/1000
[DataParallel batch-sync] trial=0 epoch=2/3 partition=13 interactions=1000/1000
[DataParallel batch-sync] trial=0 epoch=3/3 partition=0 interactions=1000/1000
[DataParallel batch-sync] trial=0 epoch=3/3 partition=1 interactions=1000/1000
[DataParallel batch-sync] trial=0 epoch=3/3 partition=2 interactions=1000/1000
[DataParallel batch-sync] trial=0 epoch=3/3 partition=3 interactions=1000/1000
[DataParallel batch-sync] trial=0 epoch=3/3 partition=4 interactions=1000/1000
[DataParallel batch-sync] trial=0 epoch=3/3 partition=5 interactions=1000/1000
[DataParallel batch-sync] trial=0 epoch=3/3 partition=6 interactions=1000/1000
[DataParallel batch-sync] trial=0 epoch=3/3 partition=7 interactions=1000/1000
[DataParallel batch-sync] trial=0 epoch=3/3 partition=8 interactions=1000/1000
[DataParallel batch-sync] trial=0 epoch=3/3 partition=9 interactions=1000/1000
[DataParallel batch-sync] trial=0 epoch=3/3 partition=10 interactions=1000/1000
[DataParallel batch-sync] trial=0 epoch=3/3 partition=11 interactions=1000/1000
[DataParallel batch-sync] trial=0 epoch=3/3 partition=12 interactions=1000/1000
[DataParallel batch-sync] trial=0 epoch=3/3 partition=13 interactions=1000/1000
[DataParallel 3/27] model=jodie_rnn agg=none memory=lstm val_score=0.4287
[DataParallel batch-sync] trial=0 epoch=1/3 partition=0 interactions=1000/1000
[DataParallel batch-sync] trial=0 epoch=1/3 partition=1 interactions=1000/1000
[DataParallel batch-sync] trial=0 epoch=1/3 partition=2 interactions=1000/1000
[DataParallel batch-sync] trial=0 epoch=1/3 partition=3 interactions=1000/1000
[DataParallel batch-sync] trial=0 epoch=1/3 partition=4 interactions=1000/1000
[DataParallel batch-sync] trial=0 epoch=1/3 partition=5 interactions=1000/1000
[DataParallel batch-sync] trial=0 epoch=1/3 partition=6 interactions=1000/1000
[DataParallel batch-sync] trial=0 epoch=1/3 partition=7 interactions=1000/1000
[DataParallel batch-sync] trial=0 epoch=1/3 partition=8 interactions=1000/1000
[DataParallel batch-sync] trial=0 epoch=1/3 partition=9 interactions=1000/1000
[DataParallel batch-sync] trial=0 epoch=1/3 partition=10 interactions=1000/1000
[DataParallel batch-sync] trial=0 epoch=1/3 partition=11 interactions=1000/1000
[DataParallel batch-sync] trial=0 epoch=1/3 partition=12 interactions=1000/1000
[DataParallel batch-sync] trial=0 epoch=1/3 partition=13 interactions=1000/1000
[DataParallel batch-sync] trial=0 epoch=2/3 partition=0 interactions=1000/1000
[DataParallel batch-sync] trial=0 epoch=2/3 partition=1 interactions=1000/1000
[DataParallel batch-sync] trial=0 epoch=2/3 partition=2 interactions=1000/1000
[DataParallel batch-sync] trial=0 epoch=2/3 partition=3 interactions=1000/1000
[DataParallel batch-sync] trial=0 epoch=2/3 partition=4 interactions=1000/1000
[DataParallel batch-sync] trial=0 epoch=2/3 partition=5 interactions=1000/1000
[DataParallel batch-sync] trial=0 epoch=2/3 partition=6 interactions=1000/1000
[DataParallel batch-sync] trial=0 epoch=2/3 partition=7 interactions=1000/1000
[DataParallel batch-sync] trial=0 epoch=2/3 partition=8 interactions=1000/1000
[DataParallel batch-sync] trial=0 epoch=2/3 partition=9 interactions=1000/1000
[DataParallel batch-sync] trial=0 epoch=2/3 partition=10 interactions=1000/1000
[DataParallel batch-sync] trial=0 epoch=2/3 partition=11 interactions=1000/1000
[DataParallel batch-sync] trial=0 epoch=2/3 partition=12 interactions=1000/1000
[DataParallel batch-sync] trial=0 epoch=2/3 partition=13 interactions=1000/1000
[DataParallel batch-sync] trial=0 epoch=3/3 partition=0 interactions=1000/1000
[DataParallel batch-sync] trial=0 epoch=3/3 partition=1 interactions=1000/1000
[DataParallel batch-sync] trial=0 epoch=3/3 partition=2 interactions=1000/1000
[DataParallel batch-sync] trial=0 epoch=3/3 partition=3 interactions=1000/1000
[DataParallel batch-sync] trial=0 epoch=3/3 partition=4 interactions=1000/1000
[DataParallel batch-sync] trial=0 epoch=3/3 partition=5 interactions=1000/1000
[DataParallel batch-sync] trial=0 epoch=3/3 partition=6 interactions=1000/1000
[DataParallel batch-sync] trial=0 epoch=3/3 partition=7 interactions=1000/1000
[DataParallel batch-sync] trial=0 epoch=3/3 partition=8 interactions=1000/1000
[DataParallel batch-sync] trial=0 epoch=3/3 partition=9 interactions=1000/1000
[DataParallel batch-sync] trial=0 epoch=3/3 partition=10 interactions=1000/1000
[DataParallel batch-sync] trial=0 epoch=3/3 partition=11 interactions=1000/1000
[DataParallel batch-sync] trial=0 epoch=3/3 partition=12 interactions=1000/1000
[DataParallel batch-sync] trial=0 epoch=3/3 partition=13 interactions=1000/1000
[DataParallel 4/27] model=temporal_event_gnn_jodie agg=none memory=lstm val_score=0.1623
[DataParallel batch-sync] trial=0 epoch=1/3 partition=0 interactions=1000/1000
[DataParallel batch-sync] trial=0 epoch=1/3 partition=1 interactions=1000/1000
[DataParallel batch-sync] trial=0 epoch=1/3 partition=2 interactions=1000/1000
[DataParallel batch-sync] trial=0 epoch=1/3 partition=3 interactions=1000/1000
[DataParallel batch-sync] trial=0 epoch=1/3 partition=4 interactions=1000/1000
[DataParallel batch-sync] trial=0 epoch=1/3 partition=5 interactions=1000/1000
[DataParallel batch-sync] trial=0 epoch=1/3 partition=6 interactions=1000/1000
[DataParallel batch-sync] trial=0 epoch=1/3 partition=7 interactions=1000/1000
[DataParallel batch-sync] trial=0 epoch=1/3 partition=8 interactions=1000/1000
[DataParallel batch-sync] trial=0 epoch=1/3 partition=9 interactions=1000/1000
[DataParallel batch-sync] trial=0 epoch=1/3 partition=10 interactions=1000/1000
[DataParallel batch-sync] trial=0 epoch=1/3 partition=11 interactions=1000/1000
[DataParallel batch-sync] trial=0 epoch=1/3 partition=12 interactions=1000/1000
[DataParallel batch-sync] trial=0 epoch=1/3 partition=13 interactions=1000/1000
[DataParallel batch-sync] trial=0 epoch=2/3 partition=0 interactions=1000/1000
[DataParallel batch-sync] trial=0 epoch=2/3 partition=1 interactions=1000/1000
[DataParallel batch-sync] trial=0 epoch=2/3 partition=2 interactions=1000/1000
[DataParallel batch-sync] trial=0 epoch=2/3 partition=3 interactions=1000/1000
[DataParallel batch-sync] trial=0 epoch=2/3 partition=4 interactions=1000/1000
[DataParallel batch-sync] trial=0 epoch=2/3 partition=5 interactions=1000/1000
[DataParallel batch-sync] trial=0 epoch=2/3 partition=6 interactions=1000/1000
[DataParallel batch-sync] trial=0 epoch=2/3 partition=7 interactions=1000/1000
[DataParallel batch-sync] trial=0 epoch=2/3 partition=8 interactions=1000/1000
[DataParallel batch-sync] trial=0 epoch=2/3 partition=9 interactions=1000/1000
[DataParallel batch-sync] trial=0 epoch=2/3 partition=10 interactions=1000/1000
[DataParallel batch-sync] trial=0 epoch=2/3 partition=11 interactions=1000/1000
[DataParallel batch-sync] trial=0 epoch=2/3 partition=12 interactions=1000/1000
[DataParallel batch-sync] trial=0 epoch=2/3 partition=13 interactions=1000/1000
[DataParallel batch-sync] trial=0 epoch=3/3 partition=0 interactions=1000/1000
[DataParallel batch-sync] trial=0 epoch=3/3 partition=1 interactions=1000/1000
[DataParallel batch-sync] trial=0 epoch=3/3 partition=2 interactions=1000/1000
[DataParallel batch-sync] trial=0 epoch=3/3 partition=3 interactions=1000/1000
[DataParallel batch-sync] trial=0 epoch=3/3 partition=4 interactions=1000/1000
[DataParallel batch-sync] trial=0 epoch=3/3 partition=5 interactions=1000/1000
[DataParallel batch-sync] trial=0 epoch=3/3 partition=6 interactions=1000/1000
[DataParallel batch-sync] trial=0 epoch=3/3 partition=7 interactions=1000/1000
[DataParallel batch-sync] trial=0 epoch=3/3 partition=8 interactions=1000/1000
[DataParallel batch-sync] trial=0 epoch=3/3 partition=9 interactions=1000/1000
[DataParallel batch-sync] trial=0 epoch=3/3 partition=10 interactions=1000/1000
[DataParallel batch-sync] trial=0 epoch=3/3 partition=11 interactions=1000/1000
[DataParallel batch-sync] trial=0 epoch=3/3 partition=12 interactions=1000/1000
[DataParallel batch-sync] trial=0 epoch=3/3 partition=13 interactions=1000/1000
[DataParallel 5/27] model=temporal_event_gnn_jodie agg=mean memory=lstm val_score=0.1589
[DataParallel batch-sync] trial=0 epoch=1/3 partition=0 interactions=1000/1000
[DataParallel batch-sync] trial=0 epoch=1/3 partition=1 interactions=1000/1000
[DataParallel batch-sync] trial=0 epoch=1/3 partition=2 interactions=1000/1000
[DataParallel batch-sync] trial=0 epoch=1/3 partition=3 interactions=1000/1000
[DataParallel batch-sync] trial=0 epoch=1/3 partition=4 interactions=1000/1000
[DataParallel batch-sync] trial=0 epoch=1/3 partition=5 interactions=1000/1000
[DataParallel batch-sync] trial=0 epoch=1/3 partition=6 interactions=1000/1000
[DataParallel batch-sync] trial=0 epoch=1/3 partition=7 interactions=1000/1000
[DataParallel batch-sync] trial=0 epoch=1/3 partition=8 interactions=1000/1000
[DataParallel batch-sync] trial=0 epoch=1/3 partition=9 interactions=1000/1000
[DataParallel batch-sync] trial=0 epoch=1/3 partition=10 interactions=1000/1000
[DataParallel batch-sync] trial=0 epoch=1/3 partition=11 interactions=1000/1000
[DataParallel batch-sync] trial=0 epoch=1/3 partition=12 interactions=1000/1000
[DataParallel batch-sync] trial=0 epoch=1/3 partition=13 interactions=1000/1000
[DataParallel batch-sync] trial=0 epoch=2/3 partition=0 interactions=1000/1000
[DataParallel batch-sync] trial=0 epoch=2/3 partition=1 interactions=1000/1000
[DataParallel batch-sync] trial=0 epoch=2/3 partition=2 interactions=1000/1000
[DataParallel batch-sync] trial=0 epoch=2/3 partition=3 interactions=1000/1000
[DataParallel batch-sync] trial=0 epoch=2/3 partition=4 interactions=1000/1000
[DataParallel batch-sync] trial=0 epoch=2/3 partition=5 interactions=1000/1000
[DataParallel batch-sync] trial=0 epoch=2/3 partition=6 interactions=1000/1000
[DataParallel batch-sync] trial=0 epoch=2/3 partition=7 interactions=1000/1000
[DataParallel batch-sync] trial=0 epoch=2/3 partition=8 interactions=1000/1000
[DataParallel batch-sync] trial=0 epoch=2/3 partition=9 interactions=1000/1000
[DataParallel batch-sync] trial=0 epoch=2/3 partition=10 interactions=1000/1000
[DataParallel batch-sync] trial=0 epoch=2/3 partition=11 interactions=1000/1000
[DataParallel batch-sync] trial=0 epoch=2/3 partition=12 interactions=1000/1000
[DataParallel batch-sync] trial=0 epoch=2/3 partition=13 interactions=1000/1000
[DataParallel batch-sync] trial=0 epoch=3/3 partition=0 interactions=1000/1000
[DataParallel batch-sync] trial=0 epoch=3/3 partition=1 interactions=1000/1000
[DataParallel batch-sync] trial=0 epoch=3/3 partition=2 interactions=1000/1000
[DataParallel batch-sync] trial=0 epoch=3/3 partition=3 interactions=1000/1000
[DataParallel batch-sync] trial=0 epoch=3/3 partition=4 interactions=1000/1000
[DataParallel batch-sync] trial=0 epoch=3/3 partition=5 interactions=1000/1000
[DataParallel batch-sync] trial=0 epoch=3/3 partition=6 interactions=1000/1000
[DataParallel batch-sync] trial=0 epoch=3/3 partition=7 interactions=1000/1000
[DataParallel batch-sync] trial=0 epoch=3/3 partition=8 interactions=1000/1000
[DataParallel batch-sync] trial=0 epoch=3/3 partition=9 interactions=1000/1000
[DataParallel batch-sync] trial=0 epoch=3/3 partition=10 interactions=1000/1000
[DataParallel batch-sync] trial=0 epoch=3/3 partition=11 interactions=1000/1000
[DataParallel batch-sync] trial=0 epoch=3/3 partition=12 interactions=1000/1000
[DataParallel batch-sync] trial=0 epoch=3/3 partition=13 interactions=1000/1000
[DataParallel 6/27] model=jodie_rnn agg=none memory=lstm val_score=0.5212
[DataParallel batch-sync] trial=0 epoch=1/3 partition=0 interactions=1000/1000
[DataParallel batch-sync] trial=0 epoch=1/3 partition=1 interactions=1000/1000
[DataParallel batch-sync] trial=0 epoch=1/3 partition=2 interactions=1000/1000
[DataParallel batch-sync] trial=0 epoch=1/3 partition=3 interactions=1000/1000
[DataParallel batch-sync] trial=0 epoch=1/3 partition=4 interactions=1000/1000
[DataParallel batch-sync] trial=0 epoch=1/3 partition=5 interactions=1000/1000
[DataParallel batch-sync] trial=0 epoch=1/3 partition=6 interactions=1000/1000
[DataParallel batch-sync] trial=0 epoch=1/3 partition=7 interactions=1000/1000
[DataParallel batch-sync] trial=0 epoch=1/3 partition=8 interactions=1000/1000
[DataParallel batch-sync] trial=0 epoch=1/3 partition=9 interactions=1000/1000
[DataParallel batch-sync] trial=0 epoch=1/3 partition=10 interactions=1000/1000
[DataParallel batch-sync] trial=0 epoch=1/3 partition=11 interactions=1000/1000
[DataParallel batch-sync] trial=0 epoch=1/3 partition=12 interactions=1000/1000
[DataParallel batch-sync] trial=0 epoch=1/3 partition=13 interactions=1000/1000
[DataParallel batch-sync] trial=0 epoch=2/3 partition=0 interactions=1000/1000
[DataParallel batch-sync] trial=0 epoch=2/3 partition=1 interactions=1000/1000
[DataParallel batch-sync] trial=0 epoch=2/3 partition=2 interactions=1000/1000
[DataParallel batch-sync] trial=0 epoch=2/3 partition=3 interactions=1000/1000
[DataParallel batch-sync] trial=0 epoch=2/3 partition=4 interactions=1000/1000
[DataParallel batch-sync] trial=0 epoch=2/3 partition=5 interactions=1000/1000
[DataParallel batch-sync] trial=0 epoch=2/3 partition=6 interactions=1000/1000
[DataParallel batch-sync] trial=0 epoch=2/3 partition=7 interactions=1000/1000
[DataParallel batch-sync] trial=0 epoch=2/3 partition=8 interactions=1000/1000
[DataParallel batch-sync] trial=0 epoch=2/3 partition=9 interactions=1000/1000
[DataParallel batch-sync] trial=0 epoch=2/3 partition=10 interactions=1000/1000
[DataParallel batch-sync] trial=0 epoch=2/3 partition=11 interactions=1000/1000
[DataParallel batch-sync] trial=0 epoch=2/3 partition=12 interactions=1000/1000
[DataParallel batch-sync] trial=0 epoch=2/3 partition=13 interactions=1000/1000
[DataParallel batch-sync] trial=0 epoch=3/3 partition=0 interactions=1000/1000
[DataParallel batch-sync] trial=0 epoch=3/3 partition=1 interactions=1000/1000
[DataParallel batch-sync] trial=0 epoch=3/3 partition=2 interactions=1000/1000
[DataParallel batch-sync] trial=0 epoch=3/3 partition=3 interactions=1000/1000
[DataParallel batch-sync] trial=0 epoch=3/3 partition=4 interactions=1000/1000
[DataParallel batch-sync] trial=0 epoch=3/3 partition=5 interactions=1000/1000
[DataParallel batch-sync] trial=0 epoch=3/3 partition=6 interactions=1000/1000
[DataParallel batch-sync] trial=0 epoch=3/3 partition=7 interactions=1000/1000
[DataParallel batch-sync] trial=0 epoch=3/3 partition=8 interactions=1000/1000
[DataParallel batch-sync] trial=0 epoch=3/3 partition=9 interactions=1000/1000
[DataParallel batch-sync] trial=0 epoch=3/3 partition=10 interactions=1000/1000
[DataParallel batch-sync] trial=0 epoch=3/3 partition=11 interactions=1000/1000
[DataParallel batch-sync] trial=0 epoch=3/3 partition=12 interactions=1000/1000
[DataParallel batch-sync] trial=0 epoch=3/3 partition=13 interactions=1000/1000
[DataParallel 7/27] model=temporal_event_gnn_jodie agg=mean memory=lstm val_score=0.2646
[DataParallel batch-sync] trial=0 epoch=1/3 partition=0 interactions=1000/1000
[DataParallel batch-sync] trial=0 epoch=1/3 partition=1 interactions=1000/1000
[DataParallel batch-sync] trial=0 epoch=1/3 partition=2 interactions=1000/1000
[DataParallel batch-sync] trial=0 epoch=1/3 partition=3 interactions=1000/1000
[DataParallel batch-sync] trial=0 epoch=1/3 partition=4 interactions=1000/1000
[DataParallel batch-sync] trial=0 epoch=1/3 partition=5 interactions=1000/1000
[DataParallel batch-sync] trial=0 epoch=1/3 partition=6 interactions=1000/1000
[DataParallel batch-sync] trial=0 epoch=1/3 partition=7 interactions=1000/1000
[DataParallel batch-sync] trial=0 epoch=1/3 partition=8 interactions=1000/1000
[DataParallel batch-sync] trial=0 epoch=1/3 partition=9 interactions=1000/1000
[DataParallel batch-sync] trial=0 epoch=1/3 partition=10 interactions=1000/1000
[DataParallel batch-sync] trial=0 epoch=1/3 partition=11 interactions=1000/1000
[DataParallel batch-sync] trial=0 epoch=1/3 partition=12 interactions=1000/1000
[DataParallel batch-sync] trial=0 epoch=1/3 partition=13 interactions=1000/1000
[DataParallel batch-sync] trial=0 epoch=2/3 partition=0 interactions=1000/1000
[DataParallel batch-sync] trial=0 epoch=2/3 partition=1 interactions=1000/1000
[DataParallel batch-sync] trial=0 epoch=2/3 partition=2 interactions=1000/1000
[DataParallel batch-sync] trial=0 epoch=2/3 partition=3 interactions=1000/1000
[DataParallel batch-sync] trial=0 epoch=2/3 partition=4 interactions=1000/1000
[DataParallel batch-sync] trial=0 epoch=2/3 partition=5 interactions=1000/1000
[DataParallel batch-sync] trial=0 epoch=2/3 partition=6 interactions=1000/1000
[DataParallel batch-sync] trial=0 epoch=2/3 partition=7 interactions=1000/1000
[DataParallel batch-sync] trial=0 epoch=2/3 partition=8 interactions=1000/1000
[DataParallel batch-sync] trial=0 epoch=2/3 partition=9 interactions=1000/1000
[DataParallel batch-sync] trial=0 epoch=2/3 partition=10 interactions=1000/1000
[DataParallel batch-sync] trial=0 epoch=2/3 partition=11 interactions=1000/1000
[DataParallel batch-sync] trial=0 epoch=2/3 partition=12 interactions=1000/1000
[DataParallel batch-sync] trial=0 epoch=2/3 partition=13 interactions=1000/1000
[DataParallel batch-sync] trial=0 epoch=3/3 partition=0 interactions=1000/1000
[DataParallel batch-sync] trial=0 epoch=3/3 partition=1 interactions=1000/1000
[DataParallel batch-sync] trial=0 epoch=3/3 partition=2 interactions=1000/1000
[DataParallel batch-sync] trial=0 epoch=3/3 partition=3 interactions=1000/1000
[DataParallel batch-sync] trial=0 epoch=3/3 partition=4 interactions=1000/1000
[DataParallel batch-sync] trial=0 epoch=3/3 partition=5 interactions=1000/1000
[DataParallel batch-sync] trial=0 epoch=3/3 partition=6 interactions=1000/1000
[DataParallel batch-sync] trial=0 epoch=3/3 partition=7 interactions=1000/1000
[DataParallel batch-sync] trial=0 epoch=3/3 partition=8 interactions=1000/1000
[DataParallel batch-sync] trial=0 epoch=3/3 partition=9 interactions=1000/1000
[DataParallel batch-sync] trial=0 epoch=3/3 partition=10 interactions=1000/1000
[DataParallel batch-sync] trial=0 epoch=3/3 partition=11 interactions=1000/1000
[DataParallel batch-sync] trial=0 epoch=3/3 partition=12 interactions=1000/1000
[DataParallel batch-sync] trial=0 epoch=3/3 partition=13 interactions=1000/1000
[DataParallel 8/27] model=jodie_rnn agg=none memory=gru val_score=0.3890
[DataParallel batch-sync] trial=0 epoch=1/3 partition=0 interactions=1000/1000
[DataParallel batch-sync] trial=0 epoch=1/3 partition=1 interactions=1000/1000
[DataParallel batch-sync] trial=0 epoch=1/3 partition=2 interactions=1000/1000
[DataParallel batch-sync] trial=0 epoch=1/3 partition=3 interactions=1000/1000
[DataParallel batch-sync] trial=0 epoch=1/3 partition=4 interactions=1000/1000
[DataParallel batch-sync] trial=0 epoch=1/3 partition=5 interactions=1000/1000
[DataParallel batch-sync] trial=0 epoch=1/3 partition=6 interactions=1000/1000
[DataParallel batch-sync] trial=0 epoch=1/3 partition=7 interactions=1000/1000
[DataParallel batch-sync] trial=0 epoch=1/3 partition=8 interactions=1000/1000
[DataParallel batch-sync] trial=0 epoch=1/3 partition=9 interactions=1000/1000
[DataParallel batch-sync] trial=0 epoch=1/3 partition=10 interactions=1000/1000
[DataParallel batch-sync] trial=0 epoch=1/3 partition=11 interactions=1000/1000
[DataParallel batch-sync] trial=0 epoch=1/3 partition=12 interactions=1000/1000
[DataParallel batch-sync] trial=0 epoch=1/3 partition=13 interactions=1000/1000
[DataParallel batch-sync] trial=0 epoch=2/3 partition=0 interactions=1000/1000
[DataParallel batch-sync] trial=0 epoch=2/3 partition=1 interactions=1000/1000
[DataParallel batch-sync] trial=0 epoch=2/3 partition=2 interactions=1000/1000
[DataParallel batch-sync] trial=0 epoch=2/3 partition=3 interactions=1000/1000
[DataParallel batch-sync] trial=0 epoch=2/3 partition=4 interactions=1000/1000
[DataParallel batch-sync] trial=0 epoch=2/3 partition=5 interactions=1000/1000
[DataParallel batch-sync] trial=0 epoch=2/3 partition=6 interactions=1000/1000
[DataParallel batch-sync] trial=0 epoch=2/3 partition=7 interactions=1000/1000
[DataParallel batch-sync] trial=0 epoch=2/3 partition=8 interactions=1000/1000
[DataParallel batch-sync] trial=0 epoch=2/3 partition=9 interactions=1000/1000
[DataParallel batch-sync] trial=0 epoch=2/3 partition=10 interactions=1000/1000
[DataParallel batch-sync] trial=0 epoch=2/3 partition=11 interactions=1000/1000
[DataParallel batch-sync] trial=0 epoch=2/3 partition=12 interactions=1000/1000
[DataParallel batch-sync] trial=0 epoch=2/3 partition=13 interactions=1000/1000
[DataParallel batch-sync] trial=0 epoch=3/3 partition=0 interactions=1000/1000
[DataParallel batch-sync] trial=0 epoch=3/3 partition=1 interactions=1000/1000
[DataParallel batch-sync] trial=0 epoch=3/3 partition=2 interactions=1000/1000
[DataParallel batch-sync] trial=0 epoch=3/3 partition=3 interactions=1000/1000
[DataParallel batch-sync] trial=0 epoch=3/3 partition=4 interactions=1000/1000
[DataParallel batch-sync] trial=0 epoch=3/3 partition=5 interactions=1000/1000
[DataParallel batch-sync] trial=0 epoch=3/3 partition=6 interactions=1000/1000
[DataParallel batch-sync] trial=0 epoch=3/3 partition=7 interactions=1000/1000
[DataParallel batch-sync] trial=0 epoch=3/3 partition=8 interactions=1000/1000
[DataParallel batch-sync] trial=0 epoch=3/3 partition=9 interactions=1000/1000
[DataParallel batch-sync] trial=0 epoch=3/3 partition=10 interactions=1000/1000
[DataParallel batch-sync] trial=0 epoch=3/3 partition=11 interactions=1000/1000
[DataParallel batch-sync] trial=0 epoch=3/3 partition=12 interactions=1000/1000
[DataParallel batch-sync] trial=0 epoch=3/3 partition=13 interactions=1000/1000
[DataParallel 9/27] model=temporal_event_gnn_jodie agg=none memory=rnn val_score=0.1296
[DataParallel batch-sync] trial=0 epoch=1/3 partition=0 interactions=1000/1000
[DataParallel batch-sync] trial=0 epoch=1/3 partition=1 interactions=1000/1000
[DataParallel batch-sync] trial=0 epoch=1/3 partition=2 interactions=1000/1000
[DataParallel batch-sync] trial=0 epoch=1/3 partition=3 interactions=1000/1000
[DataParallel batch-sync] trial=0 epoch=1/3 partition=4 interactions=1000/1000
[DataParallel batch-sync] trial=0 epoch=1/3 partition=5 interactions=1000/1000
[DataParallel batch-sync] trial=0 epoch=1/3 partition=6 interactions=1000/1000
[DataParallel batch-sync] trial=0 epoch=1/3 partition=7 interactions=1000/1000
[DataParallel batch-sync] trial=0 epoch=1/3 partition=8 interactions=1000/1000
[DataParallel batch-sync] trial=0 epoch=1/3 partition=9 interactions=1000/1000
[DataParallel batch-sync] trial=0 epoch=1/3 partition=10 interactions=1000/1000
[DataParallel batch-sync] trial=0 epoch=1/3 partition=11 interactions=1000/1000
[DataParallel batch-sync] trial=0 epoch=1/3 partition=12 interactions=1000/1000
[DataParallel batch-sync] trial=0 epoch=1/3 partition=13 interactions=1000/1000
[DataParallel batch-sync] trial=0 epoch=2/3 partition=0 interactions=1000/1000
[DataParallel batch-sync] trial=0 epoch=2/3 partition=1 interactions=1000/1000
[DataParallel batch-sync] trial=0 epoch=2/3 partition=2 interactions=1000/1000
[DataParallel batch-sync] trial=0 epoch=2/3 partition=3 interactions=1000/1000
[DataParallel batch-sync] trial=0 epoch=2/3 partition=4 interactions=1000/1000
[DataParallel batch-sync] trial=0 epoch=2/3 partition=5 interactions=1000/1000
[DataParallel batch-sync] trial=0 epoch=2/3 partition=6 interactions=1000/1000
[DataParallel batch-sync] trial=0 epoch=2/3 partition=7 interactions=1000/1000
[DataParallel batch-sync] trial=0 epoch=2/3 partition=8 interactions=1000/1000
[DataParallel batch-sync] trial=0 epoch=2/3 partition=9 interactions=1000/1000
[DataParallel batch-sync] trial=0 epoch=2/3 partition=10 interactions=1000/1000
[DataParallel batch-sync] trial=0 epoch=2/3 partition=11 interactions=1000/1000
[DataParallel batch-sync] trial=0 epoch=2/3 partition=12 interactions=1000/1000
[DataParallel batch-sync] trial=0 epoch=2/3 partition=13 interactions=1000/1000
[DataParallel batch-sync] trial=0 epoch=3/3 partition=0 interactions=1000/1000
[DataParallel batch-sync] trial=0 epoch=3/3 partition=1 interactions=1000/1000
[DataParallel batch-sync] trial=0 epoch=3/3 partition=2 interactions=1000/1000
[DataParallel batch-sync] trial=0 epoch=3/3 partition=3 interactions=1000/1000
[DataParallel batch-sync] trial=0 epoch=3/3 partition=4 interactions=1000/1000
[DataParallel batch-sync] trial=0 epoch=3/3 partition=5 interactions=1000/1000
[DataParallel batch-sync] trial=0 epoch=3/3 partition=6 interactions=1000/1000
[DataParallel batch-sync] trial=0 epoch=3/3 partition=7 interactions=1000/1000
[DataParallel batch-sync] trial=0 epoch=3/3 partition=8 interactions=1000/1000
[DataParallel batch-sync] trial=0 epoch=3/3 partition=9 interactions=1000/1000
[DataParallel batch-sync] trial=0 epoch=3/3 partition=10 interactions=1000/1000
[DataParallel batch-sync] trial=0 epoch=3/3 partition=11 interactions=1000/1000
[DataParallel batch-sync] trial=0 epoch=3/3 partition=12 interactions=1000/1000
[DataParallel batch-sync] trial=0 epoch=3/3 partition=13 interactions=1000/1000
[DataParallel 10/27] model=temporal_event_gnn_jodie agg=none memory=gru val_score=0.1498
[DataParallel batch-sync] trial=0 epoch=1/3 partition=0 interactions=1000/1000
[DataParallel batch-sync] trial=0 epoch=1/3 partition=1 interactions=1000/1000
[DataParallel batch-sync] trial=0 epoch=1/3 partition=2 interactions=1000/1000
[DataParallel batch-sync] trial=0 epoch=1/3 partition=3 interactions=1000/1000
[DataParallel batch-sync] trial=0 epoch=1/3 partition=4 interactions=1000/1000
[DataParallel batch-sync] trial=0 epoch=1/3 partition=5 interactions=1000/1000
[DataParallel batch-sync] trial=0 epoch=1/3 partition=6 interactions=1000/1000
[DataParallel batch-sync] trial=0 epoch=1/3 partition=7 interactions=1000/1000
[DataParallel batch-sync] trial=0 epoch=1/3 partition=8 interactions=1000/1000
[DataParallel batch-sync] trial=0 epoch=1/3 partition=9 interactions=1000/1000
[DataParallel batch-sync] trial=0 epoch=1/3 partition=10 interactions=1000/1000
[DataParallel batch-sync] trial=0 epoch=1/3 partition=11 interactions=1000/1000
[DataParallel batch-sync] trial=0 epoch=1/3 partition=12 interactions=1000/1000
[DataParallel batch-sync] trial=0 epoch=1/3 partition=13 interactions=1000/1000
[DataParallel batch-sync] trial=0 epoch=2/3 partition=0 interactions=1000/1000
[DataParallel batch-sync] trial=0 epoch=2/3 partition=1 interactions=1000/1000
[DataParallel batch-sync] trial=0 epoch=2/3 partition=2 interactions=1000/1000
[DataParallel batch-sync] trial=0 epoch=2/3 partition=3 interactions=1000/1000
[DataParallel batch-sync] trial=0 epoch=2/3 partition=4 interactions=1000/1000
[DataParallel batch-sync] trial=0 epoch=2/3 partition=5 interactions=1000/1000
[DataParallel batch-sync] trial=0 epoch=2/3 partition=6 interactions=1000/1000
[DataParallel batch-sync] trial=0 epoch=2/3 partition=7 interactions=1000/1000
[DataParallel batch-sync] trial=0 epoch=2/3 partition=8 interactions=1000/1000
[DataParallel batch-sync] trial=0 epoch=2/3 partition=9 interactions=1000/1000
[DataParallel batch-sync] trial=0 epoch=2/3 partition=10 interactions=1000/1000
[DataParallel batch-sync] trial=0 epoch=2/3 partition=11 interactions=1000/1000
[DataParallel batch-sync] trial=0 epoch=2/3 partition=12 interactions=1000/1000
[DataParallel batch-sync] trial=0 epoch=2/3 partition=13 interactions=1000/1000
[DataParallel batch-sync] trial=0 epoch=3/3 partition=0 interactions=1000/1000
[DataParallel batch-sync] trial=0 epoch=3/3 partition=1 interactions=1000/1000
[DataParallel batch-sync] trial=0 epoch=3/3 partition=2 interactions=1000/1000
[DataParallel batch-sync] trial=0 epoch=3/3 partition=3 interactions=1000/1000
[DataParallel batch-sync] trial=0 epoch=3/3 partition=4 interactions=1000/1000
[DataParallel batch-sync] trial=0 epoch=3/3 partition=5 interactions=1000/1000
[DataParallel batch-sync] trial=0 epoch=3/3 partition=6 interactions=1000/1000
[DataParallel batch-sync] trial=0 epoch=3/3 partition=7 interactions=1000/1000
[DataParallel batch-sync] trial=0 epoch=3/3 partition=8 interactions=1000/1000
[DataParallel batch-sync] trial=0 epoch=3/3 partition=9 interactions=1000/1000
[DataParallel batch-sync] trial=0 epoch=3/3 partition=10 interactions=1000/1000
[DataParallel batch-sync] trial=0 epoch=3/3 partition=11 interactions=1000/1000
[DataParallel batch-sync] trial=0 epoch=3/3 partition=12 interactions=1000/1000
[DataParallel batch-sync] trial=0 epoch=3/3 partition=13 interactions=1000/1000
[DataParallel 11/27] model=temporal_event_gnn_jodie agg=sum memory=rnn val_score=0.1782
[DataParallel batch-sync] trial=0 epoch=1/3 partition=0 interactions=1000/1000
[DataParallel batch-sync] trial=0 epoch=1/3 partition=1 interactions=1000/1000
[DataParallel batch-sync] trial=0 epoch=1/3 partition=2 interactions=1000/1000
[DataParallel batch-sync] trial=0 epoch=1/3 partition=3 interactions=1000/1000
[DataParallel batch-sync] trial=0 epoch=1/3 partition=4 interactions=1000/1000
[DataParallel batch-sync] trial=0 epoch=1/3 partition=5 interactions=1000/1000
[DataParallel batch-sync] trial=0 epoch=1/3 partition=6 interactions=1000/1000
[DataParallel batch-sync] trial=0 epoch=1/3 partition=7 interactions=1000/1000
[DataParallel batch-sync] trial=0 epoch=1/3 partition=8 interactions=1000/1000
[DataParallel batch-sync] trial=0 epoch=1/3 partition=9 interactions=1000/1000
[DataParallel batch-sync] trial=0 epoch=1/3 partition=10 interactions=1000/1000
[DataParallel batch-sync] trial=0 epoch=1/3 partition=11 interactions=1000/1000
[DataParallel batch-sync] trial=0 epoch=1/3 partition=12 interactions=1000/1000
[DataParallel batch-sync] trial=0 epoch=1/3 partition=13 interactions=1000/1000
[DataParallel batch-sync] trial=0 epoch=2/3 partition=0 interactions=1000/1000
[DataParallel batch-sync] trial=0 epoch=2/3 partition=1 interactions=1000/1000
[DataParallel batch-sync] trial=0 epoch=2/3 partition=2 interactions=1000/1000
[DataParallel batch-sync] trial=0 epoch=2/3 partition=3 interactions=1000/1000
[DataParallel batch-sync] trial=0 epoch=2/3 partition=4 interactions=1000/1000
[DataParallel batch-sync] trial=0 epoch=2/3 partition=5 interactions=1000/1000
[DataParallel batch-sync] trial=0 epoch=2/3 partition=6 interactions=1000/1000
[DataParallel batch-sync] trial=0 epoch=2/3 partition=7 interactions=1000/1000
[DataParallel batch-sync] trial=0 epoch=2/3 partition=8 interactions=1000/1000
[DataParallel batch-sync] trial=0 epoch=2/3 partition=9 interactions=1000/1000
[DataParallel batch-sync] trial=0 epoch=2/3 partition=10 interactions=1000/1000
[DataParallel batch-sync] trial=0 epoch=2/3 partition=11 interactions=1000/1000
[DataParallel batch-sync] trial=0 epoch=2/3 partition=12 interactions=1000/1000
[DataParallel batch-sync] trial=0 epoch=2/3 partition=13 interactions=1000/1000
[DataParallel batch-sync] trial=0 epoch=3/3 partition=0 interactions=1000/1000
[DataParallel batch-sync] trial=0 epoch=3/3 partition=1 interactions=1000/1000
[DataParallel batch-sync] trial=0 epoch=3/3 partition=2 interactions=1000/1000
[DataParallel batch-sync] trial=0 epoch=3/3 partition=3 interactions=1000/1000
[DataParallel batch-sync] trial=0 epoch=3/3 partition=4 interactions=1000/1000
[DataParallel batch-sync] trial=0 epoch=3/3 partition=5 interactions=1000/1000
[DataParallel batch-sync] trial=0 epoch=3/3 partition=6 interactions=1000/1000
[DataParallel batch-sync] trial=0 epoch=3/3 partition=7 interactions=1000/1000
[DataParallel batch-sync] trial=0 epoch=3/3 partition=8 interactions=1000/1000
[DataParallel batch-sync] trial=0 epoch=3/3 partition=9 interactions=1000/1000
[DataParallel batch-sync] trial=0 epoch=3/3 partition=10 interactions=1000/1000
[DataParallel batch-sync] trial=0 epoch=3/3 partition=11 interactions=1000/1000
[DataParallel batch-sync] trial=0 epoch=3/3 partition=12 interactions=1000/1000
[DataParallel batch-sync] trial=0 epoch=3/3 partition=13 interactions=1000/1000
[DataParallel 12/27] model=temporal_event_gnn_jodie agg=none memory=lstm val_score=0.1544
[DataParallel batch-sync] trial=0 epoch=1/3 partition=0 interactions=1000/1000
[DataParallel batch-sync] trial=0 epoch=1/3 partition=1 interactions=1000/1000
[DataParallel batch-sync] trial=0 epoch=1/3 partition=2 interactions=1000/1000
[DataParallel batch-sync] trial=0 epoch=1/3 partition=3 interactions=1000/1000
[DataParallel batch-sync] trial=0 epoch=1/3 partition=4 interactions=1000/1000
[DataParallel batch-sync] trial=0 epoch=1/3 partition=5 interactions=1000/1000
[DataParallel batch-sync] trial=0 epoch=1/3 partition=6 interactions=1000/1000
[DataParallel batch-sync] trial=0 epoch=1/3 partition=7 interactions=1000/1000
[DataParallel batch-sync] trial=0 epoch=1/3 partition=8 interactions=1000/1000
[DataParallel batch-sync] trial=0 epoch=1/3 partition=9 interactions=1000/1000
[DataParallel batch-sync] trial=0 epoch=1/3 partition=10 interactions=1000/1000
[DataParallel batch-sync] trial=0 epoch=1/3 partition=11 interactions=1000/1000
[DataParallel batch-sync] trial=0 epoch=1/3 partition=12 interactions=1000/1000
[DataParallel batch-sync] trial=0 epoch=1/3 partition=13 interactions=1000/1000
[DataParallel batch-sync] trial=0 epoch=2/3 partition=0 interactions=1000/1000
[DataParallel batch-sync] trial=0 epoch=2/3 partition=1 interactions=1000/1000
[DataParallel batch-sync] trial=0 epoch=2/3 partition=2 interactions=1000/1000
[DataParallel batch-sync] trial=0 epoch=2/3 partition=3 interactions=1000/1000
[DataParallel batch-sync] trial=0 epoch=2/3 partition=4 interactions=1000/1000
[DataParallel batch-sync] trial=0 epoch=2/3 partition=5 interactions=1000/1000
[DataParallel batch-sync] trial=0 epoch=2/3 partition=6 interactions=1000/1000
[DataParallel batch-sync] trial=0 epoch=2/3 partition=7 interactions=1000/1000
[DataParallel batch-sync] trial=0 epoch=2/3 partition=8 interactions=1000/1000
[DataParallel batch-sync] trial=0 epoch=2/3 partition=9 interactions=1000/1000
[DataParallel batch-sync] trial=0 epoch=2/3 partition=10 interactions=1000/1000
[DataParallel batch-sync] trial=0 epoch=2/3 partition=11 interactions=1000/1000
[DataParallel batch-sync] trial=0 epoch=2/3 partition=12 interactions=1000/1000
[DataParallel batch-sync] trial=0 epoch=2/3 partition=13 interactions=1000/1000
[DataParallel batch-sync] trial=0 epoch=3/3 partition=0 interactions=1000/1000
[DataParallel batch-sync] trial=0 epoch=3/3 partition=1 interactions=1000/1000
[DataParallel batch-sync] trial=0 epoch=3/3 partition=2 interactions=1000/1000
[DataParallel batch-sync] trial=0 epoch=3/3 partition=3 interactions=1000/1000
[DataParallel batch-sync] trial=0 epoch=3/3 partition=4 interactions=1000/1000
[DataParallel batch-sync] trial=0 epoch=3/3 partition=5 interactions=1000/1000
[DataParallel batch-sync] trial=0 epoch=3/3 partition=6 interactions=1000/1000
[DataParallel batch-sync] trial=0 epoch=3/3 partition=7 interactions=1000/1000
[DataParallel batch-sync] trial=0 epoch=3/3 partition=8 interactions=1000/1000
[DataParallel batch-sync] trial=0 epoch=3/3 partition=9 interactions=1000/1000
[DataParallel batch-sync] trial=0 epoch=3/3 partition=10 interactions=1000/1000
[DataParallel batch-sync] trial=0 epoch=3/3 partition=11 interactions=1000/1000
[DataParallel batch-sync] trial=0 epoch=3/3 partition=12 interactions=1000/1000
[DataParallel batch-sync] trial=0 epoch=3/3 partition=13 interactions=1000/1000
[DataParallel 13/27] model=jodie_rnn agg=none memory=rnn val_score=0.7126
[DataParallel batch-sync] trial=0 epoch=1/3 partition=0 interactions=1000/1000
[DataParallel batch-sync] trial=0 epoch=1/3 partition=1 interactions=1000/1000
[DataParallel batch-sync] trial=0 epoch=1/3 partition=2 interactions=1000/1000
[DataParallel batch-sync] trial=0 epoch=1/3 partition=3 interactions=1000/1000
[DataParallel batch-sync] trial=0 epoch=1/3 partition=4 interactions=1000/1000
[DataParallel batch-sync] trial=0 epoch=1/3 partition=5 interactions=1000/1000
[DataParallel batch-sync] trial=0 epoch=1/3 partition=6 interactions=1000/1000
[DataParallel batch-sync] trial=0 epoch=1/3 partition=7 interactions=1000/1000
[DataParallel batch-sync] trial=0 epoch=1/3 partition=8 interactions=1000/1000
[DataParallel batch-sync] trial=0 epoch=1/3 partition=9 interactions=1000/1000
[DataParallel batch-sync] trial=0 epoch=1/3 partition=10 interactions=1000/1000
[DataParallel batch-sync] trial=0 epoch=1/3 partition=11 interactions=1000/1000
[DataParallel batch-sync] trial=0 epoch=1/3 partition=12 interactions=1000/1000
[DataParallel batch-sync] trial=0 epoch=1/3 partition=13 interactions=1000/1000
[DataParallel batch-sync] trial=0 epoch=2/3 partition=0 interactions=1000/1000
[DataParallel batch-sync] trial=0 epoch=2/3 partition=1 interactions=1000/1000
[DataParallel batch-sync] trial=0 epoch=2/3 partition=2 interactions=1000/1000
[DataParallel batch-sync] trial=0 epoch=2/3 partition=3 interactions=1000/1000
[DataParallel batch-sync] trial=0 epoch=2/3 partition=4 interactions=1000/1000
[DataParallel batch-sync] trial=0 epoch=2/3 partition=5 interactions=1000/1000
[DataParallel batch-sync] trial=0 epoch=2/3 partition=6 interactions=1000/1000
[DataParallel batch-sync] trial=0 epoch=2/3 partition=7 interactions=1000/1000
[DataParallel batch-sync] trial=0 epoch=2/3 partition=8 interactions=1000/1000
[DataParallel batch-sync] trial=0 epoch=2/3 partition=9 interactions=1000/1000
[DataParallel batch-sync] trial=0 epoch=2/3 partition=10 interactions=1000/1000
[DataParallel batch-sync] trial=0 epoch=2/3 partition=11 interactions=1000/1000
[DataParallel batch-sync] trial=0 epoch=2/3 partition=12 interactions=1000/1000
[DataParallel batch-sync] trial=0 epoch=2/3 partition=13 interactions=1000/1000
[DataParallel batch-sync] trial=0 epoch=3/3 partition=0 interactions=1000/1000
[DataParallel batch-sync] trial=0 epoch=3/3 partition=1 interactions=1000/1000
[DataParallel batch-sync] trial=0 epoch=3/3 partition=2 interactions=1000/1000
[DataParallel batch-sync] trial=0 epoch=3/3 partition=3 interactions=1000/1000
[DataParallel batch-sync] trial=0 epoch=3/3 partition=4 interactions=1000/1000
[DataParallel batch-sync] trial=0 epoch=3/3 partition=5 interactions=1000/1000
[DataParallel batch-sync] trial=0 epoch=3/3 partition=6 interactions=1000/1000
[DataParallel batch-sync] trial=0 epoch=3/3 partition=7 interactions=1000/1000
[DataParallel batch-sync] trial=0 epoch=3/3 partition=8 interactions=1000/1000
[DataParallel batch-sync] trial=0 epoch=3/3 partition=9 interactions=1000/1000
[DataParallel batch-sync] trial=0 epoch=3/3 partition=10 interactions=1000/1000
[DataParallel batch-sync] trial=0 epoch=3/3 partition=11 interactions=1000/1000
[DataParallel batch-sync] trial=0 epoch=3/3 partition=12 interactions=1000/1000
[DataParallel batch-sync] trial=0 epoch=3/3 partition=13 interactions=1000/1000
[DataParallel 14/27] model=temporal_event_gnn_jodie agg=none memory=gru val_score=0.2852
[DataParallel batch-sync] trial=0 epoch=1/3 partition=0 interactions=1000/1000
[DataParallel batch-sync] trial=0 epoch=1/3 partition=1 interactions=1000/1000
[DataParallel batch-sync] trial=0 epoch=1/3 partition=2 interactions=1000/1000
[DataParallel batch-sync] trial=0 epoch=1/3 partition=3 interactions=1000/1000
[DataParallel batch-sync] trial=0 epoch=1/3 partition=4 interactions=1000/1000
[DataParallel batch-sync] trial=0 epoch=1/3 partition=5 interactions=1000/1000
[DataParallel batch-sync] trial=0 epoch=1/3 partition=6 interactions=1000/1000
[DataParallel batch-sync] trial=0 epoch=1/3 partition=7 interactions=1000/1000
[DataParallel batch-sync] trial=0 epoch=1/3 partition=8 interactions=1000/1000
[DataParallel batch-sync] trial=0 epoch=1/3 partition=9 interactions=1000/1000
[DataParallel batch-sync] trial=0 epoch=1/3 partition=10 interactions=1000/1000
[DataParallel batch-sync] trial=0 epoch=1/3 partition=11 interactions=1000/1000
[DataParallel batch-sync] trial=0 epoch=1/3 partition=12 interactions=1000/1000
[DataParallel batch-sync] trial=0 epoch=1/3 partition=13 interactions=1000/1000
[DataParallel batch-sync] trial=0 epoch=2/3 partition=0 interactions=1000/1000
[DataParallel batch-sync] trial=0 epoch=2/3 partition=1 interactions=1000/1000
[DataParallel batch-sync] trial=0 epoch=2/3 partition=2 interactions=1000/1000
[DataParallel batch-sync] trial=0 epoch=2/3 partition=3 interactions=1000/1000
[DataParallel batch-sync] trial=0 epoch=2/3 partition=4 interactions=1000/1000
[DataParallel batch-sync] trial=0 epoch=2/3 partition=5 interactions=1000/1000
[DataParallel batch-sync] trial=0 epoch=2/3 partition=6 interactions=1000/1000
[DataParallel batch-sync] trial=0 epoch=2/3 partition=7 interactions=1000/1000
[DataParallel batch-sync] trial=0 epoch=2/3 partition=8 interactions=1000/1000
[DataParallel batch-sync] trial=0 epoch=2/3 partition=9 interactions=1000/1000
[DataParallel batch-sync] trial=0 epoch=2/3 partition=10 interactions=1000/1000
[DataParallel batch-sync] trial=0 epoch=2/3 partition=11 interactions=1000/1000
[DataParallel batch-sync] trial=0 epoch=2/3 partition=12 interactions=1000/1000
[DataParallel batch-sync] trial=0 epoch=2/3 partition=13 interactions=1000/1000
[DataParallel batch-sync] trial=0 epoch=3/3 partition=0 interactions=1000/1000
[DataParallel batch-sync] trial=0 epoch=3/3 partition=1 interactions=1000/1000
[DataParallel batch-sync] trial=0 epoch=3/3 partition=2 interactions=1000/1000
[DataParallel batch-sync] trial=0 epoch=3/3 partition=3 interactions=1000/1000
[DataParallel batch-sync] trial=0 epoch=3/3 partition=4 interactions=1000/1000
[DataParallel batch-sync] trial=0 epoch=3/3 partition=5 interactions=1000/1000
[DataParallel batch-sync] trial=0 epoch=3/3 partition=6 interactions=1000/1000
[DataParallel batch-sync] trial=0 epoch=3/3 partition=7 interactions=1000/1000
[DataParallel batch-sync] trial=0 epoch=3/3 partition=8 interactions=1000/1000
[DataParallel batch-sync] trial=0 epoch=3/3 partition=9 interactions=1000/1000
[DataParallel batch-sync] trial=0 epoch=3/3 partition=10 interactions=1000/1000
[DataParallel batch-sync] trial=0 epoch=3/3 partition=11 interactions=1000/1000
[DataParallel batch-sync] trial=0 epoch=3/3 partition=12 interactions=1000/1000
[DataParallel batch-sync] trial=0 epoch=3/3 partition=13 interactions=1000/1000
[DataParallel 15/27] model=jodie_rnn agg=none memory=rnn val_score=0.3474
[DataParallel batch-sync] trial=0 epoch=1/3 partition=0 interactions=1000/1000
[DataParallel batch-sync] trial=0 epoch=1/3 partition=1 interactions=1000/1000
[DataParallel batch-sync] trial=0 epoch=1/3 partition=2 interactions=1000/1000
[DataParallel batch-sync] trial=0 epoch=1/3 partition=3 interactions=1000/1000
[DataParallel batch-sync] trial=0 epoch=1/3 partition=4 interactions=1000/1000
[DataParallel batch-sync] trial=0 epoch=1/3 partition=5 interactions=1000/1000
[DataParallel batch-sync] trial=0 epoch=1/3 partition=6 interactions=1000/1000
[DataParallel batch-sync] trial=0 epoch=1/3 partition=7 interactions=1000/1000
[DataParallel batch-sync] trial=0 epoch=1/3 partition=8 interactions=1000/1000
[DataParallel batch-sync] trial=0 epoch=1/3 partition=9 interactions=1000/1000
[DataParallel batch-sync] trial=0 epoch=1/3 partition=10 interactions=1000/1000
[DataParallel batch-sync] trial=0 epoch=1/3 partition=11 interactions=1000/1000
[DataParallel batch-sync] trial=0 epoch=1/3 partition=12 interactions=1000/1000
[DataParallel batch-sync] trial=0 epoch=1/3 partition=13 interactions=1000/1000
[DataParallel batch-sync] trial=0 epoch=2/3 partition=0 interactions=1000/1000
[DataParallel batch-sync] trial=0 epoch=2/3 partition=1 interactions=1000/1000
[DataParallel batch-sync] trial=0 epoch=2/3 partition=2 interactions=1000/1000
[DataParallel batch-sync] trial=0 epoch=2/3 partition=3 interactions=1000/1000
[DataParallel batch-sync] trial=0 epoch=2/3 partition=4 interactions=1000/1000
[DataParallel batch-sync] trial=0 epoch=2/3 partition=5 interactions=1000/1000
[DataParallel batch-sync] trial=0 epoch=2/3 partition=6 interactions=1000/1000
[DataParallel batch-sync] trial=0 epoch=2/3 partition=7 interactions=1000/1000
[DataParallel batch-sync] trial=0 epoch=2/3 partition=8 interactions=1000/1000
[DataParallel batch-sync] trial=0 epoch=2/3 partition=9 interactions=1000/1000
[DataParallel batch-sync] trial=0 epoch=2/3 partition=10 interactions=1000/1000
[DataParallel batch-sync] trial=0 epoch=2/3 partition=11 interactions=1000/1000
[DataParallel batch-sync] trial=0 epoch=2/3 partition=12 interactions=1000/1000
[DataParallel batch-sync] trial=0 epoch=2/3 partition=13 interactions=1000/1000
[DataParallel batch-sync] trial=0 epoch=3/3 partition=0 interactions=1000/1000
[DataParallel batch-sync] trial=0 epoch=3/3 partition=1 interactions=1000/1000
[DataParallel batch-sync] trial=0 epoch=3/3 partition=2 interactions=1000/1000
[DataParallel batch-sync] trial=0 epoch=3/3 partition=3 interactions=1000/1000
[DataParallel batch-sync] trial=0 epoch=3/3 partition=4 interactions=1000/1000
[DataParallel batch-sync] trial=0 epoch=3/3 partition=5 interactions=1000/1000
[DataParallel batch-sync] trial=0 epoch=3/3 partition=6 interactions=1000/1000
[DataParallel batch-sync] trial=0 epoch=3/3 partition=7 interactions=1000/1000
[DataParallel batch-sync] trial=0 epoch=3/3 partition=8 interactions=1000/1000
[DataParallel batch-sync] trial=0 epoch=3/3 partition=9 interactions=1000/1000
[DataParallel batch-sync] trial=0 epoch=3/3 partition=10 interactions=1000/1000
[DataParallel batch-sync] trial=0 epoch=3/3 partition=11 interactions=1000/1000
[DataParallel batch-sync] trial=0 epoch=3/3 partition=12 interactions=1000/1000
[DataParallel batch-sync] trial=0 epoch=3/3 partition=13 interactions=1000/1000
[DataParallel 16/27] model=jodie_rnn agg=none memory=gru val_score=0.1194
[DataParallel batch-sync] trial=0 epoch=1/3 partition=0 interactions=1000/1000
[DataParallel batch-sync] trial=0 epoch=1/3 partition=1 interactions=1000/1000
[DataParallel batch-sync] trial=0 epoch=1/3 partition=2 interactions=1000/1000
[DataParallel batch-sync] trial=0 epoch=1/3 partition=3 interactions=1000/1000
[DataParallel batch-sync] trial=0 epoch=1/3 partition=4 interactions=1000/1000
[DataParallel batch-sync] trial=0 epoch=1/3 partition=5 interactions=1000/1000
[DataParallel batch-sync] trial=0 epoch=1/3 partition=6 interactions=1000/1000
[DataParallel batch-sync] trial=0 epoch=1/3 partition=7 interactions=1000/1000
[DataParallel batch-sync] trial=0 epoch=1/3 partition=8 interactions=1000/1000
[DataParallel batch-sync] trial=0 epoch=1/3 partition=9 interactions=1000/1000
[DataParallel batch-sync] trial=0 epoch=1/3 partition=10 interactions=1000/1000
[DataParallel batch-sync] trial=0 epoch=1/3 partition=11 interactions=1000/1000
[DataParallel batch-sync] trial=0 epoch=1/3 partition=12 interactions=1000/1000
[DataParallel batch-sync] trial=0 epoch=1/3 partition=13 interactions=1000/1000
[DataParallel batch-sync] trial=0 epoch=2/3 partition=0 interactions=1000/1000
[DataParallel batch-sync] trial=0 epoch=2/3 partition=1 interactions=1000/1000
[DataParallel batch-sync] trial=0 epoch=2/3 partition=2 interactions=1000/1000
[DataParallel batch-sync] trial=0 epoch=2/3 partition=3 interactions=1000/1000
[DataParallel batch-sync] trial=0 epoch=2/3 partition=4 interactions=1000/1000
[DataParallel batch-sync] trial=0 epoch=2/3 partition=5 interactions=1000/1000
[DataParallel batch-sync] trial=0 epoch=2/3 partition=6 interactions=1000/1000
[DataParallel batch-sync] trial=0 epoch=2/3 partition=7 interactions=1000/1000
[DataParallel batch-sync] trial=0 epoch=2/3 partition=8 interactions=1000/1000
[DataParallel batch-sync] trial=0 epoch=2/3 partition=9 interactions=1000/1000
[DataParallel batch-sync] trial=0 epoch=2/3 partition=10 interactions=1000/1000
[DataParallel batch-sync] trial=0 epoch=2/3 partition=11 interactions=1000/1000
[DataParallel batch-sync] trial=0 epoch=2/3 partition=12 interactions=1000/1000
[DataParallel batch-sync] trial=0 epoch=2/3 partition=13 interactions=1000/1000
[DataParallel batch-sync] trial=0 epoch=3/3 partition=0 interactions=1000/1000
[DataParallel batch-sync] trial=0 epoch=3/3 partition=1 interactions=1000/1000
[DataParallel batch-sync] trial=0 epoch=3/3 partition=2 interactions=1000/1000
[DataParallel batch-sync] trial=0 epoch=3/3 partition=3 interactions=1000/1000
[DataParallel batch-sync] trial=0 epoch=3/3 partition=4 interactions=1000/1000
[DataParallel batch-sync] trial=0 epoch=3/3 partition=5 interactions=1000/1000
[DataParallel batch-sync] trial=0 epoch=3/3 partition=6 interactions=1000/1000
[DataParallel batch-sync] trial=0 epoch=3/3 partition=7 interactions=1000/1000
[DataParallel batch-sync] trial=0 epoch=3/3 partition=8 interactions=1000/1000
[DataParallel batch-sync] trial=0 epoch=3/3 partition=9 interactions=1000/1000
[DataParallel batch-sync] trial=0 epoch=3/3 partition=10 interactions=1000/1000
[DataParallel batch-sync] trial=0 epoch=3/3 partition=11 interactions=1000/1000
[DataParallel batch-sync] trial=0 epoch=3/3 partition=12 interactions=1000/1000
[DataParallel batch-sync] trial=0 epoch=3/3 partition=13 interactions=1000/1000
[DataParallel 17/27] model=jodie_rnn agg=none memory=lstm val_score=0.2931
[DataParallel batch-sync] trial=0 epoch=1/3 partition=0 interactions=1000/1000
[DataParallel batch-sync] trial=0 epoch=1/3 partition=1 interactions=1000/1000
[DataParallel batch-sync] trial=0 epoch=1/3 partition=2 interactions=1000/1000
[DataParallel batch-sync] trial=0 epoch=1/3 partition=3 interactions=1000/1000
[DataParallel batch-sync] trial=0 epoch=1/3 partition=4 interactions=1000/1000
[DataParallel batch-sync] trial=0 epoch=1/3 partition=5 interactions=1000/1000
[DataParallel batch-sync] trial=0 epoch=1/3 partition=6 interactions=1000/1000
[DataParallel batch-sync] trial=0 epoch=1/3 partition=7 interactions=1000/1000
[DataParallel batch-sync] trial=0 epoch=1/3 partition=8 interactions=1000/1000
[DataParallel batch-sync] trial=0 epoch=1/3 partition=9 interactions=1000/1000
[DataParallel batch-sync] trial=0 epoch=1/3 partition=10 interactions=1000/1000
[DataParallel batch-sync] trial=0 epoch=1/3 partition=11 interactions=1000/1000
[DataParallel batch-sync] trial=0 epoch=1/3 partition=12 interactions=1000/1000
[DataParallel batch-sync] trial=0 epoch=1/3 partition=13 interactions=1000/1000
[DataParallel batch-sync] trial=0 epoch=2/3 partition=0 interactions=1000/1000
[DataParallel batch-sync] trial=0 epoch=2/3 partition=1 interactions=1000/1000
[DataParallel batch-sync] trial=0 epoch=2/3 partition=2 interactions=1000/1000
[DataParallel batch-sync] trial=0 epoch=2/3 partition=3 interactions=1000/1000
[DataParallel batch-sync] trial=0 epoch=2/3 partition=4 interactions=1000/1000
[DataParallel batch-sync] trial=0 epoch=2/3 partition=5 interactions=1000/1000
[DataParallel batch-sync] trial=0 epoch=2/3 partition=6 interactions=1000/1000
[DataParallel batch-sync] trial=0 epoch=2/3 partition=7 interactions=1000/1000
[DataParallel batch-sync] trial=0 epoch=2/3 partition=8 interactions=1000/1000
[DataParallel batch-sync] trial=0 epoch=2/3 partition=9 interactions=1000/1000
[DataParallel batch-sync] trial=0 epoch=2/3 partition=10 interactions=1000/1000
[DataParallel batch-sync] trial=0 epoch=2/3 partition=11 interactions=1000/1000
[DataParallel batch-sync] trial=0 epoch=2/3 partition=12 interactions=1000/1000
[DataParallel batch-sync] trial=0 epoch=2/3 partition=13 interactions=1000/1000
[DataParallel batch-sync] trial=0 epoch=3/3 partition=0 interactions=1000/1000
[DataParallel batch-sync] trial=0 epoch=3/3 partition=1 interactions=1000/1000
[DataParallel batch-sync] trial=0 epoch=3/3 partition=2 interactions=1000/1000
[DataParallel batch-sync] trial=0 epoch=3/3 partition=3 interactions=1000/1000
[DataParallel batch-sync] trial=0 epoch=3/3 partition=4 interactions=1000/1000
[DataParallel batch-sync] trial=0 epoch=3/3 partition=5 interactions=1000/1000
[DataParallel batch-sync] trial=0 epoch=3/3 partition=6 interactions=1000/1000
[DataParallel batch-sync] trial=0 epoch=3/3 partition=7 interactions=1000/1000
[DataParallel batch-sync] trial=0 epoch=3/3 partition=8 interactions=1000/1000
[DataParallel batch-sync] trial=0 epoch=3/3 partition=9 interactions=1000/1000
[DataParallel batch-sync] trial=0 epoch=3/3 partition=10 interactions=1000/1000
[DataParallel batch-sync] trial=0 epoch=3/3 partition=11 interactions=1000/1000
[DataParallel batch-sync] trial=0 epoch=3/3 partition=12 interactions=1000/1000
[DataParallel batch-sync] trial=0 epoch=3/3 partition=13 interactions=1000/1000
[DataParallel 18/27] model=jodie_rnn agg=none memory=lstm val_score=0.3978
[DataParallel batch-sync] trial=0 epoch=1/3 partition=0 interactions=1000/1000
[DataParallel batch-sync] trial=0 epoch=1/3 partition=1 interactions=1000/1000
[DataParallel batch-sync] trial=0 epoch=1/3 partition=2 interactions=1000/1000
[DataParallel batch-sync] trial=0 epoch=1/3 partition=3 interactions=1000/1000
[DataParallel batch-sync] trial=0 epoch=1/3 partition=4 interactions=1000/1000
[DataParallel batch-sync] trial=0 epoch=1/3 partition=5 interactions=1000/1000
[DataParallel batch-sync] trial=0 epoch=1/3 partition=6 interactions=1000/1000
[DataParallel batch-sync] trial=0 epoch=1/3 partition=7 interactions=1000/1000
[DataParallel batch-sync] trial=0 epoch=1/3 partition=8 interactions=1000/1000
[DataParallel batch-sync] trial=0 epoch=1/3 partition=9 interactions=1000/1000
[DataParallel batch-sync] trial=0 epoch=1/3 partition=10 interactions=1000/1000
[DataParallel batch-sync] trial=0 epoch=1/3 partition=11 interactions=1000/1000
[DataParallel batch-sync] trial=0 epoch=1/3 partition=12 interactions=1000/1000
[DataParallel batch-sync] trial=0 epoch=1/3 partition=13 interactions=1000/1000
[DataParallel batch-sync] trial=0 epoch=2/3 partition=0 interactions=1000/1000
[DataParallel batch-sync] trial=0 epoch=2/3 partition=1 interactions=1000/1000
[DataParallel batch-sync] trial=0 epoch=2/3 partition=2 interactions=1000/1000
[DataParallel batch-sync] trial=0 epoch=2/3 partition=3 interactions=1000/1000
[DataParallel batch-sync] trial=0 epoch=2/3 partition=4 interactions=1000/1000
[DataParallel batch-sync] trial=0 epoch=2/3 partition=5 interactions=1000/1000
[DataParallel batch-sync] trial=0 epoch=2/3 partition=6 interactions=1000/1000
[DataParallel batch-sync] trial=0 epoch=2/3 partition=7 interactions=1000/1000
[DataParallel batch-sync] trial=0 epoch=2/3 partition=8 interactions=1000/1000
[DataParallel batch-sync] trial=0 epoch=2/3 partition=9 interactions=1000/1000
[DataParallel batch-sync] trial=0 epoch=2/3 partition=10 interactions=1000/1000
[DataParallel batch-sync] trial=0 epoch=2/3 partition=11 interactions=1000/1000
[DataParallel batch-sync] trial=0 epoch=2/3 partition=12 interactions=1000/1000
[DataParallel batch-sync] trial=0 epoch=2/3 partition=13 interactions=1000/1000
[DataParallel batch-sync] trial=0 epoch=3/3 partition=0 interactions=1000/1000
[DataParallel batch-sync] trial=0 epoch=3/3 partition=1 interactions=1000/1000
[DataParallel batch-sync] trial=0 epoch=3/3 partition=2 interactions=1000/1000
[DataParallel batch-sync] trial=0 epoch=3/3 partition=3 interactions=1000/1000
[DataParallel batch-sync] trial=0 epoch=3/3 partition=4 interactions=1000/1000
[DataParallel batch-sync] trial=0 epoch=3/3 partition=5 interactions=1000/1000
[DataParallel batch-sync] trial=0 epoch=3/3 partition=6 interactions=1000/1000
[DataParallel batch-sync] trial=0 epoch=3/3 partition=7 interactions=1000/1000
[DataParallel batch-sync] trial=0 epoch=3/3 partition=8 interactions=1000/1000
[DataParallel batch-sync] trial=0 epoch=3/3 partition=9 interactions=1000/1000
[DataParallel batch-sync] trial=0 epoch=3/3 partition=10 interactions=1000/1000
[DataParallel batch-sync] trial=0 epoch=3/3 partition=11 interactions=1000/1000
[DataParallel batch-sync] trial=0 epoch=3/3 partition=12 interactions=1000/1000
[DataParallel batch-sync] trial=0 epoch=3/3 partition=13 interactions=1000/1000
[DataParallel 19/27] model=jodie_rnn agg=none memory=lstm val_score=0.3613
[DataParallel batch-sync] trial=0 epoch=1/3 partition=0 interactions=1000/1000
[DataParallel batch-sync] trial=0 epoch=1/3 partition=1 interactions=1000/1000
[DataParallel batch-sync] trial=0 epoch=1/3 partition=2 interactions=1000/1000
[DataParallel batch-sync] trial=0 epoch=1/3 partition=3 interactions=1000/1000
[DataParallel batch-sync] trial=0 epoch=1/3 partition=4 interactions=1000/1000
[DataParallel batch-sync] trial=0 epoch=1/3 partition=5 interactions=1000/1000
[DataParallel batch-sync] trial=0 epoch=1/3 partition=6 interactions=1000/1000
[DataParallel batch-sync] trial=0 epoch=1/3 partition=7 interactions=1000/1000
[DataParallel batch-sync] trial=0 epoch=1/3 partition=8 interactions=1000/1000
[DataParallel batch-sync] trial=0 epoch=1/3 partition=9 interactions=1000/1000
[DataParallel batch-sync] trial=0 epoch=1/3 partition=10 interactions=1000/1000
[DataParallel batch-sync] trial=0 epoch=1/3 partition=11 interactions=1000/1000
[DataParallel batch-sync] trial=0 epoch=1/3 partition=12 interactions=1000/1000
[DataParallel batch-sync] trial=0 epoch=1/3 partition=13 interactions=1000/1000
[DataParallel batch-sync] trial=0 epoch=2/3 partition=0 interactions=1000/1000
[DataParallel batch-sync] trial=0 epoch=2/3 partition=1 interactions=1000/1000
[DataParallel batch-sync] trial=0 epoch=2/3 partition=2 interactions=1000/1000
[DataParallel batch-sync] trial=0 epoch=2/3 partition=3 interactions=1000/1000
[DataParallel batch-sync] trial=0 epoch=2/3 partition=4 interactions=1000/1000
[DataParallel batch-sync] trial=0 epoch=2/3 partition=5 interactions=1000/1000
[DataParallel batch-sync] trial=0 epoch=2/3 partition=6 interactions=1000/1000
[DataParallel batch-sync] trial=0 epoch=2/3 partition=7 interactions=1000/1000
[DataParallel batch-sync] trial=0 epoch=2/3 partition=8 interactions=1000/1000
[DataParallel batch-sync] trial=0 epoch=2/3 partition=9 interactions=1000/1000
[DataParallel batch-sync] trial=0 epoch=2/3 partition=10 interactions=1000/1000
[DataParallel batch-sync] trial=0 epoch=2/3 partition=11 interactions=1000/1000
[DataParallel batch-sync] trial=0 epoch=2/3 partition=12 interactions=1000/1000
[DataParallel batch-sync] trial=0 epoch=2/3 partition=13 interactions=1000/1000
[DataParallel batch-sync] trial=0 epoch=3/3 partition=0 interactions=1000/1000
[DataParallel batch-sync] trial=0 epoch=3/3 partition=1 interactions=1000/1000
[DataParallel batch-sync] trial=0 epoch=3/3 partition=2 interactions=1000/1000
[DataParallel batch-sync] trial=0 epoch=3/3 partition=3 interactions=1000/1000
[DataParallel batch-sync] trial=0 epoch=3/3 partition=4 interactions=1000/1000
[DataParallel batch-sync] trial=0 epoch=3/3 partition=5 interactions=1000/1000
[DataParallel batch-sync] trial=0 epoch=3/3 partition=6 interactions=1000/1000
[DataParallel batch-sync] trial=0 epoch=3/3 partition=7 interactions=1000/1000
[DataParallel batch-sync] trial=0 epoch=3/3 partition=8 interactions=1000/1000
[DataParallel batch-sync] trial=0 epoch=3/3 partition=9 interactions=1000/1000
[DataParallel batch-sync] trial=0 epoch=3/3 partition=10 interactions=1000/1000
[DataParallel batch-sync] trial=0 epoch=3/3 partition=11 interactions=1000/1000
[DataParallel batch-sync] trial=0 epoch=3/3 partition=12 interactions=1000/1000
[DataParallel batch-sync] trial=0 epoch=3/3 partition=13 interactions=1000/1000
[DataParallel 20/27] model=temporal_event_gnn_jodie agg=mean memory=rnn val_score=0.3599
[DataParallel batch-sync] trial=0 epoch=1/3 partition=0 interactions=1000/1000
[DataParallel batch-sync] trial=0 epoch=1/3 partition=1 interactions=1000/1000
[DataParallel batch-sync] trial=0 epoch=1/3 partition=2 interactions=1000/1000
[DataParallel batch-sync] trial=0 epoch=1/3 partition=3 interactions=1000/1000
[DataParallel batch-sync] trial=0 epoch=1/3 partition=4 interactions=1000/1000
[DataParallel batch-sync] trial=0 epoch=1/3 partition=5 interactions=1000/1000
[DataParallel batch-sync] trial=0 epoch=1/3 partition=6 interactions=1000/1000
[DataParallel batch-sync] trial=0 epoch=1/3 partition=7 interactions=1000/1000
[DataParallel batch-sync] trial=0 epoch=1/3 partition=8 interactions=1000/1000
[DataParallel batch-sync] trial=0 epoch=1/3 partition=9 interactions=1000/1000
[DataParallel batch-sync] trial=0 epoch=1/3 partition=10 interactions=1000/1000
[DataParallel batch-sync] trial=0 epoch=1/3 partition=11 interactions=1000/1000
[DataParallel batch-sync] trial=0 epoch=1/3 partition=12 interactions=1000/1000
[DataParallel batch-sync] trial=0 epoch=1/3 partition=13 interactions=1000/1000
[DataParallel batch-sync] trial=0 epoch=2/3 partition=0 interactions=1000/1000
[DataParallel batch-sync] trial=0 epoch=2/3 partition=1 interactions=1000/1000
[DataParallel batch-sync] trial=0 epoch=2/3 partition=2 interactions=1000/1000
[DataParallel batch-sync] trial=0 epoch=2/3 partition=3 interactions=1000/1000
[DataParallel batch-sync] trial=0 epoch=2/3 partition=4 interactions=1000/1000
[DataParallel batch-sync] trial=0 epoch=2/3 partition=5 interactions=1000/1000
[DataParallel batch-sync] trial=0 epoch=2/3 partition=6 interactions=1000/1000
[DataParallel batch-sync] trial=0 epoch=2/3 partition=7 interactions=1000/1000
[DataParallel batch-sync] trial=0 epoch=2/3 partition=8 interactions=1000/1000
[DataParallel batch-sync] trial=0 epoch=2/3 partition=9 interactions=1000/1000
[DataParallel batch-sync] trial=0 epoch=2/3 partition=10 interactions=1000/1000
[DataParallel batch-sync] trial=0 epoch=2/3 partition=11 interactions=1000/1000
[DataParallel batch-sync] trial=0 epoch=2/3 partition=12 interactions=1000/1000
[DataParallel batch-sync] trial=0 epoch=2/3 partition=13 interactions=1000/1000
[DataParallel batch-sync] trial=0 epoch=3/3 partition=0 interactions=1000/1000
[DataParallel batch-sync] trial=0 epoch=3/3 partition=1 interactions=1000/1000
[DataParallel batch-sync] trial=0 epoch=3/3 partition=2 interactions=1000/1000
[DataParallel batch-sync] trial=0 epoch=3/3 partition=3 interactions=1000/1000
[DataParallel batch-sync] trial=0 epoch=3/3 partition=4 interactions=1000/1000
[DataParallel batch-sync] trial=0 epoch=3/3 partition=5 interactions=1000/1000
[DataParallel batch-sync] trial=0 epoch=3/3 partition=6 interactions=1000/1000
[DataParallel batch-sync] trial=0 epoch=3/3 partition=7 interactions=1000/1000
[DataParallel batch-sync] trial=0 epoch=3/3 partition=8 interactions=1000/1000
[DataParallel batch-sync] trial=0 epoch=3/3 partition=9 interactions=1000/1000
[DataParallel batch-sync] trial=0 epoch=3/3 partition=10 interactions=1000/1000
[DataParallel batch-sync] trial=0 epoch=3/3 partition=11 interactions=1000/1000
[DataParallel batch-sync] trial=0 epoch=3/3 partition=12 interactions=1000/1000
[DataParallel batch-sync] trial=0 epoch=3/3 partition=13 interactions=1000/1000
[DataParallel 21/27] model=jodie_rnn agg=none memory=gru val_score=0.4331
[DataParallel batch-sync] trial=0 epoch=1/3 partition=0 interactions=1000/1000
[DataParallel batch-sync] trial=0 epoch=1/3 partition=1 interactions=1000/1000
[DataParallel batch-sync] trial=0 epoch=1/3 partition=2 interactions=1000/1000
[DataParallel batch-sync] trial=0 epoch=1/3 partition=3 interactions=1000/1000
[DataParallel batch-sync] trial=0 epoch=1/3 partition=4 interactions=1000/1000
[DataParallel batch-sync] trial=0 epoch=1/3 partition=5 interactions=1000/1000
[DataParallel batch-sync] trial=0 epoch=1/3 partition=6 interactions=1000/1000
[DataParallel batch-sync] trial=0 epoch=1/3 partition=7 interactions=1000/1000
[DataParallel batch-sync] trial=0 epoch=1/3 partition=8 interactions=1000/1000
[DataParallel batch-sync] trial=0 epoch=1/3 partition=9 interactions=1000/1000
[DataParallel batch-sync] trial=0 epoch=1/3 partition=10 interactions=1000/1000
[DataParallel batch-sync] trial=0 epoch=1/3 partition=11 interactions=1000/1000
[DataParallel batch-sync] trial=0 epoch=1/3 partition=12 interactions=1000/1000
[DataParallel batch-sync] trial=0 epoch=1/3 partition=13 interactions=1000/1000
[DataParallel batch-sync] trial=0 epoch=2/3 partition=0 interactions=1000/1000
[DataParallel batch-sync] trial=0 epoch=2/3 partition=1 interactions=1000/1000
[DataParallel batch-sync] trial=0 epoch=2/3 partition=2 interactions=1000/1000
[DataParallel batch-sync] trial=0 epoch=2/3 partition=3 interactions=1000/1000
[DataParallel batch-sync] trial=0 epoch=2/3 partition=4 interactions=1000/1000
[DataParallel batch-sync] trial=0 epoch=2/3 partition=5 interactions=1000/1000
[DataParallel batch-sync] trial=0 epoch=2/3 partition=6 interactions=1000/1000
[DataParallel batch-sync] trial=0 epoch=2/3 partition=7 interactions=1000/1000
[DataParallel batch-sync] trial=0 epoch=2/3 partition=8 interactions=1000/1000
[DataParallel batch-sync] trial=0 epoch=2/3 partition=9 interactions=1000/1000
[DataParallel batch-sync] trial=0 epoch=2/3 partition=10 interactions=1000/1000
[DataParallel batch-sync] trial=0 epoch=2/3 partition=11 interactions=1000/1000
[DataParallel batch-sync] trial=0 epoch=2/3 partition=12 interactions=1000/1000
[DataParallel batch-sync] trial=0 epoch=2/3 partition=13 interactions=1000/1000
[DataParallel batch-sync] trial=0 epoch=3/3 partition=0 interactions=1000/1000
[DataParallel batch-sync] trial=0 epoch=3/3 partition=1 interactions=1000/1000
[DataParallel batch-sync] trial=0 epoch=3/3 partition=2 interactions=1000/1000
[DataParallel batch-sync] trial=0 epoch=3/3 partition=3 interactions=1000/1000
[DataParallel batch-sync] trial=0 epoch=3/3 partition=4 interactions=1000/1000
[DataParallel batch-sync] trial=0 epoch=3/3 partition=5 interactions=1000/1000
[DataParallel batch-sync] trial=0 epoch=3/3 partition=6 interactions=1000/1000
[DataParallel batch-sync] trial=0 epoch=3/3 partition=7 interactions=1000/1000
[DataParallel batch-sync] trial=0 epoch=3/3 partition=8 interactions=1000/1000
[DataParallel batch-sync] trial=0 epoch=3/3 partition=9 interactions=1000/1000
[DataParallel batch-sync] trial=0 epoch=3/3 partition=10 interactions=1000/1000
[DataParallel batch-sync] trial=0 epoch=3/3 partition=11 interactions=1000/1000
[DataParallel batch-sync] trial=0 epoch=3/3 partition=12 interactions=1000/1000
[DataParallel batch-sync] trial=0 epoch=3/3 partition=13 interactions=1000/1000
[DataParallel 22/27] model=temporal_event_gnn_jodie agg=none memory=rnn val_score=0.1333
[DataParallel batch-sync] trial=0 epoch=1/3 partition=0 interactions=1000/1000
[DataParallel batch-sync] trial=0 epoch=1/3 partition=1 interactions=1000/1000
[DataParallel batch-sync] trial=0 epoch=1/3 partition=2 interactions=1000/1000
[DataParallel batch-sync] trial=0 epoch=1/3 partition=3 interactions=1000/1000
[DataParallel batch-sync] trial=0 epoch=1/3 partition=4 interactions=1000/1000
[DataParallel batch-sync] trial=0 epoch=1/3 partition=5 interactions=1000/1000
[DataParallel batch-sync] trial=0 epoch=1/3 partition=6 interactions=1000/1000
[DataParallel batch-sync] trial=0 epoch=1/3 partition=7 interactions=1000/1000
[DataParallel batch-sync] trial=0 epoch=1/3 partition=8 interactions=1000/1000
[DataParallel batch-sync] trial=0 epoch=1/3 partition=9 interactions=1000/1000
[DataParallel batch-sync] trial=0 epoch=1/3 partition=10 interactions=1000/1000
[DataParallel batch-sync] trial=0 epoch=1/3 partition=11 interactions=1000/1000
[DataParallel batch-sync] trial=0 epoch=1/3 partition=12 interactions=1000/1000
[DataParallel batch-sync] trial=0 epoch=1/3 partition=13 interactions=1000/1000
[DataParallel batch-sync] trial=0 epoch=2/3 partition=0 interactions=1000/1000
[DataParallel batch-sync] trial=0 epoch=2/3 partition=1 interactions=1000/1000
[DataParallel batch-sync] trial=0 epoch=2/3 partition=2 interactions=1000/1000
[DataParallel batch-sync] trial=0 epoch=2/3 partition=3 interactions=1000/1000
[DataParallel batch-sync] trial=0 epoch=2/3 partition=4 interactions=1000/1000
[DataParallel batch-sync] trial=0 epoch=2/3 partition=5 interactions=1000/1000
[DataParallel batch-sync] trial=0 epoch=2/3 partition=6 interactions=1000/1000
[DataParallel batch-sync] trial=0 epoch=2/3 partition=7 interactions=1000/1000
[DataParallel batch-sync] trial=0 epoch=2/3 partition=8 interactions=1000/1000
[DataParallel batch-sync] trial=0 epoch=2/3 partition=9 interactions=1000/1000
[DataParallel batch-sync] trial=0 epoch=2/3 partition=10 interactions=1000/1000
[DataParallel batch-sync] trial=0 epoch=2/3 partition=11 interactions=1000/1000
[DataParallel batch-sync] trial=0 epoch=2/3 partition=12 interactions=1000/1000
[DataParallel batch-sync] trial=0 epoch=2/3 partition=13 interactions=1000/1000
[DataParallel batch-sync] trial=0 epoch=3/3 partition=0 interactions=1000/1000
[DataParallel batch-sync] trial=0 epoch=3/3 partition=1 interactions=1000/1000
[DataParallel batch-sync] trial=0 epoch=3/3 partition=2 interactions=1000/1000
[DataParallel batch-sync] trial=0 epoch=3/3 partition=3 interactions=1000/1000
[DataParallel batch-sync] trial=0 epoch=3/3 partition=4 interactions=1000/1000
[DataParallel batch-sync] trial=0 epoch=3/3 partition=5 interactions=1000/1000
[DataParallel batch-sync] trial=0 epoch=3/3 partition=6 interactions=1000/1000
[DataParallel batch-sync] trial=0 epoch=3/3 partition=7 interactions=1000/1000
[DataParallel batch-sync] trial=0 epoch=3/3 partition=8 interactions=1000/1000
[DataParallel batch-sync] trial=0 epoch=3/3 partition=9 interactions=1000/1000
[DataParallel batch-sync] trial=0 epoch=3/3 partition=10 interactions=1000/1000
[DataParallel batch-sync] trial=0 epoch=3/3 partition=11 interactions=1000/1000
[DataParallel batch-sync] trial=0 epoch=3/3 partition=12 interactions=1000/1000
[DataParallel batch-sync] trial=0 epoch=3/3 partition=13 interactions=1000/1000
[DataParallel 23/27] model=temporal_event_gnn_jodie agg=mean memory=lstm val_score=0.1407
[DataParallel batch-sync] trial=0 epoch=1/3 partition=0 interactions=1000/1000
[DataParallel batch-sync] trial=0 epoch=1/3 partition=1 interactions=1000/1000
[DataParallel batch-sync] trial=0 epoch=1/3 partition=2 interactions=1000/1000
[DataParallel batch-sync] trial=0 epoch=1/3 partition=3 interactions=1000/1000
[DataParallel batch-sync] trial=0 epoch=1/3 partition=4 interactions=1000/1000
[DataParallel batch-sync] trial=0 epoch=1/3 partition=5 interactions=1000/1000
[DataParallel batch-sync] trial=0 epoch=1/3 partition=6 interactions=1000/1000
[DataParallel batch-sync] trial=0 epoch=1/3 partition=7 interactions=1000/1000
[DataParallel batch-sync] trial=0 epoch=1/3 partition=8 interactions=1000/1000
[DataParallel batch-sync] trial=0 epoch=1/3 partition=9 interactions=1000/1000
[DataParallel batch-sync] trial=0 epoch=1/3 partition=10 interactions=1000/1000
[DataParallel batch-sync] trial=0 epoch=1/3 partition=11 interactions=1000/1000
[DataParallel batch-sync] trial=0 epoch=1/3 partition=12 interactions=1000/1000
[DataParallel batch-sync] trial=0 epoch=1/3 partition=13 interactions=1000/1000
[DataParallel batch-sync] trial=0 epoch=2/3 partition=0 interactions=1000/1000
[DataParallel batch-sync] trial=0 epoch=2/3 partition=1 interactions=1000/1000
[DataParallel batch-sync] trial=0 epoch=2/3 partition=2 interactions=1000/1000
[DataParallel batch-sync] trial=0 epoch=2/3 partition=3 interactions=1000/1000
[DataParallel batch-sync] trial=0 epoch=2/3 partition=4 interactions=1000/1000
[DataParallel batch-sync] trial=0 epoch=2/3 partition=5 interactions=1000/1000
[DataParallel batch-sync] trial=0 epoch=2/3 partition=6 interactions=1000/1000
[DataParallel batch-sync] trial=0 epoch=2/3 partition=7 interactions=1000/1000
[DataParallel batch-sync] trial=0 epoch=2/3 partition=8 interactions=1000/1000
[DataParallel batch-sync] trial=0 epoch=2/3 partition=9 interactions=1000/1000
[DataParallel batch-sync] trial=0 epoch=2/3 partition=10 interactions=1000/1000
[DataParallel batch-sync] trial=0 epoch=2/3 partition=11 interactions=1000/1000
[DataParallel batch-sync] trial=0 epoch=2/3 partition=12 interactions=1000/1000
[DataParallel batch-sync] trial=0 epoch=2/3 partition=13 interactions=1000/1000
[DataParallel batch-sync] trial=0 epoch=3/3 partition=0 interactions=1000/1000
[DataParallel batch-sync] trial=0 epoch=3/3 partition=1 interactions=1000/1000
[DataParallel batch-sync] trial=0 epoch=3/3 partition=2 interactions=1000/1000
[DataParallel batch-sync] trial=0 epoch=3/3 partition=3 interactions=1000/1000
[DataParallel batch-sync] trial=0 epoch=3/3 partition=4 interactions=1000/1000
[DataParallel batch-sync] trial=0 epoch=3/3 partition=5 interactions=1000/1000
[DataParallel batch-sync] trial=0 epoch=3/3 partition=6 interactions=1000/1000
[DataParallel batch-sync] trial=0 epoch=3/3 partition=7 interactions=1000/1000
[DataParallel batch-sync] trial=0 epoch=3/3 partition=8 interactions=1000/1000
[DataParallel batch-sync] trial=0 epoch=3/3 partition=9 interactions=1000/1000
[DataParallel batch-sync] trial=0 epoch=3/3 partition=10 interactions=1000/1000
[DataParallel batch-sync] trial=0 epoch=3/3 partition=11 interactions=1000/1000
[DataParallel batch-sync] trial=0 epoch=3/3 partition=12 interactions=1000/1000
[DataParallel batch-sync] trial=0 epoch=3/3 partition=13 interactions=1000/1000
[DataParallel 24/27] model=temporal_event_gnn_jodie agg=mean memory=gru val_score=0.1357
[DataParallel batch-sync] trial=0 epoch=1/3 partition=0 interactions=1000/1000
[DataParallel batch-sync] trial=0 epoch=1/3 partition=1 interactions=1000/1000
[DataParallel batch-sync] trial=0 epoch=1/3 partition=2 interactions=1000/1000
[DataParallel batch-sync] trial=0 epoch=1/3 partition=3 interactions=1000/1000
[DataParallel batch-sync] trial=0 epoch=1/3 partition=4 interactions=1000/1000
[DataParallel batch-sync] trial=0 epoch=1/3 partition=5 interactions=1000/1000
[DataParallel batch-sync] trial=0 epoch=1/3 partition=6 interactions=1000/1000
[DataParallel batch-sync] trial=0 epoch=1/3 partition=7 interactions=1000/1000
[DataParallel batch-sync] trial=0 epoch=1/3 partition=8 interactions=1000/1000
[DataParallel batch-sync] trial=0 epoch=1/3 partition=9 interactions=1000/1000
[DataParallel batch-sync] trial=0 epoch=1/3 partition=10 interactions=1000/1000
[DataParallel batch-sync] trial=0 epoch=1/3 partition=11 interactions=1000/1000
[DataParallel batch-sync] trial=0 epoch=1/3 partition=12 interactions=1000/1000
[DataParallel batch-sync] trial=0 epoch=1/3 partition=13 interactions=1000/1000
[DataParallel batch-sync] trial=0 epoch=2/3 partition=0 interactions=1000/1000
[DataParallel batch-sync] trial=0 epoch=2/3 partition=1 interactions=1000/1000
[DataParallel batch-sync] trial=0 epoch=2/3 partition=2 interactions=1000/1000
[DataParallel batch-sync] trial=0 epoch=2/3 partition=3 interactions=1000/1000
[DataParallel batch-sync] trial=0 epoch=2/3 partition=4 interactions=1000/1000
[DataParallel batch-sync] trial=0 epoch=2/3 partition=5 interactions=1000/1000
[DataParallel batch-sync] trial=0 epoch=2/3 partition=6 interactions=1000/1000
[DataParallel batch-sync] trial=0 epoch=2/3 partition=7 interactions=1000/1000
[DataParallel batch-sync] trial=0 epoch=2/3 partition=8 interactions=1000/1000
[DataParallel batch-sync] trial=0 epoch=2/3 partition=9 interactions=1000/1000
[DataParallel batch-sync] trial=0 epoch=2/3 partition=10 interactions=1000/1000
[DataParallel batch-sync] trial=0 epoch=2/3 partition=11 interactions=1000/1000
[DataParallel batch-sync] trial=0 epoch=2/3 partition=12 interactions=1000/1000
[DataParallel batch-sync] trial=0 epoch=2/3 partition=13 interactions=1000/1000
[DataParallel batch-sync] trial=0 epoch=3/3 partition=0 interactions=1000/1000
[DataParallel batch-sync] trial=0 epoch=3/3 partition=1 interactions=1000/1000
[DataParallel batch-sync] trial=0 epoch=3/3 partition=2 interactions=1000/1000
[DataParallel batch-sync] trial=0 epoch=3/3 partition=3 interactions=1000/1000
[DataParallel batch-sync] trial=0 epoch=3/3 partition=4 interactions=1000/1000
[DataParallel batch-sync] trial=0 epoch=3/3 partition=5 interactions=1000/1000
[DataParallel batch-sync] trial=0 epoch=3/3 partition=6 interactions=1000/1000
[DataParallel batch-sync] trial=0 epoch=3/3 partition=7 interactions=1000/1000
[DataParallel batch-sync] trial=0 epoch=3/3 partition=8 interactions=1000/1000
[DataParallel batch-sync] trial=0 epoch=3/3 partition=9 interactions=1000/1000
[DataParallel batch-sync] trial=0 epoch=3/3 partition=10 interactions=1000/1000
[DataParallel batch-sync] trial=0 epoch=3/3 partition=11 interactions=1000/1000
[DataParallel batch-sync] trial=0 epoch=3/3 partition=12 interactions=1000/1000
[DataParallel batch-sync] trial=0 epoch=3/3 partition=13 interactions=1000/1000
[DataParallel 25/27] model=jodie_rnn agg=none memory=gru val_score=0.2972
[DataParallel batch-sync] trial=0 epoch=1/3 partition=0 interactions=1000/1000
[DataParallel batch-sync] trial=0 epoch=1/3 partition=1 interactions=1000/1000
[DataParallel batch-sync] trial=0 epoch=1/3 partition=2 interactions=1000/1000
[DataParallel batch-sync] trial=0 epoch=1/3 partition=3 interactions=1000/1000
[DataParallel batch-sync] trial=0 epoch=1/3 partition=4 interactions=1000/1000
[DataParallel batch-sync] trial=0 epoch=1/3 partition=5 interactions=1000/1000
[DataParallel batch-sync] trial=0 epoch=1/3 partition=6 interactions=1000/1000
[DataParallel batch-sync] trial=0 epoch=1/3 partition=7 interactions=1000/1000
[DataParallel batch-sync] trial=0 epoch=1/3 partition=8 interactions=1000/1000
[DataParallel batch-sync] trial=0 epoch=1/3 partition=9 interactions=1000/1000
[DataParallel batch-sync] trial=0 epoch=1/3 partition=10 interactions=1000/1000
[DataParallel batch-sync] trial=0 epoch=1/3 partition=11 interactions=1000/1000
[DataParallel batch-sync] trial=0 epoch=1/3 partition=12 interactions=1000/1000
[DataParallel batch-sync] trial=0 epoch=1/3 partition=13 interactions=1000/1000
[DataParallel batch-sync] trial=0 epoch=2/3 partition=0 interactions=1000/1000
[DataParallel batch-sync] trial=0 epoch=2/3 partition=1 interactions=1000/1000
[DataParallel batch-sync] trial=0 epoch=2/3 partition=2 interactions=1000/1000
[DataParallel batch-sync] trial=0 epoch=2/3 partition=3 interactions=1000/1000
[DataParallel batch-sync] trial=0 epoch=2/3 partition=4 interactions=1000/1000
[DataParallel batch-sync] trial=0 epoch=2/3 partition=5 interactions=1000/1000
[DataParallel batch-sync] trial=0 epoch=2/3 partition=6 interactions=1000/1000
[DataParallel batch-sync] trial=0 epoch=2/3 partition=7 interactions=1000/1000
[DataParallel batch-sync] trial=0 epoch=2/3 partition=8 interactions=1000/1000
[DataParallel batch-sync] trial=0 epoch=2/3 partition=9 interactions=1000/1000
[DataParallel batch-sync] trial=0 epoch=2/3 partition=10 interactions=1000/1000
[DataParallel batch-sync] trial=0 epoch=2/3 partition=11 interactions=1000/1000
[DataParallel batch-sync] trial=0 epoch=2/3 partition=12 interactions=1000/1000
[DataParallel batch-sync] trial=0 epoch=2/3 partition=13 interactions=1000/1000
[DataParallel batch-sync] trial=0 epoch=3/3 partition=0 interactions=1000/1000
[DataParallel batch-sync] trial=0 epoch=3/3 partition=1 interactions=1000/1000
[DataParallel batch-sync] trial=0 epoch=3/3 partition=2 interactions=1000/1000
[DataParallel batch-sync] trial=0 epoch=3/3 partition=3 interactions=1000/1000
[DataParallel batch-sync] trial=0 epoch=3/3 partition=4 interactions=1000/1000
[DataParallel batch-sync] trial=0 epoch=3/3 partition=5 interactions=1000/1000
[DataParallel batch-sync] trial=0 epoch=3/3 partition=6 interactions=1000/1000
[DataParallel batch-sync] trial=0 epoch=3/3 partition=7 interactions=1000/1000
[DataParallel batch-sync] trial=0 epoch=3/3 partition=8 interactions=1000/1000
[DataParallel batch-sync] trial=0 epoch=3/3 partition=9 interactions=1000/1000
[DataParallel batch-sync] trial=0 epoch=3/3 partition=10 interactions=1000/1000
[DataParallel batch-sync] trial=0 epoch=3/3 partition=11 interactions=1000/1000
[DataParallel batch-sync] trial=0 epoch=3/3 partition=12 interactions=1000/1000
[DataParallel batch-sync] trial=0 epoch=3/3 partition=13 interactions=1000/1000
[DataParallel 26/27] model=jodie_rnn agg=none memory=rnn val_score=0.6259
[DataParallel batch-sync] trial=0 epoch=1/3 partition=0 interactions=1000/1000
[DataParallel batch-sync] trial=0 epoch=1/3 partition=1 interactions=1000/1000
[DataParallel batch-sync] trial=0 epoch=1/3 partition=2 interactions=1000/1000
[DataParallel batch-sync] trial=0 epoch=1/3 partition=3 interactions=1000/1000
[DataParallel batch-sync] trial=0 epoch=1/3 partition=4 interactions=1000/1000
[DataParallel batch-sync] trial=0 epoch=1/3 partition=5 interactions=1000/1000
[DataParallel batch-sync] trial=0 epoch=1/3 partition=6 interactions=1000/1000
[DataParallel batch-sync] trial=0 epoch=1/3 partition=7 interactions=1000/1000
[DataParallel batch-sync] trial=0 epoch=1/3 partition=8 interactions=1000/1000
[DataParallel batch-sync] trial=0 epoch=1/3 partition=9 interactions=1000/1000
[DataParallel batch-sync] trial=0 epoch=1/3 partition=10 interactions=1000/1000
[DataParallel batch-sync] trial=0 epoch=1/3 partition=11 interactions=1000/1000
[DataParallel batch-sync] trial=0 epoch=1/3 partition=12 interactions=1000/1000
[DataParallel batch-sync] trial=0 epoch=1/3 partition=13 interactions=1000/1000
[DataParallel batch-sync] trial=0 epoch=2/3 partition=0 interactions=1000/1000
[DataParallel batch-sync] trial=0 epoch=2/3 partition=1 interactions=1000/1000
[DataParallel batch-sync] trial=0 epoch=2/3 partition=2 interactions=1000/1000
[DataParallel batch-sync] trial=0 epoch=2/3 partition=3 interactions=1000/1000
[DataParallel batch-sync] trial=0 epoch=2/3 partition=4 interactions=1000/1000
[DataParallel batch-sync] trial=0 epoch=2/3 partition=5 interactions=1000/1000
[DataParallel batch-sync] trial=0 epoch=2/3 partition=6 interactions=1000/1000
[DataParallel batch-sync] trial=0 epoch=2/3 partition=7 interactions=1000/1000
[DataParallel batch-sync] trial=0 epoch=2/3 partition=8 interactions=1000/1000
[DataParallel batch-sync] trial=0 epoch=2/3 partition=9 interactions=1000/1000
[DataParallel batch-sync] trial=0 epoch=2/3 partition=10 interactions=1000/1000
[DataParallel batch-sync] trial=0 epoch=2/3 partition=11 interactions=1000/1000
[DataParallel batch-sync] trial=0 epoch=2/3 partition=12 interactions=1000/1000
[DataParallel batch-sync] trial=0 epoch=2/3 partition=13 interactions=1000/1000
[DataParallel batch-sync] trial=0 epoch=3/3 partition=0 interactions=1000/1000
[DataParallel batch-sync] trial=0 epoch=3/3 partition=1 interactions=1000/1000
[DataParallel batch-sync] trial=0 epoch=3/3 partition=2 interactions=1000/1000
[DataParallel batch-sync] trial=0 epoch=3/3 partition=3 interactions=1000/1000
[DataParallel batch-sync] trial=0 epoch=3/3 partition=4 interactions=1000/1000
[DataParallel batch-sync] trial=0 epoch=3/3 partition=5 interactions=1000/1000
[DataParallel batch-sync] trial=0 epoch=3/3 partition=6 interactions=1000/1000
[DataParallel batch-sync] trial=0 epoch=3/3 partition=7 interactions=1000/1000
[DataParallel batch-sync] trial=0 epoch=3/3 partition=8 interactions=1000/1000
[DataParallel batch-sync] trial=0 epoch=3/3 partition=9 interactions=1000/1000
[DataParallel batch-sync] trial=0 epoch=3/3 partition=10 interactions=1000/1000
[DataParallel batch-sync] trial=0 epoch=3/3 partition=11 interactions=1000/1000
[DataParallel batch-sync] trial=0 epoch=3/3 partition=12 interactions=1000/1000
[DataParallel batch-sync] trial=0 epoch=3/3 partition=13 interactions=1000/1000
[DataParallel 27/27] model=temporal_event_gnn_jodie agg=none memory=rnn val_score=0.2919
[DataParallel] Workers shut down.
[Verify] train_model() called with batch_mode=tbatch, tgn_loss_mode=all, tgn_window_size=10.0
Epoch 1/3 | L2 Loss: 8.3059
Epoch 2/3 | L2 Loss: 7.7062
Epoch 3/3 | L2 Loss: 7.5839
Best architecture saved to: outputs/full_cross_experiment_fixed/data_parallel_tbatch/best_arch.json
Leaderboard saved to: outputs/full_cross_experiment_fixed/data_parallel_tbatch/leaderboard.csv
Search mode: rl
Best selection score: 0.7126
Best test score: 0.7126
Best model family: jodie_rnn
[36m(_DataParallelWorker pid=3538692)[0m /usr/local/anaconda3/lib/python3.11/site-packages/torch/storage.py:414: FutureWarning: You are using `torch.load` with `weights_only=False` (the current default value), which uses the default pickle module implicitly. It is possible to construct malicious pickle data which will execute arbitrary code during unpickling (See https://github.com/pytorch/pytorch/blob/main/SECURITY.md#untrusted-models for more details). In a future release, the default value for `weights_only` will be flipped to `True`. This limits the functions that could be executed during unpickling. Arbitrary objects will no longer be allowed to be loaded via this mode unless they are explicitly allowlisted by the user via `torch.serialization.add_safe_globals`. We recommend you start setting `weights_only=True` for any use case where you don't have full control of the loaded file. Please open an issue on GitHub for any issues related to this experimental feature.[32m [repeated 5x across cluster] (Ray deduplicates logs by default. Set RAY_DEDUP_LOGS=0 to disable log deduplication, or see https://docs.ray.io/en/master/ray-observability/user-guides/configure-logging.html#log-deduplication for more options.)[0m
[36m(_DataParallelWorker pid=3538692)[0m   return torch.load(io.BytesIO(b))[32m [repeated 5x across cluster][0m
