==========================================
Retraining Bug Fix Verification Architectures
==========================================

==========================================
Retraining: serial
==========================================
训练配置: {
  "model": "jodie_rnn",
  "embedding_dim": 128,
  "memory_cell": "rnn",
  "time_proj": "off",
  "use_static_embeddings": "off",
  "event_agg": "none",
  "max_neighbors": 0,
  "batch_mode": "tbatch",
  "train_batch_size": 32,
  "dataset": "public_csv",
  "local_data_path": "data/public/mooc.csv",
  "max_events": 20000,
  "seed": 20042,
  "lr": 0.001,
  "neg_sample_size": 5,
  "k": 10,
  "device": "cuda"
}

加载数据...
数据集: 14000 train, 2000 val, 4000 test
最终训练: 16000 (train+val), 测试: 4000
用户数: 1435, 物品数: 21

构建模型...
模型参数: 134912

开始训练 (3 epochs)...
Epoch 1/3 | Loss: 0.5993
Epoch 2/3 | Loss: 0.5929
Epoch 3/3 | Loss: 0.5903
训练完成，耗时: 143.44s

评估...

结果:
  Test MRR: 0.3964
  Test Recall@10: 0.8502
  训练时间: 143.44s

结果已保存到: outputs/bug_fix_verification/seed_42/serial/retrain/result.json
  Used seed: 20042 (from NAS Final Test)
✓ serial retrain completed

==========================================
Retraining: data_parallel
==========================================
训练配置: {
  "model": "jodie_rnn",
  "embedding_dim": 128,
  "memory_cell": "rnn",
  "time_proj": "linear",
  "use_static_embeddings": "off",
  "event_agg": "none",
  "max_neighbors": 0,
  "batch_mode": "tbatch",
  "train_batch_size": 32,
  "dataset": "public_csv",
  "local_data_path": "data/public/mooc.csv",
  "max_events": 20000,
  "seed": 20042,
  "lr": 0.001,
  "neg_sample_size": 5,
  "k": 10,
  "device": "cuda"
}

加载数据...
数据集: 14000 train, 2000 val, 4000 test
最终训练: 16000 (train+val), 测试: 4000
用户数: 1435, 物品数: 21

构建模型...
模型参数: 134912

开始训练 (3 epochs)...
Epoch 1/3 | Loss: 0.4981
Epoch 2/3 | Loss: 0.4819
Epoch 3/3 | Loss: 0.4764
训练完成，耗时: 164.52s

评估...

结果:
  Test MRR: 0.7491
  Test Recall@10: 0.9585
  训练时间: 164.52s

结果已保存到: outputs/bug_fix_verification/seed_42/data_parallel/retrain/result.json
  Used seed: 20042 (from NAS Final Test)
✓ data_parallel retrain completed

==========================================
Retraining: pipeline_naive
==========================================
训练配置: {
  "model": "jodie_rnn",
  "embedding_dim": 64,
  "memory_cell": "rnn",
  "time_proj": "linear",
  "use_static_embeddings": "off",
  "event_agg": "none",
  "max_neighbors": 0,
  "batch_mode": "tbatch",
  "train_batch_size": 32,
  "dataset": "public_csv",
  "local_data_path": "data/public/mooc.csv",
  "max_events": 20000,
  "seed": 48,
  "lr": 0.001,
  "neg_sample_size": 5,
  "k": 10,
  "device": "cuda"
}

加载数据...
数据集: 14000 train, 2000 val, 4000 test
最终训练: 16000 (train+val), 测试: 4000
用户数: 1435, 物品数: 21

构建模型...
模型参数: 34688

开始训练 (3 epochs)...
Epoch 1/3 | Loss: 0.5174
Epoch 2/3 | Loss: 0.4988
Epoch 3/3 | Loss: 0.4953
训练完成，耗时: 73.98s

评估...

结果:
  Test MRR: 0.7195
  Test Recall@10: 0.9257
  训练时间: 73.98s

结果已保存到: outputs/bug_fix_verification/seed_42/pipeline_naive/retrain/result.json
  Used seed: 48 (from NAS Final Test)
✓ pipeline_naive retrain completed

==========================================
Retraining: pipeline_smart
==========================================
训练配置: {
  "model": "jodie_rnn",
  "embedding_dim": 64,
  "memory_cell": "rnn",
  "time_proj": "linear",
  "use_static_embeddings": "off",
  "event_agg": "none",
  "max_neighbors": 0,
  "batch_mode": "tbatch",
  "train_batch_size": 32,
  "dataset": "public_csv",
  "local_data_path": "data/public/mooc.csv",
  "max_events": 20000,
  "seed": 42,
  "lr": 0.001,
  "neg_sample_size": 5,
  "k": 10,
  "device": "cuda"
}

加载数据...
数据集: 14000 train, 2000 val, 4000 test
最终训练: 16000 (train+val), 测试: 4000
用户数: 1435, 物品数: 21

构建模型...
模型参数: 34688

开始训练 (3 epochs)...
Epoch 1/3 | Loss: 0.5151
Epoch 2/3 | Loss: 0.4939
Epoch 3/3 | Loss: 0.4910
训练完成，耗时: 73.78s

评估...

结果:
  Test MRR: 0.7092
  Test Recall@10: 0.9217
  训练时间: 73.78s

结果已保存到: outputs/bug_fix_verification/seed_42/pipeline_smart/retrain/result.json
  Used seed: 42 (from NAS Final Test)
✓ pipeline_smart retrain completed

==========================================
Retrain Results Summary
==========================================

