
======================================================================
  JODIE GraphNAS 全策略对比
  2026-09-09 01:08:57
======================================================================

  [预检] 正在验证运行环境...
  [预检] ✓ 数据文件: data/public/mooc.csv (39.1 MB)
  [预检] ✓ CUDA 可用: True, 可见GPU数: 3
  [预检] ✓ Ray 已安装 (version=2.40.0)
  [预检] ✓ Pipeline Naive: 3 stages × [1, 1, 1] workers (固定)
  [预检] ✓ Pipeline Smart: 手动配置

  当前配置:
    搜索空间: rnn_only  搜索模式: rl
    数据集: public_csv  选择指标: mrr
    粗搜索: 12 trials × 2 epochs
    重排序: top 0 × 5 epochs
    GPU: 0,1,2  流水线Naive: 3stages×1,1,1workers
    流水线Smart: 手动  DP workers: 3
    时间预算: 无限制(全量运行)  启用策略: ['data_parallel']

  结果目录: results/20260909_010858

  配置快照已保存: results/20260909_010858/config.json


======================================================================
  策略 2/4: Data Parallel (数据并行搜索)
  2026-09-09 01:08:58
======================================================================


======================================================================
[GraphNAS] Starting data-parallel search
[GraphNAS] Coarse trials: 12, epochs: 2, workers: 3
======================================================================

[Timing] Timing log: results/20260909_010858/data_parallel/timing_log.csv
2026-09-09 01:09:35,889	INFO worker.py:1812 -- Started a local Ray instance. View the dashboard at [1m[32mhttp://127.0.0.1:8265 [39m[22m
[36m(_DataParallelWorker pid=1298380)[0m /usr/local/anaconda3/lib/python3.11/site-packages/torch/storage.py:414: FutureWarning: You are using `torch.load` with `weights_only=False` (the current default value), which uses the default pickle module implicitly. It is possible to construct malicious pickle data which will execute arbitrary code during unpickling (See https://github.com/pytorch/pytorch/blob/main/SECURITY.md#untrusted-models for more details). In a future release, the default value for `weights_only` will be flipped to `True`. This limits the functions that could be executed during unpickling. Arbitrary objects will no longer be allowed to be loaded via this mode unless they are explicitly allowlisted by the user via `torch.serialization.add_safe_globals`. We recommend you start setting `weights_only=True` for any use case where you don't have full control of the loaded file. Please open an issue on GitHub for any issues related to this experimental feature.
[36m(_DataParallelWorker pid=1298380)[0m   return torch.load(io.BytesIO(b))
/usr/local/anaconda3/lib/python3.11/site-packages/torch/storage.py:414: FutureWarning: You are using `torch.load` with `weights_only=False` (the current default value), which uses the default pickle module implicitly. It is possible to construct malicious pickle data which will execute arbitrary code during unpickling (See https://github.com/pytorch/pytorch/blob/main/SECURITY.md#untrusted-models for more details). In a future release, the default value for `weights_only` will be flipped to `True`. This limits the functions that could be executed during unpickling. Arbitrary objects will no longer be allowed to be loaded via this mode unless they are explicitly allowlisted by the user via `torch.serialization.add_safe_globals`. We recommend you start setting `weights_only=True` for any use case where you don't have full control of the loaded file. Please open an issue on GitHub for any issues related to this experimental feature.
  return torch.load(io.BytesIO(b))
[DataParallel] trial=0 epoch=1/2 partition=0 interactions=2000
[36m(_DataParallelWorker pid=1298380)[0m /usr/local/anaconda3/lib/python3.11/site-packages/torch/storage.py:414: FutureWarning: You are using `torch.load` with `weights_only=False` (the current default value), which uses the default pickle module implicitly. It is possible to construct malicious pickle data which will execute arbitrary code during unpickling (See https://github.com/pytorch/pytorch/blob/main/SECURITY.md#untrusted-models for more details). In a future release, the default value for `weights_only` will be flipped to `True`. This limits the functions that could be executed during unpickling. Arbitrary objects will no longer be allowed to be loaded via this mode unless they are explicitly allowlisted by the user via `torch.serialization.add_safe_globals`. We recommend you start setting `weights_only=True` for any use case where you don't have full control of the loaded file. Please open an issue on GitHub for any issues related to this experimental feature.[32m [repeated 3x across cluster] (Ray deduplicates logs by default. Set RAY_DEDUP_LOGS=0 to disable log deduplication, or see https://docs.ray.io/en/master/ray-observability/user-guides/configure-logging.html#log-deduplication for more options.)[0m
[36m(_DataParallelWorker pid=1298380)[0m   return torch.load(io.BytesIO(b))[32m [repeated 3x across cluster][0m
[DataParallel] trial=0 epoch=1/2 partition=1 interactions=2000
[DataParallel] trial=0 epoch=1/2 partition=2 interactions=2000
[DataParallel] trial=0 epoch=1/2 partition=3 interactions=2000
[DataParallel] trial=0 epoch=1/2 partition=4 interactions=2000
[DataParallel] trial=0 epoch=1/2 partition=5 interactions=2000
[DataParallel] trial=0 epoch=1/2 partition=6 interactions=2000
[DataParallel] trial=0 epoch=1/2 partition=7 interactions=2000
[DataParallel] trial=0 epoch=1/2 partition=8 interactions=2000
[DataParallel] trial=0 epoch=1/2 partition=9 interactions=2000
[DataParallel] trial=0 epoch=1/2 partition=10 interactions=2000
[DataParallel] trial=0 epoch=1/2 partition=11 interactions=2000
[DataParallel] trial=0 epoch=1/2 partition=12 interactions=2000
[DataParallel] trial=0 epoch=1/2 partition=13 interactions=2000
[DataParallel] trial=0 epoch=1/2 partition=14 interactions=2000
[DataParallel] trial=0 epoch=1/2 partition=15 interactions=2000
[DataParallel] trial=0 epoch=1/2 partition=16 interactions=2000
[DataParallel] trial=0 epoch=1/2 partition=17 interactions=2000
[DataParallel] trial=0 epoch=1/2 partition=18 interactions=2000
[DataParallel] trial=0 epoch=1/2 partition=19 interactions=2000
[DataParallel] trial=0 epoch=1/2 partition=20 interactions=2000
[DataParallel] trial=0 epoch=1/2 partition=21 interactions=2000
[DataParallel] trial=0 epoch=1/2 partition=22 interactions=2000
[DataParallel] trial=0 epoch=1/2 partition=23 interactions=2000
[DataParallel] trial=0 epoch=1/2 partition=24 interactions=2000
[DataParallel] trial=0 epoch=1/2 partition=25 interactions=2000
[DataParallel] trial=0 epoch=1/2 partition=26 interactions=2000
[DataParallel] trial=0 epoch=1/2 partition=27 interactions=2000
[DataParallel] trial=0 epoch=1/2 partition=28 interactions=2000
[DataParallel] trial=0 epoch=1/2 partition=29 interactions=2000
[DataParallel] trial=0 epoch=1/2 partition=30 interactions=2000
[DataParallel] trial=0 epoch=1/2 partition=31 interactions=2000
[DataParallel] trial=0 epoch=1/2 partition=32 interactions=2000
[DataParallel] trial=0 epoch=1/2 partition=33 interactions=2000
[DataParallel] trial=0 epoch=1/2 partition=34 interactions=2000
[DataParallel] trial=0 epoch=2/2 partition=0 interactions=2000
[DataParallel] trial=0 epoch=2/2 partition=1 interactions=2000
[DataParallel] trial=0 epoch=2/2 partition=2 interactions=2000
[DataParallel] trial=0 epoch=2/2 partition=3 interactions=2000
[DataParallel] trial=0 epoch=2/2 partition=4 interactions=2000
[DataParallel] trial=0 epoch=2/2 partition=5 interactions=2000
[DataParallel] trial=0 epoch=2/2 partition=6 interactions=2000
[DataParallel] trial=0 epoch=2/2 partition=7 interactions=2000
[DataParallel] trial=0 epoch=2/2 partition=8 interactions=2000
[DataParallel] trial=0 epoch=2/2 partition=9 interactions=2000
[DataParallel] trial=0 epoch=2/2 partition=10 interactions=2000
[DataParallel] trial=0 epoch=2/2 partition=11 interactions=2000
[DataParallel] trial=0 epoch=2/2 partition=12 interactions=2000
[DataParallel] trial=0 epoch=2/2 partition=13 interactions=2000
[DataParallel] trial=0 epoch=2/2 partition=14 interactions=2000
[DataParallel] trial=0 epoch=2/2 partition=15 interactions=2000
[DataParallel] trial=0 epoch=2/2 partition=16 interactions=2000
[DataParallel] trial=0 epoch=2/2 partition=17 interactions=2000
[DataParallel] trial=0 epoch=2/2 partition=18 interactions=2000
[DataParallel] trial=0 epoch=2/2 partition=19 interactions=2000
[DataParallel] trial=0 epoch=2/2 partition=20 interactions=2000
[DataParallel] trial=0 epoch=2/2 partition=21 interactions=2000
[DataParallel] trial=0 epoch=2/2 partition=22 interactions=2000
[DataParallel] trial=0 epoch=2/2 partition=23 interactions=2000
[DataParallel] trial=0 epoch=2/2 partition=24 interactions=2000
[DataParallel] trial=0 epoch=2/2 partition=25 interactions=2000
[DataParallel] trial=0 epoch=2/2 partition=26 interactions=2000
[DataParallel] trial=0 epoch=2/2 partition=27 interactions=2000
[DataParallel] trial=0 epoch=2/2 partition=28 interactions=2000
[DataParallel] trial=0 epoch=2/2 partition=29 interactions=2000
[DataParallel] trial=0 epoch=2/2 partition=30 interactions=2000
[DataParallel] trial=0 epoch=2/2 partition=31 interactions=2000
[DataParallel] trial=0 epoch=2/2 partition=32 interactions=2000
[DataParallel] trial=0 epoch=2/2 partition=33 interactions=2000
[DataParallel] trial=0 epoch=2/2 partition=34 interactions=2000
[DataParallel 1/12] model=jodie_rnn agg=none memory=rnn val_score=0.0567
[DataParallel] trial=0 epoch=1/2 partition=0 interactions=2000
[DataParallel] trial=0 epoch=1/2 partition=1 interactions=2000
[DataParallel] trial=0 epoch=1/2 partition=2 interactions=2000
[DataParallel] trial=0 epoch=1/2 partition=3 interactions=2000
[DataParallel] trial=0 epoch=1/2 partition=4 interactions=2000
[DataParallel] trial=0 epoch=1/2 partition=5 interactions=2000
[DataParallel] trial=0 epoch=1/2 partition=6 interactions=2000
[DataParallel] trial=0 epoch=1/2 partition=7 interactions=2000
[DataParallel] trial=0 epoch=1/2 partition=8 interactions=2000
[DataParallel] trial=0 epoch=1/2 partition=9 interactions=2000
[DataParallel] trial=0 epoch=1/2 partition=10 interactions=2000
[DataParallel] trial=0 epoch=1/2 partition=11 interactions=2000
[DataParallel] trial=0 epoch=1/2 partition=12 interactions=2000
[DataParallel] trial=0 epoch=1/2 partition=13 interactions=2000
[DataParallel] trial=0 epoch=1/2 partition=14 interactions=2000
[DataParallel] trial=0 epoch=1/2 partition=15 interactions=2000
[DataParallel] trial=0 epoch=1/2 partition=16 interactions=2000
[DataParallel] trial=0 epoch=1/2 partition=17 interactions=2000
[DataParallel] trial=0 epoch=1/2 partition=18 interactions=2000
[DataParallel] trial=0 epoch=1/2 partition=19 interactions=2000
[DataParallel] trial=0 epoch=1/2 partition=20 interactions=2000
[DataParallel] trial=0 epoch=1/2 partition=21 interactions=2000
[DataParallel] trial=0 epoch=1/2 partition=22 interactions=2000
[DataParallel] trial=0 epoch=1/2 partition=23 interactions=2000
[DataParallel] trial=0 epoch=1/2 partition=24 interactions=2000
[DataParallel] trial=0 epoch=1/2 partition=25 interactions=2000
[DataParallel] trial=0 epoch=1/2 partition=26 interactions=2000
[DataParallel] trial=0 epoch=1/2 partition=27 interactions=2000
[DataParallel] trial=0 epoch=1/2 partition=28 interactions=2000
[DataParallel] trial=0 epoch=1/2 partition=29 interactions=2000
[DataParallel] trial=0 epoch=1/2 partition=30 interactions=2000
[DataParallel] trial=0 epoch=1/2 partition=31 interactions=2000
[DataParallel] trial=0 epoch=1/2 partition=32 interactions=2000
[DataParallel] trial=0 epoch=1/2 partition=33 interactions=2000
[DataParallel] trial=0 epoch=1/2 partition=34 interactions=2000
[DataParallel] trial=0 epoch=2/2 partition=0 interactions=2000
[DataParallel] trial=0 epoch=2/2 partition=1 interactions=2000
[DataParallel] trial=0 epoch=2/2 partition=2 interactions=2000
[DataParallel] trial=0 epoch=2/2 partition=3 interactions=2000
[DataParallel] trial=0 epoch=2/2 partition=4 interactions=2000
[DataParallel] trial=0 epoch=2/2 partition=5 interactions=2000
[DataParallel] trial=0 epoch=2/2 partition=6 interactions=2000
[DataParallel] trial=0 epoch=2/2 partition=7 interactions=2000
[DataParallel] trial=0 epoch=2/2 partition=8 interactions=2000
[DataParallel] trial=0 epoch=2/2 partition=9 interactions=2000
[DataParallel] trial=0 epoch=2/2 partition=10 interactions=2000
[DataParallel] trial=0 epoch=2/2 partition=11 interactions=2000
[DataParallel] trial=0 epoch=2/2 partition=12 interactions=2000
[DataParallel] trial=0 epoch=2/2 partition=13 interactions=2000
[DataParallel] trial=0 epoch=2/2 partition=14 interactions=2000
[DataParallel] trial=0 epoch=2/2 partition=15 interactions=2000
[DataParallel] trial=0 epoch=2/2 partition=16 interactions=2000
[DataParallel] trial=0 epoch=2/2 partition=17 interactions=2000
[DataParallel] trial=0 epoch=2/2 partition=18 interactions=2000
[DataParallel] trial=0 epoch=2/2 partition=19 interactions=2000
[DataParallel] trial=0 epoch=2/2 partition=20 interactions=2000
[DataParallel] trial=0 epoch=2/2 partition=21 interactions=2000
[DataParallel] trial=0 epoch=2/2 partition=22 interactions=2000
[DataParallel] trial=0 epoch=2/2 partition=23 interactions=2000
[DataParallel] trial=0 epoch=2/2 partition=24 interactions=2000
[DataParallel] trial=0 epoch=2/2 partition=25 interactions=2000
[DataParallel] trial=0 epoch=2/2 partition=26 interactions=2000
[DataParallel] trial=0 epoch=2/2 partition=27 interactions=2000
[DataParallel] trial=0 epoch=2/2 partition=28 interactions=2000
[DataParallel] trial=0 epoch=2/2 partition=29 interactions=2000
[DataParallel] trial=0 epoch=2/2 partition=30 interactions=2000
[DataParallel] trial=0 epoch=2/2 partition=31 interactions=2000
[DataParallel] trial=0 epoch=2/2 partition=32 interactions=2000
[DataParallel] trial=0 epoch=2/2 partition=33 interactions=2000
[DataParallel] trial=0 epoch=2/2 partition=34 interactions=2000
[DataParallel 2/12] model=jodie_rnn agg=none memory=lstm val_score=0.2895
[DataParallel] trial=0 epoch=1/2 partition=0 interactions=2000
[DataParallel] trial=0 epoch=1/2 partition=1 interactions=2000
[DataParallel] trial=0 epoch=1/2 partition=2 interactions=2000
[DataParallel] trial=0 epoch=1/2 partition=3 interactions=2000
[DataParallel] trial=0 epoch=1/2 partition=4 interactions=2000
[DataParallel] trial=0 epoch=1/2 partition=5 interactions=2000
[DataParallel] trial=0 epoch=1/2 partition=6 interactions=2000
[DataParallel] trial=0 epoch=1/2 partition=7 interactions=2000
[DataParallel] trial=0 epoch=1/2 partition=8 interactions=2000
[DataParallel] trial=0 epoch=1/2 partition=9 interactions=2000
[DataParallel] trial=0 epoch=1/2 partition=10 interactions=2000
[DataParallel] trial=0 epoch=1/2 partition=11 interactions=2000
[DataParallel] trial=0 epoch=1/2 partition=12 interactions=2000
[DataParallel] trial=0 epoch=1/2 partition=13 interactions=2000
[DataParallel] trial=0 epoch=1/2 partition=14 interactions=2000
[DataParallel] trial=0 epoch=1/2 partition=15 interactions=2000
[DataParallel] trial=0 epoch=1/2 partition=16 interactions=2000
[DataParallel] trial=0 epoch=1/2 partition=17 interactions=2000
[DataParallel] trial=0 epoch=1/2 partition=18 interactions=2000
[DataParallel] trial=0 epoch=1/2 partition=19 interactions=2000
[DataParallel] trial=0 epoch=1/2 partition=20 interactions=2000
[DataParallel] trial=0 epoch=1/2 partition=21 interactions=2000
[DataParallel] trial=0 epoch=1/2 partition=22 interactions=2000
[DataParallel] trial=0 epoch=1/2 partition=23 interactions=2000
[DataParallel] trial=0 epoch=1/2 partition=24 interactions=2000
[DataParallel] trial=0 epoch=1/2 partition=25 interactions=2000
[DataParallel] trial=0 epoch=1/2 partition=26 interactions=2000
[DataParallel] trial=0 epoch=1/2 partition=27 interactions=2000
[DataParallel] trial=0 epoch=1/2 partition=28 interactions=2000
[DataParallel] trial=0 epoch=1/2 partition=29 interactions=2000
[DataParallel] trial=0 epoch=1/2 partition=30 interactions=2000
[DataParallel] trial=0 epoch=1/2 partition=31 interactions=2000
[DataParallel] trial=0 epoch=1/2 partition=32 interactions=2000
[DataParallel] trial=0 epoch=1/2 partition=33 interactions=2000
[DataParallel] trial=0 epoch=1/2 partition=34 interactions=2000
[DataParallel] trial=0 epoch=2/2 partition=0 interactions=2000
[DataParallel] trial=0 epoch=2/2 partition=1 interactions=2000
[DataParallel] trial=0 epoch=2/2 partition=2 interactions=2000
[DataParallel] trial=0 epoch=2/2 partition=3 interactions=2000
[DataParallel] trial=0 epoch=2/2 partition=4 interactions=2000
[DataParallel] trial=0 epoch=2/2 partition=5 interactions=2000
[DataParallel] trial=0 epoch=2/2 partition=6 interactions=2000
[DataParallel] trial=0 epoch=2/2 partition=7 interactions=2000
[DataParallel] trial=0 epoch=2/2 partition=8 interactions=2000
[DataParallel] trial=0 epoch=2/2 partition=9 interactions=2000
[DataParallel] trial=0 epoch=2/2 partition=10 interactions=2000
[DataParallel] trial=0 epoch=2/2 partition=11 interactions=2000
[DataParallel] trial=0 epoch=2/2 partition=12 interactions=2000
[DataParallel] trial=0 epoch=2/2 partition=13 interactions=2000
[DataParallel] trial=0 epoch=2/2 partition=14 interactions=2000
[DataParallel] trial=0 epoch=2/2 partition=15 interactions=2000
[DataParallel] trial=0 epoch=2/2 partition=16 interactions=2000
[DataParallel] trial=0 epoch=2/2 partition=17 interactions=2000
[DataParallel] trial=0 epoch=2/2 partition=18 interactions=2000
[DataParallel] trial=0 epoch=2/2 partition=19 interactions=2000
[DataParallel] trial=0 epoch=2/2 partition=20 interactions=2000
[DataParallel] trial=0 epoch=2/2 partition=21 interactions=2000
[DataParallel] trial=0 epoch=2/2 partition=22 interactions=2000
[DataParallel] trial=0 epoch=2/2 partition=23 interactions=2000
[DataParallel] trial=0 epoch=2/2 partition=24 interactions=2000
[DataParallel] trial=0 epoch=2/2 partition=25 interactions=2000
[DataParallel] trial=0 epoch=2/2 partition=26 interactions=2000
[DataParallel] trial=0 epoch=2/2 partition=27 interactions=2000
[DataParallel] trial=0 epoch=2/2 partition=28 interactions=2000
[DataParallel] trial=0 epoch=2/2 partition=29 interactions=2000
[DataParallel] trial=0 epoch=2/2 partition=30 interactions=2000
[DataParallel] trial=0 epoch=2/2 partition=31 interactions=2000
[DataParallel] trial=0 epoch=2/2 partition=32 interactions=2000
[DataParallel] trial=0 epoch=2/2 partition=33 interactions=2000
[DataParallel] trial=0 epoch=2/2 partition=34 interactions=2000
[DataParallel 3/12] model=jodie_rnn agg=none memory=rnn val_score=0.0672
[DataParallel] trial=0 epoch=1/2 partition=0 interactions=2000
[DataParallel] trial=0 epoch=1/2 partition=1 interactions=2000
[DataParallel] trial=0 epoch=1/2 partition=2 interactions=2000
[DataParallel] trial=0 epoch=1/2 partition=3 interactions=2000
[DataParallel] trial=0 epoch=1/2 partition=4 interactions=2000
[DataParallel] trial=0 epoch=1/2 partition=5 interactions=2000
[DataParallel] trial=0 epoch=1/2 partition=6 interactions=2000
[DataParallel] trial=0 epoch=1/2 partition=7 interactions=2000
[DataParallel] trial=0 epoch=1/2 partition=8 interactions=2000
[DataParallel] trial=0 epoch=1/2 partition=9 interactions=2000
[DataParallel] trial=0 epoch=1/2 partition=10 interactions=2000
[DataParallel] trial=0 epoch=1/2 partition=11 interactions=2000
[DataParallel] trial=0 epoch=1/2 partition=12 interactions=2000
[DataParallel] trial=0 epoch=1/2 partition=13 interactions=2000
[DataParallel] trial=0 epoch=1/2 partition=14 interactions=2000
[DataParallel] trial=0 epoch=1/2 partition=15 interactions=2000
[DataParallel] trial=0 epoch=1/2 partition=16 interactions=2000
[DataParallel] trial=0 epoch=1/2 partition=17 interactions=2000
[DataParallel] trial=0 epoch=1/2 partition=18 interactions=2000
[DataParallel] trial=0 epoch=1/2 partition=19 interactions=2000
[DataParallel] trial=0 epoch=1/2 partition=20 interactions=2000
[DataParallel] trial=0 epoch=1/2 partition=21 interactions=2000
[DataParallel] trial=0 epoch=1/2 partition=22 interactions=2000
[DataParallel] trial=0 epoch=1/2 partition=23 interactions=2000
[DataParallel] trial=0 epoch=1/2 partition=24 interactions=2000
[DataParallel] trial=0 epoch=1/2 partition=25 interactions=2000
[DataParallel] trial=0 epoch=1/2 partition=26 interactions=2000
[DataParallel] trial=0 epoch=1/2 partition=27 interactions=2000
[DataParallel] trial=0 epoch=1/2 partition=28 interactions=2000
[DataParallel] trial=0 epoch=1/2 partition=29 interactions=2000
[DataParallel] trial=0 epoch=1/2 partition=30 interactions=2000
[DataParallel] trial=0 epoch=1/2 partition=31 interactions=2000
[DataParallel] trial=0 epoch=1/2 partition=32 interactions=2000
[DataParallel] trial=0 epoch=1/2 partition=33 interactions=2000
[DataParallel] trial=0 epoch=1/2 partition=34 interactions=2000
[DataParallel] trial=0 epoch=2/2 partition=0 interactions=2000
[DataParallel] trial=0 epoch=2/2 partition=1 interactions=2000
[DataParallel] trial=0 epoch=2/2 partition=2 interactions=2000
[DataParallel] trial=0 epoch=2/2 partition=3 interactions=2000
[DataParallel] trial=0 epoch=2/2 partition=4 interactions=2000
[DataParallel] trial=0 epoch=2/2 partition=5 interactions=2000
[DataParallel] trial=0 epoch=2/2 partition=6 interactions=2000
[DataParallel] trial=0 epoch=2/2 partition=7 interactions=2000
[DataParallel] trial=0 epoch=2/2 partition=8 interactions=2000
[DataParallel] trial=0 epoch=2/2 partition=9 interactions=2000
[DataParallel] trial=0 epoch=2/2 partition=10 interactions=2000
[DataParallel] trial=0 epoch=2/2 partition=11 interactions=2000
[DataParallel] trial=0 epoch=2/2 partition=12 interactions=2000
[DataParallel] trial=0 epoch=2/2 partition=13 interactions=2000
[DataParallel] trial=0 epoch=2/2 partition=14 interactions=2000
[DataParallel] trial=0 epoch=2/2 partition=15 interactions=2000
[DataParallel] trial=0 epoch=2/2 partition=16 interactions=2000
[DataParallel] trial=0 epoch=2/2 partition=17 interactions=2000
[DataParallel] trial=0 epoch=2/2 partition=18 interactions=2000
[DataParallel] trial=0 epoch=2/2 partition=19 interactions=2000
[DataParallel] trial=0 epoch=2/2 partition=20 interactions=2000
[DataParallel] trial=0 epoch=2/2 partition=21 interactions=2000
[DataParallel] trial=0 epoch=2/2 partition=22 interactions=2000
[DataParallel] trial=0 epoch=2/2 partition=23 interactions=2000
[DataParallel] trial=0 epoch=2/2 partition=24 interactions=2000
[DataParallel] trial=0 epoch=2/2 partition=25 interactions=2000
[DataParallel] trial=0 epoch=2/2 partition=26 interactions=2000
[DataParallel] trial=0 epoch=2/2 partition=27 interactions=2000
[DataParallel] trial=0 epoch=2/2 partition=28 interactions=2000
[DataParallel] trial=0 epoch=2/2 partition=29 interactions=2000
[DataParallel] trial=0 epoch=2/2 partition=30 interactions=2000
[DataParallel] trial=0 epoch=2/2 partition=31 interactions=2000
[DataParallel] trial=0 epoch=2/2 partition=32 interactions=2000
[DataParallel] trial=0 epoch=2/2 partition=33 interactions=2000
[DataParallel] trial=0 epoch=2/2 partition=34 interactions=2000
[DataParallel 4/12] model=jodie_rnn agg=none memory=gru val_score=0.2059
[DataParallel] trial=0 epoch=1/2 partition=0 interactions=2000
[DataParallel] trial=0 epoch=1/2 partition=1 interactions=2000
[DataParallel] trial=0 epoch=1/2 partition=2 interactions=2000
[DataParallel] trial=0 epoch=1/2 partition=3 interactions=2000
[DataParallel] trial=0 epoch=1/2 partition=4 interactions=2000
[DataParallel] trial=0 epoch=1/2 partition=5 interactions=2000
[DataParallel] trial=0 epoch=1/2 partition=6 interactions=2000
[DataParallel] trial=0 epoch=1/2 partition=7 interactions=2000
[DataParallel] trial=0 epoch=1/2 partition=8 interactions=2000
[DataParallel] trial=0 epoch=1/2 partition=9 interactions=2000
[DataParallel] trial=0 epoch=1/2 partition=10 interactions=2000
[DataParallel] trial=0 epoch=1/2 partition=11 interactions=2000
[DataParallel] trial=0 epoch=1/2 partition=12 interactions=2000
[DataParallel] trial=0 epoch=1/2 partition=13 interactions=2000
[DataParallel] trial=0 epoch=1/2 partition=14 interactions=2000
[DataParallel] trial=0 epoch=1/2 partition=15 interactions=2000
[DataParallel] trial=0 epoch=1/2 partition=16 interactions=2000
[DataParallel] trial=0 epoch=1/2 partition=17 interactions=2000
[DataParallel] trial=0 epoch=1/2 partition=18 interactions=2000
[DataParallel] trial=0 epoch=1/2 partition=19 interactions=2000
[DataParallel] trial=0 epoch=1/2 partition=20 interactions=2000
[DataParallel] trial=0 epoch=1/2 partition=21 interactions=2000
[DataParallel] trial=0 epoch=1/2 partition=22 interactions=2000
[DataParallel] trial=0 epoch=1/2 partition=23 interactions=2000
[DataParallel] trial=0 epoch=1/2 partition=24 interactions=2000
[DataParallel] trial=0 epoch=1/2 partition=25 interactions=2000
[DataParallel] trial=0 epoch=1/2 partition=26 interactions=2000
[DataParallel] trial=0 epoch=1/2 partition=27 interactions=2000
[DataParallel] trial=0 epoch=1/2 partition=28 interactions=2000
[DataParallel] trial=0 epoch=1/2 partition=29 interactions=2000
[DataParallel] trial=0 epoch=1/2 partition=30 interactions=2000
[DataParallel] trial=0 epoch=1/2 partition=31 interactions=2000
[DataParallel] trial=0 epoch=1/2 partition=32 interactions=2000
[DataParallel] trial=0 epoch=1/2 partition=33 interactions=2000
[DataParallel] trial=0 epoch=1/2 partition=34 interactions=2000
[DataParallel] trial=0 epoch=2/2 partition=0 interactions=2000
[DataParallel] trial=0 epoch=2/2 partition=1 interactions=2000
[DataParallel] trial=0 epoch=2/2 partition=2 interactions=2000
[DataParallel] trial=0 epoch=2/2 partition=3 interactions=2000
[DataParallel] trial=0 epoch=2/2 partition=4 interactions=2000
[DataParallel] trial=0 epoch=2/2 partition=5 interactions=2000
[DataParallel] trial=0 epoch=2/2 partition=6 interactions=2000
[DataParallel] trial=0 epoch=2/2 partition=7 interactions=2000
[DataParallel] trial=0 epoch=2/2 partition=8 interactions=2000
[DataParallel] trial=0 epoch=2/2 partition=9 interactions=2000
[DataParallel] trial=0 epoch=2/2 partition=10 interactions=2000
[DataParallel] trial=0 epoch=2/2 partition=11 interactions=2000
[DataParallel] trial=0 epoch=2/2 partition=12 interactions=2000
[DataParallel] trial=0 epoch=2/2 partition=13 interactions=2000
[DataParallel] trial=0 epoch=2/2 partition=14 interactions=2000
[DataParallel] trial=0 epoch=2/2 partition=15 interactions=2000
[DataParallel] trial=0 epoch=2/2 partition=16 interactions=2000
[DataParallel] trial=0 epoch=2/2 partition=17 interactions=2000
[DataParallel] trial=0 epoch=2/2 partition=18 interactions=2000
[DataParallel] trial=0 epoch=2/2 partition=19 interactions=2000
[DataParallel] trial=0 epoch=2/2 partition=20 interactions=2000
[DataParallel] trial=0 epoch=2/2 partition=21 interactions=2000
[DataParallel] trial=0 epoch=2/2 partition=22 interactions=2000
[DataParallel] trial=0 epoch=2/2 partition=23 interactions=2000
[DataParallel] trial=0 epoch=2/2 partition=24 interactions=2000
[DataParallel] trial=0 epoch=2/2 partition=25 interactions=2000
[DataParallel] trial=0 epoch=2/2 partition=26 interactions=2000
[DataParallel] trial=0 epoch=2/2 partition=27 interactions=2000
[DataParallel] trial=0 epoch=2/2 partition=28 interactions=2000
[DataParallel] trial=0 epoch=2/2 partition=29 interactions=2000
[DataParallel] trial=0 epoch=2/2 partition=30 interactions=2000
[DataParallel] trial=0 epoch=2/2 partition=31 interactions=2000
[DataParallel] trial=0 epoch=2/2 partition=32 interactions=2000
[DataParallel] trial=0 epoch=2/2 partition=33 interactions=2000
[DataParallel] trial=0 epoch=2/2 partition=34 interactions=2000
[DataParallel 5/12] model=jodie_rnn agg=none memory=gru val_score=0.0938
[DataParallel] trial=0 epoch=1/2 partition=0 interactions=2000
[DataParallel] trial=0 epoch=1/2 partition=1 interactions=2000
[DataParallel] trial=0 epoch=1/2 partition=2 interactions=2000
[DataParallel] trial=0 epoch=1/2 partition=3 interactions=2000
[DataParallel] trial=0 epoch=1/2 partition=4 interactions=2000
[DataParallel] trial=0 epoch=1/2 partition=5 interactions=2000
[DataParallel] trial=0 epoch=1/2 partition=6 interactions=2000
[DataParallel] trial=0 epoch=1/2 partition=7 interactions=2000
[DataParallel] trial=0 epoch=1/2 partition=8 interactions=2000
[DataParallel] trial=0 epoch=1/2 partition=9 interactions=2000
[DataParallel] trial=0 epoch=1/2 partition=10 interactions=2000
[DataParallel] trial=0 epoch=1/2 partition=11 interactions=2000
[DataParallel] trial=0 epoch=1/2 partition=12 interactions=2000
[DataParallel] trial=0 epoch=1/2 partition=13 interactions=2000
[DataParallel] trial=0 epoch=1/2 partition=14 interactions=2000
[DataParallel] trial=0 epoch=1/2 partition=15 interactions=2000
[DataParallel] trial=0 epoch=1/2 partition=16 interactions=2000
[DataParallel] trial=0 epoch=1/2 partition=17 interactions=2000
[DataParallel] trial=0 epoch=1/2 partition=18 interactions=2000
[DataParallel] trial=0 epoch=1/2 partition=19 interactions=2000
[DataParallel] trial=0 epoch=1/2 partition=20 interactions=2000
[DataParallel] trial=0 epoch=1/2 partition=21 interactions=2000
[DataParallel] trial=0 epoch=1/2 partition=22 interactions=2000
[DataParallel] trial=0 epoch=1/2 partition=23 interactions=2000
[DataParallel] trial=0 epoch=1/2 partition=24 interactions=2000
[DataParallel] trial=0 epoch=1/2 partition=25 interactions=2000
[DataParallel] trial=0 epoch=1/2 partition=26 interactions=2000
[DataParallel] trial=0 epoch=1/2 partition=27 interactions=2000
[DataParallel] trial=0 epoch=1/2 partition=28 interactions=2000
[DataParallel] trial=0 epoch=1/2 partition=29 interactions=2000
[DataParallel] trial=0 epoch=1/2 partition=30 interactions=2000
[DataParallel] trial=0 epoch=1/2 partition=31 interactions=2000
[DataParallel] trial=0 epoch=1/2 partition=32 interactions=2000
[DataParallel] trial=0 epoch=1/2 partition=33 interactions=2000
[DataParallel] trial=0 epoch=1/2 partition=34 interactions=2000
[DataParallel] trial=0 epoch=2/2 partition=0 interactions=2000
[DataParallel] trial=0 epoch=2/2 partition=1 interactions=2000
[DataParallel] trial=0 epoch=2/2 partition=2 interactions=2000
[DataParallel] trial=0 epoch=2/2 partition=3 interactions=2000
[DataParallel] trial=0 epoch=2/2 partition=4 interactions=2000
[DataParallel] trial=0 epoch=2/2 partition=5 interactions=2000
[DataParallel] trial=0 epoch=2/2 partition=6 interactions=2000
[DataParallel] trial=0 epoch=2/2 partition=7 interactions=2000
[DataParallel] trial=0 epoch=2/2 partition=8 interactions=2000
[DataParallel] trial=0 epoch=2/2 partition=9 interactions=2000
[DataParallel] trial=0 epoch=2/2 partition=10 interactions=2000
[DataParallel] trial=0 epoch=2/2 partition=11 interactions=2000
[DataParallel] trial=0 epoch=2/2 partition=12 interactions=2000
[DataParallel] trial=0 epoch=2/2 partition=13 interactions=2000
[DataParallel] trial=0 epoch=2/2 partition=14 interactions=2000
[DataParallel] trial=0 epoch=2/2 partition=15 interactions=2000
[DataParallel] trial=0 epoch=2/2 partition=16 interactions=2000
[DataParallel] trial=0 epoch=2/2 partition=17 interactions=2000
[DataParallel] trial=0 epoch=2/2 partition=18 interactions=2000
[DataParallel] trial=0 epoch=2/2 partition=19 interactions=2000
[DataParallel] trial=0 epoch=2/2 partition=20 interactions=2000
[DataParallel] trial=0 epoch=2/2 partition=21 interactions=2000
[DataParallel] trial=0 epoch=2/2 partition=22 interactions=2000
[DataParallel] trial=0 epoch=2/2 partition=23 interactions=2000
[DataParallel] trial=0 epoch=2/2 partition=24 interactions=2000
[DataParallel] trial=0 epoch=2/2 partition=25 interactions=2000
[DataParallel] trial=0 epoch=2/2 partition=26 interactions=2000
[DataParallel] trial=0 epoch=2/2 partition=27 interactions=2000
[DataParallel] trial=0 epoch=2/2 partition=28 interactions=2000
[DataParallel] trial=0 epoch=2/2 partition=29 interactions=2000
[DataParallel] trial=0 epoch=2/2 partition=30 interactions=2000
[DataParallel] trial=0 epoch=2/2 partition=31 interactions=2000
[DataParallel] trial=0 epoch=2/2 partition=32 interactions=2000
[DataParallel] trial=0 epoch=2/2 partition=33 interactions=2000
[DataParallel] trial=0 epoch=2/2 partition=34 interactions=2000
[DataParallel 6/12] model=jodie_rnn agg=none memory=lstm val_score=0.0751
[DataParallel] trial=0 epoch=1/2 partition=0 interactions=2000
[DataParallel] trial=0 epoch=1/2 partition=1 interactions=2000
[DataParallel] trial=0 epoch=1/2 partition=2 interactions=2000
[DataParallel] trial=0 epoch=1/2 partition=3 interactions=2000
[DataParallel] trial=0 epoch=1/2 partition=4 interactions=2000
[DataParallel] trial=0 epoch=1/2 partition=5 interactions=2000
[DataParallel] trial=0 epoch=1/2 partition=6 interactions=2000
[DataParallel] trial=0 epoch=1/2 partition=7 interactions=2000
[DataParallel] trial=0 epoch=1/2 partition=8 interactions=2000
[DataParallel] trial=0 epoch=1/2 partition=9 interactions=2000
[DataParallel] trial=0 epoch=1/2 partition=10 interactions=2000
[DataParallel] trial=0 epoch=1/2 partition=11 interactions=2000
[DataParallel] trial=0 epoch=1/2 partition=12 interactions=2000
[DataParallel] trial=0 epoch=1/2 partition=13 interactions=2000
[DataParallel] trial=0 epoch=1/2 partition=14 interactions=2000
[DataParallel] trial=0 epoch=1/2 partition=15 interactions=2000
[DataParallel] trial=0 epoch=1/2 partition=16 interactions=2000
[DataParallel] trial=0 epoch=1/2 partition=17 interactions=2000
[DataParallel] trial=0 epoch=1/2 partition=18 interactions=2000
[DataParallel] trial=0 epoch=1/2 partition=19 interactions=2000
[DataParallel] trial=0 epoch=1/2 partition=20 interactions=2000
[DataParallel] trial=0 epoch=1/2 partition=21 interactions=2000
[DataParallel] trial=0 epoch=1/2 partition=22 interactions=2000
[DataParallel] trial=0 epoch=1/2 partition=23 interactions=2000
[DataParallel] trial=0 epoch=1/2 partition=24 interactions=2000
[DataParallel] trial=0 epoch=1/2 partition=25 interactions=2000
[DataParallel] trial=0 epoch=1/2 partition=26 interactions=2000
[DataParallel] trial=0 epoch=1/2 partition=27 interactions=2000
[DataParallel] trial=0 epoch=1/2 partition=28 interactions=2000
[DataParallel] trial=0 epoch=1/2 partition=29 interactions=2000
[DataParallel] trial=0 epoch=1/2 partition=30 interactions=2000
[DataParallel] trial=0 epoch=1/2 partition=31 interactions=2000
[DataParallel] trial=0 epoch=1/2 partition=32 interactions=2000
[DataParallel] trial=0 epoch=1/2 partition=33 interactions=2000
[DataParallel] trial=0 epoch=1/2 partition=34 interactions=2000
[DataParallel] trial=0 epoch=2/2 partition=0 interactions=2000
[DataParallel] trial=0 epoch=2/2 partition=1 interactions=2000
[DataParallel] trial=0 epoch=2/2 partition=2 interactions=2000
[DataParallel] trial=0 epoch=2/2 partition=3 interactions=2000
[DataParallel] trial=0 epoch=2/2 partition=4 interactions=2000
[DataParallel] trial=0 epoch=2/2 partition=5 interactions=2000
[DataParallel] trial=0 epoch=2/2 partition=6 interactions=2000
[DataParallel] trial=0 epoch=2/2 partition=7 interactions=2000
[DataParallel] trial=0 epoch=2/2 partition=8 interactions=2000
[DataParallel] trial=0 epoch=2/2 partition=9 interactions=2000
[DataParallel] trial=0 epoch=2/2 partition=10 interactions=2000
[DataParallel] trial=0 epoch=2/2 partition=11 interactions=2000
[DataParallel] trial=0 epoch=2/2 partition=12 interactions=2000
[DataParallel] trial=0 epoch=2/2 partition=13 interactions=2000
[DataParallel] trial=0 epoch=2/2 partition=14 interactions=2000
[DataParallel] trial=0 epoch=2/2 partition=15 interactions=2000
[DataParallel] trial=0 epoch=2/2 partition=16 interactions=2000
[DataParallel] trial=0 epoch=2/2 partition=17 interactions=2000
[DataParallel] trial=0 epoch=2/2 partition=18 interactions=2000
[DataParallel] trial=0 epoch=2/2 partition=19 interactions=2000
[DataParallel] trial=0 epoch=2/2 partition=20 interactions=2000
[DataParallel] trial=0 epoch=2/2 partition=21 interactions=2000
[DataParallel] trial=0 epoch=2/2 partition=22 interactions=2000
[DataParallel] trial=0 epoch=2/2 partition=23 interactions=2000
[DataParallel] trial=0 epoch=2/2 partition=24 interactions=2000
[DataParallel] trial=0 epoch=2/2 partition=25 interactions=2000
[DataParallel] trial=0 epoch=2/2 partition=26 interactions=2000
[DataParallel] trial=0 epoch=2/2 partition=27 interactions=2000
[DataParallel] trial=0 epoch=2/2 partition=28 interactions=2000
[DataParallel] trial=0 epoch=2/2 partition=29 interactions=2000
[DataParallel] trial=0 epoch=2/2 partition=30 interactions=2000
[DataParallel] trial=0 epoch=2/2 partition=31 interactions=2000
[DataParallel] trial=0 epoch=2/2 partition=32 interactions=2000
[DataParallel] trial=0 epoch=2/2 partition=33 interactions=2000
[DataParallel] trial=0 epoch=2/2 partition=34 interactions=2000
[DataParallel 7/12] model=jodie_rnn agg=none memory=rnn val_score=0.0570
[DataParallel] trial=0 epoch=1/2 partition=0 interactions=2000
[DataParallel] trial=0 epoch=1/2 partition=1 interactions=2000
[DataParallel] trial=0 epoch=1/2 partition=2 interactions=2000
[DataParallel] trial=0 epoch=1/2 partition=3 interactions=2000
[DataParallel] trial=0 epoch=1/2 partition=4 interactions=2000
[DataParallel] trial=0 epoch=1/2 partition=5 interactions=2000
[DataParallel] trial=0 epoch=1/2 partition=6 interactions=2000
[DataParallel] trial=0 epoch=1/2 partition=7 interactions=2000
[DataParallel] trial=0 epoch=1/2 partition=8 interactions=2000
[DataParallel] trial=0 epoch=1/2 partition=9 interactions=2000
[DataParallel] trial=0 epoch=1/2 partition=10 interactions=2000
[DataParallel] trial=0 epoch=1/2 partition=11 interactions=2000
[DataParallel] trial=0 epoch=1/2 partition=12 interactions=2000
[DataParallel] trial=0 epoch=1/2 partition=13 interactions=2000
[DataParallel] trial=0 epoch=1/2 partition=14 interactions=2000
[DataParallel] trial=0 epoch=1/2 partition=15 interactions=2000
[DataParallel] trial=0 epoch=1/2 partition=16 interactions=2000
[DataParallel] trial=0 epoch=1/2 partition=17 interactions=2000
[DataParallel] trial=0 epoch=1/2 partition=18 interactions=2000
[DataParallel] trial=0 epoch=1/2 partition=19 interactions=2000
[DataParallel] trial=0 epoch=1/2 partition=20 interactions=2000
[DataParallel] trial=0 epoch=1/2 partition=21 interactions=2000
[DataParallel] trial=0 epoch=1/2 partition=22 interactions=2000
[DataParallel] trial=0 epoch=1/2 partition=23 interactions=2000
[DataParallel] trial=0 epoch=1/2 partition=24 interactions=2000
[DataParallel] trial=0 epoch=1/2 partition=25 interactions=2000
[DataParallel] trial=0 epoch=1/2 partition=26 interactions=2000
[DataParallel] trial=0 epoch=1/2 partition=27 interactions=2000
[DataParallel] trial=0 epoch=1/2 partition=28 interactions=2000
[DataParallel] trial=0 epoch=1/2 partition=29 interactions=2000
[DataParallel] trial=0 epoch=1/2 partition=30 interactions=2000
[DataParallel] trial=0 epoch=1/2 partition=31 interactions=2000
[DataParallel] trial=0 epoch=1/2 partition=32 interactions=2000
[DataParallel] trial=0 epoch=1/2 partition=33 interactions=2000
[DataParallel] trial=0 epoch=1/2 partition=34 interactions=2000
[DataParallel] trial=0 epoch=2/2 partition=0 interactions=2000
[DataParallel] trial=0 epoch=2/2 partition=1 interactions=2000
[DataParallel] trial=0 epoch=2/2 partition=2 interactions=2000
[DataParallel] trial=0 epoch=2/2 partition=3 interactions=2000
[DataParallel] trial=0 epoch=2/2 partition=4 interactions=2000
[DataParallel] trial=0 epoch=2/2 partition=5 interactions=2000
[DataParallel] trial=0 epoch=2/2 partition=6 interactions=2000
[DataParallel] trial=0 epoch=2/2 partition=7 interactions=2000
[DataParallel] trial=0 epoch=2/2 partition=8 interactions=2000
[DataParallel] trial=0 epoch=2/2 partition=9 interactions=2000
[DataParallel] trial=0 epoch=2/2 partition=10 interactions=2000
[DataParallel] trial=0 epoch=2/2 partition=11 interactions=2000
[DataParallel] trial=0 epoch=2/2 partition=12 interactions=2000
[DataParallel] trial=0 epoch=2/2 partition=13 interactions=2000
[DataParallel] trial=0 epoch=2/2 partition=14 interactions=2000
[DataParallel] trial=0 epoch=2/2 partition=15 interactions=2000
[DataParallel] trial=0 epoch=2/2 partition=16 interactions=2000
[DataParallel] trial=0 epoch=2/2 partition=17 interactions=2000
[DataParallel] trial=0 epoch=2/2 partition=18 interactions=2000
[DataParallel] trial=0 epoch=2/2 partition=19 interactions=2000
[DataParallel] trial=0 epoch=2/2 partition=20 interactions=2000
[DataParallel] trial=0 epoch=2/2 partition=21 interactions=2000
[DataParallel] trial=0 epoch=2/2 partition=22 interactions=2000
[DataParallel] trial=0 epoch=2/2 partition=23 interactions=2000
[DataParallel] trial=0 epoch=2/2 partition=24 interactions=2000
[DataParallel] trial=0 epoch=2/2 partition=25 interactions=2000
[DataParallel] trial=0 epoch=2/2 partition=26 interactions=2000
[DataParallel] trial=0 epoch=2/2 partition=27 interactions=2000
[DataParallel] trial=0 epoch=2/2 partition=28 interactions=2000
[DataParallel] trial=0 epoch=2/2 partition=29 interactions=2000
[DataParallel] trial=0 epoch=2/2 partition=30 interactions=2000
[DataParallel] trial=0 epoch=2/2 partition=31 interactions=2000
[DataParallel] trial=0 epoch=2/2 partition=32 interactions=2000
[DataParallel] trial=0 epoch=2/2 partition=33 interactions=2000
[DataParallel] trial=0 epoch=2/2 partition=34 interactions=2000
[DataParallel 8/12] model=jodie_rnn agg=none memory=rnn val_score=0.3129
[DataParallel] trial=0 epoch=1/2 partition=0 interactions=2000
[DataParallel] trial=0 epoch=1/2 partition=1 interactions=2000
[DataParallel] trial=0 epoch=1/2 partition=2 interactions=2000
[DataParallel] trial=0 epoch=1/2 partition=3 interactions=2000
[DataParallel] trial=0 epoch=1/2 partition=4 interactions=2000
[DataParallel] trial=0 epoch=1/2 partition=5 interactions=2000
[DataParallel] trial=0 epoch=1/2 partition=6 interactions=2000
[DataParallel] trial=0 epoch=1/2 partition=7 interactions=2000
[DataParallel] trial=0 epoch=1/2 partition=8 interactions=2000
[DataParallel] trial=0 epoch=1/2 partition=9 interactions=2000
[DataParallel] trial=0 epoch=1/2 partition=10 interactions=2000
[DataParallel] trial=0 epoch=1/2 partition=11 interactions=2000
[DataParallel] trial=0 epoch=1/2 partition=12 interactions=2000
[DataParallel] trial=0 epoch=1/2 partition=13 interactions=2000
[DataParallel] trial=0 epoch=1/2 partition=14 interactions=2000
[DataParallel] trial=0 epoch=1/2 partition=15 interactions=2000
[DataParallel] trial=0 epoch=1/2 partition=16 interactions=2000
[DataParallel] trial=0 epoch=1/2 partition=17 interactions=2000
[DataParallel] trial=0 epoch=1/2 partition=18 interactions=2000
[DataParallel] trial=0 epoch=1/2 partition=19 interactions=2000
[DataParallel] trial=0 epoch=1/2 partition=20 interactions=2000
[DataParallel] trial=0 epoch=1/2 partition=21 interactions=2000
[DataParallel] trial=0 epoch=1/2 partition=22 interactions=2000
[DataParallel] trial=0 epoch=1/2 partition=23 interactions=2000
[DataParallel] trial=0 epoch=1/2 partition=24 interactions=2000
[DataParallel] trial=0 epoch=1/2 partition=25 interactions=2000
[DataParallel] trial=0 epoch=1/2 partition=26 interactions=2000
[DataParallel] trial=0 epoch=1/2 partition=27 interactions=2000
[DataParallel] trial=0 epoch=1/2 partition=28 interactions=2000
[DataParallel] trial=0 epoch=1/2 partition=29 interactions=2000
[DataParallel] trial=0 epoch=1/2 partition=30 interactions=2000
[DataParallel] trial=0 epoch=1/2 partition=31 interactions=2000
[DataParallel] trial=0 epoch=1/2 partition=32 interactions=2000
[DataParallel] trial=0 epoch=1/2 partition=33 interactions=2000
[DataParallel] trial=0 epoch=1/2 partition=34 interactions=2000
[DataParallel] trial=0 epoch=2/2 partition=0 interactions=2000
[DataParallel] trial=0 epoch=2/2 partition=1 interactions=2000
[DataParallel] trial=0 epoch=2/2 partition=2 interactions=2000
[DataParallel] trial=0 epoch=2/2 partition=3 interactions=2000
[DataParallel] trial=0 epoch=2/2 partition=4 interactions=2000
[DataParallel] trial=0 epoch=2/2 partition=5 interactions=2000
[DataParallel] trial=0 epoch=2/2 partition=6 interactions=2000
[DataParallel] trial=0 epoch=2/2 partition=7 interactions=2000
[DataParallel] trial=0 epoch=2/2 partition=8 interactions=2000
[DataParallel] trial=0 epoch=2/2 partition=9 interactions=2000
[DataParallel] trial=0 epoch=2/2 partition=10 interactions=2000
[DataParallel] trial=0 epoch=2/2 partition=11 interactions=2000
[DataParallel] trial=0 epoch=2/2 partition=12 interactions=2000
[DataParallel] trial=0 epoch=2/2 partition=13 interactions=2000
[DataParallel] trial=0 epoch=2/2 partition=14 interactions=2000
[DataParallel] trial=0 epoch=2/2 partition=15 interactions=2000
[DataParallel] trial=0 epoch=2/2 partition=16 interactions=2000
[DataParallel] trial=0 epoch=2/2 partition=17 interactions=2000
[DataParallel] trial=0 epoch=2/2 partition=18 interactions=2000
[DataParallel] trial=0 epoch=2/2 partition=19 interactions=2000
[DataParallel] trial=0 epoch=2/2 partition=20 interactions=2000
[DataParallel] trial=0 epoch=2/2 partition=21 interactions=2000
[DataParallel] trial=0 epoch=2/2 partition=22 interactions=2000
[DataParallel] trial=0 epoch=2/2 partition=23 interactions=2000
[DataParallel] trial=0 epoch=2/2 partition=24 interactions=2000
[DataParallel] trial=0 epoch=2/2 partition=25 interactions=2000
[DataParallel] trial=0 epoch=2/2 partition=26 interactions=2000
[DataParallel] trial=0 epoch=2/2 partition=27 interactions=2000
[DataParallel] trial=0 epoch=2/2 partition=28 interactions=2000
[DataParallel] trial=0 epoch=2/2 partition=29 interactions=2000
[DataParallel] trial=0 epoch=2/2 partition=30 interactions=2000
[DataParallel] trial=0 epoch=2/2 partition=31 interactions=2000
[DataParallel] trial=0 epoch=2/2 partition=32 interactions=2000
[DataParallel] trial=0 epoch=2/2 partition=33 interactions=2000
[DataParallel] trial=0 epoch=2/2 partition=34 interactions=2000
[DataParallel 9/12] model=jodie_rnn agg=none memory=gru val_score=0.0519
[DataParallel] trial=0 epoch=1/2 partition=0 interactions=2000
[DataParallel] trial=0 epoch=1/2 partition=1 interactions=2000
[DataParallel] trial=0 epoch=1/2 partition=2 interactions=2000
[DataParallel] trial=0 epoch=1/2 partition=3 interactions=2000
[DataParallel] trial=0 epoch=1/2 partition=4 interactions=2000
[DataParallel] trial=0 epoch=1/2 partition=5 interactions=2000
[DataParallel] trial=0 epoch=1/2 partition=6 interactions=2000
[DataParallel] trial=0 epoch=1/2 partition=7 interactions=2000
[DataParallel] trial=0 epoch=1/2 partition=8 interactions=2000
[DataParallel] trial=0 epoch=1/2 partition=9 interactions=2000
[DataParallel] trial=0 epoch=1/2 partition=10 interactions=2000
[DataParallel] trial=0 epoch=1/2 partition=11 interactions=2000
[DataParallel] trial=0 epoch=1/2 partition=12 interactions=2000
[DataParallel] trial=0 epoch=1/2 partition=13 interactions=2000
[DataParallel] trial=0 epoch=1/2 partition=14 interactions=2000
[DataParallel] trial=0 epoch=1/2 partition=15 interactions=2000
[DataParallel] trial=0 epoch=1/2 partition=16 interactions=2000
[DataParallel] trial=0 epoch=1/2 partition=17 interactions=2000
[DataParallel] trial=0 epoch=1/2 partition=18 interactions=2000
[DataParallel] trial=0 epoch=1/2 partition=19 interactions=2000
[DataParallel] trial=0 epoch=1/2 partition=20 interactions=2000
[DataParallel] trial=0 epoch=1/2 partition=21 interactions=2000
[DataParallel] trial=0 epoch=1/2 partition=22 interactions=2000
[DataParallel] trial=0 epoch=1/2 partition=23 interactions=2000
[DataParallel] trial=0 epoch=1/2 partition=24 interactions=2000
[DataParallel] trial=0 epoch=1/2 partition=25 interactions=2000
[DataParallel] trial=0 epoch=1/2 partition=26 interactions=2000
[DataParallel] trial=0 epoch=1/2 partition=27 interactions=2000
[DataParallel] trial=0 epoch=1/2 partition=28 interactions=2000
[DataParallel] trial=0 epoch=1/2 partition=29 interactions=2000
[DataParallel] trial=0 epoch=1/2 partition=30 interactions=2000
[DataParallel] trial=0 epoch=1/2 partition=31 interactions=2000
[DataParallel] trial=0 epoch=1/2 partition=32 interactions=2000
[DataParallel] trial=0 epoch=1/2 partition=33 interactions=2000
[DataParallel] trial=0 epoch=1/2 partition=34 interactions=2000
[DataParallel] trial=0 epoch=2/2 partition=0 interactions=2000
[DataParallel] trial=0 epoch=2/2 partition=1 interactions=2000
[DataParallel] trial=0 epoch=2/2 partition=2 interactions=2000
[DataParallel] trial=0 epoch=2/2 partition=3 interactions=2000
[DataParallel] trial=0 epoch=2/2 partition=4 interactions=2000
[DataParallel] trial=0 epoch=2/2 partition=5 interactions=2000
[DataParallel] trial=0 epoch=2/2 partition=6 interactions=2000
[DataParallel] trial=0 epoch=2/2 partition=7 interactions=2000
[DataParallel] trial=0 epoch=2/2 partition=8 interactions=2000
[DataParallel] trial=0 epoch=2/2 partition=9 interactions=2000
[DataParallel] trial=0 epoch=2/2 partition=10 interactions=2000
[DataParallel] trial=0 epoch=2/2 partition=11 interactions=2000
[DataParallel] trial=0 epoch=2/2 partition=12 interactions=2000
[DataParallel] trial=0 epoch=2/2 partition=13 interactions=2000
[DataParallel] trial=0 epoch=2/2 partition=14 interactions=2000
[DataParallel] trial=0 epoch=2/2 partition=15 interactions=2000
[DataParallel] trial=0 epoch=2/2 partition=16 interactions=2000
[DataParallel] trial=0 epoch=2/2 partition=17 interactions=2000
[DataParallel] trial=0 epoch=2/2 partition=18 interactions=2000
[DataParallel] trial=0 epoch=2/2 partition=19 interactions=2000
[DataParallel] trial=0 epoch=2/2 partition=20 interactions=2000
[DataParallel] trial=0 epoch=2/2 partition=21 interactions=2000
[DataParallel] trial=0 epoch=2/2 partition=22 interactions=2000
[DataParallel] trial=0 epoch=2/2 partition=23 interactions=2000
[DataParallel] trial=0 epoch=2/2 partition=24 interactions=2000
[DataParallel] trial=0 epoch=2/2 partition=25 interactions=2000
[DataParallel] trial=0 epoch=2/2 partition=26 interactions=2000
[DataParallel] trial=0 epoch=2/2 partition=27 interactions=2000
[DataParallel] trial=0 epoch=2/2 partition=28 interactions=2000
[DataParallel] trial=0 epoch=2/2 partition=29 interactions=2000
[DataParallel] trial=0 epoch=2/2 partition=30 interactions=2000
[DataParallel] trial=0 epoch=2/2 partition=31 interactions=2000
[DataParallel] trial=0 epoch=2/2 partition=32 interactions=2000
[DataParallel] trial=0 epoch=2/2 partition=33 interactions=2000
[DataParallel] trial=0 epoch=2/2 partition=34 interactions=2000
[DataParallel 10/12] model=jodie_rnn agg=none memory=rnn val_score=0.3618
[DataParallel] trial=0 epoch=1/2 partition=0 interactions=2000
[DataParallel] trial=0 epoch=1/2 partition=1 interactions=2000
[DataParallel] trial=0 epoch=1/2 partition=2 interactions=2000
[DataParallel] trial=0 epoch=1/2 partition=3 interactions=2000
[DataParallel] trial=0 epoch=1/2 partition=4 interactions=2000
[DataParallel] trial=0 epoch=1/2 partition=5 interactions=2000
[DataParallel] trial=0 epoch=1/2 partition=6 interactions=2000
[DataParallel] trial=0 epoch=1/2 partition=7 interactions=2000
[DataParallel] trial=0 epoch=1/2 partition=8 interactions=2000
[DataParallel] trial=0 epoch=1/2 partition=9 interactions=2000
[DataParallel] trial=0 epoch=1/2 partition=10 interactions=2000
[DataParallel] trial=0 epoch=1/2 partition=11 interactions=2000
[DataParallel] trial=0 epoch=1/2 partition=12 interactions=2000
[DataParallel] trial=0 epoch=1/2 partition=13 interactions=2000
[DataParallel] trial=0 epoch=1/2 partition=14 interactions=2000
[DataParallel] trial=0 epoch=1/2 partition=15 interactions=2000
[DataParallel] trial=0 epoch=1/2 partition=16 interactions=2000
[DataParallel] trial=0 epoch=1/2 partition=17 interactions=2000
[DataParallel] trial=0 epoch=1/2 partition=18 interactions=2000
[DataParallel] trial=0 epoch=1/2 partition=19 interactions=2000
[DataParallel] trial=0 epoch=1/2 partition=20 interactions=2000
[DataParallel] trial=0 epoch=1/2 partition=21 interactions=2000
[DataParallel] trial=0 epoch=1/2 partition=22 interactions=2000
[DataParallel] trial=0 epoch=1/2 partition=23 interactions=2000
[DataParallel] trial=0 epoch=1/2 partition=24 interactions=2000
[DataParallel] trial=0 epoch=1/2 partition=25 interactions=2000
[DataParallel] trial=0 epoch=1/2 partition=26 interactions=2000
[DataParallel] trial=0 epoch=1/2 partition=27 interactions=2000
[DataParallel] trial=0 epoch=1/2 partition=28 interactions=2000
[DataParallel] trial=0 epoch=1/2 partition=29 interactions=2000
[DataParallel] trial=0 epoch=1/2 partition=30 interactions=2000
[DataParallel] trial=0 epoch=1/2 partition=31 interactions=2000
[DataParallel] trial=0 epoch=1/2 partition=32 interactions=2000
[DataParallel] trial=0 epoch=1/2 partition=33 interactions=2000
[DataParallel] trial=0 epoch=1/2 partition=34 interactions=2000
[DataParallel] trial=0 epoch=2/2 partition=0 interactions=2000
[DataParallel] trial=0 epoch=2/2 partition=1 interactions=2000
[DataParallel] trial=0 epoch=2/2 partition=2 interactions=2000
[DataParallel] trial=0 epoch=2/2 partition=3 interactions=2000
[DataParallel] trial=0 epoch=2/2 partition=4 interactions=2000
[DataParallel] trial=0 epoch=2/2 partition=5 interactions=2000
[DataParallel] trial=0 epoch=2/2 partition=6 interactions=2000
[DataParallel] trial=0 epoch=2/2 partition=7 interactions=2000
[DataParallel] trial=0 epoch=2/2 partition=8 interactions=2000
[DataParallel] trial=0 epoch=2/2 partition=9 interactions=2000
[DataParallel] trial=0 epoch=2/2 partition=10 interactions=2000
[DataParallel] trial=0 epoch=2/2 partition=11 interactions=2000
[DataParallel] trial=0 epoch=2/2 partition=12 interactions=2000
[DataParallel] trial=0 epoch=2/2 partition=13 interactions=2000
[DataParallel] trial=0 epoch=2/2 partition=14 interactions=2000
[DataParallel] trial=0 epoch=2/2 partition=15 interactions=2000
[DataParallel] trial=0 epoch=2/2 partition=16 interactions=2000
[DataParallel] trial=0 epoch=2/2 partition=17 interactions=2000
[DataParallel] trial=0 epoch=2/2 partition=18 interactions=2000
[DataParallel] trial=0 epoch=2/2 partition=19 interactions=2000
[DataParallel] trial=0 epoch=2/2 partition=20 interactions=2000
[DataParallel] trial=0 epoch=2/2 partition=21 interactions=2000
[DataParallel] trial=0 epoch=2/2 partition=22 interactions=2000
[DataParallel] trial=0 epoch=2/2 partition=23 interactions=2000
[DataParallel] trial=0 epoch=2/2 partition=24 interactions=2000
[DataParallel] trial=0 epoch=2/2 partition=25 interactions=2000
[DataParallel] trial=0 epoch=2/2 partition=26 interactions=2000
[DataParallel] trial=0 epoch=2/2 partition=27 interactions=2000
[DataParallel] trial=0 epoch=2/2 partition=28 interactions=2000
[DataParallel] trial=0 epoch=2/2 partition=29 interactions=2000
[DataParallel] trial=0 epoch=2/2 partition=30 interactions=2000
[DataParallel] trial=0 epoch=2/2 partition=31 interactions=2000
[DataParallel] trial=0 epoch=2/2 partition=32 interactions=2000
[DataParallel] trial=0 epoch=2/2 partition=33 interactions=2000
[DataParallel] trial=0 epoch=2/2 partition=34 interactions=2000
[DataParallel 11/12] model=jodie_rnn agg=none memory=lstm val_score=0.1746
[DataParallel] trial=0 epoch=1/2 partition=0 interactions=2000
[DataParallel] trial=0 epoch=1/2 partition=1 interactions=2000
[DataParallel] trial=0 epoch=1/2 partition=2 interactions=2000
[DataParallel] trial=0 epoch=1/2 partition=3 interactions=2000
[DataParallel] trial=0 epoch=1/2 partition=4 interactions=2000
[DataParallel] trial=0 epoch=1/2 partition=5 interactions=2000
[DataParallel] trial=0 epoch=1/2 partition=6 interactions=2000
[DataParallel] trial=0 epoch=1/2 partition=7 interactions=2000
[DataParallel] trial=0 epoch=1/2 partition=8 interactions=2000
[DataParallel] trial=0 epoch=1/2 partition=9 interactions=2000
[DataParallel] trial=0 epoch=1/2 partition=10 interactions=2000
[DataParallel] trial=0 epoch=1/2 partition=11 interactions=2000
[DataParallel] trial=0 epoch=1/2 partition=12 interactions=2000
[DataParallel] trial=0 epoch=1/2 partition=13 interactions=2000
[DataParallel] trial=0 epoch=1/2 partition=14 interactions=2000
[DataParallel] trial=0 epoch=1/2 partition=15 interactions=2000
[DataParallel] trial=0 epoch=1/2 partition=16 interactions=2000
[DataParallel] trial=0 epoch=1/2 partition=17 interactions=2000
[DataParallel] trial=0 epoch=1/2 partition=18 interactions=2000
[DataParallel] trial=0 epoch=1/2 partition=19 interactions=2000
[DataParallel] trial=0 epoch=1/2 partition=20 interactions=2000
[DataParallel] trial=0 epoch=1/2 partition=21 interactions=2000
[DataParallel] trial=0 epoch=1/2 partition=22 interactions=2000
[DataParallel] trial=0 epoch=1/2 partition=23 interactions=2000
[DataParallel] trial=0 epoch=1/2 partition=24 interactions=2000
[DataParallel] trial=0 epoch=1/2 partition=25 interactions=2000
[DataParallel] trial=0 epoch=1/2 partition=26 interactions=2000
[DataParallel] trial=0 epoch=1/2 partition=27 interactions=2000
[DataParallel] trial=0 epoch=1/2 partition=28 interactions=2000
[DataParallel] trial=0 epoch=1/2 partition=29 interactions=2000
[DataParallel] trial=0 epoch=1/2 partition=30 interactions=2000
[DataParallel] trial=0 epoch=1/2 partition=31 interactions=2000
[DataParallel] trial=0 epoch=1/2 partition=32 interactions=2000
[DataParallel] trial=0 epoch=1/2 partition=33 interactions=2000
[DataParallel] trial=0 epoch=1/2 partition=34 interactions=2000
[DataParallel] trial=0 epoch=2/2 partition=0 interactions=2000
[DataParallel] trial=0 epoch=2/2 partition=1 interactions=2000
[DataParallel] trial=0 epoch=2/2 partition=2 interactions=2000
[DataParallel] trial=0 epoch=2/2 partition=3 interactions=2000
[DataParallel] trial=0 epoch=2/2 partition=4 interactions=2000
[DataParallel] trial=0 epoch=2/2 partition=5 interactions=2000
[DataParallel] trial=0 epoch=2/2 partition=6 interactions=2000
[DataParallel] trial=0 epoch=2/2 partition=7 interactions=2000
[DataParallel] trial=0 epoch=2/2 partition=8 interactions=2000
[DataParallel] trial=0 epoch=2/2 partition=9 interactions=2000
[DataParallel] trial=0 epoch=2/2 partition=10 interactions=2000
[DataParallel] trial=0 epoch=2/2 partition=11 interactions=2000
[DataParallel] trial=0 epoch=2/2 partition=12 interactions=2000
[DataParallel] trial=0 epoch=2/2 partition=13 interactions=2000
[DataParallel] trial=0 epoch=2/2 partition=14 interactions=2000
[DataParallel] trial=0 epoch=2/2 partition=15 interactions=2000
[DataParallel] trial=0 epoch=2/2 partition=16 interactions=2000
[DataParallel] trial=0 epoch=2/2 partition=17 interactions=2000
[DataParallel] trial=0 epoch=2/2 partition=18 interactions=2000
[DataParallel] trial=0 epoch=2/2 partition=19 interactions=2000
[DataParallel] trial=0 epoch=2/2 partition=20 interactions=2000
[DataParallel] trial=0 epoch=2/2 partition=21 interactions=2000
[DataParallel] trial=0 epoch=2/2 partition=22 interactions=2000
[DataParallel] trial=0 epoch=2/2 partition=23 interactions=2000
[DataParallel] trial=0 epoch=2/2 partition=24 interactions=2000
[DataParallel] trial=0 epoch=2/2 partition=25 interactions=2000
[DataParallel] trial=0 epoch=2/2 partition=26 interactions=2000
[DataParallel] trial=0 epoch=2/2 partition=27 interactions=2000
[DataParallel] trial=0 epoch=2/2 partition=28 interactions=2000
[DataParallel] trial=0 epoch=2/2 partition=29 interactions=2000
[DataParallel] trial=0 epoch=2/2 partition=30 interactions=2000
[DataParallel] trial=0 epoch=2/2 partition=31 interactions=2000
[DataParallel] trial=0 epoch=2/2 partition=32 interactions=2000
[DataParallel] trial=0 epoch=2/2 partition=33 interactions=2000
[DataParallel] trial=0 epoch=2/2 partition=34 interactions=2000
[DataParallel 12/12] model=jodie_rnn agg=none memory=rnn val_score=0.2437
[DataParallel] Workers shut down.
Epoch 1/2 | L2 Loss: 0.7394
Epoch 2/2 | L2 Loss: 0.7109
  [data_parallel] 结果已保存到: results/20260909_010858/data_parallel/data_parallel

  [data_parallel] ✓ 完成 — 耗时 4991.5s, val_score=0.3618

[Init] Ray shutdown from previous run

======================================================================
  生成最终对比报告
  2026-09-09 02:32:15
======================================================================


  对比报告 (Markdown): results/20260909_010858/comparison.md
  对比数据 (JSON):    results/20260909_010858/comparison.json

======================================================================
  最终结果摘要
  2026-09-09 02:32:15
======================================================================

  策略                 耗时  val_score test_score   test_mrr              模型
  ------------ -------- ---------- ---------- ---------- ---------------
  DataPara      4991.5s     0.3618 0.6402185333899774 0.6402185333899774       jodie_rnn


  总耗时: 4992.7s (83.2min)
  成功策略: ['data_parallel']
  结果目录: results/20260909_010858

======================================================================
  全部完成 — 2026-09-09 02:32:15
======================================================================

