# pipeline trace log
# created_at=2026-05-28 18:18:47
[pipeline-trace] wall=18:18:57 elapsed=4.569s phase=train event=dispatch trial=0 stage=1/1
[pipeline-trace] wall=18:19:46 elapsed=53.815s phase=train event=complete trial=0 stage=1/1 stage_duration_sec=49.246
[pipeline-trace] wall=18:19:46 elapsed=53.815s phase=train event=dispatch trial=1 stage=1/1
[pipeline-trace] wall=18:20:39 elapsed=106.550s phase=train event=complete trial=1 stage=1/1 stage_duration_sec=52.735
[pipeline-trace] wall=18:20:39 elapsed=106.550s phase=train event=dispatch trial=0 stage=1/1
[pipeline-trace] wall=18:21:22 elapsed=149.711s phase=train event=complete trial=0 stage=1/1 stage_duration_sec=43.161
[pipeline-trace] wall=18:21:22 elapsed=149.712s phase=train event=dispatch trial=1 stage=1/1
[pipeline-trace] wall=18:22:15 elapsed=202.834s phase=train event=complete trial=1 stage=1/1 stage_duration_sec=53.122
[pipeline-trace] wall=18:22:15 elapsed=202.834s phase=train event=dispatch trial=0 stage=1/2
[pipeline-trace] wall=18:22:57 elapsed=245.427s phase=train event=complete trial=0 stage=1/2 stage_duration_sec=42.593
[pipeline-trace] wall=18:22:57 elapsed=245.428s phase=train event=dispatch trial=1 stage=1/2
[pipeline-trace] wall=18:23:43 elapsed=291.429s phase=train event=complete trial=1 stage=1/2 stage_duration_sec=46.001
[pipeline-trace] wall=18:23:43 elapsed=291.429s phase=eval event=dispatch trial=0 stage=1/2
[pipeline-trace] wall=18:23:43 elapsed=281.206s phase=eval event=batch_start trial=0 partitions=[1] synthetic=False
[pipeline-trace] wall=18:23:43 elapsed=281.206s phase=eval event=partition_start trial=0 partition=1 interactions=1999
[pipeline-trace] wall=18:23:43 elapsed=281.206s phase=eval event=interaction_progress trial=0 partition=1 processed=1 total=1999 metric=ranking
[pipeline-trace] wall=18:23:44 elapsed=281.388s phase=eval event=interaction_progress trial=0 partition=1 processed=100 total=1999 metric=ranking
[pipeline-trace] wall=18:23:44 elapsed=281.510s phase=eval event=interaction_progress trial=0 partition=1 processed=200 total=1999 metric=ranking
[pipeline-trace] wall=18:23:44 elapsed=281.632s phase=eval event=interaction_progress trial=0 partition=1 processed=300 total=1999 metric=ranking
[pipeline-trace] wall=18:23:44 elapsed=281.753s phase=eval event=interaction_progress trial=0 partition=1 processed=400 total=1999 metric=ranking
[pipeline-trace] wall=18:23:44 elapsed=281.875s phase=eval event=interaction_progress trial=0 partition=1 processed=500 total=1999 metric=ranking
[pipeline-trace] wall=18:23:44 elapsed=281.996s phase=eval event=interaction_progress trial=0 partition=1 processed=600 total=1999 metric=ranking
[pipeline-trace] wall=18:23:44 elapsed=282.118s phase=eval event=interaction_progress trial=0 partition=1 processed=700 total=1999 metric=ranking
[pipeline-trace] wall=18:23:45 elapsed=282.239s phase=eval event=interaction_progress trial=0 partition=1 processed=800 total=1999 metric=ranking
[pipeline-trace] wall=18:23:45 elapsed=282.361s phase=eval event=interaction_progress trial=0 partition=1 processed=900 total=1999 metric=ranking
[pipeline-trace] wall=18:23:45 elapsed=282.483s phase=eval event=interaction_progress trial=0 partition=1 processed=1000 total=1999 metric=ranking
[pipeline-trace] wall=18:23:45 elapsed=282.607s phase=eval event=interaction_progress trial=0 partition=1 processed=1100 total=1999 metric=ranking
[pipeline-trace] wall=18:23:45 elapsed=282.730s phase=eval event=interaction_progress trial=0 partition=1 processed=1200 total=1999 metric=ranking
[pipeline-trace] wall=18:23:45 elapsed=282.851s phase=eval event=interaction_progress trial=0 partition=1 processed=1300 total=1999 metric=ranking
[pipeline-trace] wall=18:23:45 elapsed=282.972s phase=eval event=interaction_progress trial=0 partition=1 processed=1400 total=1999 metric=ranking
[pipeline-trace] wall=18:23:45 elapsed=283.094s phase=eval event=interaction_progress trial=0 partition=1 processed=1500 total=1999 metric=ranking
[pipeline-trace] wall=18:23:45 elapsed=283.216s phase=eval event=interaction_progress trial=0 partition=1 processed=1600 total=1999 metric=ranking
[pipeline-trace] wall=18:23:46 elapsed=283.338s phase=eval event=interaction_progress trial=0 partition=1 processed=1700 total=1999 metric=ranking
[pipeline-trace] wall=18:23:46 elapsed=283.460s phase=eval event=interaction_progress trial=0 partition=1 processed=1800 total=1999 metric=ranking
[pipeline-trace] wall=18:23:46 elapsed=283.581s phase=eval event=interaction_progress trial=0 partition=1 processed=1900 total=1999 metric=ranking
[pipeline-trace] wall=18:23:46 elapsed=283.702s phase=eval event=interaction_progress trial=0 partition=1 processed=1999 total=1999 metric=ranking
[pipeline-trace] wall=18:23:46 elapsed=283.703s phase=eval event=partition_complete trial=0 partition=1 elapsed_sec=2.497 hits=385 total=1999
[pipeline-trace] wall=18:23:46 elapsed=293.985s phase=eval event=complete trial=0 stage=1/2 stage_duration_sec=2.556
[pipeline-trace] wall=18:23:46 elapsed=293.985s phase=eval event=dispatch trial=1 stage=1/2
[pipeline-trace] wall=18:23:46 elapsed=283.818s phase=eval event=batch_start trial=1 partitions=[1] synthetic=False
[pipeline-trace] wall=18:23:46 elapsed=283.819s phase=eval event=partition_start trial=1 partition=1 interactions=1999
[pipeline-trace] wall=18:23:46 elapsed=283.819s phase=eval event=interaction_progress trial=1 partition=1 processed=1 total=1999 metric=ranking
[pipeline-trace] wall=18:23:46 elapsed=283.976s phase=eval event=interaction_progress trial=1 partition=1 processed=100 total=1999 metric=ranking
[pipeline-trace] wall=18:23:46 elapsed=284.140s phase=eval event=interaction_progress trial=1 partition=1 processed=200 total=1999 metric=ranking
[pipeline-trace] wall=18:23:47 elapsed=284.299s phase=eval event=interaction_progress trial=1 partition=1 processed=300 total=1999 metric=ranking
[pipeline-trace] wall=18:23:47 elapsed=284.461s phase=eval event=interaction_progress trial=1 partition=1 processed=400 total=1999 metric=ranking
[pipeline-trace] wall=18:23:47 elapsed=284.625s phase=eval event=interaction_progress trial=1 partition=1 processed=500 total=1999 metric=ranking
[pipeline-trace] wall=18:23:47 elapsed=284.787s phase=eval event=interaction_progress trial=1 partition=1 processed=600 total=1999 metric=ranking
[pipeline-trace] wall=18:23:47 elapsed=284.950s phase=eval event=interaction_progress trial=1 partition=1 processed=700 total=1999 metric=ranking
[pipeline-trace] wall=18:23:47 elapsed=285.114s phase=eval event=interaction_progress trial=1 partition=1 processed=800 total=1999 metric=ranking
[pipeline-trace] wall=18:23:48 elapsed=285.275s phase=eval event=interaction_progress trial=1 partition=1 processed=900 total=1999 metric=ranking
[pipeline-trace] wall=18:23:48 elapsed=285.435s phase=eval event=interaction_progress trial=1 partition=1 processed=1000 total=1999 metric=ranking
[pipeline-trace] wall=18:23:48 elapsed=285.580s phase=eval event=interaction_progress trial=1 partition=1 processed=1100 total=1999 metric=ranking
[pipeline-trace] wall=18:23:48 elapsed=285.708s phase=eval event=interaction_progress trial=1 partition=1 processed=1200 total=1999 metric=ranking
[pipeline-trace] wall=18:23:48 elapsed=285.840s phase=eval event=interaction_progress trial=1 partition=1 processed=1300 total=1999 metric=ranking
[pipeline-trace] wall=18:23:48 elapsed=285.971s phase=eval event=interaction_progress trial=1 partition=1 processed=1400 total=1999 metric=ranking
[pipeline-trace] wall=18:23:48 elapsed=286.099s phase=eval event=interaction_progress trial=1 partition=1 processed=1500 total=1999 metric=ranking
[pipeline-trace] wall=18:23:48 elapsed=286.231s phase=eval event=interaction_progress trial=1 partition=1 processed=1600 total=1999 metric=ranking
[pipeline-trace] wall=18:23:49 elapsed=286.358s phase=eval event=interaction_progress trial=1 partition=1 processed=1700 total=1999 metric=ranking
[pipeline-trace] wall=18:23:49 elapsed=286.490s phase=eval event=interaction_progress trial=1 partition=1 processed=1800 total=1999 metric=ranking
[pipeline-trace] wall=18:23:49 elapsed=286.618s phase=eval event=interaction_progress trial=1 partition=1 processed=1900 total=1999 metric=ranking
[pipeline-trace] wall=18:23:49 elapsed=286.747s phase=eval event=interaction_progress trial=1 partition=1 processed=1999 total=1999 metric=ranking
[pipeline-trace] wall=18:23:49 elapsed=286.749s phase=eval event=partition_complete trial=1 partition=1 elapsed_sec=2.930 hits=1390 total=1999
[pipeline-trace] wall=18:23:49 elapsed=297.056s phase=eval event=complete trial=1 stage=1/2 stage_duration_sec=3.071
[pipeline-trace] wall=18:23:50 elapsed=297.955s phase=train event=dispatch trial=0 stage=1/1
[pipeline-trace] wall=18:24:28 elapsed=336.163s phase=train event=complete trial=0 stage=1/1 stage_duration_sec=38.208
[pipeline-trace] wall=18:24:28 elapsed=336.163s phase=train event=dispatch trial=1 stage=1/1
[pipeline-trace] wall=18:25:08 elapsed=376.068s phase=train event=complete trial=1 stage=1/1 stage_duration_sec=39.905
[pipeline-trace] wall=18:25:08 elapsed=376.069s phase=train event=dispatch trial=0 stage=1/1
[pipeline-trace] wall=18:25:38 elapsed=405.494s phase=train event=complete trial=0 stage=1/1 stage_duration_sec=29.425
[pipeline-trace] wall=18:25:38 elapsed=405.494s phase=train event=dispatch trial=1 stage=1/1
[pipeline-trace] wall=18:26:11 elapsed=439.203s phase=train event=complete trial=1 stage=1/1 stage_duration_sec=33.709
[pipeline-trace] wall=18:26:11 elapsed=439.204s phase=train event=dispatch trial=0 stage=1/2
[pipeline-trace] wall=18:26:48 elapsed=476.439s phase=train event=complete trial=0 stage=1/2 stage_duration_sec=37.236
[pipeline-trace] wall=18:26:48 elapsed=476.440s phase=train event=dispatch trial=1 stage=1/2
[pipeline-trace] wall=18:27:20 elapsed=508.122s phase=train event=complete trial=1 stage=1/2 stage_duration_sec=31.682
[pipeline-trace] wall=18:27:20 elapsed=508.122s phase=eval event=dispatch trial=0 stage=1/2
[pipeline-trace] wall=18:27:20 elapsed=203.016s phase=eval event=batch_start trial=0 partitions=[1] synthetic=False
[pipeline-trace] wall=18:27:20 elapsed=203.017s phase=eval event=partition_start trial=0 partition=1 interactions=1999
[pipeline-trace] wall=18:27:20 elapsed=203.017s phase=eval event=interaction_progress trial=0 partition=1 processed=1 total=1999 metric=ranking
[pipeline-trace] wall=18:27:20 elapsed=203.205s phase=eval event=interaction_progress trial=0 partition=1 processed=100 total=1999 metric=ranking
[pipeline-trace] wall=18:27:20 elapsed=203.318s phase=eval event=interaction_progress trial=0 partition=1 processed=200 total=1999 metric=ranking
[pipeline-trace] wall=18:27:21 elapsed=203.433s phase=eval event=interaction_progress trial=0 partition=1 processed=300 total=1999 metric=ranking
[pipeline-trace] wall=18:27:21 elapsed=203.548s phase=eval event=interaction_progress trial=0 partition=1 processed=400 total=1999 metric=ranking
[pipeline-trace] wall=18:27:21 elapsed=203.665s phase=eval event=interaction_progress trial=0 partition=1 processed=500 total=1999 metric=ranking
[pipeline-trace] wall=18:27:21 elapsed=203.779s phase=eval event=interaction_progress trial=0 partition=1 processed=600 total=1999 metric=ranking
[pipeline-trace] wall=18:27:21 elapsed=203.894s phase=eval event=interaction_progress trial=0 partition=1 processed=700 total=1999 metric=ranking
[pipeline-trace] wall=18:27:21 elapsed=204.009s phase=eval event=interaction_progress trial=0 partition=1 processed=800 total=1999 metric=ranking
[pipeline-trace] wall=18:27:21 elapsed=204.125s phase=eval event=interaction_progress trial=0 partition=1 processed=900 total=1999 metric=ranking
[pipeline-trace] wall=18:27:21 elapsed=204.245s phase=eval event=interaction_progress trial=0 partition=1 processed=1000 total=1999 metric=ranking
[pipeline-trace] wall=18:27:22 elapsed=204.363s phase=eval event=interaction_progress trial=0 partition=1 processed=1100 total=1999 metric=ranking
[pipeline-trace] wall=18:27:22 elapsed=204.474s phase=eval event=interaction_progress trial=0 partition=1 processed=1200 total=1999 metric=ranking
[pipeline-trace] wall=18:27:22 elapsed=204.584s phase=eval event=interaction_progress trial=0 partition=1 processed=1300 total=1999 metric=ranking
[pipeline-trace] wall=18:27:22 elapsed=204.695s phase=eval event=interaction_progress trial=0 partition=1 processed=1400 total=1999 metric=ranking
[pipeline-trace] wall=18:27:22 elapsed=204.806s phase=eval event=interaction_progress trial=0 partition=1 processed=1500 total=1999 metric=ranking
[pipeline-trace] wall=18:27:22 elapsed=204.916s phase=eval event=interaction_progress trial=0 partition=1 processed=1600 total=1999 metric=ranking
[pipeline-trace] wall=18:27:22 elapsed=205.026s phase=eval event=interaction_progress trial=0 partition=1 processed=1700 total=1999 metric=ranking
[pipeline-trace] wall=18:27:22 elapsed=205.137s phase=eval event=interaction_progress trial=0 partition=1 processed=1800 total=1999 metric=ranking
[pipeline-trace] wall=18:27:22 elapsed=205.247s phase=eval event=interaction_progress trial=0 partition=1 processed=1900 total=1999 metric=ranking
[pipeline-trace] wall=18:27:23 elapsed=205.356s phase=eval event=interaction_progress trial=0 partition=1 processed=1999 total=1999 metric=ranking
[pipeline-trace] wall=18:27:23 elapsed=205.358s phase=eval event=partition_complete trial=0 partition=1 elapsed_sec=2.341 hits=1505 total=1999
[pipeline-trace] wall=18:27:23 elapsed=510.516s phase=eval event=complete trial=0 stage=1/2 stage_duration_sec=2.395
[pipeline-trace] wall=18:27:23 elapsed=510.517s phase=eval event=dispatch trial=1 stage=1/2
[pipeline-trace] wall=18:27:23 elapsed=205.399s phase=eval event=batch_start trial=1 partitions=[1] synthetic=False
[pipeline-trace] wall=18:27:23 elapsed=205.399s phase=eval event=partition_start trial=1 partition=1 interactions=1999
[pipeline-trace] wall=18:27:23 elapsed=205.400s phase=eval event=interaction_progress trial=1 partition=1 processed=1 total=1999 metric=ranking
[pipeline-trace] wall=18:27:23 elapsed=205.533s phase=eval event=interaction_progress trial=1 partition=1 processed=100 total=1999 metric=ranking
[pipeline-trace] wall=18:27:23 elapsed=205.667s phase=eval event=interaction_progress trial=1 partition=1 processed=200 total=1999 metric=ranking
[pipeline-trace] wall=18:27:23 elapsed=205.802s phase=eval event=interaction_progress trial=1 partition=1 processed=300 total=1999 metric=ranking
[pipeline-trace] wall=18:27:23 elapsed=205.941s phase=eval event=interaction_progress trial=1 partition=1 processed=400 total=1999 metric=ranking
[pipeline-trace] wall=18:27:23 elapsed=206.103s phase=eval event=interaction_progress trial=1 partition=1 processed=500 total=1999 metric=ranking
[pipeline-trace] wall=18:27:23 elapsed=206.268s phase=eval event=interaction_progress trial=1 partition=1 processed=600 total=1999 metric=ranking
[pipeline-trace] wall=18:27:24 elapsed=206.433s phase=eval event=interaction_progress trial=1 partition=1 processed=700 total=1999 metric=ranking
[pipeline-trace] wall=18:27:24 elapsed=206.593s phase=eval event=interaction_progress trial=1 partition=1 processed=800 total=1999 metric=ranking
[pipeline-trace] wall=18:27:24 elapsed=206.761s phase=eval event=interaction_progress trial=1 partition=1 processed=900 total=1999 metric=ranking
[pipeline-trace] wall=18:27:24 elapsed=206.924s phase=eval event=interaction_progress trial=1 partition=1 processed=1000 total=1999 metric=ranking
[pipeline-trace] wall=18:27:24 elapsed=207.089s phase=eval event=interaction_progress trial=1 partition=1 processed=1100 total=1999 metric=ranking
[pipeline-trace] wall=18:27:24 elapsed=207.298s phase=eval event=interaction_progress trial=1 partition=1 processed=1200 total=1999 metric=ranking
[pipeline-trace] wall=18:27:25 elapsed=207.437s phase=eval event=interaction_progress trial=1 partition=1 processed=1300 total=1999 metric=ranking
[pipeline-trace] wall=18:27:25 elapsed=207.571s phase=eval event=interaction_progress trial=1 partition=1 processed=1400 total=1999 metric=ranking
[pipeline-trace] wall=18:27:25 elapsed=207.715s phase=eval event=interaction_progress trial=1 partition=1 processed=1500 total=1999 metric=ranking
[pipeline-trace] wall=18:27:25 elapsed=207.851s phase=eval event=interaction_progress trial=1 partition=1 processed=1600 total=1999 metric=ranking
[pipeline-trace] wall=18:27:25 elapsed=207.988s phase=eval event=interaction_progress trial=1 partition=1 processed=1700 total=1999 metric=ranking
[pipeline-trace] wall=18:27:25 elapsed=208.144s phase=eval event=interaction_progress trial=1 partition=1 processed=1800 total=1999 metric=ranking
[pipeline-trace] wall=18:27:25 elapsed=208.302s phase=eval event=interaction_progress trial=1 partition=1 processed=1900 total=1999 metric=ranking
[pipeline-trace] wall=18:27:26 elapsed=208.458s phase=eval event=interaction_progress trial=1 partition=1 processed=1999 total=1999 metric=ranking
[pipeline-trace] wall=18:27:26 elapsed=208.460s phase=eval event=partition_complete trial=1 partition=1 elapsed_sec=3.060 hits=1184 total=1999
[pipeline-trace] wall=18:27:26 elapsed=513.621s phase=eval event=complete trial=1 stage=1/2 stage_duration_sec=3.105
[pipeline-trace] wall=18:27:27 elapsed=515.001s phase=train event=dispatch trial=0 stage=1/1
[pipeline-trace] wall=18:28:20 elapsed=567.543s phase=train event=complete trial=0 stage=1/1 stage_duration_sec=52.542
[pipeline-trace] wall=18:28:20 elapsed=567.543s phase=train event=dispatch trial=1 stage=1/1
[pipeline-trace] wall=18:28:53 elapsed=601.242s phase=train event=complete trial=1 stage=1/1 stage_duration_sec=33.699
[pipeline-trace] wall=18:28:53 elapsed=601.242s phase=train event=dispatch trial=0 stage=1/1
[pipeline-trace] wall=18:29:35 elapsed=642.875s phase=train event=complete trial=0 stage=1/1 stage_duration_sec=41.632
[pipeline-trace] wall=18:29:35 elapsed=642.875s phase=train event=dispatch trial=1 stage=1/1
[pipeline-trace] wall=18:30:13 elapsed=680.793s phase=train event=complete trial=1 stage=1/1 stage_duration_sec=37.918
[pipeline-trace] wall=18:30:13 elapsed=680.793s phase=train event=dispatch trial=0 stage=1/2
[pipeline-trace] wall=18:30:53 elapsed=721.365s phase=train event=complete trial=0 stage=1/2 stage_duration_sec=40.572
[pipeline-trace] wall=18:30:53 elapsed=721.366s phase=train event=dispatch trial=1 stage=1/2
[pipeline-trace] wall=18:31:30 elapsed=757.936s phase=train event=complete trial=1 stage=1/2 stage_duration_sec=36.570
[pipeline-trace] wall=18:31:30 elapsed=757.936s phase=eval event=dispatch trial=0 stage=1/2
[pipeline-trace] wall=18:31:30 elapsed=235.969s phase=eval event=batch_start trial=0 partitions=[1] synthetic=False
[pipeline-trace] wall=18:31:30 elapsed=235.970s phase=eval event=partition_start trial=0 partition=1 interactions=1999
[pipeline-trace] wall=18:31:30 elapsed=235.970s phase=eval event=interaction_progress trial=0 partition=1 processed=1 total=1999 metric=ranking
[pipeline-trace] wall=18:31:30 elapsed=236.152s phase=eval event=interaction_progress trial=0 partition=1 processed=100 total=1999 metric=ranking
[pipeline-trace] wall=18:31:30 elapsed=236.274s phase=eval event=interaction_progress trial=0 partition=1 processed=200 total=1999 metric=ranking
[pipeline-trace] wall=18:31:30 elapsed=236.395s phase=eval event=interaction_progress trial=0 partition=1 processed=300 total=1999 metric=ranking
[pipeline-trace] wall=18:31:31 elapsed=236.517s phase=eval event=interaction_progress trial=0 partition=1 processed=400 total=1999 metric=ranking
[pipeline-trace] wall=18:31:31 elapsed=236.638s phase=eval event=interaction_progress trial=0 partition=1 processed=500 total=1999 metric=ranking
[pipeline-trace] wall=18:31:31 elapsed=236.759s phase=eval event=interaction_progress trial=0 partition=1 processed=600 total=1999 metric=ranking
[pipeline-trace] wall=18:31:31 elapsed=236.880s phase=eval event=interaction_progress trial=0 partition=1 processed=700 total=1999 metric=ranking
[pipeline-trace] wall=18:31:31 elapsed=237.001s phase=eval event=interaction_progress trial=0 partition=1 processed=800 total=1999 metric=ranking
[pipeline-trace] wall=18:31:31 elapsed=237.123s phase=eval event=interaction_progress trial=0 partition=1 processed=900 total=1999 metric=ranking
[pipeline-trace] wall=18:31:31 elapsed=237.245s phase=eval event=interaction_progress trial=0 partition=1 processed=1000 total=1999 metric=ranking
[pipeline-trace] wall=18:31:31 elapsed=237.365s phase=eval event=interaction_progress trial=0 partition=1 processed=1100 total=1999 metric=ranking
[pipeline-trace] wall=18:31:32 elapsed=237.487s phase=eval event=interaction_progress trial=0 partition=1 processed=1200 total=1999 metric=ranking
[pipeline-trace] wall=18:31:32 elapsed=237.607s phase=eval event=interaction_progress trial=0 partition=1 processed=1300 total=1999 metric=ranking
[pipeline-trace] wall=18:31:32 elapsed=237.728s phase=eval event=interaction_progress trial=0 partition=1 processed=1400 total=1999 metric=ranking
[pipeline-trace] wall=18:31:32 elapsed=237.849s phase=eval event=interaction_progress trial=0 partition=1 processed=1500 total=1999 metric=ranking
[pipeline-trace] wall=18:31:32 elapsed=237.969s phase=eval event=interaction_progress trial=0 partition=1 processed=1600 total=1999 metric=ranking
[pipeline-trace] wall=18:31:32 elapsed=238.089s phase=eval event=interaction_progress trial=0 partition=1 processed=1700 total=1999 metric=ranking
[pipeline-trace] wall=18:31:32 elapsed=238.211s phase=eval event=interaction_progress trial=0 partition=1 processed=1800 total=1999 metric=ranking
[pipeline-trace] wall=18:31:32 elapsed=238.332s phase=eval event=interaction_progress trial=0 partition=1 processed=1900 total=1999 metric=ranking
[pipeline-trace] wall=18:31:32 elapsed=238.451s phase=eval event=interaction_progress trial=0 partition=1 processed=1999 total=1999 metric=ranking
[pipeline-trace] wall=18:31:32 elapsed=238.452s phase=eval event=partition_complete trial=0 partition=1 elapsed_sec=2.483 hits=1395 total=1999
[pipeline-trace] wall=18:31:33 elapsed=760.504s phase=eval event=complete trial=0 stage=1/2 stage_duration_sec=2.568
[pipeline-trace] wall=18:31:33 elapsed=760.504s phase=eval event=dispatch trial=1 stage=1/2
[pipeline-trace] wall=18:31:33 elapsed=238.521s phase=eval event=batch_start trial=1 partitions=[1] synthetic=False
[pipeline-trace] wall=18:31:33 elapsed=238.521s phase=eval event=partition_start trial=1 partition=1 interactions=1999
[pipeline-trace] wall=18:31:33 elapsed=238.521s phase=eval event=interaction_progress trial=1 partition=1 processed=1 total=1999 metric=ranking
[pipeline-trace] wall=18:31:33 elapsed=238.650s phase=eval event=interaction_progress trial=1 partition=1 processed=100 total=1999 metric=ranking
[pipeline-trace] wall=18:31:33 elapsed=238.785s phase=eval event=interaction_progress trial=1 partition=1 processed=200 total=1999 metric=ranking
[pipeline-trace] wall=18:31:33 elapsed=238.922s phase=eval event=interaction_progress trial=1 partition=1 processed=300 total=1999 metric=ranking
[pipeline-trace] wall=18:31:33 elapsed=239.059s phase=eval event=interaction_progress trial=1 partition=1 processed=400 total=1999 metric=ranking
[pipeline-trace] wall=18:31:33 elapsed=239.197s phase=eval event=interaction_progress trial=1 partition=1 processed=500 total=1999 metric=ranking
[pipeline-trace] wall=18:31:33 elapsed=239.335s phase=eval event=interaction_progress trial=1 partition=1 processed=600 total=1999 metric=ranking
[pipeline-trace] wall=18:31:33 elapsed=239.475s phase=eval event=interaction_progress trial=1 partition=1 processed=700 total=1999 metric=ranking
[pipeline-trace] wall=18:31:34 elapsed=239.614s phase=eval event=interaction_progress trial=1 partition=1 processed=800 total=1999 metric=ranking
[pipeline-trace] wall=18:31:34 elapsed=239.751s phase=eval event=interaction_progress trial=1 partition=1 processed=900 total=1999 metric=ranking
[pipeline-trace] wall=18:31:34 elapsed=239.890s phase=eval event=interaction_progress trial=1 partition=1 processed=1000 total=1999 metric=ranking
[pipeline-trace] wall=18:31:34 elapsed=240.029s phase=eval event=interaction_progress trial=1 partition=1 processed=1100 total=1999 metric=ranking
[pipeline-trace] wall=18:31:34 elapsed=240.169s phase=eval event=interaction_progress trial=1 partition=1 processed=1200 total=1999 metric=ranking
[pipeline-trace] wall=18:31:34 elapsed=240.308s phase=eval event=interaction_progress trial=1 partition=1 processed=1300 total=1999 metric=ranking
[pipeline-trace] wall=18:31:34 elapsed=240.448s phase=eval event=interaction_progress trial=1 partition=1 processed=1400 total=1999 metric=ranking
[pipeline-trace] wall=18:31:35 elapsed=240.589s phase=eval event=interaction_progress trial=1 partition=1 processed=1500 total=1999 metric=ranking
[pipeline-trace] wall=18:31:35 elapsed=240.731s phase=eval event=interaction_progress trial=1 partition=1 processed=1600 total=1999 metric=ranking
[pipeline-trace] wall=18:31:35 elapsed=240.870s phase=eval event=interaction_progress trial=1 partition=1 processed=1700 total=1999 metric=ranking
[pipeline-trace] wall=18:31:35 elapsed=241.011s phase=eval event=interaction_progress trial=1 partition=1 processed=1800 total=1999 metric=ranking
[pipeline-trace] wall=18:31:35 elapsed=241.151s phase=eval event=interaction_progress trial=1 partition=1 processed=1900 total=1999 metric=ranking
[pipeline-trace] wall=18:31:35 elapsed=241.290s phase=eval event=interaction_progress trial=1 partition=1 processed=1999 total=1999 metric=ranking
[pipeline-trace] wall=18:31:35 elapsed=241.292s phase=eval event=partition_complete trial=1 partition=1 elapsed_sec=2.771 hits=395 total=1999
[pipeline-trace] wall=18:31:35 elapsed=763.330s phase=eval event=complete trial=1 stage=1/2 stage_duration_sec=2.826
[pipeline-trace] wall=18:31:36 elapsed=764.478s phase=train event=dispatch trial=0 stage=1/1
[pipeline-trace] wall=18:32:24 elapsed=812.004s phase=train event=complete trial=0 stage=1/1 stage_duration_sec=47.526
[pipeline-trace] wall=18:32:24 elapsed=812.004s phase=train event=dispatch trial=1 stage=1/1
[pipeline-trace] wall=18:33:07 elapsed=854.584s phase=train event=complete trial=1 stage=1/1 stage_duration_sec=42.580
[pipeline-trace] wall=18:33:07 elapsed=854.585s phase=train event=dispatch trial=0 stage=1/1
[pipeline-trace] wall=18:33:45 elapsed=892.513s phase=train event=complete trial=0 stage=1/1 stage_duration_sec=37.928
[pipeline-trace] wall=18:33:45 elapsed=892.513s phase=train event=dispatch trial=1 stage=1/1
[pipeline-trace] wall=18:34:23 elapsed=930.856s phase=train event=complete trial=1 stage=1/1 stage_duration_sec=38.343
[pipeline-trace] wall=18:34:23 elapsed=930.857s phase=train event=dispatch trial=0 stage=1/2
[pipeline-trace] wall=18:35:02 elapsed=970.181s phase=train event=complete trial=0 stage=1/2 stage_duration_sec=39.324
[pipeline-trace] wall=18:35:02 elapsed=970.181s phase=train event=dispatch trial=1 stage=1/2
[pipeline-trace] wall=18:35:41 elapsed=1008.888s phase=train event=complete trial=1 stage=1/2 stage_duration_sec=38.707
[pipeline-trace] wall=18:35:41 elapsed=1008.888s phase=eval event=dispatch trial=0 stage=1/2
[pipeline-trace] wall=18:35:41 elapsed=238.206s phase=eval event=batch_start trial=0 partitions=[1] synthetic=False
[pipeline-trace] wall=18:35:41 elapsed=238.206s phase=eval event=partition_start trial=0 partition=1 interactions=1999
[pipeline-trace] wall=18:35:41 elapsed=238.207s phase=eval event=interaction_progress trial=0 partition=1 processed=1 total=1999 metric=ranking
[pipeline-trace] wall=18:35:41 elapsed=238.441s phase=eval event=interaction_progress trial=0 partition=1 processed=100 total=1999 metric=ranking
[pipeline-trace] wall=18:35:41 elapsed=238.584s phase=eval event=interaction_progress trial=0 partition=1 processed=200 total=1999 metric=ranking
[pipeline-trace] wall=18:35:41 elapsed=238.722s phase=eval event=interaction_progress trial=0 partition=1 processed=300 total=1999 metric=ranking
[pipeline-trace] wall=18:35:42 elapsed=238.860s phase=eval event=interaction_progress trial=0 partition=1 processed=400 total=1999 metric=ranking
[pipeline-trace] wall=18:35:42 elapsed=238.994s phase=eval event=interaction_progress trial=0 partition=1 processed=500 total=1999 metric=ranking
[pipeline-trace] wall=18:35:42 elapsed=239.129s phase=eval event=interaction_progress trial=0 partition=1 processed=600 total=1999 metric=ranking
[pipeline-trace] wall=18:35:42 elapsed=239.263s phase=eval event=interaction_progress trial=0 partition=1 processed=700 total=1999 metric=ranking
[pipeline-trace] wall=18:35:42 elapsed=239.415s phase=eval event=interaction_progress trial=0 partition=1 processed=800 total=1999 metric=ranking
[pipeline-trace] wall=18:35:42 elapsed=239.565s phase=eval event=interaction_progress trial=0 partition=1 processed=900 total=1999 metric=ranking
[pipeline-trace] wall=18:35:42 elapsed=239.699s phase=eval event=interaction_progress trial=0 partition=1 processed=1000 total=1999 metric=ranking
[pipeline-trace] wall=18:35:43 elapsed=239.832s phase=eval event=interaction_progress trial=0 partition=1 processed=1100 total=1999 metric=ranking
[pipeline-trace] wall=18:35:43 elapsed=239.941s phase=eval event=interaction_progress trial=0 partition=1 processed=1200 total=1999 metric=ranking
[pipeline-trace] wall=18:35:43 elapsed=240.049s phase=eval event=interaction_progress trial=0 partition=1 processed=1300 total=1999 metric=ranking
[pipeline-trace] wall=18:35:43 elapsed=240.157s phase=eval event=interaction_progress trial=0 partition=1 processed=1400 total=1999 metric=ranking
[pipeline-trace] wall=18:35:43 elapsed=240.267s phase=eval event=interaction_progress trial=0 partition=1 processed=1500 total=1999 metric=ranking
[pipeline-trace] wall=18:35:43 elapsed=240.375s phase=eval event=interaction_progress trial=0 partition=1 processed=1600 total=1999 metric=ranking
[pipeline-trace] wall=18:35:43 elapsed=240.486s phase=eval event=interaction_progress trial=0 partition=1 processed=1700 total=1999 metric=ranking
[pipeline-trace] wall=18:35:43 elapsed=240.595s phase=eval event=interaction_progress trial=0 partition=1 processed=1800 total=1999 metric=ranking
[pipeline-trace] wall=18:35:43 elapsed=240.704s phase=eval event=interaction_progress trial=0 partition=1 processed=1900 total=1999 metric=ranking
[pipeline-trace] wall=18:35:44 elapsed=240.812s phase=eval event=interaction_progress trial=0 partition=1 processed=1999 total=1999 metric=ranking
[pipeline-trace] wall=18:35:44 elapsed=240.813s phase=eval event=partition_complete trial=0 partition=1 elapsed_sec=2.607 hits=596 total=1999
[pipeline-trace] wall=18:35:44 elapsed=1011.575s phase=eval event=complete trial=0 stage=1/2 stage_duration_sec=2.686
[pipeline-trace] wall=18:35:44 elapsed=1011.575s phase=eval event=dispatch trial=1 stage=1/2
[pipeline-trace] wall=18:35:44 elapsed=240.866s phase=eval event=batch_start trial=1 partitions=[1] synthetic=False
[pipeline-trace] wall=18:35:44 elapsed=240.866s phase=eval event=partition_start trial=1 partition=1 interactions=1999
[pipeline-trace] wall=18:35:44 elapsed=240.866s phase=eval event=interaction_progress trial=1 partition=1 processed=1 total=1999 metric=ranking
[pipeline-trace] wall=18:35:44 elapsed=240.972s phase=eval event=interaction_progress trial=1 partition=1 processed=100 total=1999 metric=ranking
[pipeline-trace] wall=18:35:44 elapsed=241.076s phase=eval event=interaction_progress trial=1 partition=1 processed=200 total=1999 metric=ranking
[pipeline-trace] wall=18:35:44 elapsed=241.179s phase=eval event=interaction_progress trial=1 partition=1 processed=300 total=1999 metric=ranking
[pipeline-trace] wall=18:35:44 elapsed=241.282s phase=eval event=interaction_progress trial=1 partition=1 processed=400 total=1999 metric=ranking
[pipeline-trace] wall=18:35:44 elapsed=241.398s phase=eval event=interaction_progress trial=1 partition=1 processed=500 total=1999 metric=ranking
[pipeline-trace] wall=18:35:44 elapsed=241.519s phase=eval event=interaction_progress trial=1 partition=1 processed=600 total=1999 metric=ranking
[pipeline-trace] wall=18:35:44 elapsed=241.622s phase=eval event=interaction_progress trial=1 partition=1 processed=700 total=1999 metric=ranking
[pipeline-trace] wall=18:35:44 elapsed=241.725s phase=eval event=interaction_progress trial=1 partition=1 processed=800 total=1999 metric=ranking
[pipeline-trace] wall=18:35:45 elapsed=241.828s phase=eval event=interaction_progress trial=1 partition=1 processed=900 total=1999 metric=ranking
[pipeline-trace] wall=18:35:45 elapsed=241.931s phase=eval event=interaction_progress trial=1 partition=1 processed=1000 total=1999 metric=ranking
[pipeline-trace] wall=18:35:45 elapsed=242.035s phase=eval event=interaction_progress trial=1 partition=1 processed=1100 total=1999 metric=ranking
[pipeline-trace] wall=18:35:45 elapsed=242.138s phase=eval event=interaction_progress trial=1 partition=1 processed=1200 total=1999 metric=ranking
[pipeline-trace] wall=18:35:45 elapsed=242.241s phase=eval event=interaction_progress trial=1 partition=1 processed=1300 total=1999 metric=ranking
[pipeline-trace] wall=18:35:45 elapsed=242.344s phase=eval event=interaction_progress trial=1 partition=1 processed=1400 total=1999 metric=ranking
[pipeline-trace] wall=18:35:45 elapsed=242.447s phase=eval event=interaction_progress trial=1 partition=1 processed=1500 total=1999 metric=ranking
[pipeline-trace] wall=18:35:45 elapsed=242.570s phase=eval event=interaction_progress trial=1 partition=1 processed=1600 total=1999 metric=ranking
[pipeline-trace] wall=18:35:45 elapsed=242.677s phase=eval event=interaction_progress trial=1 partition=1 processed=1700 total=1999 metric=ranking
[pipeline-trace] wall=18:35:46 elapsed=242.779s phase=eval event=interaction_progress trial=1 partition=1 processed=1800 total=1999 metric=ranking
[pipeline-trace] wall=18:35:46 elapsed=242.882s phase=eval event=interaction_progress trial=1 partition=1 processed=1900 total=1999 metric=ranking
[pipeline-trace] wall=18:35:46 elapsed=242.985s phase=eval event=interaction_progress trial=1 partition=1 processed=1999 total=1999 metric=ranking
[pipeline-trace] wall=18:35:46 elapsed=242.986s phase=eval event=partition_complete trial=1 partition=1 elapsed_sec=2.120 hits=1482 total=1999
[pipeline-trace] wall=18:35:46 elapsed=1013.746s phase=eval event=complete trial=1 stage=1/2 stage_duration_sec=2.171
[pipeline-trace] wall=18:35:47 elapsed=1014.764s phase=train event=dispatch trial=0 stage=1/1
[pipeline-trace] wall=18:37:01 elapsed=1088.660s phase=train event=complete trial=0 stage=1/1 stage_duration_sec=73.896
[pipeline-trace] wall=18:37:01 elapsed=1088.660s phase=train event=dispatch trial=1 stage=1/1
[pipeline-trace] wall=18:37:48 elapsed=1136.435s phase=train event=complete trial=1 stage=1/1 stage_duration_sec=47.774
[pipeline-trace] wall=18:37:48 elapsed=1136.435s phase=train event=dispatch trial=0 stage=1/1
[pipeline-trace] wall=18:38:49 elapsed=1196.945s phase=train event=complete trial=0 stage=1/1 stage_duration_sec=60.510
[pipeline-trace] wall=18:38:49 elapsed=1196.945s phase=train event=dispatch trial=1 stage=1/1
[pipeline-trace] wall=18:39:39 elapsed=1247.167s phase=train event=complete trial=1 stage=1/1 stage_duration_sec=50.223
[pipeline-trace] wall=18:39:39 elapsed=1247.168s phase=train event=dispatch trial=0 stage=1/2
[pipeline-trace] wall=18:40:39 elapsed=1306.949s phase=train event=complete trial=0 stage=1/2 stage_duration_sec=59.781
[pipeline-trace] wall=18:40:39 elapsed=1306.949s phase=train event=dispatch trial=1 stage=1/2
[pipeline-trace] wall=18:41:23 elapsed=1351.144s phase=train event=complete trial=1 stage=1/2 stage_duration_sec=44.195
[pipeline-trace] wall=18:41:23 elapsed=1351.144s phase=eval event=dispatch trial=0 stage=1/2
[pipeline-trace] wall=18:41:23 elapsed=322.748s phase=eval event=batch_start trial=0 partitions=[1] synthetic=False
[pipeline-trace] wall=18:41:23 elapsed=322.748s phase=eval event=partition_start trial=0 partition=1 interactions=1999
[pipeline-trace] wall=18:41:23 elapsed=322.748s phase=eval event=interaction_progress trial=0 partition=1 processed=1 total=1999 metric=ranking
[pipeline-trace] wall=18:41:23 elapsed=322.957s phase=eval event=interaction_progress trial=0 partition=1 processed=100 total=1999 metric=ranking
[pipeline-trace] wall=18:41:24 elapsed=323.137s phase=eval event=interaction_progress trial=0 partition=1 processed=200 total=1999 metric=ranking
[pipeline-trace] wall=18:41:24 elapsed=323.318s phase=eval event=interaction_progress trial=0 partition=1 processed=300 total=1999 metric=ranking
[pipeline-trace] wall=18:41:24 elapsed=323.499s phase=eval event=interaction_progress trial=0 partition=1 processed=400 total=1999 metric=ranking
[pipeline-trace] wall=18:41:24 elapsed=323.679s phase=eval event=interaction_progress trial=0 partition=1 processed=500 total=1999 metric=ranking
[pipeline-trace] wall=18:41:24 elapsed=323.862s phase=eval event=interaction_progress trial=0 partition=1 processed=600 total=1999 metric=ranking
[pipeline-trace] wall=18:41:24 elapsed=324.042s phase=eval event=interaction_progress trial=0 partition=1 processed=700 total=1999 metric=ranking
[pipeline-trace] wall=18:41:25 elapsed=324.223s phase=eval event=interaction_progress trial=0 partition=1 processed=800 total=1999 metric=ranking
[pipeline-trace] wall=18:41:25 elapsed=324.405s phase=eval event=interaction_progress trial=0 partition=1 processed=900 total=1999 metric=ranking
[pipeline-trace] wall=18:41:25 elapsed=324.584s phase=eval event=interaction_progress trial=0 partition=1 processed=1000 total=1999 metric=ranking
[pipeline-trace] wall=18:41:25 elapsed=324.765s phase=eval event=interaction_progress trial=0 partition=1 processed=1100 total=1999 metric=ranking
[pipeline-trace] wall=18:41:25 elapsed=324.946s phase=eval event=interaction_progress trial=0 partition=1 processed=1200 total=1999 metric=ranking
[pipeline-trace] wall=18:41:26 elapsed=325.122s phase=eval event=interaction_progress trial=0 partition=1 processed=1300 total=1999 metric=ranking
[pipeline-trace] wall=18:41:26 elapsed=325.296s phase=eval event=interaction_progress trial=0 partition=1 processed=1400 total=1999 metric=ranking
[pipeline-trace] wall=18:41:26 elapsed=325.470s phase=eval event=interaction_progress trial=0 partition=1 processed=1500 total=1999 metric=ranking
[pipeline-trace] wall=18:41:26 elapsed=325.646s phase=eval event=interaction_progress trial=0 partition=1 processed=1600 total=1999 metric=ranking
[pipeline-trace] wall=18:41:26 elapsed=325.821s phase=eval event=interaction_progress trial=0 partition=1 processed=1700 total=1999 metric=ranking
[pipeline-trace] wall=18:41:26 elapsed=325.996s phase=eval event=interaction_progress trial=0 partition=1 processed=1800 total=1999 metric=ranking
[pipeline-trace] wall=18:41:27 elapsed=326.174s phase=eval event=interaction_progress trial=0 partition=1 processed=1900 total=1999 metric=ranking
[pipeline-trace] wall=18:41:27 elapsed=326.365s phase=eval event=interaction_progress trial=0 partition=1 processed=1999 total=1999 metric=ranking
[pipeline-trace] wall=18:41:27 elapsed=326.367s phase=eval event=partition_complete trial=0 partition=1 elapsed_sec=3.620 hits=1591 total=1999
[pipeline-trace] wall=18:41:27 elapsed=1354.843s phase=eval event=complete trial=0 stage=1/2 stage_duration_sec=3.699
[pipeline-trace] wall=18:41:27 elapsed=1354.844s phase=eval event=dispatch trial=1 stage=1/2
[pipeline-trace] wall=18:41:27 elapsed=326.458s phase=eval event=batch_start trial=1 partitions=[1] synthetic=False
[pipeline-trace] wall=18:41:27 elapsed=326.458s phase=eval event=partition_start trial=1 partition=1 interactions=1999
[pipeline-trace] wall=18:41:27 elapsed=326.459s phase=eval event=interaction_progress trial=1 partition=1 processed=1 total=1999 metric=ranking
[pipeline-trace] wall=18:41:27 elapsed=326.621s phase=eval event=interaction_progress trial=1 partition=1 processed=100 total=1999 metric=ranking
[pipeline-trace] wall=18:41:27 elapsed=326.785s phase=eval event=interaction_progress trial=1 partition=1 processed=200 total=1999 metric=ranking
[pipeline-trace] wall=18:41:27 elapsed=326.947s phase=eval event=interaction_progress trial=1 partition=1 processed=300 total=1999 metric=ranking
[pipeline-trace] wall=18:41:28 elapsed=327.116s phase=eval event=interaction_progress trial=1 partition=1 processed=400 total=1999 metric=ranking
[pipeline-trace] wall=18:41:28 elapsed=327.288s phase=eval event=interaction_progress trial=1 partition=1 processed=500 total=1999 metric=ranking
[pipeline-trace] wall=18:41:28 elapsed=327.463s phase=eval event=interaction_progress trial=1 partition=1 processed=600 total=1999 metric=ranking
[pipeline-trace] wall=18:41:28 elapsed=327.642s phase=eval event=interaction_progress trial=1 partition=1 processed=700 total=1999 metric=ranking
[pipeline-trace] wall=18:41:28 elapsed=327.816s phase=eval event=interaction_progress trial=1 partition=1 processed=800 total=1999 metric=ranking
[pipeline-trace] wall=18:41:28 elapsed=327.994s phase=eval event=interaction_progress trial=1 partition=1 processed=900 total=1999 metric=ranking
[pipeline-trace] wall=18:41:29 elapsed=328.175s phase=eval event=interaction_progress trial=1 partition=1 processed=1000 total=1999 metric=ranking
[pipeline-trace] wall=18:41:29 elapsed=328.353s phase=eval event=interaction_progress trial=1 partition=1 processed=1100 total=1999 metric=ranking
[pipeline-trace] wall=18:41:29 elapsed=328.532s phase=eval event=interaction_progress trial=1 partition=1 processed=1200 total=1999 metric=ranking
[pipeline-trace] wall=18:41:29 elapsed=328.709s phase=eval event=interaction_progress trial=1 partition=1 processed=1300 total=1999 metric=ranking
[pipeline-trace] wall=18:41:29 elapsed=328.887s phase=eval event=interaction_progress trial=1 partition=1 processed=1400 total=1999 metric=ranking
[pipeline-trace] wall=18:41:30 elapsed=329.066s phase=eval event=interaction_progress trial=1 partition=1 processed=1500 total=1999 metric=ranking
[pipeline-trace] wall=18:41:30 elapsed=329.197s phase=eval event=interaction_progress trial=1 partition=1 processed=1600 total=1999 metric=ranking
[pipeline-trace] wall=18:41:30 elapsed=329.314s phase=eval event=interaction_progress trial=1 partition=1 processed=1700 total=1999 metric=ranking
[pipeline-trace] wall=18:41:30 elapsed=329.432s phase=eval event=interaction_progress trial=1 partition=1 processed=1800 total=1999 metric=ranking
[pipeline-trace] wall=18:41:30 elapsed=329.553s phase=eval event=interaction_progress trial=1 partition=1 processed=1900 total=1999 metric=ranking
[pipeline-trace] wall=18:41:30 elapsed=329.697s phase=eval event=interaction_progress trial=1 partition=1 processed=1999 total=1999 metric=ranking
[pipeline-trace] wall=18:41:30 elapsed=329.699s phase=eval event=partition_complete trial=1 partition=1 elapsed_sec=3.240 hits=1836 total=1999
[pipeline-trace] wall=18:41:30 elapsed=1358.171s phase=eval event=complete trial=1 stage=1/2 stage_duration_sec=3.327
[pipeline-trace] wall=18:41:31 elapsed=1359.312s phase=train event=dispatch trial=0 stage=1/1
[pipeline-trace] wall=18:42:22 elapsed=1409.583s phase=train event=complete trial=0 stage=1/1 stage_duration_sec=50.271
[pipeline-trace] wall=18:42:22 elapsed=1409.583s phase=train event=dispatch trial=1 stage=1/1
[pipeline-trace] wall=18:42:53 elapsed=1441.351s phase=train event=complete trial=1 stage=1/1 stage_duration_sec=31.768
[pipeline-trace] wall=18:42:53 elapsed=1441.351s phase=train event=dispatch trial=0 stage=1/1
[pipeline-trace] wall=18:43:39 elapsed=1487.463s phase=train event=complete trial=0 stage=1/1 stage_duration_sec=46.112
[pipeline-trace] wall=18:43:39 elapsed=1487.463s phase=train event=dispatch trial=1 stage=1/1
[pipeline-trace] wall=18:44:09 elapsed=1517.126s phase=train event=complete trial=1 stage=1/1 stage_duration_sec=29.663
[pipeline-trace] wall=18:44:09 elapsed=1517.126s phase=train event=dispatch trial=0 stage=1/2
[pipeline-trace] wall=18:44:49 elapsed=1557.472s phase=train event=complete trial=0 stage=1/2 stage_duration_sec=40.346
[pipeline-trace] wall=18:44:49 elapsed=1557.472s phase=train event=dispatch trial=1 stage=1/2
[pipeline-trace] wall=18:45:25 elapsed=1592.546s phase=train event=complete trial=1 stage=1/2 stage_duration_sec=35.074
[pipeline-trace] wall=18:45:25 elapsed=1592.546s phase=eval event=dispatch trial=0 stage=1/2
[pipeline-trace] wall=18:45:25 elapsed=226.773s phase=eval event=batch_start trial=0 partitions=[1] synthetic=False
[pipeline-trace] wall=18:45:25 elapsed=226.773s phase=eval event=partition_start trial=0 partition=1 interactions=1999
[pipeline-trace] wall=18:45:25 elapsed=226.773s phase=eval event=interaction_progress trial=0 partition=1 processed=1 total=1999 metric=ranking
[pipeline-trace] wall=18:45:25 elapsed=226.979s phase=eval event=interaction_progress trial=0 partition=1 processed=100 total=1999 metric=ranking
[pipeline-trace] wall=18:45:25 elapsed=227.112s phase=eval event=interaction_progress trial=0 partition=1 processed=200 total=1999 metric=ranking
[pipeline-trace] wall=18:45:25 elapsed=227.245s phase=eval event=interaction_progress trial=0 partition=1 processed=300 total=1999 metric=ranking
[pipeline-trace] wall=18:45:25 elapsed=227.378s phase=eval event=interaction_progress trial=0 partition=1 processed=400 total=1999 metric=ranking
[pipeline-trace] wall=18:45:25 elapsed=227.512s phase=eval event=interaction_progress trial=0 partition=1 processed=500 total=1999 metric=ranking
[pipeline-trace] wall=18:45:25 elapsed=227.646s phase=eval event=interaction_progress trial=0 partition=1 processed=600 total=1999 metric=ranking
[pipeline-trace] wall=18:45:26 elapsed=227.779s phase=eval event=interaction_progress trial=0 partition=1 processed=700 total=1999 metric=ranking
[pipeline-trace] wall=18:45:26 elapsed=227.913s phase=eval event=interaction_progress trial=0 partition=1 processed=800 total=1999 metric=ranking
[pipeline-trace] wall=18:45:26 elapsed=228.046s phase=eval event=interaction_progress trial=0 partition=1 processed=900 total=1999 metric=ranking
[pipeline-trace] wall=18:45:26 elapsed=228.178s phase=eval event=interaction_progress trial=0 partition=1 processed=1000 total=1999 metric=ranking
[pipeline-trace] wall=18:45:26 elapsed=228.311s phase=eval event=interaction_progress trial=0 partition=1 processed=1100 total=1999 metric=ranking
[pipeline-trace] wall=18:45:26 elapsed=228.444s phase=eval event=interaction_progress trial=0 partition=1 processed=1200 total=1999 metric=ranking
[pipeline-trace] wall=18:45:26 elapsed=228.578s phase=eval event=interaction_progress trial=0 partition=1 processed=1300 total=1999 metric=ranking
[pipeline-trace] wall=18:45:27 elapsed=228.712s phase=eval event=interaction_progress trial=0 partition=1 processed=1400 total=1999 metric=ranking
[pipeline-trace] wall=18:45:27 elapsed=228.845s phase=eval event=interaction_progress trial=0 partition=1 processed=1500 total=1999 metric=ranking
[pipeline-trace] wall=18:45:27 elapsed=228.978s phase=eval event=interaction_progress trial=0 partition=1 processed=1600 total=1999 metric=ranking
[pipeline-trace] wall=18:45:27 elapsed=229.111s phase=eval event=interaction_progress trial=0 partition=1 processed=1700 total=1999 metric=ranking
[pipeline-trace] wall=18:45:27 elapsed=229.244s phase=eval event=interaction_progress trial=0 partition=1 processed=1800 total=1999 metric=ranking
[pipeline-trace] wall=18:45:27 elapsed=229.376s phase=eval event=interaction_progress trial=0 partition=1 processed=1900 total=1999 metric=ranking
[pipeline-trace] wall=18:45:27 elapsed=229.508s phase=eval event=interaction_progress trial=0 partition=1 processed=1999 total=1999 metric=ranking
[pipeline-trace] wall=18:45:27 elapsed=229.510s phase=eval event=partition_complete trial=0 partition=1 elapsed_sec=2.736 hits=596 total=1999
[pipeline-trace] wall=18:45:27 elapsed=1595.348s phase=eval event=complete trial=0 stage=1/2 stage_duration_sec=2.802
[pipeline-trace] wall=18:45:27 elapsed=1595.349s phase=eval event=dispatch trial=1 stage=1/2
[pipeline-trace] wall=18:45:27 elapsed=229.569s phase=eval event=batch_start trial=1 partitions=[1] synthetic=False
[pipeline-trace] wall=18:45:27 elapsed=229.569s phase=eval event=partition_start trial=1 partition=1 interactions=1999
[pipeline-trace] wall=18:45:27 elapsed=229.570s phase=eval event=interaction_progress trial=1 partition=1 processed=1 total=1999 metric=ranking
[pipeline-trace] wall=18:45:28 elapsed=229.700s phase=eval event=interaction_progress trial=1 partition=1 processed=100 total=1999 metric=ranking
[pipeline-trace] wall=18:45:28 elapsed=229.831s phase=eval event=interaction_progress trial=1 partition=1 processed=200 total=1999 metric=ranking
[pipeline-trace] wall=18:45:28 elapsed=229.963s phase=eval event=interaction_progress trial=1 partition=1 processed=300 total=1999 metric=ranking
[pipeline-trace] wall=18:45:28 elapsed=230.094s phase=eval event=interaction_progress trial=1 partition=1 processed=400 total=1999 metric=ranking
[pipeline-trace] wall=18:45:28 elapsed=230.226s phase=eval event=interaction_progress trial=1 partition=1 processed=500 total=1999 metric=ranking
[pipeline-trace] wall=18:45:28 elapsed=230.357s phase=eval event=interaction_progress trial=1 partition=1 processed=600 total=1999 metric=ranking
[pipeline-trace] wall=18:45:28 elapsed=230.488s phase=eval event=interaction_progress trial=1 partition=1 processed=700 total=1999 metric=ranking
[pipeline-trace] wall=18:45:28 elapsed=230.620s phase=eval event=interaction_progress trial=1 partition=1 processed=800 total=1999 metric=ranking
[pipeline-trace] wall=18:45:29 elapsed=230.755s phase=eval event=interaction_progress trial=1 partition=1 processed=900 total=1999 metric=ranking
[pipeline-trace] wall=18:45:29 elapsed=230.888s phase=eval event=interaction_progress trial=1 partition=1 processed=1000 total=1999 metric=ranking
[pipeline-trace] wall=18:45:29 elapsed=231.020s phase=eval event=interaction_progress trial=1 partition=1 processed=1100 total=1999 metric=ranking
[pipeline-trace] wall=18:45:29 elapsed=231.151s phase=eval event=interaction_progress trial=1 partition=1 processed=1200 total=1999 metric=ranking
[pipeline-trace] wall=18:45:29 elapsed=231.283s phase=eval event=interaction_progress trial=1 partition=1 processed=1300 total=1999 metric=ranking
[pipeline-trace] wall=18:45:29 elapsed=231.415s phase=eval event=interaction_progress trial=1 partition=1 processed=1400 total=1999 metric=ranking
[pipeline-trace] wall=18:45:29 elapsed=231.547s phase=eval event=interaction_progress trial=1 partition=1 processed=1500 total=1999 metric=ranking
[pipeline-trace] wall=18:45:29 elapsed=231.679s phase=eval event=interaction_progress trial=1 partition=1 processed=1600 total=1999 metric=ranking
[pipeline-trace] wall=18:45:30 elapsed=231.801s phase=eval event=interaction_progress trial=1 partition=1 processed=1700 total=1999 metric=ranking
[pipeline-trace] wall=18:45:30 elapsed=231.907s phase=eval event=interaction_progress trial=1 partition=1 processed=1800 total=1999 metric=ranking
[pipeline-trace] wall=18:45:30 elapsed=232.014s phase=eval event=interaction_progress trial=1 partition=1 processed=1900 total=1999 metric=ranking
[pipeline-trace] wall=18:45:30 elapsed=232.118s phase=eval event=interaction_progress trial=1 partition=1 processed=1999 total=1999 metric=ranking
[pipeline-trace] wall=18:45:30 elapsed=232.120s phase=eval event=partition_complete trial=1 partition=1 elapsed_sec=2.550 hits=412 total=1999
[pipeline-trace] wall=18:45:30 elapsed=1597.952s phase=eval event=complete trial=1 stage=1/2 stage_duration_sec=2.603
