
======================================================================
[GraphNAS] Starting data-parallel search
[GraphNAS] Coarse trials: 50, epochs: 3, workers: 3
======================================================================

[Timing] Timing log: outputs/comprehensive_comparison/seed_1000/data_parallel/timing_log.csv
2026-06-15 21:54:40,846	INFO worker.py:1812 -- Started a local Ray instance. View the dashboard at [1m[32mhttp://127.0.0.1:8268 [39m[22m
[36m(_DataParallelWorker pid=950424)[0m /usr/local/anaconda3/lib/python3.11/site-packages/torch/storage.py:414: FutureWarning: You are using `torch.load` with `weights_only=False` (the current default value), which uses the default pickle module implicitly. It is possible to construct malicious pickle data which will execute arbitrary code during unpickling (See https://github.com/pytorch/pytorch/blob/main/SECURITY.md#untrusted-models for more details). In a future release, the default value for `weights_only` will be flipped to `True`. This limits the functions that could be executed during unpickling. Arbitrary objects will no longer be allowed to be loaded via this mode unless they are explicitly allowlisted by the user via `torch.serialization.add_safe_globals`. We recommend you start setting `weights_only=True` for any use case where you don't have full control of the loaded file. Please open an issue on GitHub for any issues related to this experimental feature.
[36m(_DataParallelWorker pid=950424)[0m   return torch.load(io.BytesIO(b))
/usr/local/anaconda3/lib/python3.11/site-packages/torch/storage.py:414: FutureWarning: You are using `torch.load` with `weights_only=False` (the current default value), which uses the default pickle module implicitly. It is possible to construct malicious pickle data which will execute arbitrary code during unpickling (See https://github.com/pytorch/pytorch/blob/main/SECURITY.md#untrusted-models for more details). In a future release, the default value for `weights_only` will be flipped to `True`. This limits the functions that could be executed during unpickling. Arbitrary objects will no longer be allowed to be loaded via this mode unless they are explicitly allowlisted by the user via `torch.serialization.add_safe_globals`. We recommend you start setting `weights_only=True` for any use case where you don't have full control of the loaded file. Please open an issue on GitHub for any issues related to this experimental feature.
  return torch.load(io.BytesIO(b))
[DataParallel batch-sync] trial=0 epoch=1/3 partition=0 interactions=4000/14000
[DataParallel batch-sync] trial=0 epoch=1/3 partition=0 interactions=8000/14000
[DataParallel batch-sync] trial=0 epoch=1/3 partition=0 interactions=12000/14000
[DataParallel batch-sync] trial=0 epoch=1/3 partition=0 interactions=14000/14000
[DataParallel batch-sync] trial=0 epoch=2/3 partition=0 interactions=4000/14000
[DataParallel batch-sync] trial=0 epoch=2/3 partition=0 interactions=8000/14000
[DataParallel batch-sync] trial=0 epoch=2/3 partition=0 interactions=12000/14000
[DataParallel batch-sync] trial=0 epoch=2/3 partition=0 interactions=14000/14000
[DataParallel batch-sync] trial=0 epoch=3/3 partition=0 interactions=4000/14000
[DataParallel batch-sync] trial=0 epoch=3/3 partition=0 interactions=8000/14000
[DataParallel batch-sync] trial=0 epoch=3/3 partition=0 interactions=12000/14000
[DataParallel batch-sync] trial=0 epoch=3/3 partition=0 interactions=14000/14000
[DataParallel 1/50] model=jodie_rnn agg=none memory=lstm val_score=0.4962
[DataParallel batch-sync] trial=0 epoch=1/3 partition=0 interactions=4000/14000
[DataParallel batch-sync] trial=0 epoch=1/3 partition=0 interactions=8000/14000
[DataParallel batch-sync] trial=0 epoch=1/3 partition=0 interactions=12000/14000
[DataParallel batch-sync] trial=0 epoch=1/3 partition=0 interactions=14000/14000
[DataParallel batch-sync] trial=0 epoch=2/3 partition=0 interactions=4000/14000
[DataParallel batch-sync] trial=0 epoch=2/3 partition=0 interactions=8000/14000
[DataParallel batch-sync] trial=0 epoch=2/3 partition=0 interactions=12000/14000
[DataParallel batch-sync] trial=0 epoch=2/3 partition=0 interactions=14000/14000
[DataParallel batch-sync] trial=0 epoch=3/3 partition=0 interactions=4000/14000
[DataParallel batch-sync] trial=0 epoch=3/3 partition=0 interactions=8000/14000
[DataParallel batch-sync] trial=0 epoch=3/3 partition=0 interactions=12000/14000
[DataParallel batch-sync] trial=0 epoch=3/3 partition=0 interactions=14000/14000
[DataParallel 2/50] model=jodie_rnn agg=none memory=lstm val_score=0.3176
[DataParallel batch-sync] trial=0 epoch=1/3 partition=0 interactions=4000/14000
[DataParallel batch-sync] trial=0 epoch=1/3 partition=0 interactions=8000/14000
[DataParallel batch-sync] trial=0 epoch=1/3 partition=0 interactions=12000/14000
[DataParallel batch-sync] trial=0 epoch=1/3 partition=0 interactions=14000/14000
[DataParallel batch-sync] trial=0 epoch=2/3 partition=0 interactions=4000/14000
[DataParallel batch-sync] trial=0 epoch=2/3 partition=0 interactions=8000/14000
[DataParallel batch-sync] trial=0 epoch=2/3 partition=0 interactions=12000/14000
[DataParallel batch-sync] trial=0 epoch=2/3 partition=0 interactions=14000/14000
[DataParallel batch-sync] trial=0 epoch=3/3 partition=0 interactions=4000/14000
[DataParallel batch-sync] trial=0 epoch=3/3 partition=0 interactions=8000/14000
[DataParallel batch-sync] trial=0 epoch=3/3 partition=0 interactions=12000/14000
[DataParallel batch-sync] trial=0 epoch=3/3 partition=0 interactions=14000/14000
[DataParallel 3/50] model=jodie_rnn agg=none memory=lstm val_score=0.4239
[DataParallel batch-sync] trial=0 epoch=1/3 partition=0 interactions=4000/14000
[DataParallel batch-sync] trial=0 epoch=1/3 partition=0 interactions=8000/14000
[DataParallel batch-sync] trial=0 epoch=1/3 partition=0 interactions=12000/14000
[DataParallel batch-sync] trial=0 epoch=1/3 partition=0 interactions=14000/14000
[DataParallel batch-sync] trial=0 epoch=2/3 partition=0 interactions=4000/14000
[DataParallel batch-sync] trial=0 epoch=2/3 partition=0 interactions=8000/14000
[DataParallel batch-sync] trial=0 epoch=2/3 partition=0 interactions=12000/14000
[DataParallel batch-sync] trial=0 epoch=2/3 partition=0 interactions=14000/14000
[DataParallel batch-sync] trial=0 epoch=3/3 partition=0 interactions=4000/14000
[DataParallel batch-sync] trial=0 epoch=3/3 partition=0 interactions=8000/14000
[DataParallel batch-sync] trial=0 epoch=3/3 partition=0 interactions=12000/14000
[DataParallel batch-sync] trial=0 epoch=3/3 partition=0 interactions=14000/14000
[DataParallel 4/50] model=jodie_rnn agg=none memory=lstm val_score=0.3757
[DataParallel batch-sync] trial=0 epoch=1/3 partition=0 interactions=4000/14000
[DataParallel batch-sync] trial=0 epoch=1/3 partition=0 interactions=8000/14000
[DataParallel batch-sync] trial=0 epoch=1/3 partition=0 interactions=12000/14000
[DataParallel batch-sync] trial=0 epoch=1/3 partition=0 interactions=14000/14000
[DataParallel batch-sync] trial=0 epoch=2/3 partition=0 interactions=4000/14000
[DataParallel batch-sync] trial=0 epoch=2/3 partition=0 interactions=8000/14000
[DataParallel batch-sync] trial=0 epoch=2/3 partition=0 interactions=12000/14000
[DataParallel batch-sync] trial=0 epoch=2/3 partition=0 interactions=14000/14000
[DataParallel batch-sync] trial=0 epoch=3/3 partition=0 interactions=4000/14000
[DataParallel batch-sync] trial=0 epoch=3/3 partition=0 interactions=8000/14000
[DataParallel batch-sync] trial=0 epoch=3/3 partition=0 interactions=12000/14000
[DataParallel batch-sync] trial=0 epoch=3/3 partition=0 interactions=14000/14000
[DataParallel 5/50] model=jodie_rnn agg=none memory=lstm val_score=0.5362
[DataParallel batch-sync] trial=0 epoch=1/3 partition=0 interactions=4000/14000
[DataParallel batch-sync] trial=0 epoch=1/3 partition=0 interactions=8000/14000
[DataParallel batch-sync] trial=0 epoch=1/3 partition=0 interactions=12000/14000
[DataParallel batch-sync] trial=0 epoch=1/3 partition=0 interactions=14000/14000
[DataParallel batch-sync] trial=0 epoch=2/3 partition=0 interactions=4000/14000
[DataParallel batch-sync] trial=0 epoch=2/3 partition=0 interactions=8000/14000
[DataParallel batch-sync] trial=0 epoch=2/3 partition=0 interactions=12000/14000
[DataParallel batch-sync] trial=0 epoch=2/3 partition=0 interactions=14000/14000
[DataParallel batch-sync] trial=0 epoch=3/3 partition=0 interactions=4000/14000
[DataParallel batch-sync] trial=0 epoch=3/3 partition=0 interactions=8000/14000
[DataParallel batch-sync] trial=0 epoch=3/3 partition=0 interactions=12000/14000
[DataParallel batch-sync] trial=0 epoch=3/3 partition=0 interactions=14000/14000
[DataParallel 6/50] model=jodie_rnn agg=none memory=gru val_score=0.1194
[DataParallel batch-sync] trial=0 epoch=1/3 partition=0 interactions=4000/14000
[DataParallel batch-sync] trial=0 epoch=1/3 partition=0 interactions=8000/14000
[DataParallel batch-sync] trial=0 epoch=1/3 partition=0 interactions=12000/14000
[DataParallel batch-sync] trial=0 epoch=1/3 partition=0 interactions=14000/14000
[DataParallel batch-sync] trial=0 epoch=2/3 partition=0 interactions=4000/14000
[DataParallel batch-sync] trial=0 epoch=2/3 partition=0 interactions=8000/14000
[DataParallel batch-sync] trial=0 epoch=2/3 partition=0 interactions=12000/14000
[DataParallel batch-sync] trial=0 epoch=2/3 partition=0 interactions=14000/14000
[DataParallel batch-sync] trial=0 epoch=3/3 partition=0 interactions=4000/14000
[DataParallel batch-sync] trial=0 epoch=3/3 partition=0 interactions=8000/14000
[DataParallel batch-sync] trial=0 epoch=3/3 partition=0 interactions=12000/14000
[DataParallel batch-sync] trial=0 epoch=3/3 partition=0 interactions=14000/14000
[DataParallel 7/50] model=jodie_rnn agg=none memory=gru val_score=0.5926
[DataParallel batch-sync] trial=0 epoch=1/3 partition=0 interactions=4000/14000
[DataParallel batch-sync] trial=0 epoch=1/3 partition=0 interactions=8000/14000
[DataParallel batch-sync] trial=0 epoch=1/3 partition=0 interactions=12000/14000
[DataParallel batch-sync] trial=0 epoch=1/3 partition=0 interactions=14000/14000
[DataParallel batch-sync] trial=0 epoch=2/3 partition=0 interactions=4000/14000
[DataParallel batch-sync] trial=0 epoch=2/3 partition=0 interactions=8000/14000
[DataParallel batch-sync] trial=0 epoch=2/3 partition=0 interactions=12000/14000
[DataParallel batch-sync] trial=0 epoch=2/3 partition=0 interactions=14000/14000
[DataParallel batch-sync] trial=0 epoch=3/3 partition=0 interactions=4000/14000
[DataParallel batch-sync] trial=0 epoch=3/3 partition=0 interactions=8000/14000
[DataParallel batch-sync] trial=0 epoch=3/3 partition=0 interactions=12000/14000
[DataParallel batch-sync] trial=0 epoch=3/3 partition=0 interactions=14000/14000
[DataParallel 8/50] model=jodie_rnn agg=none memory=lstm val_score=0.4959
[DataParallel batch-sync] trial=0 epoch=1/3 partition=0 interactions=4000/14000
[DataParallel batch-sync] trial=0 epoch=1/3 partition=0 interactions=8000/14000
[DataParallel batch-sync] trial=0 epoch=1/3 partition=0 interactions=12000/14000
[DataParallel batch-sync] trial=0 epoch=1/3 partition=0 interactions=14000/14000
[DataParallel batch-sync] trial=0 epoch=2/3 partition=0 interactions=4000/14000
[DataParallel batch-sync] trial=0 epoch=2/3 partition=0 interactions=8000/14000
[DataParallel batch-sync] trial=0 epoch=2/3 partition=0 interactions=12000/14000
[DataParallel batch-sync] trial=0 epoch=2/3 partition=0 interactions=14000/14000
[DataParallel batch-sync] trial=0 epoch=3/3 partition=0 interactions=4000/14000
[DataParallel batch-sync] trial=0 epoch=3/3 partition=0 interactions=8000/14000
[DataParallel batch-sync] trial=0 epoch=3/3 partition=0 interactions=12000/14000
[DataParallel batch-sync] trial=0 epoch=3/3 partition=0 interactions=14000/14000
[DataParallel 9/50] model=jodie_rnn agg=none memory=rnn val_score=0.8330
[DataParallel batch-sync] trial=0 epoch=1/3 partition=0 interactions=4000/14000
[DataParallel batch-sync] trial=0 epoch=1/3 partition=0 interactions=8000/14000
[DataParallel batch-sync] trial=0 epoch=1/3 partition=0 interactions=12000/14000
[DataParallel batch-sync] trial=0 epoch=1/3 partition=0 interactions=14000/14000
[DataParallel batch-sync] trial=0 epoch=2/3 partition=0 interactions=4000/14000
[DataParallel batch-sync] trial=0 epoch=2/3 partition=0 interactions=8000/14000
[DataParallel batch-sync] trial=0 epoch=2/3 partition=0 interactions=12000/14000
[DataParallel batch-sync] trial=0 epoch=2/3 partition=0 interactions=14000/14000
[DataParallel batch-sync] trial=0 epoch=3/3 partition=0 interactions=4000/14000
[DataParallel batch-sync] trial=0 epoch=3/3 partition=0 interactions=8000/14000
[DataParallel batch-sync] trial=0 epoch=3/3 partition=0 interactions=12000/14000
[DataParallel batch-sync] trial=0 epoch=3/3 partition=0 interactions=14000/14000
[DataParallel 10/50] model=jodie_rnn agg=none memory=rnn val_score=0.4981
[DataParallel batch-sync] trial=0 epoch=1/3 partition=0 interactions=4000/14000
[DataParallel batch-sync] trial=0 epoch=1/3 partition=0 interactions=8000/14000
[DataParallel batch-sync] trial=0 epoch=1/3 partition=0 interactions=12000/14000
[DataParallel batch-sync] trial=0 epoch=1/3 partition=0 interactions=14000/14000
[DataParallel batch-sync] trial=0 epoch=2/3 partition=0 interactions=4000/14000
[DataParallel batch-sync] trial=0 epoch=2/3 partition=0 interactions=8000/14000
[DataParallel batch-sync] trial=0 epoch=2/3 partition=0 interactions=12000/14000
[DataParallel batch-sync] trial=0 epoch=2/3 partition=0 interactions=14000/14000
[DataParallel batch-sync] trial=0 epoch=3/3 partition=0 interactions=4000/14000
[DataParallel batch-sync] trial=0 epoch=3/3 partition=0 interactions=8000/14000
[DataParallel batch-sync] trial=0 epoch=3/3 partition=0 interactions=12000/14000
[DataParallel batch-sync] trial=0 epoch=3/3 partition=0 interactions=14000/14000
[DataParallel 11/50] model=jodie_rnn agg=none memory=gru val_score=0.4708
[DataParallel batch-sync] trial=0 epoch=1/3 partition=0 interactions=4000/14000
[DataParallel batch-sync] trial=0 epoch=1/3 partition=0 interactions=8000/14000
[DataParallel batch-sync] trial=0 epoch=1/3 partition=0 interactions=12000/14000
[DataParallel batch-sync] trial=0 epoch=1/3 partition=0 interactions=14000/14000
[DataParallel batch-sync] trial=0 epoch=2/3 partition=0 interactions=4000/14000
[DataParallel batch-sync] trial=0 epoch=2/3 partition=0 interactions=8000/14000
[DataParallel batch-sync] trial=0 epoch=2/3 partition=0 interactions=12000/14000
[DataParallel batch-sync] trial=0 epoch=2/3 partition=0 interactions=14000/14000
[DataParallel batch-sync] trial=0 epoch=3/3 partition=0 interactions=4000/14000
[DataParallel batch-sync] trial=0 epoch=3/3 partition=0 interactions=8000/14000
[DataParallel batch-sync] trial=0 epoch=3/3 partition=0 interactions=12000/14000
[DataParallel batch-sync] trial=0 epoch=3/3 partition=0 interactions=14000/14000
[DataParallel 12/50] model=jodie_rnn agg=none memory=rnn val_score=0.5663
[DataParallel batch-sync] trial=0 epoch=1/3 partition=0 interactions=4000/14000
[DataParallel batch-sync] trial=0 epoch=1/3 partition=0 interactions=8000/14000
[DataParallel batch-sync] trial=0 epoch=1/3 partition=0 interactions=12000/14000
[DataParallel batch-sync] trial=0 epoch=1/3 partition=0 interactions=14000/14000
[DataParallel batch-sync] trial=0 epoch=2/3 partition=0 interactions=4000/14000
[DataParallel batch-sync] trial=0 epoch=2/3 partition=0 interactions=8000/14000
[DataParallel batch-sync] trial=0 epoch=2/3 partition=0 interactions=12000/14000
[DataParallel batch-sync] trial=0 epoch=2/3 partition=0 interactions=14000/14000
[DataParallel batch-sync] trial=0 epoch=3/3 partition=0 interactions=4000/14000
[DataParallel batch-sync] trial=0 epoch=3/3 partition=0 interactions=8000/14000
[DataParallel batch-sync] trial=0 epoch=3/3 partition=0 interactions=12000/14000
[DataParallel batch-sync] trial=0 epoch=3/3 partition=0 interactions=14000/14000
[DataParallel 13/50] model=jodie_rnn agg=none memory=rnn val_score=0.3883
[DataParallel batch-sync] trial=0 epoch=1/3 partition=0 interactions=4000/14000
[DataParallel batch-sync] trial=0 epoch=1/3 partition=0 interactions=8000/14000
[DataParallel batch-sync] trial=0 epoch=1/3 partition=0 interactions=12000/14000
[DataParallel batch-sync] trial=0 epoch=1/3 partition=0 interactions=14000/14000
[DataParallel batch-sync] trial=0 epoch=2/3 partition=0 interactions=4000/14000
[DataParallel batch-sync] trial=0 epoch=2/3 partition=0 interactions=8000/14000
[DataParallel batch-sync] trial=0 epoch=2/3 partition=0 interactions=12000/14000
[DataParallel batch-sync] trial=0 epoch=2/3 partition=0 interactions=14000/14000
[DataParallel batch-sync] trial=0 epoch=3/3 partition=0 interactions=4000/14000
[DataParallel batch-sync] trial=0 epoch=3/3 partition=0 interactions=8000/14000
[DataParallel batch-sync] trial=0 epoch=3/3 partition=0 interactions=12000/14000
[DataParallel batch-sync] trial=0 epoch=3/3 partition=0 interactions=14000/14000
[DataParallel 14/50] model=jodie_rnn agg=none memory=lstm val_score=0.5489
[DataParallel batch-sync] trial=0 epoch=1/3 partition=0 interactions=4000/14000
[DataParallel batch-sync] trial=0 epoch=1/3 partition=0 interactions=8000/14000
[DataParallel batch-sync] trial=0 epoch=1/3 partition=0 interactions=12000/14000
[DataParallel batch-sync] trial=0 epoch=1/3 partition=0 interactions=14000/14000
[DataParallel batch-sync] trial=0 epoch=2/3 partition=0 interactions=4000/14000
[DataParallel batch-sync] trial=0 epoch=2/3 partition=0 interactions=8000/14000
[DataParallel batch-sync] trial=0 epoch=2/3 partition=0 interactions=12000/14000
[DataParallel batch-sync] trial=0 epoch=2/3 partition=0 interactions=14000/14000
[DataParallel batch-sync] trial=0 epoch=3/3 partition=0 interactions=4000/14000
[DataParallel batch-sync] trial=0 epoch=3/3 partition=0 interactions=8000/14000
[DataParallel batch-sync] trial=0 epoch=3/3 partition=0 interactions=12000/14000
[DataParallel batch-sync] trial=0 epoch=3/3 partition=0 interactions=14000/14000
[DataParallel 15/50] model=jodie_rnn agg=none memory=lstm val_score=0.5314
[DataParallel batch-sync] trial=0 epoch=1/3 partition=0 interactions=4000/14000
[DataParallel batch-sync] trial=0 epoch=1/3 partition=0 interactions=8000/14000
[DataParallel batch-sync] trial=0 epoch=1/3 partition=0 interactions=12000/14000
[DataParallel batch-sync] trial=0 epoch=1/3 partition=0 interactions=14000/14000
[DataParallel batch-sync] trial=0 epoch=2/3 partition=0 interactions=4000/14000
[DataParallel batch-sync] trial=0 epoch=2/3 partition=0 interactions=8000/14000
[DataParallel batch-sync] trial=0 epoch=2/3 partition=0 interactions=12000/14000
[DataParallel batch-sync] trial=0 epoch=2/3 partition=0 interactions=14000/14000
[DataParallel batch-sync] trial=0 epoch=3/3 partition=0 interactions=4000/14000
[DataParallel batch-sync] trial=0 epoch=3/3 partition=0 interactions=8000/14000
[DataParallel batch-sync] trial=0 epoch=3/3 partition=0 interactions=12000/14000
[DataParallel batch-sync] trial=0 epoch=3/3 partition=0 interactions=14000/14000
[DataParallel 16/50] model=jodie_rnn agg=none memory=gru val_score=0.1194
[DataParallel batch-sync] trial=0 epoch=1/3 partition=0 interactions=4000/14000
[DataParallel batch-sync] trial=0 epoch=1/3 partition=0 interactions=8000/14000
[DataParallel batch-sync] trial=0 epoch=1/3 partition=0 interactions=12000/14000
[DataParallel batch-sync] trial=0 epoch=1/3 partition=0 interactions=14000/14000
[DataParallel batch-sync] trial=0 epoch=2/3 partition=0 interactions=4000/14000
[DataParallel batch-sync] trial=0 epoch=2/3 partition=0 interactions=8000/14000
[DataParallel batch-sync] trial=0 epoch=2/3 partition=0 interactions=12000/14000
[DataParallel batch-sync] trial=0 epoch=2/3 partition=0 interactions=14000/14000
[DataParallel batch-sync] trial=0 epoch=3/3 partition=0 interactions=4000/14000
[DataParallel batch-sync] trial=0 epoch=3/3 partition=0 interactions=8000/14000
[DataParallel batch-sync] trial=0 epoch=3/3 partition=0 interactions=12000/14000
[DataParallel batch-sync] trial=0 epoch=3/3 partition=0 interactions=14000/14000
[DataParallel 17/50] model=jodie_rnn agg=none memory=lstm val_score=0.3074
[DataParallel batch-sync] trial=0 epoch=1/3 partition=0 interactions=4000/14000
[DataParallel batch-sync] trial=0 epoch=1/3 partition=0 interactions=8000/14000
[DataParallel batch-sync] trial=0 epoch=1/3 partition=0 interactions=12000/14000
[DataParallel batch-sync] trial=0 epoch=1/3 partition=0 interactions=14000/14000
[DataParallel batch-sync] trial=0 epoch=2/3 partition=0 interactions=4000/14000
[DataParallel batch-sync] trial=0 epoch=2/3 partition=0 interactions=8000/14000
[DataParallel batch-sync] trial=0 epoch=2/3 partition=0 interactions=12000/14000
[DataParallel batch-sync] trial=0 epoch=2/3 partition=0 interactions=14000/14000
[DataParallel batch-sync] trial=0 epoch=3/3 partition=0 interactions=4000/14000
[DataParallel batch-sync] trial=0 epoch=3/3 partition=0 interactions=8000/14000
[DataParallel batch-sync] trial=0 epoch=3/3 partition=0 interactions=12000/14000
[DataParallel batch-sync] trial=0 epoch=3/3 partition=0 interactions=14000/14000
[DataParallel 18/50] model=jodie_rnn agg=none memory=rnn val_score=0.7341
[DataParallel batch-sync] trial=0 epoch=1/3 partition=0 interactions=4000/14000
[DataParallel batch-sync] trial=0 epoch=1/3 partition=0 interactions=8000/14000
[DataParallel batch-sync] trial=0 epoch=1/3 partition=0 interactions=12000/14000
[DataParallel batch-sync] trial=0 epoch=1/3 partition=0 interactions=14000/14000
[DataParallel batch-sync] trial=0 epoch=2/3 partition=0 interactions=4000/14000
[DataParallel batch-sync] trial=0 epoch=2/3 partition=0 interactions=8000/14000
[DataParallel batch-sync] trial=0 epoch=2/3 partition=0 interactions=12000/14000
[DataParallel batch-sync] trial=0 epoch=2/3 partition=0 interactions=14000/14000
[DataParallel batch-sync] trial=0 epoch=3/3 partition=0 interactions=4000/14000
[DataParallel batch-sync] trial=0 epoch=3/3 partition=0 interactions=8000/14000
[DataParallel batch-sync] trial=0 epoch=3/3 partition=0 interactions=12000/14000
[DataParallel batch-sync] trial=0 epoch=3/3 partition=0 interactions=14000/14000
[DataParallel 19/50] model=jodie_rnn agg=none memory=rnn val_score=0.5506
[DataParallel batch-sync] trial=0 epoch=1/3 partition=0 interactions=4000/14000
[DataParallel batch-sync] trial=0 epoch=1/3 partition=0 interactions=8000/14000
[DataParallel batch-sync] trial=0 epoch=1/3 partition=0 interactions=12000/14000
[DataParallel batch-sync] trial=0 epoch=1/3 partition=0 interactions=14000/14000
[DataParallel batch-sync] trial=0 epoch=2/3 partition=0 interactions=4000/14000
[DataParallel batch-sync] trial=0 epoch=2/3 partition=0 interactions=8000/14000
[DataParallel batch-sync] trial=0 epoch=2/3 partition=0 interactions=12000/14000
[DataParallel batch-sync] trial=0 epoch=2/3 partition=0 interactions=14000/14000
[DataParallel batch-sync] trial=0 epoch=3/3 partition=0 interactions=4000/14000
[DataParallel batch-sync] trial=0 epoch=3/3 partition=0 interactions=8000/14000
[DataParallel batch-sync] trial=0 epoch=3/3 partition=0 interactions=12000/14000
[DataParallel batch-sync] trial=0 epoch=3/3 partition=0 interactions=14000/14000
[DataParallel 20/50] model=jodie_rnn agg=none memory=gru val_score=0.5168
[DataParallel batch-sync] trial=0 epoch=1/3 partition=0 interactions=4000/14000
[DataParallel batch-sync] trial=0 epoch=1/3 partition=0 interactions=8000/14000
[DataParallel batch-sync] trial=0 epoch=1/3 partition=0 interactions=12000/14000
[DataParallel batch-sync] trial=0 epoch=1/3 partition=0 interactions=14000/14000
[DataParallel batch-sync] trial=0 epoch=2/3 partition=0 interactions=4000/14000
[DataParallel batch-sync] trial=0 epoch=2/3 partition=0 interactions=8000/14000
[DataParallel batch-sync] trial=0 epoch=2/3 partition=0 interactions=12000/14000
[DataParallel batch-sync] trial=0 epoch=2/3 partition=0 interactions=14000/14000
[DataParallel batch-sync] trial=0 epoch=3/3 partition=0 interactions=4000/14000
[DataParallel batch-sync] trial=0 epoch=3/3 partition=0 interactions=8000/14000
[DataParallel batch-sync] trial=0 epoch=3/3 partition=0 interactions=12000/14000
[DataParallel batch-sync] trial=0 epoch=3/3 partition=0 interactions=14000/14000
[DataParallel 21/50] model=jodie_rnn agg=none memory=lstm val_score=0.3811
[DataParallel batch-sync] trial=0 epoch=1/3 partition=0 interactions=4000/14000
[DataParallel batch-sync] trial=0 epoch=1/3 partition=0 interactions=8000/14000
[DataParallel batch-sync] trial=0 epoch=1/3 partition=0 interactions=12000/14000
[DataParallel batch-sync] trial=0 epoch=1/3 partition=0 interactions=14000/14000
[DataParallel batch-sync] trial=0 epoch=2/3 partition=0 interactions=4000/14000
[DataParallel batch-sync] trial=0 epoch=2/3 partition=0 interactions=8000/14000
[DataParallel batch-sync] trial=0 epoch=2/3 partition=0 interactions=12000/14000
[DataParallel batch-sync] trial=0 epoch=2/3 partition=0 interactions=14000/14000
[DataParallel batch-sync] trial=0 epoch=3/3 partition=0 interactions=4000/14000
[DataParallel batch-sync] trial=0 epoch=3/3 partition=0 interactions=8000/14000
[DataParallel batch-sync] trial=0 epoch=3/3 partition=0 interactions=12000/14000
[DataParallel batch-sync] trial=0 epoch=3/3 partition=0 interactions=14000/14000
[DataParallel 22/50] model=jodie_rnn agg=none memory=rnn val_score=0.6311
[DataParallel batch-sync] trial=0 epoch=1/3 partition=0 interactions=4000/14000
[DataParallel batch-sync] trial=0 epoch=1/3 partition=0 interactions=8000/14000
[DataParallel batch-sync] trial=0 epoch=1/3 partition=0 interactions=12000/14000
[DataParallel batch-sync] trial=0 epoch=1/3 partition=0 interactions=14000/14000
[DataParallel batch-sync] trial=0 epoch=2/3 partition=0 interactions=4000/14000
[DataParallel batch-sync] trial=0 epoch=2/3 partition=0 interactions=8000/14000
[DataParallel batch-sync] trial=0 epoch=2/3 partition=0 interactions=12000/14000
[DataParallel batch-sync] trial=0 epoch=2/3 partition=0 interactions=14000/14000
[DataParallel batch-sync] trial=0 epoch=3/3 partition=0 interactions=4000/14000
[DataParallel batch-sync] trial=0 epoch=3/3 partition=0 interactions=8000/14000
[DataParallel batch-sync] trial=0 epoch=3/3 partition=0 interactions=12000/14000
[DataParallel batch-sync] trial=0 epoch=3/3 partition=0 interactions=14000/14000
[DataParallel 23/50] model=jodie_rnn agg=none memory=lstm val_score=0.5194
[DataParallel batch-sync] trial=0 epoch=1/3 partition=0 interactions=4000/14000
[DataParallel batch-sync] trial=0 epoch=1/3 partition=0 interactions=8000/14000
[DataParallel batch-sync] trial=0 epoch=1/3 partition=0 interactions=12000/14000
[DataParallel batch-sync] trial=0 epoch=1/3 partition=0 interactions=14000/14000
[DataParallel batch-sync] trial=0 epoch=2/3 partition=0 interactions=4000/14000
[DataParallel batch-sync] trial=0 epoch=2/3 partition=0 interactions=8000/14000
[DataParallel batch-sync] trial=0 epoch=2/3 partition=0 interactions=12000/14000
[DataParallel batch-sync] trial=0 epoch=2/3 partition=0 interactions=14000/14000
[DataParallel batch-sync] trial=0 epoch=3/3 partition=0 interactions=4000/14000
[DataParallel batch-sync] trial=0 epoch=3/3 partition=0 interactions=8000/14000
[DataParallel batch-sync] trial=0 epoch=3/3 partition=0 interactions=12000/14000
[DataParallel batch-sync] trial=0 epoch=3/3 partition=0 interactions=14000/14000
[DataParallel 24/50] model=jodie_rnn agg=none memory=lstm val_score=0.3501
[DataParallel batch-sync] trial=0 epoch=1/3 partition=0 interactions=4000/14000
[DataParallel batch-sync] trial=0 epoch=1/3 partition=0 interactions=8000/14000
[DataParallel batch-sync] trial=0 epoch=1/3 partition=0 interactions=12000/14000
[DataParallel batch-sync] trial=0 epoch=1/3 partition=0 interactions=14000/14000
[DataParallel batch-sync] trial=0 epoch=2/3 partition=0 interactions=4000/14000
[DataParallel batch-sync] trial=0 epoch=2/3 partition=0 interactions=8000/14000
[DataParallel batch-sync] trial=0 epoch=2/3 partition=0 interactions=12000/14000
[DataParallel batch-sync] trial=0 epoch=2/3 partition=0 interactions=14000/14000
[DataParallel batch-sync] trial=0 epoch=3/3 partition=0 interactions=4000/14000
[DataParallel batch-sync] trial=0 epoch=3/3 partition=0 interactions=8000/14000
[DataParallel batch-sync] trial=0 epoch=3/3 partition=0 interactions=12000/14000
[DataParallel batch-sync] trial=0 epoch=3/3 partition=0 interactions=14000/14000
[DataParallel 25/50] model=jodie_rnn agg=none memory=lstm val_score=0.3836
[DataParallel batch-sync] trial=0 epoch=1/3 partition=0 interactions=4000/14000
[DataParallel batch-sync] trial=0 epoch=1/3 partition=0 interactions=8000/14000
[DataParallel batch-sync] trial=0 epoch=1/3 partition=0 interactions=12000/14000
[DataParallel batch-sync] trial=0 epoch=1/3 partition=0 interactions=14000/14000
[DataParallel batch-sync] trial=0 epoch=2/3 partition=0 interactions=4000/14000
[DataParallel batch-sync] trial=0 epoch=2/3 partition=0 interactions=8000/14000
[DataParallel batch-sync] trial=0 epoch=2/3 partition=0 interactions=12000/14000
[DataParallel batch-sync] trial=0 epoch=2/3 partition=0 interactions=14000/14000
[DataParallel batch-sync] trial=0 epoch=3/3 partition=0 interactions=4000/14000
[DataParallel batch-sync] trial=0 epoch=3/3 partition=0 interactions=8000/14000
[DataParallel batch-sync] trial=0 epoch=3/3 partition=0 interactions=12000/14000
[DataParallel batch-sync] trial=0 epoch=3/3 partition=0 interactions=14000/14000
[DataParallel 26/50] model=jodie_rnn agg=none memory=rnn val_score=0.4715
[DataParallel batch-sync] trial=0 epoch=1/3 partition=0 interactions=4000/14000
[DataParallel batch-sync] trial=0 epoch=1/3 partition=0 interactions=8000/14000
[DataParallel batch-sync] trial=0 epoch=1/3 partition=0 interactions=12000/14000
[DataParallel batch-sync] trial=0 epoch=1/3 partition=0 interactions=14000/14000
[DataParallel batch-sync] trial=0 epoch=2/3 partition=0 interactions=4000/14000
[DataParallel batch-sync] trial=0 epoch=2/3 partition=0 interactions=8000/14000
[DataParallel batch-sync] trial=0 epoch=2/3 partition=0 interactions=12000/14000
[DataParallel batch-sync] trial=0 epoch=2/3 partition=0 interactions=14000/14000
[DataParallel batch-sync] trial=0 epoch=3/3 partition=0 interactions=4000/14000
[DataParallel batch-sync] trial=0 epoch=3/3 partition=0 interactions=8000/14000
[DataParallel batch-sync] trial=0 epoch=3/3 partition=0 interactions=12000/14000
[DataParallel batch-sync] trial=0 epoch=3/3 partition=0 interactions=14000/14000
[DataParallel 27/50] model=jodie_rnn agg=none memory=rnn val_score=0.7327
[DataParallel batch-sync] trial=0 epoch=1/3 partition=0 interactions=4000/14000
[DataParallel batch-sync] trial=0 epoch=1/3 partition=0 interactions=8000/14000
[DataParallel batch-sync] trial=0 epoch=1/3 partition=0 interactions=12000/14000
[DataParallel batch-sync] trial=0 epoch=1/3 partition=0 interactions=14000/14000
[DataParallel batch-sync] trial=0 epoch=2/3 partition=0 interactions=4000/14000
[DataParallel batch-sync] trial=0 epoch=2/3 partition=0 interactions=8000/14000
[DataParallel batch-sync] trial=0 epoch=2/3 partition=0 interactions=12000/14000
[DataParallel batch-sync] trial=0 epoch=2/3 partition=0 interactions=14000/14000
[DataParallel batch-sync] trial=0 epoch=3/3 partition=0 interactions=4000/14000
[DataParallel batch-sync] trial=0 epoch=3/3 partition=0 interactions=8000/14000
[DataParallel batch-sync] trial=0 epoch=3/3 partition=0 interactions=12000/14000
[DataParallel batch-sync] trial=0 epoch=3/3 partition=0 interactions=14000/14000
[DataParallel 28/50] model=jodie_rnn agg=none memory=rnn val_score=0.5596
[DataParallel batch-sync] trial=0 epoch=1/3 partition=0 interactions=4000/14000
[DataParallel batch-sync] trial=0 epoch=1/3 partition=0 interactions=8000/14000
[DataParallel batch-sync] trial=0 epoch=1/3 partition=0 interactions=12000/14000
[DataParallel batch-sync] trial=0 epoch=1/3 partition=0 interactions=14000/14000
[DataParallel batch-sync] trial=0 epoch=2/3 partition=0 interactions=4000/14000
[DataParallel batch-sync] trial=0 epoch=2/3 partition=0 interactions=8000/14000
[DataParallel batch-sync] trial=0 epoch=2/3 partition=0 interactions=12000/14000
[DataParallel batch-sync] trial=0 epoch=2/3 partition=0 interactions=14000/14000
[DataParallel batch-sync] trial=0 epoch=3/3 partition=0 interactions=4000/14000
[DataParallel batch-sync] trial=0 epoch=3/3 partition=0 interactions=8000/14000
[DataParallel batch-sync] trial=0 epoch=3/3 partition=0 interactions=12000/14000
[DataParallel batch-sync] trial=0 epoch=3/3 partition=0 interactions=14000/14000
[DataParallel 29/50] model=jodie_rnn agg=none memory=gru val_score=0.1194
[DataParallel batch-sync] trial=0 epoch=1/3 partition=0 interactions=4000/14000
[DataParallel batch-sync] trial=0 epoch=1/3 partition=0 interactions=8000/14000
[DataParallel batch-sync] trial=0 epoch=1/3 partition=0 interactions=12000/14000
[DataParallel batch-sync] trial=0 epoch=1/3 partition=0 interactions=14000/14000
[DataParallel batch-sync] trial=0 epoch=2/3 partition=0 interactions=4000/14000
[DataParallel batch-sync] trial=0 epoch=2/3 partition=0 interactions=8000/14000
[DataParallel batch-sync] trial=0 epoch=2/3 partition=0 interactions=12000/14000
[DataParallel batch-sync] trial=0 epoch=2/3 partition=0 interactions=14000/14000
[DataParallel batch-sync] trial=0 epoch=3/3 partition=0 interactions=4000/14000
[DataParallel batch-sync] trial=0 epoch=3/3 partition=0 interactions=8000/14000
[DataParallel batch-sync] trial=0 epoch=3/3 partition=0 interactions=12000/14000
[DataParallel batch-sync] trial=0 epoch=3/3 partition=0 interactions=14000/14000
[DataParallel 30/50] model=jodie_rnn agg=none memory=lstm val_score=0.4859
[DataParallel batch-sync] trial=0 epoch=1/3 partition=0 interactions=4000/14000
[DataParallel batch-sync] trial=0 epoch=1/3 partition=0 interactions=8000/14000
[DataParallel batch-sync] trial=0 epoch=1/3 partition=0 interactions=12000/14000
[DataParallel batch-sync] trial=0 epoch=1/3 partition=0 interactions=14000/14000
[DataParallel batch-sync] trial=0 epoch=2/3 partition=0 interactions=4000/14000
[DataParallel batch-sync] trial=0 epoch=2/3 partition=0 interactions=8000/14000
[DataParallel batch-sync] trial=0 epoch=2/3 partition=0 interactions=12000/14000
[DataParallel batch-sync] trial=0 epoch=2/3 partition=0 interactions=14000/14000
[DataParallel batch-sync] trial=0 epoch=3/3 partition=0 interactions=4000/14000
[DataParallel batch-sync] trial=0 epoch=3/3 partition=0 interactions=8000/14000
[DataParallel batch-sync] trial=0 epoch=3/3 partition=0 interactions=12000/14000
[DataParallel batch-sync] trial=0 epoch=3/3 partition=0 interactions=14000/14000
[DataParallel 31/50] model=jodie_rnn agg=none memory=rnn val_score=0.3383
[DataParallel batch-sync] trial=0 epoch=1/3 partition=0 interactions=4000/14000
[DataParallel batch-sync] trial=0 epoch=1/3 partition=0 interactions=8000/14000
[DataParallel batch-sync] trial=0 epoch=1/3 partition=0 interactions=12000/14000
[DataParallel batch-sync] trial=0 epoch=1/3 partition=0 interactions=14000/14000
[DataParallel batch-sync] trial=0 epoch=2/3 partition=0 interactions=4000/14000
[DataParallel batch-sync] trial=0 epoch=2/3 partition=0 interactions=8000/14000
[DataParallel batch-sync] trial=0 epoch=2/3 partition=0 interactions=12000/14000
[DataParallel batch-sync] trial=0 epoch=2/3 partition=0 interactions=14000/14000
[DataParallel batch-sync] trial=0 epoch=3/3 partition=0 interactions=4000/14000
[DataParallel batch-sync] trial=0 epoch=3/3 partition=0 interactions=8000/14000
[DataParallel batch-sync] trial=0 epoch=3/3 partition=0 interactions=12000/14000
[DataParallel batch-sync] trial=0 epoch=3/3 partition=0 interactions=14000/14000
[DataParallel 32/50] model=jodie_rnn agg=none memory=rnn val_score=0.5227
[DataParallel batch-sync] trial=0 epoch=1/3 partition=0 interactions=4000/14000
[DataParallel batch-sync] trial=0 epoch=1/3 partition=0 interactions=8000/14000
[DataParallel batch-sync] trial=0 epoch=1/3 partition=0 interactions=12000/14000
[DataParallel batch-sync] trial=0 epoch=1/3 partition=0 interactions=14000/14000
[DataParallel batch-sync] trial=0 epoch=2/3 partition=0 interactions=4000/14000
[DataParallel batch-sync] trial=0 epoch=2/3 partition=0 interactions=8000/14000
[DataParallel batch-sync] trial=0 epoch=2/3 partition=0 interactions=12000/14000
[DataParallel batch-sync] trial=0 epoch=2/3 partition=0 interactions=14000/14000
[DataParallel batch-sync] trial=0 epoch=3/3 partition=0 interactions=4000/14000
[DataParallel batch-sync] trial=0 epoch=3/3 partition=0 interactions=8000/14000
[DataParallel batch-sync] trial=0 epoch=3/3 partition=0 interactions=12000/14000
[DataParallel batch-sync] trial=0 epoch=3/3 partition=0 interactions=14000/14000
[DataParallel 33/50] model=jodie_rnn agg=none memory=gru val_score=0.3655
[DataParallel batch-sync] trial=0 epoch=1/3 partition=0 interactions=4000/14000
[DataParallel batch-sync] trial=0 epoch=1/3 partition=0 interactions=8000/14000
[DataParallel batch-sync] trial=0 epoch=1/3 partition=0 interactions=12000/14000
[DataParallel batch-sync] trial=0 epoch=1/3 partition=0 interactions=14000/14000
[DataParallel batch-sync] trial=0 epoch=2/3 partition=0 interactions=4000/14000
[DataParallel batch-sync] trial=0 epoch=2/3 partition=0 interactions=8000/14000
[DataParallel batch-sync] trial=0 epoch=2/3 partition=0 interactions=12000/14000
[DataParallel batch-sync] trial=0 epoch=2/3 partition=0 interactions=14000/14000
[DataParallel batch-sync] trial=0 epoch=3/3 partition=0 interactions=4000/14000
[DataParallel batch-sync] trial=0 epoch=3/3 partition=0 interactions=8000/14000
[DataParallel batch-sync] trial=0 epoch=3/3 partition=0 interactions=12000/14000
[DataParallel batch-sync] trial=0 epoch=3/3 partition=0 interactions=14000/14000
[DataParallel 34/50] model=jodie_rnn agg=none memory=lstm val_score=0.3766
[DataParallel batch-sync] trial=0 epoch=1/3 partition=0 interactions=4000/14000
[DataParallel batch-sync] trial=0 epoch=1/3 partition=0 interactions=8000/14000
[DataParallel batch-sync] trial=0 epoch=1/3 partition=0 interactions=12000/14000
[DataParallel batch-sync] trial=0 epoch=1/3 partition=0 interactions=14000/14000
[DataParallel batch-sync] trial=0 epoch=2/3 partition=0 interactions=4000/14000
[DataParallel batch-sync] trial=0 epoch=2/3 partition=0 interactions=8000/14000
[DataParallel batch-sync] trial=0 epoch=2/3 partition=0 interactions=12000/14000
[DataParallel batch-sync] trial=0 epoch=2/3 partition=0 interactions=14000/14000
[DataParallel batch-sync] trial=0 epoch=3/3 partition=0 interactions=4000/14000
[DataParallel batch-sync] trial=0 epoch=3/3 partition=0 interactions=8000/14000
[DataParallel batch-sync] trial=0 epoch=3/3 partition=0 interactions=12000/14000
[DataParallel batch-sync] trial=0 epoch=3/3 partition=0 interactions=14000/14000
[DataParallel 35/50] model=jodie_rnn agg=none memory=rnn val_score=0.7321
[DataParallel batch-sync] trial=0 epoch=1/3 partition=0 interactions=4000/14000
[DataParallel batch-sync] trial=0 epoch=1/3 partition=0 interactions=8000/14000
[DataParallel batch-sync] trial=0 epoch=1/3 partition=0 interactions=12000/14000
[DataParallel batch-sync] trial=0 epoch=1/3 partition=0 interactions=14000/14000
[DataParallel batch-sync] trial=0 epoch=2/3 partition=0 interactions=4000/14000
[DataParallel batch-sync] trial=0 epoch=2/3 partition=0 interactions=8000/14000
[DataParallel batch-sync] trial=0 epoch=2/3 partition=0 interactions=12000/14000
[DataParallel batch-sync] trial=0 epoch=2/3 partition=0 interactions=14000/14000
[DataParallel batch-sync] trial=0 epoch=3/3 partition=0 interactions=4000/14000
[DataParallel batch-sync] trial=0 epoch=3/3 partition=0 interactions=8000/14000
[DataParallel batch-sync] trial=0 epoch=3/3 partition=0 interactions=12000/14000
[DataParallel batch-sync] trial=0 epoch=3/3 partition=0 interactions=14000/14000
[DataParallel 36/50] model=jodie_rnn agg=none memory=rnn val_score=0.4106
[DataParallel batch-sync] trial=0 epoch=1/3 partition=0 interactions=4000/14000
[DataParallel batch-sync] trial=0 epoch=1/3 partition=0 interactions=8000/14000
[DataParallel batch-sync] trial=0 epoch=1/3 partition=0 interactions=12000/14000
[DataParallel batch-sync] trial=0 epoch=1/3 partition=0 interactions=14000/14000
[DataParallel batch-sync] trial=0 epoch=2/3 partition=0 interactions=4000/14000
[DataParallel batch-sync] trial=0 epoch=2/3 partition=0 interactions=8000/14000
[DataParallel batch-sync] trial=0 epoch=2/3 partition=0 interactions=12000/14000
[DataParallel batch-sync] trial=0 epoch=2/3 partition=0 interactions=14000/14000
[DataParallel batch-sync] trial=0 epoch=3/3 partition=0 interactions=4000/14000
[DataParallel batch-sync] trial=0 epoch=3/3 partition=0 interactions=8000/14000
[DataParallel batch-sync] trial=0 epoch=3/3 partition=0 interactions=12000/14000
[DataParallel batch-sync] trial=0 epoch=3/3 partition=0 interactions=14000/14000
[DataParallel 37/50] model=jodie_rnn agg=none memory=rnn val_score=0.3447
[DataParallel batch-sync] trial=0 epoch=1/3 partition=0 interactions=4000/14000
[DataParallel batch-sync] trial=0 epoch=1/3 partition=0 interactions=8000/14000
[DataParallel batch-sync] trial=0 epoch=1/3 partition=0 interactions=12000/14000
[DataParallel batch-sync] trial=0 epoch=1/3 partition=0 interactions=14000/14000
[DataParallel batch-sync] trial=0 epoch=2/3 partition=0 interactions=4000/14000
[DataParallel batch-sync] trial=0 epoch=2/3 partition=0 interactions=8000/14000
[DataParallel batch-sync] trial=0 epoch=2/3 partition=0 interactions=12000/14000
[DataParallel batch-sync] trial=0 epoch=2/3 partition=0 interactions=14000/14000
[DataParallel batch-sync] trial=0 epoch=3/3 partition=0 interactions=4000/14000
[DataParallel batch-sync] trial=0 epoch=3/3 partition=0 interactions=8000/14000
[DataParallel batch-sync] trial=0 epoch=3/3 partition=0 interactions=12000/14000
[DataParallel batch-sync] trial=0 epoch=3/3 partition=0 interactions=14000/14000
[DataParallel 38/50] model=jodie_rnn agg=none memory=rnn val_score=0.7089
[DataParallel batch-sync] trial=0 epoch=1/3 partition=0 interactions=4000/14000
[DataParallel batch-sync] trial=0 epoch=1/3 partition=0 interactions=8000/14000
[DataParallel batch-sync] trial=0 epoch=1/3 partition=0 interactions=12000/14000
[DataParallel batch-sync] trial=0 epoch=1/3 partition=0 interactions=14000/14000
[DataParallel batch-sync] trial=0 epoch=2/3 partition=0 interactions=4000/14000
[DataParallel batch-sync] trial=0 epoch=2/3 partition=0 interactions=8000/14000
[DataParallel batch-sync] trial=0 epoch=2/3 partition=0 interactions=12000/14000
[DataParallel batch-sync] trial=0 epoch=2/3 partition=0 interactions=14000/14000
[DataParallel batch-sync] trial=0 epoch=3/3 partition=0 interactions=4000/14000
[DataParallel batch-sync] trial=0 epoch=3/3 partition=0 interactions=8000/14000
[DataParallel batch-sync] trial=0 epoch=3/3 partition=0 interactions=12000/14000
[DataParallel batch-sync] trial=0 epoch=3/3 partition=0 interactions=14000/14000
[DataParallel 39/50] model=jodie_rnn agg=none memory=rnn val_score=0.4146
[DataParallel batch-sync] trial=0 epoch=1/3 partition=0 interactions=4000/14000
[DataParallel batch-sync] trial=0 epoch=1/3 partition=0 interactions=8000/14000
[DataParallel batch-sync] trial=0 epoch=1/3 partition=0 interactions=12000/14000
[DataParallel batch-sync] trial=0 epoch=1/3 partition=0 interactions=14000/14000
[DataParallel batch-sync] trial=0 epoch=2/3 partition=0 interactions=4000/14000
[DataParallel batch-sync] trial=0 epoch=2/3 partition=0 interactions=8000/14000
[DataParallel batch-sync] trial=0 epoch=2/3 partition=0 interactions=12000/14000
[DataParallel batch-sync] trial=0 epoch=2/3 partition=0 interactions=14000/14000
[DataParallel batch-sync] trial=0 epoch=3/3 partition=0 interactions=4000/14000
[DataParallel batch-sync] trial=0 epoch=3/3 partition=0 interactions=8000/14000
[DataParallel batch-sync] trial=0 epoch=3/3 partition=0 interactions=12000/14000
[DataParallel batch-sync] trial=0 epoch=3/3 partition=0 interactions=14000/14000
[DataParallel 40/50] model=jodie_rnn agg=none memory=gru val_score=0.5859
[DataParallel batch-sync] trial=0 epoch=1/3 partition=0 interactions=4000/14000
[DataParallel batch-sync] trial=0 epoch=1/3 partition=0 interactions=8000/14000
[DataParallel batch-sync] trial=0 epoch=1/3 partition=0 interactions=12000/14000
[DataParallel batch-sync] trial=0 epoch=1/3 partition=0 interactions=14000/14000
[DataParallel batch-sync] trial=0 epoch=2/3 partition=0 interactions=4000/14000
[DataParallel batch-sync] trial=0 epoch=2/3 partition=0 interactions=8000/14000
[DataParallel batch-sync] trial=0 epoch=2/3 partition=0 interactions=12000/14000
[DataParallel batch-sync] trial=0 epoch=2/3 partition=0 interactions=14000/14000
[DataParallel batch-sync] trial=0 epoch=3/3 partition=0 interactions=4000/14000
[DataParallel batch-sync] trial=0 epoch=3/3 partition=0 interactions=8000/14000
[DataParallel batch-sync] trial=0 epoch=3/3 partition=0 interactions=12000/14000
[DataParallel batch-sync] trial=0 epoch=3/3 partition=0 interactions=14000/14000
[DataParallel 41/50] model=jodie_rnn agg=none memory=gru val_score=0.5555
[DataParallel batch-sync] trial=0 epoch=1/3 partition=0 interactions=4000/14000
[DataParallel batch-sync] trial=0 epoch=1/3 partition=0 interactions=8000/14000
[DataParallel batch-sync] trial=0 epoch=1/3 partition=0 interactions=12000/14000
[DataParallel batch-sync] trial=0 epoch=1/3 partition=0 interactions=14000/14000
[DataParallel batch-sync] trial=0 epoch=2/3 partition=0 interactions=4000/14000
[DataParallel batch-sync] trial=0 epoch=2/3 partition=0 interactions=8000/14000
[DataParallel batch-sync] trial=0 epoch=2/3 partition=0 interactions=12000/14000
[DataParallel batch-sync] trial=0 epoch=2/3 partition=0 interactions=14000/14000
[DataParallel batch-sync] trial=0 epoch=3/3 partition=0 interactions=4000/14000
[DataParallel batch-sync] trial=0 epoch=3/3 partition=0 interactions=8000/14000
[DataParallel batch-sync] trial=0 epoch=3/3 partition=0 interactions=12000/14000
[DataParallel batch-sync] trial=0 epoch=3/3 partition=0 interactions=14000/14000
[DataParallel 42/50] model=jodie_rnn agg=none memory=gru val_score=0.6589
[DataParallel batch-sync] trial=0 epoch=1/3 partition=0 interactions=4000/14000
[DataParallel batch-sync] trial=0 epoch=1/3 partition=0 interactions=8000/14000
[DataParallel batch-sync] trial=0 epoch=1/3 partition=0 interactions=12000/14000
[DataParallel batch-sync] trial=0 epoch=1/3 partition=0 interactions=14000/14000
[DataParallel batch-sync] trial=0 epoch=2/3 partition=0 interactions=4000/14000
[DataParallel batch-sync] trial=0 epoch=2/3 partition=0 interactions=8000/14000
[DataParallel batch-sync] trial=0 epoch=2/3 partition=0 interactions=12000/14000
[DataParallel batch-sync] trial=0 epoch=2/3 partition=0 interactions=14000/14000
[DataParallel batch-sync] trial=0 epoch=3/3 partition=0 interactions=4000/14000
[DataParallel batch-sync] trial=0 epoch=3/3 partition=0 interactions=8000/14000
[DataParallel batch-sync] trial=0 epoch=3/3 partition=0 interactions=12000/14000
[DataParallel batch-sync] trial=0 epoch=3/3 partition=0 interactions=14000/14000
[DataParallel 43/50] model=jodie_rnn agg=none memory=gru val_score=0.6491
[DataParallel batch-sync] trial=0 epoch=1/3 partition=0 interactions=4000/14000
[DataParallel batch-sync] trial=0 epoch=1/3 partition=0 interactions=8000/14000
[DataParallel batch-sync] trial=0 epoch=1/3 partition=0 interactions=12000/14000
[DataParallel batch-sync] trial=0 epoch=1/3 partition=0 interactions=14000/14000
[DataParallel batch-sync] trial=0 epoch=2/3 partition=0 interactions=4000/14000
[DataParallel batch-sync] trial=0 epoch=2/3 partition=0 interactions=8000/14000
[DataParallel batch-sync] trial=0 epoch=2/3 partition=0 interactions=12000/14000
[DataParallel batch-sync] trial=0 epoch=2/3 partition=0 interactions=14000/14000
[DataParallel batch-sync] trial=0 epoch=3/3 partition=0 interactions=4000/14000
[DataParallel batch-sync] trial=0 epoch=3/3 partition=0 interactions=8000/14000
[DataParallel batch-sync] trial=0 epoch=3/3 partition=0 interactions=12000/14000
[DataParallel batch-sync] trial=0 epoch=3/3 partition=0 interactions=14000/14000
[DataParallel 44/50] model=jodie_rnn agg=none memory=lstm val_score=0.5012
[DataParallel batch-sync] trial=0 epoch=1/3 partition=0 interactions=4000/14000
[DataParallel batch-sync] trial=0 epoch=1/3 partition=0 interactions=8000/14000
[DataParallel batch-sync] trial=0 epoch=1/3 partition=0 interactions=12000/14000
[DataParallel batch-sync] trial=0 epoch=1/3 partition=0 interactions=14000/14000
[DataParallel batch-sync] trial=0 epoch=2/3 partition=0 interactions=4000/14000
[DataParallel batch-sync] trial=0 epoch=2/3 partition=0 interactions=8000/14000
[DataParallel batch-sync] trial=0 epoch=2/3 partition=0 interactions=12000/14000
[DataParallel batch-sync] trial=0 epoch=2/3 partition=0 interactions=14000/14000
[DataParallel batch-sync] trial=0 epoch=3/3 partition=0 interactions=4000/14000
[DataParallel batch-sync] trial=0 epoch=3/3 partition=0 interactions=8000/14000
[DataParallel batch-sync] trial=0 epoch=3/3 partition=0 interactions=12000/14000
[DataParallel batch-sync] trial=0 epoch=3/3 partition=0 interactions=14000/14000
[DataParallel 45/50] model=jodie_rnn agg=none memory=rnn val_score=0.5111
[DataParallel batch-sync] trial=0 epoch=1/3 partition=0 interactions=4000/14000
[DataParallel batch-sync] trial=0 epoch=1/3 partition=0 interactions=8000/14000
[DataParallel batch-sync] trial=0 epoch=1/3 partition=0 interactions=12000/14000
[DataParallel batch-sync] trial=0 epoch=1/3 partition=0 interactions=14000/14000
[DataParallel batch-sync] trial=0 epoch=2/3 partition=0 interactions=4000/14000
[DataParallel batch-sync] trial=0 epoch=2/3 partition=0 interactions=8000/14000
[DataParallel batch-sync] trial=0 epoch=2/3 partition=0 interactions=12000/14000
[DataParallel batch-sync] trial=0 epoch=2/3 partition=0 interactions=14000/14000
[DataParallel batch-sync] trial=0 epoch=3/3 partition=0 interactions=4000/14000
[DataParallel batch-sync] trial=0 epoch=3/3 partition=0 interactions=8000/14000
[DataParallel batch-sync] trial=0 epoch=3/3 partition=0 interactions=12000/14000
[DataParallel batch-sync] trial=0 epoch=3/3 partition=0 interactions=14000/14000
[DataParallel 46/50] model=jodie_rnn agg=none memory=rnn val_score=0.4069
[DataParallel batch-sync] trial=0 epoch=1/3 partition=0 interactions=4000/14000
[DataParallel batch-sync] trial=0 epoch=1/3 partition=0 interactions=8000/14000
[DataParallel batch-sync] trial=0 epoch=1/3 partition=0 interactions=12000/14000
[DataParallel batch-sync] trial=0 epoch=1/3 partition=0 interactions=14000/14000
[DataParallel batch-sync] trial=0 epoch=2/3 partition=0 interactions=4000/14000
[DataParallel batch-sync] trial=0 epoch=2/3 partition=0 interactions=8000/14000
[DataParallel batch-sync] trial=0 epoch=2/3 partition=0 interactions=12000/14000
[DataParallel batch-sync] trial=0 epoch=2/3 partition=0 interactions=14000/14000
[DataParallel batch-sync] trial=0 epoch=3/3 partition=0 interactions=4000/14000
[DataParallel batch-sync] trial=0 epoch=3/3 partition=0 interactions=8000/14000
[DataParallel batch-sync] trial=0 epoch=3/3 partition=0 interactions=12000/14000
[DataParallel batch-sync] trial=0 epoch=3/3 partition=0 interactions=14000/14000
[DataParallel 47/50] model=jodie_rnn agg=none memory=gru val_score=0.1194
[DataParallel batch-sync] trial=0 epoch=1/3 partition=0 interactions=4000/14000
[DataParallel batch-sync] trial=0 epoch=1/3 partition=0 interactions=8000/14000
[DataParallel batch-sync] trial=0 epoch=1/3 partition=0 interactions=12000/14000
[DataParallel batch-sync] trial=0 epoch=1/3 partition=0 interactions=14000/14000
[DataParallel batch-sync] trial=0 epoch=2/3 partition=0 interactions=4000/14000
[DataParallel batch-sync] trial=0 epoch=2/3 partition=0 interactions=8000/14000
[DataParallel batch-sync] trial=0 epoch=2/3 partition=0 interactions=12000/14000
[DataParallel batch-sync] trial=0 epoch=2/3 partition=0 interactions=14000/14000
[DataParallel batch-sync] trial=0 epoch=3/3 partition=0 interactions=4000/14000
[DataParallel batch-sync] trial=0 epoch=3/3 partition=0 interactions=8000/14000
[DataParallel batch-sync] trial=0 epoch=3/3 partition=0 interactions=12000/14000
[DataParallel batch-sync] trial=0 epoch=3/3 partition=0 interactions=14000/14000
[DataParallel 48/50] model=jodie_rnn agg=none memory=lstm val_score=0.3445
[DataParallel batch-sync] trial=0 epoch=1/3 partition=0 interactions=4000/14000
[DataParallel batch-sync] trial=0 epoch=1/3 partition=0 interactions=8000/14000
[DataParallel batch-sync] trial=0 epoch=1/3 partition=0 interactions=12000/14000
[DataParallel batch-sync] trial=0 epoch=1/3 partition=0 interactions=14000/14000
[DataParallel batch-sync] trial=0 epoch=2/3 partition=0 interactions=4000/14000
[DataParallel batch-sync] trial=0 epoch=2/3 partition=0 interactions=8000/14000
[DataParallel batch-sync] trial=0 epoch=2/3 partition=0 interactions=12000/14000
[DataParallel batch-sync] trial=0 epoch=2/3 partition=0 interactions=14000/14000
[DataParallel batch-sync] trial=0 epoch=3/3 partition=0 interactions=4000/14000
[DataParallel batch-sync] trial=0 epoch=3/3 partition=0 interactions=8000/14000
[DataParallel batch-sync] trial=0 epoch=3/3 partition=0 interactions=12000/14000
[DataParallel batch-sync] trial=0 epoch=3/3 partition=0 interactions=14000/14000
[DataParallel 49/50] model=jodie_rnn agg=none memory=lstm val_score=0.5136
[DataParallel batch-sync] trial=0 epoch=1/3 partition=0 interactions=4000/14000
[DataParallel batch-sync] trial=0 epoch=1/3 partition=0 interactions=8000/14000
[DataParallel batch-sync] trial=0 epoch=1/3 partition=0 interactions=12000/14000
[DataParallel batch-sync] trial=0 epoch=1/3 partition=0 interactions=14000/14000
[DataParallel batch-sync] trial=0 epoch=2/3 partition=0 interactions=4000/14000
[DataParallel batch-sync] trial=0 epoch=2/3 partition=0 interactions=8000/14000
[DataParallel batch-sync] trial=0 epoch=2/3 partition=0 interactions=12000/14000
[DataParallel batch-sync] trial=0 epoch=2/3 partition=0 interactions=14000/14000
[DataParallel batch-sync] trial=0 epoch=3/3 partition=0 interactions=4000/14000
[DataParallel batch-sync] trial=0 epoch=3/3 partition=0 interactions=8000/14000
[DataParallel batch-sync] trial=0 epoch=3/3 partition=0 interactions=12000/14000
[DataParallel batch-sync] trial=0 epoch=3/3 partition=0 interactions=14000/14000
[DataParallel 50/50] model=jodie_rnn agg=none memory=rnn val_score=0.7003
[DataParallel] Workers shut down.
Epoch 1/3 | L2 Loss: 18.7943
Epoch 2/3 | L2 Loss: 17.5007
Epoch 3/3 | L2 Loss: 17.2835
Best architecture saved to: outputs/comprehensive_comparison/seed_1000/data_parallel/best_arch.json
Leaderboard saved to: outputs/comprehensive_comparison/seed_1000/data_parallel/leaderboard.csv
Search mode: rl
Best selection score: 0.8330
Best test score: 0.8330
Best model family: jodie_rnn
[36m(_DataParallelWorker pid=950422)[0m /usr/local/anaconda3/lib/python3.11/site-packages/torch/storage.py:414: FutureWarning: You are using `torch.load` with `weights_only=False` (the current default value), which uses the default pickle module implicitly. It is possible to construct malicious pickle data which will execute arbitrary code during unpickling (See https://github.com/pytorch/pytorch/blob/main/SECURITY.md#untrusted-models for more details). In a future release, the default value for `weights_only` will be flipped to `True`. This limits the functions that could be executed during unpickling. Arbitrary objects will no longer be allowed to be loaded via this mode unless they are explicitly allowlisted by the user via `torch.serialization.add_safe_globals`. We recommend you start setting `weights_only=True` for any use case where you don't have full control of the loaded file. Please open an issue on GitHub for any issues related to this experimental feature.[32m [repeated 5x across cluster] (Ray deduplicates logs by default. Set RAY_DEDUP_LOGS=0 to disable log deduplication, or see https://docs.ray.io/en/master/ray-observability/user-guides/configure-logging.html#log-deduplication for more options.)[0m
[36m(_DataParallelWorker pid=950422)[0m   return torch.load(io.BytesIO(b))[32m [repeated 5x across cluster][0m
