[Timing] Timing log: outputs/tgn_compare/seed_42/jodie_naive_nobatch/timing_log.csv
Epoch 1/3 | L2 Loss: 308845607.6742
Epoch 2/3 | L2 Loss: 79727447.6617
Epoch 3/3 | L2 Loss: 26682746.5470
[Coarse 1/27] model=temporal_event_gnn_jodie agg=none memory=add time_proj=mlp val_score=0.0772
Epoch 1/3 | L2 Loss: 36511437.2424
Epoch 2/3 | L2 Loss: 36113836.7594
Epoch 3/3 | L2 Loss: 35750202.3069
[Coarse 2/27] model=temporal_event_gnn_jodie agg=none memory=add time_proj=off val_score=0.0784
Epoch 1/3 | L2 Loss: 0.1798
Epoch 2/3 | L2 Loss: 0.1619
Epoch 3/3 | L2 Loss: 0.1587
[Coarse 3/27] model=jodie_rnn agg=none memory=lstm time_proj=off val_score=0.3460
Epoch 1/3 | L2 Loss: 18.9006
Epoch 2/3 | L2 Loss: 17.8460
Epoch 3/3 | L2 Loss: 17.6968
[Coarse 4/27] model=jodie_rnn agg=none memory=rnn time_proj=off val_score=0.7405
Epoch 1/3 | L2 Loss: 546649.8481
Epoch 2/3 | L2 Loss: 25079.6397
Epoch 3/3 | L2 Loss: 1879.5217
[Coarse 5/27] model=temporal_event_gnn_jodie agg=sum memory=lstm time_proj=linear val_score=0.1709
Epoch 1/3 | L2 Loss: 6508719.1767
Epoch 2/3 | L2 Loss: 6449804.5280
Epoch 3/3 | L2 Loss: 6401599.9884
[Coarse 6/27] model=temporal_event_gnn_jodie agg=none memory=add time_proj=off val_score=0.0766
Epoch 1/3 | L2 Loss: 1991815.3574
Epoch 2/3 | L2 Loss: 2765835.5552
Epoch 3/3 | L2 Loss: 5037869.6090
[Coarse 7/27] model=temporal_event_gnn_jodie agg=attn memory=add time_proj=mlp val_score=0.0846
Epoch 1/3 | L2 Loss: 2.6390
Epoch 2/3 | L2 Loss: 2.3676
Epoch 3/3 | L2 Loss: 2.3044
[Coarse 8/27] model=jodie_rnn agg=none memory=gru time_proj=off val_score=0.4323
Epoch 1/3 | L2 Loss: 0.1866
Epoch 2/3 | L2 Loss: 0.1629
Epoch 3/3 | L2 Loss: 0.1576
[Coarse 9/27] model=jodie_rnn agg=none memory=gru time_proj=off val_score=0.4181
Epoch 1/3 | L2 Loss: 0.8829
Epoch 2/3 | L2 Loss: 0.9081
Epoch 3/3 | L2 Loss: 0.9040
[Coarse 10/27] model=jodie_rnn agg=none memory=gru time_proj=linear val_score=0.6124
Epoch 1/3 | L2 Loss: 0.6631
Epoch 2/3 | L2 Loss: 0.5545
Epoch 3/3 | L2 Loss: 0.5278
[Coarse 11/27] model=jodie_rnn agg=none memory=gru time_proj=linear val_score=0.4132
Epoch 1/3 | L2 Loss: 0.6929
Epoch 2/3 | L2 Loss: 0.6711
Epoch 3/3 | L2 Loss: 0.6660
[Coarse 12/27] model=temporal_event_gnn_jodie agg=none memory=gru time_proj=off val_score=0.2342
Epoch 1/3 | L2 Loss: 15253.7385
Epoch 2/3 | L2 Loss: 551.3989
Epoch 3/3 | L2 Loss: 12.6152
[Coarse 13/27] model=temporal_event_gnn_jodie agg=none memory=lstm time_proj=mlp val_score=0.2112
Epoch 1/3 | L2 Loss: 0.9983
Epoch 2/3 | L2 Loss: 0.9357
Epoch 3/3 | L2 Loss: 0.9131
[Coarse 14/27] model=jodie_rnn agg=none memory=rnn time_proj=linear val_score=0.5853
Epoch 1/3 | L2 Loss: 2345100.4655
Epoch 2/3 | L2 Loss: 70482.2256
Epoch 3/3 | L2 Loss: 3690.4020
[Coarse 15/27] model=temporal_event_gnn_jodie agg=sum memory=gru time_proj=linear val_score=0.2021
Epoch 1/3 | L2 Loss: 23.9508
Epoch 2/3 | L2 Loss: 22.3589
Epoch 3/3 | L2 Loss: 22.2076
[Coarse 16/27] model=jodie_rnn agg=none memory=rnn time_proj=off val_score=0.7986
Epoch 1/3 | L2 Loss: 1.3102
Epoch 2/3 | L2 Loss: 1.1470
Epoch 3/3 | L2 Loss: 1.1076
[Coarse 17/27] model=jodie_rnn agg=none memory=gru time_proj=off val_score=0.3818
Epoch 1/3 | L2 Loss: 0.2948
Epoch 2/3 | L2 Loss: 0.2567
Epoch 3/3 | L2 Loss: 0.2480
[Coarse 18/27] model=jodie_rnn agg=none memory=lstm time_proj=off val_score=0.3142
Epoch 1/3 | L2 Loss: 13126086.3010
Epoch 2/3 | L2 Loss: 613294.0232
Epoch 3/3 | L2 Loss: 4540.8998
[Coarse 19/27] model=temporal_event_gnn_jodie agg=none memory=gru time_proj=mlp val_score=0.1701
Epoch 1/3 | L2 Loss: 176628.8975
Epoch 2/3 | L2 Loss: 7035.0117
Epoch 3/3 | L2 Loss: 366.7876
[Coarse 20/27] model=temporal_event_gnn_jodie agg=none memory=lstm time_proj=linear val_score=0.1838
Epoch 1/3 | L2 Loss: 4604907.6475
Epoch 2/3 | L2 Loss: 220849.4790
Epoch 3/3 | L2 Loss: 11133.8821
[Coarse 21/27] model=temporal_event_gnn_jodie agg=mean memory=gru time_proj=linear val_score=0.1910
Epoch 1/3 | L2 Loss: nan
Epoch 2/3 | L2 Loss: nan
Epoch 3/3 | L2 Loss: nan
[Coarse 22/27] model=jodie_rnn agg=none memory=gru time_proj=linear val_score=0.1266
Epoch 1/3 | L2 Loss: 0.5819
Epoch 2/3 | L2 Loss: 0.4610
Epoch 3/3 | L2 Loss: 0.3978
[Coarse 23/27] model=jodie_rnn agg=none memory=gru time_proj=linear val_score=0.6019
Epoch 1/3 | L2 Loss: 8016595.3394
Epoch 2/3 | L2 Loss: 4705758.2776
Epoch 3/3 | L2 Loss: 6777879.7304
[Coarse 24/27] model=temporal_event_gnn_jodie agg=none memory=add time_proj=mlp val_score=0.0781
Epoch 1/3 | L2 Loss: 101623.3256
Epoch 2/3 | L2 Loss: 9657.9307
Epoch 3/3 | L2 Loss: 766.2681
[Coarse 25/27] model=temporal_event_gnn_jodie agg=attn memory=lstm time_proj=mlp val_score=0.2331
Epoch 1/3 | L2 Loss: nan
Epoch 2/3 | L2 Loss: nan
Epoch 3/3 | L2 Loss: nan
[Coarse 26/27] model=jodie_rnn agg=none memory=gru time_proj=linear val_score=0.1266
Epoch 1/3 | L2 Loss: 0.8466
Epoch 2/3 | L2 Loss: 0.7273
Epoch 3/3 | L2 Loss: 0.7009
[Coarse 27/27] model=jodie_rnn agg=none memory=rnn time_proj=linear val_score=0.6587
Epoch 1/3 | L2 Loss: 19.6738
Epoch 2/3 | L2 Loss: 18.3511
Epoch 3/3 | L2 Loss: 18.1912
Best architecture saved to: outputs/tgn_compare/seed_42/jodie_naive_nobatch/best_arch.json
Leaderboard saved to: outputs/tgn_compare/seed_42/jodie_naive_nobatch/leaderboard.csv
Search mode: rl
Best selection score: 0.7986
Best test score: 0.7986
Best model family: jodie_rnn
