==========================================
四种策略 + Rerank 重训练
==========================================

[serial] 提取架构参数...
  架构: model=jodie_rnn, emb=128, cell=rnn
训练配置: {
  "model": "jodie_rnn",
  "embedding_dim": 128,
  "memory_cell": "rnn",
  "time_proj": "linear",
  "use_static_embeddings": "on",
  "normalize_state": "on",
  "event_agg": "none",
  "max_neighbors": 0,
  "batch_mode": "tbatch",
  "train_batch_size": 32,
  "dataset": "public_csv",
  "local_data_path": "data/public/mooc.csv",
  "max_events": 20000,
  "seed": 1000,
  "lr": 0.001,
  "neg_sample_size": 5,
  "k": 10,
  "device": "cuda"
}

加载数据...
数据集: 14000 train, 2000 val, 4000 test
最终训练: 16000 (train+val), 测试: 4000
用户数: 1435, 物品数: 21

设置种子: 1000
构建模型...
模型参数: 403200

开始训练 (10 epochs)...
Epoch 1/10 | L2 Loss: 0.7280
Epoch 2/10 | L2 Loss: 0.6561
Epoch 3/10 | L2 Loss: 0.6312
Epoch 4/10 | L2 Loss: 0.6088
Epoch 5/10 | L2 Loss: 0.5981
Epoch 6/10 | L2 Loss: 0.5926
Epoch 7/10 | L2 Loss: 0.5734
Epoch 8/10 | L2 Loss: 0.5762
Epoch 9/10 | L2 Loss: 0.5709
Epoch 10/10 | L2 Loss: 0.5651
训练完成，耗时: 621.86s

评估...

结果:
  Test MRR: 0.6677
  Test Recall@10: 0.9155
  训练时间: 621.86s

结果已保存到: outputs/rerank_experiment/seed_1000/serial/retrain/result.json
✓ serial: 重训练完成

[data_parallel] 提取架构参数...
  架构: model=jodie_rnn, emb=128, cell=rnn
训练配置: {
  "model": "jodie_rnn",
  "embedding_dim": 128,
  "memory_cell": "rnn",
  "time_proj": "off",
  "use_static_embeddings": "on",
  "normalize_state": "off",
  "event_agg": "none",
  "max_neighbors": 0,
  "batch_mode": "tbatch",
  "train_batch_size": 32,
  "dataset": "public_csv",
  "local_data_path": "data/public/mooc.csv",
  "max_events": 20000,
  "seed": 1000,
  "lr": 0.001,
  "neg_sample_size": 5,
  "k": 10,
  "device": "cuda"
}

加载数据...
数据集: 14000 train, 2000 val, 4000 test
最终训练: 16000 (train+val), 测试: 4000
用户数: 1435, 物品数: 21

设置种子: 1000
构建模型...
模型参数: 403200

开始训练 (10 epochs)...
Epoch 1/10 | L2 Loss: 13.9756
Epoch 2/10 | L2 Loss: 12.9386
Epoch 3/10 | L2 Loss: 12.8671
Epoch 4/10 | L2 Loss: 12.8298
Epoch 5/10 | L2 Loss: 12.7624
Epoch 6/10 | L2 Loss: 12.7120
Epoch 7/10 | L2 Loss: 12.7034
Epoch 8/10 | L2 Loss: 12.7224
Epoch 9/10 | L2 Loss: 12.7750
Epoch 10/10 | L2 Loss: 12.8374
训练完成，耗时: 386.10s

评估...

结果:
  Test MRR: 0.7578
  Test Recall@10: 0.9690
  训练时间: 386.10s

结果已保存到: outputs/rerank_experiment/seed_1000/data_parallel/retrain/result.json
✓ data_parallel: 重训练完成

[pipeline_naive] 提取架构参数...
  架构: model=jodie_rnn, emb=128, cell=rnn
训练配置: {
  "model": "jodie_rnn",
  "embedding_dim": 128,
  "memory_cell": "rnn",
  "time_proj": "linear",
  "use_static_embeddings": "off",
  "normalize_state": "off",
  "event_agg": "none",
  "max_neighbors": 0,
  "batch_mode": "tbatch",
  "train_batch_size": 32,
  "dataset": "public_csv",
  "local_data_path": "data/public/mooc.csv",
  "max_events": 20000,
  "seed": 1000,
  "lr": 0.001,
  "neg_sample_size": 5,
  "k": 10,
  "device": "cuda"
}

加载数据...
数据集: 14000 train, 2000 val, 4000 test
最终训练: 16000 (train+val), 测试: 4000
用户数: 1435, 物品数: 21

设置种子: 1000
构建模型...
模型参数: 134912

开始训练 (10 epochs)...
Epoch 1/10 | L2 Loss: 96.4817
Epoch 2/10 | L2 Loss: 91.1943
Epoch 3/10 | L2 Loss: 91.2593
Epoch 4/10 | L2 Loss: 91.2123
Epoch 5/10 | L2 Loss: 90.7658
Epoch 6/10 | L2 Loss: 91.2754
Epoch 7/10 | L2 Loss: 90.3016
Epoch 8/10 | L2 Loss: 90.0121
Epoch 9/10 | L2 Loss: 88.7259
Epoch 10/10 | L2 Loss: 88.1830
训练完成，耗时: 396.94s

评估...

结果:
  Test MRR: 0.6205
  Test Recall@10: 0.8755
  训练时间: 396.94s

结果已保存到: outputs/rerank_experiment/seed_1000/pipeline_naive/retrain/result.json
✓ pipeline_naive: 重训练完成

[pipeline_smart] 提取架构参数...
  架构: model=jodie_rnn, emb=128, cell=rnn
训练配置: {
  "model": "jodie_rnn",
  "embedding_dim": 128,
  "memory_cell": "rnn",
  "time_proj": "linear",
  "use_static_embeddings": "on",
  "normalize_state": "on",
  "event_agg": "none",
  "max_neighbors": 0,
  "batch_mode": "tbatch",
  "train_batch_size": 32,
  "dataset": "public_csv",
  "local_data_path": "data/public/mooc.csv",
  "max_events": 20000,
  "seed": 1000,
  "lr": 0.001,
  "neg_sample_size": 5,
  "k": 10,
  "device": "cuda"
}

加载数据...
数据集: 14000 train, 2000 val, 4000 test
最终训练: 16000 (train+val), 测试: 4000
用户数: 1435, 物品数: 21

设置种子: 1000
构建模型...
模型参数: 403200

开始训练 (10 epochs)...
Epoch 1/10 | L2 Loss: 0.7280
Epoch 2/10 | L2 Loss: 0.6561
Epoch 3/10 | L2 Loss: 0.6312
Epoch 4/10 | L2 Loss: 0.6088
Epoch 5/10 | L2 Loss: 0.5981
Epoch 6/10 | L2 Loss: 0.5926
Epoch 7/10 | L2 Loss: 0.5734
Epoch 8/10 | L2 Loss: 0.5762
Epoch 9/10 | L2 Loss: 0.5709
Epoch 10/10 | L2 Loss: 0.5651
训练完成，耗时: 619.15s

评估...

结果:
  Test MRR: 0.6677
  Test Recall@10: 0.9155
  训练时间: 619.15s

结果已保存到: outputs/rerank_experiment/seed_1000/pipeline_smart/retrain/result.json
✓ pipeline_smart: 重训练完成

==========================================
所有重训练完成！
==========================================
