==========================================
四种策略 + Rerank 重训练
==========================================

[serial] 提取架构参数...
  架构: model=jodie_rnn, emb=128, cell=rnn
训练配置: {
  "model": "jodie_rnn",
  "embedding_dim": 128,
  "memory_cell": "rnn",
  "time_proj": "linear",
  "use_static_embeddings": "on",
  "normalize_state": "on",
  "event_agg": "none",
  "max_neighbors": 0,
  "batch_mode": "tbatch",
  "train_batch_size": 32,
  "dataset": "public_csv",
  "local_data_path": "data/public/mooc.csv",
  "max_events": 20000,
  "seed": 21000,
  "lr": 0.001,
  "neg_sample_size": 5,
  "k": 10,
  "device": "cuda"
}

加载数据...
数据集: 14000 train, 2000 val, 4000 test
最终训练: 16000 (train+val), 测试: 4000
用户数: 1435, 物品数: 21

设置种子: 21000
构建模型...
模型参数: 403200

开始训练 (10 epochs)...
Epoch 1/10 | L2 Loss: 0.7007
Epoch 2/10 | L2 Loss: 0.6446
Epoch 3/10 | L2 Loss: 0.6194
Epoch 4/10 | L2 Loss: 0.6043
Epoch 5/10 | L2 Loss: 0.5884
Epoch 6/10 | L2 Loss: 0.5833
Epoch 7/10 | L2 Loss: 0.5813
Epoch 8/10 | L2 Loss: 0.5764
Epoch 9/10 | L2 Loss: 0.5740
Epoch 10/10 | L2 Loss: 0.5706
训练完成，耗时: 620.74s

评估...

结果:
  Test MRR: 0.6693
  Test Recall@10: 0.9090
  训练时间: 620.74s

结果已保存到: outputs/rerank_experiment/seed_1000/serial/retrain/result.json
✓ serial: 重训练完成

[data_parallel] 提取架构参数...
  架构: model=jodie_rnn, emb=128, cell=rnn
训练配置: {
  "model": "jodie_rnn",
  "embedding_dim": 128,
  "memory_cell": "rnn",
  "time_proj": "off",
  "use_static_embeddings": "on",
  "normalize_state": "off",
  "event_agg": "none",
  "max_neighbors": 0,
  "batch_mode": "tbatch",
  "train_batch_size": 32,
  "dataset": "public_csv",
  "local_data_path": "data/public/mooc.csv",
  "max_events": 20000,
  "seed": 21000,
  "lr": 0.001,
  "neg_sample_size": 5,
  "k": 10,
  "device": "cuda"
}

加载数据...
数据集: 14000 train, 2000 val, 4000 test
最终训练: 16000 (train+val), 测试: 4000
用户数: 1435, 物品数: 21

设置种子: 21000
构建模型...
模型参数: 403200

开始训练 (10 epochs)...
Epoch 1/10 | L2 Loss: 18.7952
Epoch 2/10 | L2 Loss: 17.5008
Epoch 3/10 | L2 Loss: 17.2828
Epoch 4/10 | L2 Loss: 17.1316
Epoch 5/10 | L2 Loss: 17.0558
Epoch 6/10 | L2 Loss: 17.0388
Epoch 7/10 | L2 Loss: 17.0458
Epoch 8/10 | L2 Loss: 17.0696
Epoch 9/10 | L2 Loss: 17.0939
Epoch 10/10 | L2 Loss: 17.1385
训练完成，耗时: 386.41s

评估...

结果:
  Test MRR: 0.7472
  Test Recall@10: 0.9593
  训练时间: 386.41s

结果已保存到: outputs/rerank_experiment/seed_1000/data_parallel/retrain/result.json
✓ data_parallel: 重训练完成

[pipeline_naive] 提取架构参数...
  架构: model=jodie_rnn, emb=128, cell=rnn
训练配置: {
  "model": "jodie_rnn",
  "embedding_dim": 128,
  "memory_cell": "rnn",
  "time_proj": "linear",
  "use_static_embeddings": "off",
  "normalize_state": "off",
  "event_agg": "none",
  "max_neighbors": 0,
  "batch_mode": "tbatch",
  "train_batch_size": 32,
  "dataset": "public_csv",
  "local_data_path": "data/public/mooc.csv",
  "max_events": 20000,
  "seed": 21000,
  "lr": 0.001,
  "neg_sample_size": 5,
  "k": 10,
  "device": "cuda"
}

加载数据...
数据集: 14000 train, 2000 val, 4000 test
最终训练: 16000 (train+val), 测试: 4000
用户数: 1435, 物品数: 21

设置种子: 21000
构建模型...
模型参数: 134912

开始训练 (10 epochs)...
Epoch 1/10 | L2 Loss: 97.5903
Epoch 2/10 | L2 Loss: 92.0837
Epoch 3/10 | L2 Loss: 92.4298
Epoch 4/10 | L2 Loss: 91.8148
Epoch 5/10 | L2 Loss: 91.3015
Epoch 6/10 | L2 Loss: 91.5433
Epoch 7/10 | L2 Loss: 90.7931
Epoch 8/10 | L2 Loss: 90.2695
Epoch 9/10 | L2 Loss: 89.8890
Epoch 10/10 | L2 Loss: 89.0330
训练完成，耗时: 395.74s

评估...

结果:
  Test MRR: 0.5824
  Test Recall@10: 0.8660
  训练时间: 395.74s

结果已保存到: outputs/rerank_experiment/seed_1000/pipeline_naive/retrain/result.json
✓ pipeline_naive: 重训练完成

[pipeline_smart] 提取架构参数...
  架构: model=jodie_rnn, emb=128, cell=rnn
训练配置: {
  "model": "jodie_rnn",
  "embedding_dim": 128,
  "memory_cell": "rnn",
  "time_proj": "linear",
  "use_static_embeddings": "on",
  "normalize_state": "on",
  "event_agg": "none",
  "max_neighbors": 0,
  "batch_mode": "tbatch",
  "train_batch_size": 32,
  "dataset": "public_csv",
  "local_data_path": "data/public/mooc.csv",
  "max_events": 20000,
  "seed": 21000,
  "lr": 0.001,
  "neg_sample_size": 5,
  "k": 10,
  "device": "cuda"
}

加载数据...
数据集: 14000 train, 2000 val, 4000 test
最终训练: 16000 (train+val), 测试: 4000
用户数: 1435, 物品数: 21

设置种子: 21000
构建模型...
模型参数: 403200

开始训练 (10 epochs)...
Epoch 1/10 | L2 Loss: 0.7007
Epoch 2/10 | L2 Loss: 0.6446
Epoch 3/10 | L2 Loss: 0.6194
Epoch 4/10 | L2 Loss: 0.6043
Epoch 5/10 | L2 Loss: 0.5884
Epoch 6/10 | L2 Loss: 0.5833
Epoch 7/10 | L2 Loss: 0.5813
Epoch 8/10 | L2 Loss: 0.5764
Epoch 9/10 | L2 Loss: 0.5740
Epoch 10/10 | L2 Loss: 0.5706
训练完成，耗时: 620.37s

评估...

结果:
  Test MRR: 0.6693
  Test Recall@10: 0.9090
  训练时间: 620.37s

结果已保存到: outputs/rerank_experiment/seed_1000/pipeline_smart/retrain/result.json
✓ pipeline_smart: 重训练完成

==========================================
所有重训练完成！
==========================================
