# pipeline trace log
# created_at=2026-06-04 21:19:38
[pipeline-trace] wall=21:50:01 elapsed=1805.354s phase=eval event=batch_start trial=26 partitions=[3] synthetic=False
[pipeline-trace] wall=21:50:01 elapsed=1805.354s phase=eval event=partition_start trial=26 partition=3 interactions=1999
[pipeline-trace] wall=21:50:01 elapsed=1805.355s phase=eval event=interaction_progress trial=26 partition=3 processed=1 total=1999 metric=ranking
[pipeline-trace] wall=21:50:03 elapsed=1807.159s phase=eval event=interaction_progress trial=26 partition=3 processed=100 total=1999 metric=ranking
[pipeline-trace] wall=21:50:05 elapsed=1808.851s phase=eval event=interaction_progress trial=26 partition=3 processed=200 total=1999 metric=ranking
[pipeline-trace] wall=21:50:06 elapsed=1810.583s phase=eval event=interaction_progress trial=26 partition=3 processed=300 total=1999 metric=ranking
[pipeline-trace] wall=21:50:08 elapsed=1812.339s phase=eval event=interaction_progress trial=26 partition=3 processed=400 total=1999 metric=ranking
[pipeline-trace] wall=21:50:10 elapsed=1814.117s phase=eval event=interaction_progress trial=26 partition=3 processed=500 total=1999 metric=ranking
[pipeline-trace] wall=21:50:12 elapsed=1815.979s phase=eval event=interaction_progress trial=26 partition=3 processed=600 total=1999 metric=ranking
[pipeline-trace] wall=21:50:14 elapsed=1817.813s phase=eval event=interaction_progress trial=26 partition=3 processed=700 total=1999 metric=ranking
[pipeline-trace] wall=21:50:15 elapsed=1819.673s phase=eval event=interaction_progress trial=26 partition=3 processed=800 total=1999 metric=ranking
[pipeline-trace] wall=21:50:17 elapsed=1821.489s phase=eval event=interaction_progress trial=26 partition=3 processed=900 total=1999 metric=ranking
[pipeline-trace] wall=21:50:19 elapsed=1823.296s phase=eval event=interaction_progress trial=26 partition=3 processed=1000 total=1999 metric=ranking
[pipeline-trace] wall=21:50:21 elapsed=1825.098s phase=eval event=interaction_progress trial=26 partition=3 processed=1100 total=1999 metric=ranking
[pipeline-trace] wall=21:50:23 elapsed=1826.864s phase=eval event=interaction_progress trial=26 partition=3 processed=1200 total=1999 metric=ranking
[pipeline-trace] wall=21:50:24 elapsed=1828.657s phase=eval event=interaction_progress trial=26 partition=3 processed=1300 total=1999 metric=ranking
[pipeline-trace] wall=21:50:26 elapsed=1830.412s phase=eval event=interaction_progress trial=26 partition=3 processed=1400 total=1999 metric=ranking
[pipeline-trace] wall=21:50:28 elapsed=1832.379s phase=eval event=interaction_progress trial=26 partition=3 processed=1500 total=1999 metric=ranking
[pipeline-trace] wall=21:50:30 elapsed=1834.172s phase=eval event=interaction_progress trial=26 partition=3 processed=1600 total=1999 metric=ranking
[pipeline-trace] wall=21:50:32 elapsed=1835.971s phase=eval event=interaction_progress trial=26 partition=3 processed=1700 total=1999 metric=ranking
[pipeline-trace] wall=21:50:34 elapsed=1837.773s phase=eval event=interaction_progress trial=26 partition=3 processed=1800 total=1999 metric=ranking
[pipeline-trace] wall=21:50:35 elapsed=1839.559s phase=eval event=interaction_progress trial=26 partition=3 processed=1900 total=1999 metric=ranking
[pipeline-trace] wall=21:50:37 elapsed=1841.321s phase=eval event=interaction_progress trial=26 partition=3 processed=1999 total=1999 metric=ranking
[pipeline-trace] wall=21:50:37 elapsed=1841.341s phase=eval event=partition_complete trial=26 partition=3 elapsed_sec=35.987 hits=1862 total=1999
