
======================================================================
[GraphNAS] Starting data-parallel search
[GraphNAS] Coarse trials: 27, epochs: 3, workers: 3
======================================================================

[Timing] Timing log: outputs/tgn_compare/seed_42/jodie_dataparallel_batch/timing_log.csv
2026-05-18 15:55:19,793	INFO worker.py:1812 -- Started a local Ray instance. View the dashboard at [1m[32mhttp://127.0.0.1:8265 [39m[22m
[36m(_DataParallelWorker pid=757541)[0m /usr/local/anaconda3/lib/python3.11/site-packages/torch/storage.py:414: FutureWarning: You are using `torch.load` with `weights_only=False` (the current default value), which uses the default pickle module implicitly. It is possible to construct malicious pickle data which will execute arbitrary code during unpickling (See https://github.com/pytorch/pytorch/blob/main/SECURITY.md#untrusted-models for more details). In a future release, the default value for `weights_only` will be flipped to `True`. This limits the functions that could be executed during unpickling. Arbitrary objects will no longer be allowed to be loaded via this mode unless they are explicitly allowlisted by the user via `torch.serialization.add_safe_globals`. We recommend you start setting `weights_only=True` for any use case where you don't have full control of the loaded file. Please open an issue on GitHub for any issues related to this experimental feature.
[36m(_DataParallelWorker pid=757541)[0m   return torch.load(io.BytesIO(b))
Traceback (most recent call last):
  File "/home/wanghaoyu/JODIE-simple/search.py", line 289, in <module>
    main()
  File "/home/wanghaoyu/JODIE-simple/search.py", line 261, in main
    best, results = trainer.search_data_parallel(
                    ^^^^^^^^^^^^^^^^^^^^^^^^^^^^^
  File "/home/wanghaoyu/JODIE-simple/nas/trainer.py", line 1184, in search_data_parallel
    raw_list = executor.run([arch], user_type_prefs=user_type_prefs,
               ^^^^^^^^^^^^^^^^^^^^^^^^^^^^^^^^^^^^^^^^^^^^^^^^^^^^^
  File "/home/wanghaoyu/JODIE-simple/nas/data_parallel_executor.py", line 359, in run
    result = self._run_trial(arch_config, trial_id, num_train_epochs)
             ^^^^^^^^^^^^^^^^^^^^^^^^^^^^^^^^^^^^^^^^^^^^^^^^^^^^^^^^
  File "/home/wanghaoyu/JODIE-simple/nas/data_parallel_executor.py", line 446, in _run_trial
    worker_results = ray.get(refs)
                     ^^^^^^^^^^^^^
  File "/usr/local/anaconda3/lib/python3.11/site-packages/ray/_private/auto_init_hook.py", line 21, in auto_init_wrapper
    return fn(*args, **kwargs)
           ^^^^^^^^^^^^^^^^^^^
  File "/usr/local/anaconda3/lib/python3.11/site-packages/ray/_private/client_mode_hook.py", line 103, in wrapper
    return func(*args, **kwargs)
           ^^^^^^^^^^^^^^^^^^^^^
  File "/usr/local/anaconda3/lib/python3.11/site-packages/ray/_private/worker.py", line 2755, in get
    values, debugger_breakpoint = worker.get_objects(object_refs, timeout=timeout)
                                  ^^^^^^^^^^^^^^^^^^^^^^^^^^^^^^^^^^^^^^^^^^^^^^^^
  File "/usr/local/anaconda3/lib/python3.11/site-packages/ray/_private/worker.py", line 906, in get_objects
    raise value.as_instanceof_cause()
ray.exceptions.RayTaskError(ValueError): [36mray::_DataParallelWorker.train_chunk()[39m (pid=757541, ip=211.87.232.182, actor_id=24b55a3eb698f3c31d3c726201000000, repr=<nas.data_parallel_executor._DataParallelWorker object at 0x70be8c68bc10>)
           ^^^^^^^^^^^^^^^^^^^^^^^^^^^^^^^^^^^^
           ^^^^^^^^^^^^^^^^^^^^^^^^^^^^^^^
  File "/home/wanghaoyu/JODIE-simple/nas/data_parallel_executor.py", line 144, in train_chunk
    new_user_emb, new_item_emb = model.process_interaction(uid_t, iid_t, t, f, deferred=True)
                                 ^^^^^^^^^^^^^^^^^^^^^^^^^^^^^^^^^^^^^^^^^^^^^^^^^^^^^^^^^^^^
  File "/home/wanghaoyu/JODIE-simple/models/hybrid_jodie.py", line 203, in process_interaction
    raise ValueError("TemporalEventGNNJODIE requires graph_ctx")
ValueError: TemporalEventGNNJODIE requires graph_ctx
[36m(_DataParallelWorker pid=757550)[0m /usr/local/anaconda3/lib/python3.11/site-packages/torch/storage.py:414: FutureWarning: You are using `torch.load` with `weights_only=False` (the current default value), which uses the default pickle module implicitly. It is possible to construct malicious pickle data which will execute arbitrary code during unpickling (See https://github.com/pytorch/pytorch/blob/main/SECURITY.md#untrusted-models for more details). In a future release, the default value for `weights_only` will be flipped to `True`. This limits the functions that could be executed during unpickling. Arbitrary objects will no longer be allowed to be loaded via this mode unless they are explicitly allowlisted by the user via `torch.serialization.add_safe_globals`. We recommend you start setting `weights_only=True` for any use case where you don't have full control of the loaded file. Please open an issue on GitHub for any issues related to this experimental feature.[32m [repeated 2x across cluster] (Ray deduplicates logs by default. Set RAY_DEDUP_LOGS=0 to disable log deduplication, or see https://docs.ray.io/en/master/ray-observability/user-guides/configure-logging.html#log-deduplication for more options.)[0m
[36m(_DataParallelWorker pid=757550)[0m   return torch.load(io.BytesIO(b))[32m [repeated 2x across cluster][0m
2026-05-18 15:55:27,370	INFO worker.py:1812 -- Started a local Ray instance. View the dashboard at [1m[32mhttp://127.0.0.1:8265 [39m[22m
