# pipeline trace log
# created_at=2026-06-04 21:19:51
[pipeline-trace] wall=21:49:49 elapsed=1780.930s phase=eval event=batch_start trial=25 partitions=[3] synthetic=False
[pipeline-trace] wall=21:49:49 elapsed=1780.931s phase=eval event=partition_start trial=25 partition=3 interactions=1999
[pipeline-trace] wall=21:49:49 elapsed=1780.931s phase=eval event=interaction_progress trial=25 partition=3 processed=1 total=1999 metric=ranking
[pipeline-trace] wall=21:49:51 elapsed=1783.223s phase=eval event=interaction_progress trial=25 partition=3 processed=100 total=1999 metric=ranking
[pipeline-trace] wall=21:49:53 elapsed=1784.931s phase=eval event=interaction_progress trial=25 partition=3 processed=200 total=1999 metric=ranking
[pipeline-trace] wall=21:49:54 elapsed=1786.732s phase=eval event=interaction_progress trial=25 partition=3 processed=300 total=1999 metric=ranking
[pipeline-trace] wall=21:49:56 elapsed=1788.166s phase=eval event=interaction_progress trial=25 partition=3 processed=400 total=1999 metric=ranking
[pipeline-trace] wall=21:49:56 elapsed=1788.671s phase=eval event=interaction_progress trial=25 partition=3 processed=500 total=1999 metric=ranking
[pipeline-trace] wall=21:49:57 elapsed=1789.179s phase=eval event=interaction_progress trial=25 partition=3 processed=600 total=1999 metric=ranking
[pipeline-trace] wall=21:49:58 elapsed=1790.480s phase=eval event=interaction_progress trial=25 partition=3 processed=700 total=1999 metric=ranking
[pipeline-trace] wall=21:49:58 elapsed=1789.340s phase=eval event=batch_start trial=26 partitions=[3] synthetic=False
[pipeline-trace] wall=21:49:58 elapsed=1789.340s phase=eval event=partition_start trial=26 partition=3 interactions=1999
[pipeline-trace] wall=21:49:58 elapsed=1789.340s phase=eval event=interaction_progress trial=26 partition=3 processed=1 total=1999 metric=ranking
[pipeline-trace] wall=21:49:59 elapsed=1790.995s phase=eval event=interaction_progress trial=25 partition=3 processed=800 total=1999 metric=ranking
[pipeline-trace] wall=21:49:59 elapsed=1791.508s phase=eval event=interaction_progress trial=25 partition=3 processed=900 total=1999 metric=ranking
[pipeline-trace] wall=21:50:00 elapsed=1790.704s phase=eval event=interaction_progress trial=26 partition=3 processed=100 total=1999 metric=ranking
[pipeline-trace] wall=21:50:00 elapsed=1792.540s phase=eval event=interaction_progress trial=25 partition=3 processed=1000 total=1999 metric=ranking
[pipeline-trace] wall=21:50:01 elapsed=1792.098s phase=eval event=interaction_progress trial=26 partition=3 processed=200 total=1999 metric=ranking
[pipeline-trace] wall=21:50:02 elapsed=1794.296s phase=eval event=interaction_progress trial=25 partition=3 processed=1100 total=1999 metric=ranking
[pipeline-trace] wall=21:50:02 elapsed=1793.448s phase=eval event=interaction_progress trial=26 partition=3 processed=300 total=1999 metric=ranking
[pipeline-trace] wall=21:50:04 elapsed=1794.780s phase=eval event=interaction_progress trial=26 partition=3 processed=400 total=1999 metric=ranking
[pipeline-trace] wall=21:50:04 elapsed=1796.113s phase=eval event=interaction_progress trial=25 partition=3 processed=1200 total=1999 metric=ranking
[pipeline-trace] wall=21:50:05 elapsed=1796.165s phase=eval event=interaction_progress trial=26 partition=3 processed=500 total=1999 metric=ranking
[pipeline-trace] wall=21:50:05 elapsed=1797.798s phase=eval event=interaction_progress trial=25 partition=3 processed=1300 total=1999 metric=ranking
[pipeline-trace] wall=21:50:06 elapsed=1797.608s phase=eval event=interaction_progress trial=26 partition=3 processed=600 total=1999 metric=ranking
[pipeline-trace] wall=21:50:07 elapsed=1799.521s phase=eval event=interaction_progress trial=25 partition=3 processed=1400 total=1999 metric=ranking
[pipeline-trace] wall=21:50:08 elapsed=1798.970s phase=eval event=interaction_progress trial=26 partition=3 processed=700 total=1999 metric=ranking
[pipeline-trace] wall=21:50:09 elapsed=1801.261s phase=eval event=interaction_progress trial=25 partition=3 processed=1500 total=1999 metric=ranking
[pipeline-trace] wall=21:50:09 elapsed=1800.314s phase=eval event=interaction_progress trial=26 partition=3 processed=800 total=1999 metric=ranking
[pipeline-trace] wall=21:50:11 elapsed=1801.690s phase=eval event=interaction_progress trial=26 partition=3 processed=900 total=1999 metric=ranking
[pipeline-trace] wall=21:50:11 elapsed=1803.123s phase=eval event=interaction_progress trial=25 partition=3 processed=1600 total=1999 metric=ranking
[pipeline-trace] wall=21:50:12 elapsed=1803.005s phase=eval event=interaction_progress trial=26 partition=3 processed=1000 total=1999 metric=ranking
[pipeline-trace] wall=21:50:13 elapsed=1804.963s phase=eval event=interaction_progress trial=25 partition=3 processed=1700 total=1999 metric=ranking
[pipeline-trace] wall=21:50:13 elapsed=1804.436s phase=eval event=interaction_progress trial=26 partition=3 processed=1100 total=1999 metric=ranking
[pipeline-trace] wall=21:50:14 elapsed=1806.770s phase=eval event=interaction_progress trial=25 partition=3 processed=1800 total=1999 metric=ranking
[pipeline-trace] wall=21:50:15 elapsed=1805.878s phase=eval event=interaction_progress trial=26 partition=3 processed=1200 total=1999 metric=ranking
[pipeline-trace] wall=21:50:16 elapsed=1807.299s phase=eval event=interaction_progress trial=26 partition=3 processed=1300 total=1999 metric=ranking
[pipeline-trace] wall=21:50:16 elapsed=1808.633s phase=eval event=interaction_progress trial=25 partition=3 processed=1900 total=1999 metric=ranking
[pipeline-trace] wall=21:50:18 elapsed=1808.612s phase=eval event=interaction_progress trial=26 partition=3 processed=1400 total=1999 metric=ranking
[pipeline-trace] wall=21:50:18 elapsed=1810.445s phase=eval event=interaction_progress trial=25 partition=3 processed=1999 total=1999 metric=ranking
[pipeline-trace] wall=21:50:18 elapsed=1810.462s phase=eval event=partition_complete trial=25 partition=3 elapsed_sec=29.531 hits=1505 total=1999
[pipeline-trace] wall=21:50:19 elapsed=1809.932s phase=eval event=interaction_progress trial=26 partition=3 processed=1500 total=1999 metric=ranking
[pipeline-trace] wall=21:50:20 elapsed=1811.232s phase=eval event=interaction_progress trial=26 partition=3 processed=1600 total=1999 metric=ranking
[pipeline-trace] wall=21:50:22 elapsed=1812.659s phase=eval event=interaction_progress trial=26 partition=3 processed=1700 total=1999 metric=ranking
[pipeline-trace] wall=21:50:23 elapsed=1813.992s phase=eval event=interaction_progress trial=26 partition=3 processed=1800 total=1999 metric=ranking
[pipeline-trace] wall=21:50:24 elapsed=1815.210s phase=eval event=interaction_progress trial=26 partition=3 processed=1900 total=1999 metric=ranking
[pipeline-trace] wall=21:50:25 elapsed=1816.512s phase=eval event=interaction_progress trial=26 partition=3 processed=1999 total=1999 metric=ranking
[pipeline-trace] wall=21:50:25 elapsed=1816.529s phase=eval event=partition_complete trial=26 partition=3 elapsed_sec=27.189 hits=1588 total=1999
