训练配置: {
  "model": "jodie_rnn",
  "embedding_dim": 128,
  "memory_cell": "rnn",
  "time_proj": "off",
  "use_static_embeddings": "on",
  "normalize_state": "off",
  "event_agg": "none",
  "max_neighbors": 0,
  "batch_mode": "tbatch",
  "train_batch_size": 32,
  "dataset": "public_csv",
  "local_data_path": "data/public/mooc.csv",
  "max_events": 20000,
  "seed": 100,
  "lr": 0.001,
  "neg_sample_size": 5,
  "k": 10,
  "device": "cuda"
}

加载数据...
数据集: 14000 train, 2000 val, 4000 test
最终训练: 16000 (train+val), 测试: 4000
用户数: 1435, 物品数: 21

设置种子: 100
构建模型...
模型参数: 403200

开始训练 (3 epochs)...
Epoch 1/3 | L2 Loss: 15.5422
Epoch 2/3 | L2 Loss: 14.4667
Epoch 3/3 | L2 Loss: 14.3319
训练完成，耗时: 125.59s

评估...

结果:
  Test MRR: 0.7773
  Test Recall@10: 0.9755
  训练时间: 125.59s

结果已保存到: outputs/comprehensive_comparison/seed_100/data_parallel/retrain/result.json
