训练配置: {
  "model": "jodie_rnn",
  "embedding_dim": 128,
  "memory_cell": "rnn",
  "time_proj": "off",
  "use_static_embeddings": "off",
  "normalize_state": "off",
  "event_agg": "none",
  "max_neighbors": 0,
  "batch_mode": "tbatch",
  "train_batch_size": 32,
  "dataset": "public_csv",
  "local_data_path": "data/public/mooc.csv",
  "max_events": 20000,
  "seed": 42,
  "lr": 0.001,
  "neg_sample_size": 5,
  "k": 10,
  "device": "cuda"
}

加载数据...
数据集: 14000 train, 2000 val, 4000 test
最终训练: 16000 (train+val), 测试: 4000
用户数: 1435, 物品数: 21

设置种子: 42
构建模型...
模型参数: 134912

开始训练 (3 epochs)...
Epoch 1/3 | L2 Loss: 24.6822
Epoch 2/3 | L2 Loss: 22.8342
Epoch 3/3 | L2 Loss: 22.6410
训练完成，耗时: 96.66s

评估...

结果:
  Test MRR: 0.8801
  Test Recall@10: 0.9918
  训练时间: 96.66s

结果已保存到: outputs/comprehensive_comparison/seed_42/smart_no_overlap/retrain/result.json
