=== 批处理对比实验开始 ===
开始时间: 2026年 05月 18日 星期一 09:04:17 CST

======================================
随机种子: 42
======================================

>>> 运行: mode=single, batch=false, seed=42, gpu=0
命令: CUDA_VISIBLE_DEVICES=0 python -u search.py         --dataset public_csv         --local-data-path data/public/mooc.csv         --max-events 20000         --trials 27         --epochs 3         --output-dir outputs/tgn_compare/seed_42/jodie_single_nobatch         --seed 42
✅ 完成 (耗时: 3348s)
  最佳验证分数: 0.7986181531410019, 测试分数: 0.8310854879669255

>>> 运行: mode=single, batch=true, seed=42, gpu=0
命令: CUDA_VISIBLE_DEVICES=0 python -u search.py         --dataset public_csv         --local-data-path data/public/mooc.csv         --max-events 20000         --trials 27         --epochs 3         --output-dir outputs/tgn_compare/seed_42/jodie_single_batch         --seed 42 --batch-training --train-batch-size 32
✅ 完成 (耗时: 2489s)
  最佳验证分数: 0.28522140989208405, 测试分数: 0.2474781623272766

>>> 运行: mode=naive, batch=false, seed=42, gpu=0,1,2
命令: CUDA_VISIBLE_DEVICES=0,1,2 python -u search.py         --dataset public_csv         --local-data-path data/public/mooc.csv         --max-events 20000         --trials 27         --epochs 3         --output-dir outputs/tgn_compare/seed_42/jodie_naive_nobatch         --seed 42 --pipeline-mode naive
✅ 完成 (耗时: 3401s)
  最佳验证分数: 0.7986181531410019, 测试分数: 0.8310854879669255
  清理Ray会话...

>>> 运行: mode=naive, batch=true, seed=42, gpu=0,1,2
命令: CUDA_VISIBLE_DEVICES=0,1,2 python -u search.py         --dataset public_csv         --local-data-path data/public/mooc.csv         --max-events 20000         --trials 27         --epochs 3         --output-dir outputs/tgn_compare/seed_42/jodie_naive_batch         --seed 42 --pipeline-mode naive --batch-training --train-batch-size 32
✅ 完成 (耗时: 2447s)
  最佳验证分数: 0.28522140989208405, 测试分数: 0.2474781623272766
  清理Ray会话...

>>> 运行: mode=smart, batch=false, seed=42, gpu=0,1,2
命令: CUDA_VISIBLE_DEVICES=0,1,2 python -u search.py         --dataset public_csv         --local-data-path data/public/mooc.csv         --max-events 20000         --trials 27         --epochs 3         --output-dir outputs/tgn_compare/seed_42/jodie_smart_nobatch         --seed 42 --pipeline-mode smart
✅ 完成 (耗时: 3362s)
  最佳验证分数: 0.7986181531410019, 测试分数: 0.8310854879669255
  清理Ray会话...

>>> 运行: mode=smart, batch=true, seed=42, gpu=0,1,2
命令: CUDA_VISIBLE_DEVICES=0,1,2 python -u search.py         --dataset public_csv         --local-data-path data/public/mooc.csv         --max-events 20000         --trials 27         --epochs 3         --output-dir outputs/tgn_compare/seed_42/jodie_smart_batch         --seed 42 --pipeline-mode smart --batch-training --train-batch-size 32
✅ 完成 (耗时: 2410s)
  最佳验证分数: 0.28522140989208405, 测试分数: 0.2474781623272766
  清理Ray会话...

>>> 运行: mode=data_parallel, batch=false, seed=42, gpu=0,1,2
命令: CUDA_VISIBLE_DEVICES=0,1,2 python -u search.py         --dataset public_csv         --local-data-path data/public/mooc.csv         --max-events 20000         --trials 27         --epochs 3         --output-dir outputs/tgn_compare/seed_42/jodie_dataparallel_nobatch         --seed 42 --execution-mode data_parallel --data-parallel-workers 3 --data-parallel-visible-gpus "0,1,2"
=== 从中断处继续实验 ===
继续时间: 2026年 05月 18日 星期一 15:04:13 CST

======================================
随机种子: 42 (继续)
======================================

>>> 运行: mode=data_parallel, batch=false, seed=42, gpu=0,1,2
命令: CUDA_VISIBLE_DEVICES=0,1,2 python -u search.py         --dataset public_csv         --local-data-path data/public/mooc.csv         --max-events 20000         --trials 27         --epochs 3         --output-dir outputs/tgn_compare/seed_42/jodie_dataparallel_nobatch         --seed 42 --execution-mode data_parallel --data-parallel-workers 3 --data-parallel-visible-gpus "0,1,2"
❌ 失败 (退出码: 1)
  清理Ray会话...
=== 从中断处继续实验 ===
继续时间: 2026年 05月 18日 星期一 15:04:35 CST

======================================
随机种子: 42 (继续)
======================================

>>> 运行: mode=data_parallel, batch=false, seed=42, gpu=0,1,2
命令: CUDA_VISIBLE_DEVICES=0,1,2 python -u search.py         --dataset public_csv         --local-data-path data/public/mooc.csv         --max-events 20000         --trials 27         --epochs 3         --output-dir outputs/tgn_compare/seed_42/jodie_dataparallel_nobatch         --seed 42 --execution-mode data_parallel --data-parallel-workers 3 --data-parallel-visible-gpus "0,1,2"
✅ 完成 (耗时: 3034s)
  最佳验证分数: 0.6323648442973396, 测试分数: 0.5523625218976888
  清理Ray会话...

>>> 运行: mode=data_parallel, batch=true, seed=42, gpu=0,1,2
命令: CUDA_VISIBLE_DEVICES=0,1,2 python -u search.py         --dataset public_csv         --local-data-path data/public/mooc.csv         --max-events 20000         --trials 27         --epochs 3         --output-dir outputs/tgn_compare/seed_42/jodie_dataparallel_batch         --seed 42 --execution-mode data_parallel --data-parallel-workers 3 --data-parallel-visible-gpus "0,1,2" --batch-training --train-batch-size 32
