
======================================================================
[GraphNAS] Starting data-parallel search
[GraphNAS] Coarse trials: 50, epochs: 3, workers: 3
======================================================================

[Timing] Timing log: outputs/50k_comparison/seed_42/data_parallel_improved/timing_log.csv
2026-06-21 21:53:35,132	INFO worker.py:1812 -- Started a local Ray instance. View the dashboard at [1m[32mhttp://127.0.0.1:8269 [39m[22m
[36m(_DataParallelWorker pid=1871458)[0m /usr/local/anaconda3/lib/python3.11/site-packages/torch/storage.py:414: FutureWarning: You are using `torch.load` with `weights_only=False` (the current default value), which uses the default pickle module implicitly. It is possible to construct malicious pickle data which will execute arbitrary code during unpickling (See https://github.com/pytorch/pytorch/blob/main/SECURITY.md#untrusted-models for more details). In a future release, the default value for `weights_only` will be flipped to `True`. This limits the functions that could be executed during unpickling. Arbitrary objects will no longer be allowed to be loaded via this mode unless they are explicitly allowlisted by the user via `torch.serialization.add_safe_globals`. We recommend you start setting `weights_only=True` for any use case where you don't have full control of the loaded file. Please open an issue on GitHub for any issues related to this experimental feature.
[36m(_DataParallelWorker pid=1871458)[0m   return torch.load(io.BytesIO(b))
/usr/local/anaconda3/lib/python3.11/site-packages/torch/storage.py:414: FutureWarning: You are using `torch.load` with `weights_only=False` (the current default value), which uses the default pickle module implicitly. It is possible to construct malicious pickle data which will execute arbitrary code during unpickling (See https://github.com/pytorch/pytorch/blob/main/SECURITY.md#untrusted-models for more details). In a future release, the default value for `weights_only` will be flipped to `True`. This limits the functions that could be executed during unpickling. Arbitrary objects will no longer be allowed to be loaded via this mode unless they are explicitly allowlisted by the user via `torch.serialization.add_safe_globals`. We recommend you start setting `weights_only=True` for any use case where you don't have full control of the loaded file. Please open an issue on GitHub for any issues related to this experimental feature.
  return torch.load(io.BytesIO(b))
[DataParallel] trial=0 epoch=1/3 partition=0 interactions=7500
[DataParallel] trial=0 epoch=1/3 partition=1 interactions=7500
[DataParallel] trial=0 epoch=1/3 partition=2 interactions=7500
[DataParallel] trial=0 epoch=1/3 partition=3 interactions=7500
[DataParallel] trial=0 epoch=1/3 partition=4 interactions=5000
[DataParallel] trial=0 epoch=2/3 partition=0 interactions=7500
[DataParallel] trial=0 epoch=2/3 partition=1 interactions=7500
[DataParallel] trial=0 epoch=2/3 partition=2 interactions=7500
[DataParallel] trial=0 epoch=2/3 partition=3 interactions=7500
[DataParallel] trial=0 epoch=2/3 partition=4 interactions=5000
[DataParallel] trial=0 epoch=3/3 partition=0 interactions=7500
[DataParallel] trial=0 epoch=3/3 partition=1 interactions=7500
[DataParallel] trial=0 epoch=3/3 partition=2 interactions=7500
[DataParallel] trial=0 epoch=3/3 partition=3 interactions=7500
[DataParallel] trial=0 epoch=3/3 partition=4 interactions=5000
[DataParallel 1/50] model=jodie_rnn agg=none memory=rnn val_score=0.3421
[DataParallel] trial=0 epoch=1/3 partition=0 interactions=7500
[DataParallel] trial=0 epoch=1/3 partition=1 interactions=7500
[DataParallel] trial=0 epoch=1/3 partition=2 interactions=7500
[DataParallel] trial=0 epoch=1/3 partition=3 interactions=7500
[DataParallel] trial=0 epoch=1/3 partition=4 interactions=5000
[DataParallel] trial=0 epoch=2/3 partition=0 interactions=7500
[DataParallel] trial=0 epoch=2/3 partition=1 interactions=7500
[DataParallel] trial=0 epoch=2/3 partition=2 interactions=7500
[DataParallel] trial=0 epoch=2/3 partition=3 interactions=7500
[DataParallel] trial=0 epoch=2/3 partition=4 interactions=5000
[DataParallel] trial=0 epoch=3/3 partition=0 interactions=7500
[DataParallel] trial=0 epoch=3/3 partition=1 interactions=7500
[DataParallel] trial=0 epoch=3/3 partition=2 interactions=7500
[DataParallel] trial=0 epoch=3/3 partition=3 interactions=7500
[DataParallel] trial=0 epoch=3/3 partition=4 interactions=5000
[DataParallel 2/50] model=jodie_rnn agg=none memory=gru val_score=0.4724
[DataParallel] trial=0 epoch=1/3 partition=0 interactions=7500
[DataParallel] trial=0 epoch=1/3 partition=1 interactions=7500
[DataParallel] trial=0 epoch=1/3 partition=2 interactions=7500
[DataParallel] trial=0 epoch=1/3 partition=3 interactions=7500
[DataParallel] trial=0 epoch=1/3 partition=4 interactions=5000
[DataParallel] trial=0 epoch=2/3 partition=0 interactions=7500
[DataParallel] trial=0 epoch=2/3 partition=1 interactions=7500
[DataParallel] trial=0 epoch=2/3 partition=2 interactions=7500
[DataParallel] trial=0 epoch=2/3 partition=3 interactions=7500
[DataParallel] trial=0 epoch=2/3 partition=4 interactions=5000
[DataParallel] trial=0 epoch=3/3 partition=0 interactions=7500
[DataParallel] trial=0 epoch=3/3 partition=1 interactions=7500
[DataParallel] trial=0 epoch=3/3 partition=2 interactions=7500
[DataParallel] trial=0 epoch=3/3 partition=3 interactions=7500
[DataParallel] trial=0 epoch=3/3 partition=4 interactions=5000
[DataParallel 3/50] model=jodie_rnn agg=none memory=rnn val_score=0.6665
[DataParallel] trial=0 epoch=1/3 partition=0 interactions=7500
[DataParallel] trial=0 epoch=1/3 partition=1 interactions=7500
[DataParallel] trial=0 epoch=1/3 partition=2 interactions=7500
[DataParallel] trial=0 epoch=1/3 partition=3 interactions=7500
[DataParallel] trial=0 epoch=1/3 partition=4 interactions=5000
[DataParallel] trial=0 epoch=2/3 partition=0 interactions=7500
[DataParallel] trial=0 epoch=2/3 partition=1 interactions=7500
[DataParallel] trial=0 epoch=2/3 partition=2 interactions=7500
[DataParallel] trial=0 epoch=2/3 partition=3 interactions=7500
[DataParallel] trial=0 epoch=2/3 partition=4 interactions=5000
[DataParallel] trial=0 epoch=3/3 partition=0 interactions=7500
[DataParallel] trial=0 epoch=3/3 partition=1 interactions=7500
[DataParallel] trial=0 epoch=3/3 partition=2 interactions=7500
[DataParallel] trial=0 epoch=3/3 partition=3 interactions=7500
[DataParallel] trial=0 epoch=3/3 partition=4 interactions=5000
[DataParallel 4/50] model=jodie_rnn agg=none memory=gru val_score=0.3710
[DataParallel] trial=0 epoch=1/3 partition=0 interactions=7500
[DataParallel] trial=0 epoch=1/3 partition=1 interactions=7500
[DataParallel] trial=0 epoch=1/3 partition=2 interactions=7500
[DataParallel] trial=0 epoch=1/3 partition=3 interactions=7500
[DataParallel] trial=0 epoch=1/3 partition=4 interactions=5000
[DataParallel] trial=0 epoch=2/3 partition=0 interactions=7500
[DataParallel] trial=0 epoch=2/3 partition=1 interactions=7500
[DataParallel] trial=0 epoch=2/3 partition=2 interactions=7500
[DataParallel] trial=0 epoch=2/3 partition=3 interactions=7500
[DataParallel] trial=0 epoch=2/3 partition=4 interactions=5000
[DataParallel] trial=0 epoch=3/3 partition=0 interactions=7500
[DataParallel] trial=0 epoch=3/3 partition=1 interactions=7500
[DataParallel] trial=0 epoch=3/3 partition=2 interactions=7500
[DataParallel] trial=0 epoch=3/3 partition=3 interactions=7500
[DataParallel] trial=0 epoch=3/3 partition=4 interactions=5000
[DataParallel 5/50] model=jodie_rnn agg=none memory=gru val_score=0.1181
[DataParallel] trial=0 epoch=1/3 partition=0 interactions=7500
[DataParallel] trial=0 epoch=1/3 partition=1 interactions=7500
[DataParallel] trial=0 epoch=1/3 partition=2 interactions=7500
[DataParallel] trial=0 epoch=1/3 partition=3 interactions=7500
[DataParallel] trial=0 epoch=1/3 partition=4 interactions=5000
[DataParallel] trial=0 epoch=2/3 partition=0 interactions=7500
[DataParallel] trial=0 epoch=2/3 partition=1 interactions=7500
[DataParallel] trial=0 epoch=2/3 partition=2 interactions=7500
[DataParallel] trial=0 epoch=2/3 partition=3 interactions=7500
[DataParallel] trial=0 epoch=2/3 partition=4 interactions=5000
[DataParallel] trial=0 epoch=3/3 partition=0 interactions=7500
[DataParallel] trial=0 epoch=3/3 partition=1 interactions=7500
[DataParallel] trial=0 epoch=3/3 partition=2 interactions=7500
[DataParallel] trial=0 epoch=3/3 partition=3 interactions=7500
[DataParallel] trial=0 epoch=3/3 partition=4 interactions=5000
[DataParallel 6/50] model=jodie_rnn agg=none memory=rnn val_score=0.3420
[DataParallel] trial=0 epoch=1/3 partition=0 interactions=7500
[DataParallel] trial=0 epoch=1/3 partition=1 interactions=7500
[DataParallel] trial=0 epoch=1/3 partition=2 interactions=7500
[DataParallel] trial=0 epoch=1/3 partition=3 interactions=7500
[DataParallel] trial=0 epoch=1/3 partition=4 interactions=5000
[DataParallel] trial=0 epoch=2/3 partition=0 interactions=7500
[DataParallel] trial=0 epoch=2/3 partition=1 interactions=7500
[DataParallel] trial=0 epoch=2/3 partition=2 interactions=7500
[DataParallel] trial=0 epoch=2/3 partition=3 interactions=7500
[DataParallel] trial=0 epoch=2/3 partition=4 interactions=5000
[DataParallel] trial=0 epoch=3/3 partition=0 interactions=7500
[DataParallel] trial=0 epoch=3/3 partition=1 interactions=7500
[DataParallel] trial=0 epoch=3/3 partition=2 interactions=7500
[DataParallel] trial=0 epoch=3/3 partition=3 interactions=7500
[DataParallel] trial=0 epoch=3/3 partition=4 interactions=5000
[DataParallel 7/50] model=jodie_rnn agg=none memory=rnn val_score=0.3469
[DataParallel] trial=0 epoch=1/3 partition=0 interactions=7500
[DataParallel] trial=0 epoch=1/3 partition=1 interactions=7500
[DataParallel] trial=0 epoch=1/3 partition=2 interactions=7500
[DataParallel] trial=0 epoch=1/3 partition=3 interactions=7500
[DataParallel] trial=0 epoch=1/3 partition=4 interactions=5000
[DataParallel] trial=0 epoch=2/3 partition=0 interactions=7500
[DataParallel] trial=0 epoch=2/3 partition=1 interactions=7500
[DataParallel] trial=0 epoch=2/3 partition=2 interactions=7500
[DataParallel] trial=0 epoch=2/3 partition=3 interactions=7500
[DataParallel] trial=0 epoch=2/3 partition=4 interactions=5000
[DataParallel] trial=0 epoch=3/3 partition=0 interactions=7500
[DataParallel] trial=0 epoch=3/3 partition=1 interactions=7500
[DataParallel] trial=0 epoch=3/3 partition=2 interactions=7500
[DataParallel] trial=0 epoch=3/3 partition=3 interactions=7500
[DataParallel] trial=0 epoch=3/3 partition=4 interactions=5000
[DataParallel 8/50] model=jodie_rnn agg=none memory=rnn val_score=0.6436
[DataParallel] trial=0 epoch=1/3 partition=0 interactions=7500
[DataParallel] trial=0 epoch=1/3 partition=1 interactions=7500
[DataParallel] trial=0 epoch=1/3 partition=2 interactions=7500
[DataParallel] trial=0 epoch=1/3 partition=3 interactions=7500
[DataParallel] trial=0 epoch=1/3 partition=4 interactions=5000
[DataParallel] trial=0 epoch=2/3 partition=0 interactions=7500
[DataParallel] trial=0 epoch=2/3 partition=1 interactions=7500
[DataParallel] trial=0 epoch=2/3 partition=2 interactions=7500
[DataParallel] trial=0 epoch=2/3 partition=3 interactions=7500
[DataParallel] trial=0 epoch=2/3 partition=4 interactions=5000
[DataParallel] trial=0 epoch=3/3 partition=0 interactions=7500
[DataParallel] trial=0 epoch=3/3 partition=1 interactions=7500
[DataParallel] trial=0 epoch=3/3 partition=2 interactions=7500
[DataParallel] trial=0 epoch=3/3 partition=3 interactions=7500
[DataParallel] trial=0 epoch=3/3 partition=4 interactions=5000
[DataParallel 9/50] model=jodie_rnn agg=none memory=gru val_score=0.4051
[DataParallel] trial=0 epoch=1/3 partition=0 interactions=7500
[DataParallel] trial=0 epoch=1/3 partition=1 interactions=7500
[DataParallel] trial=0 epoch=1/3 partition=2 interactions=7500
[DataParallel] trial=0 epoch=1/3 partition=3 interactions=7500
[DataParallel] trial=0 epoch=1/3 partition=4 interactions=5000
[DataParallel] trial=0 epoch=2/3 partition=0 interactions=7500
[DataParallel] trial=0 epoch=2/3 partition=1 interactions=7500
[DataParallel] trial=0 epoch=2/3 partition=2 interactions=7500
[DataParallel] trial=0 epoch=2/3 partition=3 interactions=7500
[DataParallel] trial=0 epoch=2/3 partition=4 interactions=5000
[DataParallel] trial=0 epoch=3/3 partition=0 interactions=7500
[DataParallel] trial=0 epoch=3/3 partition=1 interactions=7500
[DataParallel] trial=0 epoch=3/3 partition=2 interactions=7500
[DataParallel] trial=0 epoch=3/3 partition=3 interactions=7500
[DataParallel] trial=0 epoch=3/3 partition=4 interactions=5000
[DataParallel 10/50] model=jodie_rnn agg=none memory=gru val_score=0.5368
[DataParallel] trial=0 epoch=1/3 partition=0 interactions=7500
[DataParallel] trial=0 epoch=1/3 partition=1 interactions=7500
[DataParallel] trial=0 epoch=1/3 partition=2 interactions=7500
[DataParallel] trial=0 epoch=1/3 partition=3 interactions=7500
[DataParallel] trial=0 epoch=1/3 partition=4 interactions=5000
[DataParallel] trial=0 epoch=2/3 partition=0 interactions=7500
[DataParallel] trial=0 epoch=2/3 partition=1 interactions=7500
[DataParallel] trial=0 epoch=2/3 partition=2 interactions=7500
[DataParallel] trial=0 epoch=2/3 partition=3 interactions=7500
[DataParallel] trial=0 epoch=2/3 partition=4 interactions=5000
[DataParallel] trial=0 epoch=3/3 partition=0 interactions=7500
[DataParallel] trial=0 epoch=3/3 partition=1 interactions=7500
[DataParallel] trial=0 epoch=3/3 partition=2 interactions=7500
[DataParallel] trial=0 epoch=3/3 partition=3 interactions=7500
[DataParallel] trial=0 epoch=3/3 partition=4 interactions=5000
[DataParallel 11/50] model=jodie_rnn agg=none memory=rnn val_score=0.2911
[DataParallel] trial=0 epoch=1/3 partition=0 interactions=7500
[DataParallel] trial=0 epoch=1/3 partition=1 interactions=7500
[DataParallel] trial=0 epoch=1/3 partition=2 interactions=7500
[DataParallel] trial=0 epoch=1/3 partition=3 interactions=7500
[DataParallel] trial=0 epoch=1/3 partition=4 interactions=5000
[DataParallel] trial=0 epoch=2/3 partition=0 interactions=7500
[DataParallel] trial=0 epoch=2/3 partition=1 interactions=7500
[DataParallel] trial=0 epoch=2/3 partition=2 interactions=7500
[DataParallel] trial=0 epoch=2/3 partition=3 interactions=7500
[DataParallel] trial=0 epoch=2/3 partition=4 interactions=5000
[DataParallel] trial=0 epoch=3/3 partition=0 interactions=7500
[DataParallel] trial=0 epoch=3/3 partition=1 interactions=7500
[DataParallel] trial=0 epoch=3/3 partition=2 interactions=7500
[DataParallel] trial=0 epoch=3/3 partition=3 interactions=7500
[DataParallel] trial=0 epoch=3/3 partition=4 interactions=5000
[DataParallel 12/50] model=jodie_rnn agg=none memory=lstm val_score=0.3814
[DataParallel] trial=0 epoch=1/3 partition=0 interactions=7500
[DataParallel] trial=0 epoch=1/3 partition=1 interactions=7500
[DataParallel] trial=0 epoch=1/3 partition=2 interactions=7500
[DataParallel] trial=0 epoch=1/3 partition=3 interactions=7500
[DataParallel] trial=0 epoch=1/3 partition=4 interactions=5000
[DataParallel] trial=0 epoch=2/3 partition=0 interactions=7500
[DataParallel] trial=0 epoch=2/3 partition=1 interactions=7500
[DataParallel] trial=0 epoch=2/3 partition=2 interactions=7500
[DataParallel] trial=0 epoch=2/3 partition=3 interactions=7500
[DataParallel] trial=0 epoch=2/3 partition=4 interactions=5000
[DataParallel] trial=0 epoch=3/3 partition=0 interactions=7500
[DataParallel] trial=0 epoch=3/3 partition=1 interactions=7500
[DataParallel] trial=0 epoch=3/3 partition=2 interactions=7500
[DataParallel] trial=0 epoch=3/3 partition=3 interactions=7500
[DataParallel] trial=0 epoch=3/3 partition=4 interactions=5000
[DataParallel 13/50] model=jodie_rnn agg=none memory=gru val_score=0.3967
[DataParallel] trial=0 epoch=1/3 partition=0 interactions=7500
[DataParallel] trial=0 epoch=1/3 partition=1 interactions=7500
[DataParallel] trial=0 epoch=1/3 partition=2 interactions=7500
[DataParallel] trial=0 epoch=1/3 partition=3 interactions=7500
[DataParallel] trial=0 epoch=1/3 partition=4 interactions=5000
[DataParallel] trial=0 epoch=2/3 partition=0 interactions=7500
[DataParallel] trial=0 epoch=2/3 partition=1 interactions=7500
[DataParallel] trial=0 epoch=2/3 partition=2 interactions=7500
[DataParallel] trial=0 epoch=2/3 partition=3 interactions=7500
[DataParallel] trial=0 epoch=2/3 partition=4 interactions=5000
[DataParallel] trial=0 epoch=3/3 partition=0 interactions=7500
[DataParallel] trial=0 epoch=3/3 partition=1 interactions=7500
[DataParallel] trial=0 epoch=3/3 partition=2 interactions=7500
[DataParallel] trial=0 epoch=3/3 partition=3 interactions=7500
[DataParallel] trial=0 epoch=3/3 partition=4 interactions=5000
[DataParallel 14/50] model=jodie_rnn agg=none memory=lstm val_score=0.3650
[DataParallel] trial=0 epoch=1/3 partition=0 interactions=7500
[DataParallel] trial=0 epoch=1/3 partition=1 interactions=7500
[DataParallel] trial=0 epoch=1/3 partition=2 interactions=7500
[DataParallel] trial=0 epoch=1/3 partition=3 interactions=7500
[DataParallel] trial=0 epoch=1/3 partition=4 interactions=5000
[DataParallel] trial=0 epoch=2/3 partition=0 interactions=7500
[DataParallel] trial=0 epoch=2/3 partition=1 interactions=7500
[DataParallel] trial=0 epoch=2/3 partition=2 interactions=7500
[DataParallel] trial=0 epoch=2/3 partition=3 interactions=7500
[DataParallel] trial=0 epoch=2/3 partition=4 interactions=5000
[DataParallel] trial=0 epoch=3/3 partition=0 interactions=7500
[DataParallel] trial=0 epoch=3/3 partition=1 interactions=7500
[DataParallel] trial=0 epoch=3/3 partition=2 interactions=7500
[DataParallel] trial=0 epoch=3/3 partition=3 interactions=7500
[DataParallel] trial=0 epoch=3/3 partition=4 interactions=5000
[DataParallel 15/50] model=jodie_rnn agg=none memory=gru val_score=0.4580
[DataParallel] trial=0 epoch=1/3 partition=0 interactions=7500
[DataParallel] trial=0 epoch=1/3 partition=1 interactions=7500
[DataParallel] trial=0 epoch=1/3 partition=2 interactions=7500
[DataParallel] trial=0 epoch=1/3 partition=3 interactions=7500
[DataParallel] trial=0 epoch=1/3 partition=4 interactions=5000
[DataParallel] trial=0 epoch=2/3 partition=0 interactions=7500
[DataParallel] trial=0 epoch=2/3 partition=1 interactions=7500
[DataParallel] trial=0 epoch=2/3 partition=2 interactions=7500
[DataParallel] trial=0 epoch=2/3 partition=3 interactions=7500
[DataParallel] trial=0 epoch=2/3 partition=4 interactions=5000
[DataParallel] trial=0 epoch=3/3 partition=0 interactions=7500
[DataParallel] trial=0 epoch=3/3 partition=1 interactions=7500
[DataParallel] trial=0 epoch=3/3 partition=2 interactions=7500
[DataParallel] trial=0 epoch=3/3 partition=3 interactions=7500
[DataParallel] trial=0 epoch=3/3 partition=4 interactions=5000
[DataParallel 16/50] model=jodie_rnn agg=none memory=gru val_score=0.3472
[DataParallel] trial=0 epoch=1/3 partition=0 interactions=7500
[DataParallel] trial=0 epoch=1/3 partition=1 interactions=7500
[DataParallel] trial=0 epoch=1/3 partition=2 interactions=7500
[DataParallel] trial=0 epoch=1/3 partition=3 interactions=7500
[DataParallel] trial=0 epoch=1/3 partition=4 interactions=5000
[DataParallel] trial=0 epoch=2/3 partition=0 interactions=7500
[DataParallel] trial=0 epoch=2/3 partition=1 interactions=7500
[DataParallel] trial=0 epoch=2/3 partition=2 interactions=7500
[DataParallel] trial=0 epoch=2/3 partition=3 interactions=7500
[DataParallel] trial=0 epoch=2/3 partition=4 interactions=5000
[DataParallel] trial=0 epoch=3/3 partition=0 interactions=7500
[DataParallel] trial=0 epoch=3/3 partition=1 interactions=7500
[DataParallel] trial=0 epoch=3/3 partition=2 interactions=7500
[DataParallel] trial=0 epoch=3/3 partition=3 interactions=7500
[DataParallel] trial=0 epoch=3/3 partition=4 interactions=5000
[DataParallel 17/50] model=jodie_rnn agg=none memory=gru val_score=0.5476
[DataParallel] trial=0 epoch=1/3 partition=0 interactions=7500
[DataParallel] trial=0 epoch=1/3 partition=1 interactions=7500
[DataParallel] trial=0 epoch=1/3 partition=2 interactions=7500
[DataParallel] trial=0 epoch=1/3 partition=3 interactions=7500
[DataParallel] trial=0 epoch=1/3 partition=4 interactions=5000
[DataParallel] trial=0 epoch=2/3 partition=0 interactions=7500
[DataParallel] trial=0 epoch=2/3 partition=1 interactions=7500
[DataParallel] trial=0 epoch=2/3 partition=2 interactions=7500
[DataParallel] trial=0 epoch=2/3 partition=3 interactions=7500
[DataParallel] trial=0 epoch=2/3 partition=4 interactions=5000
[DataParallel] trial=0 epoch=3/3 partition=0 interactions=7500
[DataParallel] trial=0 epoch=3/3 partition=1 interactions=7500
[DataParallel] trial=0 epoch=3/3 partition=2 interactions=7500
[DataParallel] trial=0 epoch=3/3 partition=3 interactions=7500
[DataParallel] trial=0 epoch=3/3 partition=4 interactions=5000
[DataParallel 18/50] model=jodie_rnn agg=none memory=lstm val_score=0.3102
[DataParallel] trial=0 epoch=1/3 partition=0 interactions=7500
[DataParallel] trial=0 epoch=1/3 partition=1 interactions=7500
[DataParallel] trial=0 epoch=1/3 partition=2 interactions=7500
[DataParallel] trial=0 epoch=1/3 partition=3 interactions=7500
[DataParallel] trial=0 epoch=1/3 partition=4 interactions=5000
[DataParallel] trial=0 epoch=2/3 partition=0 interactions=7500
[DataParallel] trial=0 epoch=2/3 partition=1 interactions=7500
[DataParallel] trial=0 epoch=2/3 partition=2 interactions=7500
[DataParallel] trial=0 epoch=2/3 partition=3 interactions=7500
[DataParallel] trial=0 epoch=2/3 partition=4 interactions=5000
[DataParallel] trial=0 epoch=3/3 partition=0 interactions=7500
[DataParallel] trial=0 epoch=3/3 partition=1 interactions=7500
[DataParallel] trial=0 epoch=3/3 partition=2 interactions=7500
[DataParallel] trial=0 epoch=3/3 partition=3 interactions=7500
[DataParallel] trial=0 epoch=3/3 partition=4 interactions=5000
[DataParallel 19/50] model=jodie_rnn agg=none memory=rnn val_score=0.6577
[DataParallel] trial=0 epoch=1/3 partition=0 interactions=7500
[DataParallel] trial=0 epoch=1/3 partition=1 interactions=7500
[DataParallel] trial=0 epoch=1/3 partition=2 interactions=7500
[DataParallel] trial=0 epoch=1/3 partition=3 interactions=7500
[DataParallel] trial=0 epoch=1/3 partition=4 interactions=5000
[DataParallel] trial=0 epoch=2/3 partition=0 interactions=7500
[DataParallel] trial=0 epoch=2/3 partition=1 interactions=7500
[DataParallel] trial=0 epoch=2/3 partition=2 interactions=7500
[DataParallel] trial=0 epoch=2/3 partition=3 interactions=7500
[DataParallel] trial=0 epoch=2/3 partition=4 interactions=5000
[DataParallel] trial=0 epoch=3/3 partition=0 interactions=7500
[DataParallel] trial=0 epoch=3/3 partition=1 interactions=7500
[DataParallel] trial=0 epoch=3/3 partition=2 interactions=7500
[DataParallel] trial=0 epoch=3/3 partition=3 interactions=7500
[DataParallel] trial=0 epoch=3/3 partition=4 interactions=5000
[DataParallel 20/50] model=jodie_rnn agg=none memory=rnn val_score=0.6774
[DataParallel] trial=0 epoch=1/3 partition=0 interactions=7500
[DataParallel] trial=0 epoch=1/3 partition=1 interactions=7500
[DataParallel] trial=0 epoch=1/3 partition=2 interactions=7500
[DataParallel] trial=0 epoch=1/3 partition=3 interactions=7500
[DataParallel] trial=0 epoch=1/3 partition=4 interactions=5000
[DataParallel] trial=0 epoch=2/3 partition=0 interactions=7500
[DataParallel] trial=0 epoch=2/3 partition=1 interactions=7500
[DataParallel] trial=0 epoch=2/3 partition=2 interactions=7500
[DataParallel] trial=0 epoch=2/3 partition=3 interactions=7500
[DataParallel] trial=0 epoch=2/3 partition=4 interactions=5000
[DataParallel] trial=0 epoch=3/3 partition=0 interactions=7500
[DataParallel] trial=0 epoch=3/3 partition=1 interactions=7500
[DataParallel] trial=0 epoch=3/3 partition=2 interactions=7500
[DataParallel] trial=0 epoch=3/3 partition=3 interactions=7500
[DataParallel] trial=0 epoch=3/3 partition=4 interactions=5000
[DataParallel 21/50] model=jodie_rnn agg=none memory=lstm val_score=0.3490
[DataParallel] trial=0 epoch=1/3 partition=0 interactions=7500
[DataParallel] trial=0 epoch=1/3 partition=1 interactions=7500
[DataParallel] trial=0 epoch=1/3 partition=2 interactions=7500
[DataParallel] trial=0 epoch=1/3 partition=3 interactions=7500
[DataParallel] trial=0 epoch=1/3 partition=4 interactions=5000
[DataParallel] trial=0 epoch=2/3 partition=0 interactions=7500
[DataParallel] trial=0 epoch=2/3 partition=1 interactions=7500
[DataParallel] trial=0 epoch=2/3 partition=2 interactions=7500
[DataParallel] trial=0 epoch=2/3 partition=3 interactions=7500
[DataParallel] trial=0 epoch=2/3 partition=4 interactions=5000
[DataParallel] trial=0 epoch=3/3 partition=0 interactions=7500
[DataParallel] trial=0 epoch=3/3 partition=1 interactions=7500
[DataParallel] trial=0 epoch=3/3 partition=2 interactions=7500
[DataParallel] trial=0 epoch=3/3 partition=3 interactions=7500
[DataParallel] trial=0 epoch=3/3 partition=4 interactions=5000
[DataParallel 22/50] model=jodie_rnn agg=none memory=rnn val_score=0.4316
[DataParallel] trial=0 epoch=1/3 partition=0 interactions=7500
[DataParallel] trial=0 epoch=1/3 partition=1 interactions=7500
[DataParallel] trial=0 epoch=1/3 partition=2 interactions=7500
[DataParallel] trial=0 epoch=1/3 partition=3 interactions=7500
[DataParallel] trial=0 epoch=1/3 partition=4 interactions=5000
[DataParallel] trial=0 epoch=2/3 partition=0 interactions=7500
[DataParallel] trial=0 epoch=2/3 partition=1 interactions=7500
[DataParallel] trial=0 epoch=2/3 partition=2 interactions=7500
[DataParallel] trial=0 epoch=2/3 partition=3 interactions=7500
[DataParallel] trial=0 epoch=2/3 partition=4 interactions=5000
[DataParallel] trial=0 epoch=3/3 partition=0 interactions=7500
[DataParallel] trial=0 epoch=3/3 partition=1 interactions=7500
[DataParallel] trial=0 epoch=3/3 partition=2 interactions=7500
[DataParallel] trial=0 epoch=3/3 partition=3 interactions=7500
[DataParallel] trial=0 epoch=3/3 partition=4 interactions=5000
[DataParallel 23/50] model=jodie_rnn agg=none memory=lstm val_score=0.4386
[DataParallel] trial=0 epoch=1/3 partition=0 interactions=7500
[DataParallel] trial=0 epoch=1/3 partition=1 interactions=7500
[DataParallel] trial=0 epoch=1/3 partition=2 interactions=7500
[DataParallel] trial=0 epoch=1/3 partition=3 interactions=7500
[DataParallel] trial=0 epoch=1/3 partition=4 interactions=5000
[DataParallel] trial=0 epoch=2/3 partition=0 interactions=7500
[DataParallel] trial=0 epoch=2/3 partition=1 interactions=7500
[DataParallel] trial=0 epoch=2/3 partition=2 interactions=7500
[DataParallel] trial=0 epoch=2/3 partition=3 interactions=7500
[DataParallel] trial=0 epoch=2/3 partition=4 interactions=5000
[DataParallel] trial=0 epoch=3/3 partition=0 interactions=7500
[DataParallel] trial=0 epoch=3/3 partition=1 interactions=7500
[DataParallel] trial=0 epoch=3/3 partition=2 interactions=7500
[DataParallel] trial=0 epoch=3/3 partition=3 interactions=7500
[DataParallel] trial=0 epoch=3/3 partition=4 interactions=5000
[DataParallel 24/50] model=jodie_rnn agg=none memory=lstm val_score=0.4009
[DataParallel] trial=0 epoch=1/3 partition=0 interactions=7500
[DataParallel] trial=0 epoch=1/3 partition=1 interactions=7500
[DataParallel] trial=0 epoch=1/3 partition=2 interactions=7500
[DataParallel] trial=0 epoch=1/3 partition=3 interactions=7500
[DataParallel] trial=0 epoch=1/3 partition=4 interactions=5000
[DataParallel] trial=0 epoch=2/3 partition=0 interactions=7500
[DataParallel] trial=0 epoch=2/3 partition=1 interactions=7500
[DataParallel] trial=0 epoch=2/3 partition=2 interactions=7500
[DataParallel] trial=0 epoch=2/3 partition=3 interactions=7500
[DataParallel] trial=0 epoch=2/3 partition=4 interactions=5000
[DataParallel] trial=0 epoch=3/3 partition=0 interactions=7500
[DataParallel] trial=0 epoch=3/3 partition=1 interactions=7500
[DataParallel] trial=0 epoch=3/3 partition=2 interactions=7500
[DataParallel] trial=0 epoch=3/3 partition=3 interactions=7500
[DataParallel] trial=0 epoch=3/3 partition=4 interactions=5000
[DataParallel 25/50] model=jodie_rnn agg=none memory=lstm val_score=0.2270
[DataParallel] trial=0 epoch=1/3 partition=0 interactions=7500
[DataParallel] trial=0 epoch=1/3 partition=1 interactions=7500
[DataParallel] trial=0 epoch=1/3 partition=2 interactions=7500
[DataParallel] trial=0 epoch=1/3 partition=3 interactions=7500
[DataParallel] trial=0 epoch=1/3 partition=4 interactions=5000
[DataParallel] trial=0 epoch=2/3 partition=0 interactions=7500
[DataParallel] trial=0 epoch=2/3 partition=1 interactions=7500
[DataParallel] trial=0 epoch=2/3 partition=2 interactions=7500
[DataParallel] trial=0 epoch=2/3 partition=3 interactions=7500
[DataParallel] trial=0 epoch=2/3 partition=4 interactions=5000
[DataParallel] trial=0 epoch=3/3 partition=0 interactions=7500
[DataParallel] trial=0 epoch=3/3 partition=1 interactions=7500
[DataParallel] trial=0 epoch=3/3 partition=2 interactions=7500
[DataParallel] trial=0 epoch=3/3 partition=3 interactions=7500
[DataParallel] trial=0 epoch=3/3 partition=4 interactions=5000
[DataParallel 26/50] model=jodie_rnn agg=none memory=rnn val_score=0.6012
[DataParallel] trial=0 epoch=1/3 partition=0 interactions=7500
[DataParallel] trial=0 epoch=1/3 partition=1 interactions=7500
[DataParallel] trial=0 epoch=1/3 partition=2 interactions=7500
[DataParallel] trial=0 epoch=1/3 partition=3 interactions=7500
[DataParallel] trial=0 epoch=1/3 partition=4 interactions=5000
[DataParallel] trial=0 epoch=2/3 partition=0 interactions=7500
[DataParallel] trial=0 epoch=2/3 partition=1 interactions=7500
[DataParallel] trial=0 epoch=2/3 partition=2 interactions=7500
[DataParallel] trial=0 epoch=2/3 partition=3 interactions=7500
[DataParallel] trial=0 epoch=2/3 partition=4 interactions=5000
[DataParallel] trial=0 epoch=3/3 partition=0 interactions=7500
[DataParallel] trial=0 epoch=3/3 partition=1 interactions=7500
[DataParallel] trial=0 epoch=3/3 partition=2 interactions=7500
[DataParallel] trial=0 epoch=3/3 partition=3 interactions=7500
[DataParallel] trial=0 epoch=3/3 partition=4 interactions=5000
[DataParallel 27/50] model=jodie_rnn agg=none memory=rnn val_score=0.3470
[DataParallel] trial=0 epoch=1/3 partition=0 interactions=7500
[DataParallel] trial=0 epoch=1/3 partition=1 interactions=7500
[DataParallel] trial=0 epoch=1/3 partition=2 interactions=7500
[DataParallel] trial=0 epoch=1/3 partition=3 interactions=7500
[DataParallel] trial=0 epoch=1/3 partition=4 interactions=5000
[DataParallel] trial=0 epoch=2/3 partition=0 interactions=7500
[DataParallel] trial=0 epoch=2/3 partition=1 interactions=7500
[DataParallel] trial=0 epoch=2/3 partition=2 interactions=7500
[DataParallel] trial=0 epoch=2/3 partition=3 interactions=7500
[DataParallel] trial=0 epoch=2/3 partition=4 interactions=5000
[DataParallel] trial=0 epoch=3/3 partition=0 interactions=7500
[DataParallel] trial=0 epoch=3/3 partition=1 interactions=7500
[DataParallel] trial=0 epoch=3/3 partition=2 interactions=7500
[DataParallel] trial=0 epoch=3/3 partition=3 interactions=7500
[DataParallel] trial=0 epoch=3/3 partition=4 interactions=5000
[DataParallel 28/50] model=jodie_rnn agg=none memory=gru val_score=0.2618
[DataParallel] trial=0 epoch=1/3 partition=0 interactions=7500
[DataParallel] trial=0 epoch=1/3 partition=1 interactions=7500
[DataParallel] trial=0 epoch=1/3 partition=2 interactions=7500
[DataParallel] trial=0 epoch=1/3 partition=3 interactions=7500
[DataParallel] trial=0 epoch=1/3 partition=4 interactions=5000
[DataParallel] trial=0 epoch=2/3 partition=0 interactions=7500
[DataParallel] trial=0 epoch=2/3 partition=1 interactions=7500
[DataParallel] trial=0 epoch=2/3 partition=2 interactions=7500
[DataParallel] trial=0 epoch=2/3 partition=3 interactions=7500
[DataParallel] trial=0 epoch=2/3 partition=4 interactions=5000
[DataParallel] trial=0 epoch=3/3 partition=0 interactions=7500
[DataParallel] trial=0 epoch=3/3 partition=1 interactions=7500
[DataParallel] trial=0 epoch=3/3 partition=2 interactions=7500
[DataParallel] trial=0 epoch=3/3 partition=3 interactions=7500
[DataParallel] trial=0 epoch=3/3 partition=4 interactions=5000
[DataParallel 29/50] model=jodie_rnn agg=none memory=gru val_score=0.1181
[DataParallel] trial=0 epoch=1/3 partition=0 interactions=7500
[DataParallel] trial=0 epoch=1/3 partition=1 interactions=7500
[DataParallel] trial=0 epoch=1/3 partition=2 interactions=7500
[DataParallel] trial=0 epoch=1/3 partition=3 interactions=7500
[DataParallel] trial=0 epoch=1/3 partition=4 interactions=5000
[DataParallel] trial=0 epoch=2/3 partition=0 interactions=7500
[DataParallel] trial=0 epoch=2/3 partition=1 interactions=7500
[DataParallel] trial=0 epoch=2/3 partition=2 interactions=7500
[DataParallel] trial=0 epoch=2/3 partition=3 interactions=7500
[DataParallel] trial=0 epoch=2/3 partition=4 interactions=5000
[DataParallel] trial=0 epoch=3/3 partition=0 interactions=7500
[DataParallel] trial=0 epoch=3/3 partition=1 interactions=7500
[DataParallel] trial=0 epoch=3/3 partition=2 interactions=7500
[DataParallel] trial=0 epoch=3/3 partition=3 interactions=7500
[DataParallel] trial=0 epoch=3/3 partition=4 interactions=5000
[DataParallel 30/50] model=jodie_rnn agg=none memory=lstm val_score=0.3890
[DataParallel] trial=0 epoch=1/3 partition=0 interactions=7500
[DataParallel] trial=0 epoch=1/3 partition=1 interactions=7500
[DataParallel] trial=0 epoch=1/3 partition=2 interactions=7500
[DataParallel] trial=0 epoch=1/3 partition=3 interactions=7500
[DataParallel] trial=0 epoch=1/3 partition=4 interactions=5000
[DataParallel] trial=0 epoch=2/3 partition=0 interactions=7500
[DataParallel] trial=0 epoch=2/3 partition=1 interactions=7500
[DataParallel] trial=0 epoch=2/3 partition=2 interactions=7500
[DataParallel] trial=0 epoch=2/3 partition=3 interactions=7500
[DataParallel] trial=0 epoch=2/3 partition=4 interactions=5000
[DataParallel] trial=0 epoch=3/3 partition=0 interactions=7500
[DataParallel] trial=0 epoch=3/3 partition=1 interactions=7500
[DataParallel] trial=0 epoch=3/3 partition=2 interactions=7500
[DataParallel] trial=0 epoch=3/3 partition=3 interactions=7500
[DataParallel] trial=0 epoch=3/3 partition=4 interactions=5000
[DataParallel 31/50] model=jodie_rnn agg=none memory=rnn val_score=0.3835
[DataParallel] trial=0 epoch=1/3 partition=0 interactions=7500
[DataParallel] trial=0 epoch=1/3 partition=1 interactions=7500
[DataParallel] trial=0 epoch=1/3 partition=2 interactions=7500
[DataParallel] trial=0 epoch=1/3 partition=3 interactions=7500
[DataParallel] trial=0 epoch=1/3 partition=4 interactions=5000
[DataParallel] trial=0 epoch=2/3 partition=0 interactions=7500
[DataParallel] trial=0 epoch=2/3 partition=1 interactions=7500
[DataParallel] trial=0 epoch=2/3 partition=2 interactions=7500
[DataParallel] trial=0 epoch=2/3 partition=3 interactions=7500
[DataParallel] trial=0 epoch=2/3 partition=4 interactions=5000
[DataParallel] trial=0 epoch=3/3 partition=0 interactions=7500
[DataParallel] trial=0 epoch=3/3 partition=1 interactions=7500
[DataParallel] trial=0 epoch=3/3 partition=2 interactions=7500
[DataParallel] trial=0 epoch=3/3 partition=3 interactions=7500
[DataParallel] trial=0 epoch=3/3 partition=4 interactions=5000
[DataParallel 32/50] model=jodie_rnn agg=none memory=lstm val_score=0.3903
[DataParallel] trial=0 epoch=1/3 partition=0 interactions=7500
[DataParallel] trial=0 epoch=1/3 partition=1 interactions=7500
[DataParallel] trial=0 epoch=1/3 partition=2 interactions=7500
[DataParallel] trial=0 epoch=1/3 partition=3 interactions=7500
[DataParallel] trial=0 epoch=1/3 partition=4 interactions=5000
[DataParallel] trial=0 epoch=2/3 partition=0 interactions=7500
[DataParallel] trial=0 epoch=2/3 partition=1 interactions=7500
[DataParallel] trial=0 epoch=2/3 partition=2 interactions=7500
[DataParallel] trial=0 epoch=2/3 partition=3 interactions=7500
[DataParallel] trial=0 epoch=2/3 partition=4 interactions=5000
[DataParallel] trial=0 epoch=3/3 partition=0 interactions=7500
[DataParallel] trial=0 epoch=3/3 partition=1 interactions=7500
[DataParallel] trial=0 epoch=3/3 partition=2 interactions=7500
[DataParallel] trial=0 epoch=3/3 partition=3 interactions=7500
[DataParallel] trial=0 epoch=3/3 partition=4 interactions=5000
[DataParallel 33/50] model=jodie_rnn agg=none memory=rnn val_score=0.3739
[DataParallel] trial=0 epoch=1/3 partition=0 interactions=7500
[DataParallel] trial=0 epoch=1/3 partition=1 interactions=7500
[DataParallel] trial=0 epoch=1/3 partition=2 interactions=7500
[DataParallel] trial=0 epoch=1/3 partition=3 interactions=7500
[DataParallel] trial=0 epoch=1/3 partition=4 interactions=5000
[DataParallel] trial=0 epoch=2/3 partition=0 interactions=7500
[DataParallel] trial=0 epoch=2/3 partition=1 interactions=7500
[DataParallel] trial=0 epoch=2/3 partition=2 interactions=7500
[DataParallel] trial=0 epoch=2/3 partition=3 interactions=7500
[DataParallel] trial=0 epoch=2/3 partition=4 interactions=5000
[DataParallel] trial=0 epoch=3/3 partition=0 interactions=7500
[DataParallel] trial=0 epoch=3/3 partition=1 interactions=7500
[DataParallel] trial=0 epoch=3/3 partition=2 interactions=7500
[DataParallel] trial=0 epoch=3/3 partition=3 interactions=7500
[DataParallel] trial=0 epoch=3/3 partition=4 interactions=5000
[DataParallel 34/50] model=jodie_rnn agg=none memory=rnn val_score=0.8453
[DataParallel] trial=0 epoch=1/3 partition=0 interactions=7500
[DataParallel] trial=0 epoch=1/3 partition=1 interactions=7500
[DataParallel] trial=0 epoch=1/3 partition=2 interactions=7500
[DataParallel] trial=0 epoch=1/3 partition=3 interactions=7500
[DataParallel] trial=0 epoch=1/3 partition=4 interactions=5000
[DataParallel] trial=0 epoch=2/3 partition=0 interactions=7500
[DataParallel] trial=0 epoch=2/3 partition=1 interactions=7500
[DataParallel] trial=0 epoch=2/3 partition=2 interactions=7500
[DataParallel] trial=0 epoch=2/3 partition=3 interactions=7500
[DataParallel] trial=0 epoch=2/3 partition=4 interactions=5000
[DataParallel] trial=0 epoch=3/3 partition=0 interactions=7500
[DataParallel] trial=0 epoch=3/3 partition=1 interactions=7500
[DataParallel] trial=0 epoch=3/3 partition=2 interactions=7500
[DataParallel] trial=0 epoch=3/3 partition=3 interactions=7500
[DataParallel] trial=0 epoch=3/3 partition=4 interactions=5000
[DataParallel 35/50] model=jodie_rnn agg=none memory=lstm val_score=0.4954
[DataParallel] trial=0 epoch=1/3 partition=0 interactions=7500
[DataParallel] trial=0 epoch=1/3 partition=1 interactions=7500
[DataParallel] trial=0 epoch=1/3 partition=2 interactions=7500
[DataParallel] trial=0 epoch=1/3 partition=3 interactions=7500
[DataParallel] trial=0 epoch=1/3 partition=4 interactions=5000
[DataParallel] trial=0 epoch=2/3 partition=0 interactions=7500
[DataParallel] trial=0 epoch=2/3 partition=1 interactions=7500
[DataParallel] trial=0 epoch=2/3 partition=2 interactions=7500
[DataParallel] trial=0 epoch=2/3 partition=3 interactions=7500
[DataParallel] trial=0 epoch=2/3 partition=4 interactions=5000
[DataParallel] trial=0 epoch=3/3 partition=0 interactions=7500
[DataParallel] trial=0 epoch=3/3 partition=1 interactions=7500
[DataParallel] trial=0 epoch=3/3 partition=2 interactions=7500
[DataParallel] trial=0 epoch=3/3 partition=3 interactions=7500
[DataParallel] trial=0 epoch=3/3 partition=4 interactions=5000
[DataParallel 36/50] model=jodie_rnn agg=none memory=lstm val_score=0.3183
[DataParallel] trial=0 epoch=1/3 partition=0 interactions=7500
[DataParallel] trial=0 epoch=1/3 partition=1 interactions=7500
[DataParallel] trial=0 epoch=1/3 partition=2 interactions=7500
[DataParallel] trial=0 epoch=1/3 partition=3 interactions=7500
[DataParallel] trial=0 epoch=1/3 partition=4 interactions=5000
[DataParallel] trial=0 epoch=2/3 partition=0 interactions=7500
[DataParallel] trial=0 epoch=2/3 partition=1 interactions=7500
[DataParallel] trial=0 epoch=2/3 partition=2 interactions=7500
[DataParallel] trial=0 epoch=2/3 partition=3 interactions=7500
[DataParallel] trial=0 epoch=2/3 partition=4 interactions=5000
[DataParallel] trial=0 epoch=3/3 partition=0 interactions=7500
[DataParallel] trial=0 epoch=3/3 partition=1 interactions=7500
[DataParallel] trial=0 epoch=3/3 partition=2 interactions=7500
[DataParallel] trial=0 epoch=3/3 partition=3 interactions=7500
[DataParallel] trial=0 epoch=3/3 partition=4 interactions=5000
[DataParallel 37/50] model=jodie_rnn agg=none memory=lstm val_score=0.3914
[DataParallel] trial=0 epoch=1/3 partition=0 interactions=7500
[DataParallel] trial=0 epoch=1/3 partition=1 interactions=7500
[DataParallel] trial=0 epoch=1/3 partition=2 interactions=7500
[DataParallel] trial=0 epoch=1/3 partition=3 interactions=7500
[DataParallel] trial=0 epoch=1/3 partition=4 interactions=5000
[DataParallel] trial=0 epoch=2/3 partition=0 interactions=7500
[DataParallel] trial=0 epoch=2/3 partition=1 interactions=7500
[DataParallel] trial=0 epoch=2/3 partition=2 interactions=7500
[DataParallel] trial=0 epoch=2/3 partition=3 interactions=7500
[DataParallel] trial=0 epoch=2/3 partition=4 interactions=5000
[DataParallel] trial=0 epoch=3/3 partition=0 interactions=7500
[DataParallel] trial=0 epoch=3/3 partition=1 interactions=7500
[DataParallel] trial=0 epoch=3/3 partition=2 interactions=7500
[DataParallel] trial=0 epoch=3/3 partition=3 interactions=7500
[DataParallel] trial=0 epoch=3/3 partition=4 interactions=5000
[DataParallel 38/50] model=jodie_rnn agg=none memory=gru val_score=0.4891
[DataParallel] trial=0 epoch=1/3 partition=0 interactions=7500
[DataParallel] trial=0 epoch=1/3 partition=1 interactions=7500
[DataParallel] trial=0 epoch=1/3 partition=2 interactions=7500
[DataParallel] trial=0 epoch=1/3 partition=3 interactions=7500
[DataParallel] trial=0 epoch=1/3 partition=4 interactions=5000
[DataParallel] trial=0 epoch=2/3 partition=0 interactions=7500
[DataParallel] trial=0 epoch=2/3 partition=1 interactions=7500
[DataParallel] trial=0 epoch=2/3 partition=2 interactions=7500
[DataParallel] trial=0 epoch=2/3 partition=3 interactions=7500
[DataParallel] trial=0 epoch=2/3 partition=4 interactions=5000
[DataParallel] trial=0 epoch=3/3 partition=0 interactions=7500
[DataParallel] trial=0 epoch=3/3 partition=1 interactions=7500
[DataParallel] trial=0 epoch=3/3 partition=2 interactions=7500
[DataParallel] trial=0 epoch=3/3 partition=3 interactions=7500
[DataParallel] trial=0 epoch=3/3 partition=4 interactions=5000
[DataParallel 39/50] model=jodie_rnn agg=none memory=gru val_score=0.3511
[DataParallel] trial=0 epoch=1/3 partition=0 interactions=7500
[DataParallel] trial=0 epoch=1/3 partition=1 interactions=7500
[DataParallel] trial=0 epoch=1/3 partition=2 interactions=7500
[DataParallel] trial=0 epoch=1/3 partition=3 interactions=7500
[DataParallel] trial=0 epoch=1/3 partition=4 interactions=5000
[DataParallel] trial=0 epoch=2/3 partition=0 interactions=7500
[DataParallel] trial=0 epoch=2/3 partition=1 interactions=7500
[DataParallel] trial=0 epoch=2/3 partition=2 interactions=7500
[DataParallel] trial=0 epoch=2/3 partition=3 interactions=7500
[DataParallel] trial=0 epoch=2/3 partition=4 interactions=5000
[DataParallel] trial=0 epoch=3/3 partition=0 interactions=7500
[DataParallel] trial=0 epoch=3/3 partition=1 interactions=7500
[DataParallel] trial=0 epoch=3/3 partition=2 interactions=7500
[DataParallel] trial=0 epoch=3/3 partition=3 interactions=7500
[DataParallel] trial=0 epoch=3/3 partition=4 interactions=5000
[DataParallel 40/50] model=jodie_rnn agg=none memory=gru val_score=0.5044
[DataParallel] trial=0 epoch=1/3 partition=0 interactions=7500
[DataParallel] trial=0 epoch=1/3 partition=1 interactions=7500
[DataParallel] trial=0 epoch=1/3 partition=2 interactions=7500
[DataParallel] trial=0 epoch=1/3 partition=3 interactions=7500
[DataParallel] trial=0 epoch=1/3 partition=4 interactions=5000
[DataParallel] trial=0 epoch=2/3 partition=0 interactions=7500
[DataParallel] trial=0 epoch=2/3 partition=1 interactions=7500
[DataParallel] trial=0 epoch=2/3 partition=2 interactions=7500
[DataParallel] trial=0 epoch=2/3 partition=3 interactions=7500
[DataParallel] trial=0 epoch=2/3 partition=4 interactions=5000
[DataParallel] trial=0 epoch=3/3 partition=0 interactions=7500
[DataParallel] trial=0 epoch=3/3 partition=1 interactions=7500
[DataParallel] trial=0 epoch=3/3 partition=2 interactions=7500
[DataParallel] trial=0 epoch=3/3 partition=3 interactions=7500
[DataParallel] trial=0 epoch=3/3 partition=4 interactions=5000
[DataParallel 41/50] model=jodie_rnn agg=none memory=gru val_score=0.1181
[DataParallel] trial=0 epoch=1/3 partition=0 interactions=7500
[DataParallel] trial=0 epoch=1/3 partition=1 interactions=7500
[DataParallel] trial=0 epoch=1/3 partition=2 interactions=7500
[DataParallel] trial=0 epoch=1/3 partition=3 interactions=7500
[DataParallel] trial=0 epoch=1/3 partition=4 interactions=5000
[DataParallel] trial=0 epoch=2/3 partition=0 interactions=7500
[DataParallel] trial=0 epoch=2/3 partition=1 interactions=7500
[DataParallel] trial=0 epoch=2/3 partition=2 interactions=7500
[DataParallel] trial=0 epoch=2/3 partition=3 interactions=7500
[DataParallel] trial=0 epoch=2/3 partition=4 interactions=5000
[DataParallel] trial=0 epoch=3/3 partition=0 interactions=7500
[DataParallel] trial=0 epoch=3/3 partition=1 interactions=7500
[DataParallel] trial=0 epoch=3/3 partition=2 interactions=7500
[DataParallel] trial=0 epoch=3/3 partition=3 interactions=7500
[DataParallel] trial=0 epoch=3/3 partition=4 interactions=5000
[DataParallel 42/50] model=jodie_rnn agg=none memory=rnn val_score=0.5423
[DataParallel] trial=0 epoch=1/3 partition=0 interactions=7500
[DataParallel] trial=0 epoch=1/3 partition=1 interactions=7500
[DataParallel] trial=0 epoch=1/3 partition=2 interactions=7500
[DataParallel] trial=0 epoch=1/3 partition=3 interactions=7500
[DataParallel] trial=0 epoch=1/3 partition=4 interactions=5000
[DataParallel] trial=0 epoch=2/3 partition=0 interactions=7500
[DataParallel] trial=0 epoch=2/3 partition=1 interactions=7500
[DataParallel] trial=0 epoch=2/3 partition=2 interactions=7500
[DataParallel] trial=0 epoch=2/3 partition=3 interactions=7500
[DataParallel] trial=0 epoch=2/3 partition=4 interactions=5000
[DataParallel] trial=0 epoch=3/3 partition=0 interactions=7500
[DataParallel] trial=0 epoch=3/3 partition=1 interactions=7500
[DataParallel] trial=0 epoch=3/3 partition=2 interactions=7500
[DataParallel] trial=0 epoch=3/3 partition=3 interactions=7500
[DataParallel] trial=0 epoch=3/3 partition=4 interactions=5000
[DataParallel 43/50] model=jodie_rnn agg=none memory=gru val_score=0.1181
[DataParallel] trial=0 epoch=1/3 partition=0 interactions=7500
[DataParallel] trial=0 epoch=1/3 partition=1 interactions=7500
[DataParallel] trial=0 epoch=1/3 partition=2 interactions=7500
[DataParallel] trial=0 epoch=1/3 partition=3 interactions=7500
[DataParallel] trial=0 epoch=1/3 partition=4 interactions=5000
[DataParallel] trial=0 epoch=2/3 partition=0 interactions=7500
[DataParallel] trial=0 epoch=2/3 partition=1 interactions=7500
[DataParallel] trial=0 epoch=2/3 partition=2 interactions=7500
[DataParallel] trial=0 epoch=2/3 partition=3 interactions=7500
[DataParallel] trial=0 epoch=2/3 partition=4 interactions=5000
[DataParallel] trial=0 epoch=3/3 partition=0 interactions=7500
[DataParallel] trial=0 epoch=3/3 partition=1 interactions=7500
[DataParallel] trial=0 epoch=3/3 partition=2 interactions=7500
[DataParallel] trial=0 epoch=3/3 partition=3 interactions=7500
[DataParallel] trial=0 epoch=3/3 partition=4 interactions=5000
[DataParallel 44/50] model=jodie_rnn agg=none memory=rnn val_score=0.6904
[DataParallel] trial=0 epoch=1/3 partition=0 interactions=7500
[DataParallel] trial=0 epoch=1/3 partition=1 interactions=7500
[DataParallel] trial=0 epoch=1/3 partition=2 interactions=7500
[DataParallel] trial=0 epoch=1/3 partition=3 interactions=7500
[DataParallel] trial=0 epoch=1/3 partition=4 interactions=5000
[DataParallel] trial=0 epoch=2/3 partition=0 interactions=7500
[DataParallel] trial=0 epoch=2/3 partition=1 interactions=7500
[DataParallel] trial=0 epoch=2/3 partition=2 interactions=7500
[DataParallel] trial=0 epoch=2/3 partition=3 interactions=7500
[DataParallel] trial=0 epoch=2/3 partition=4 interactions=5000
[DataParallel] trial=0 epoch=3/3 partition=0 interactions=7500
[DataParallel] trial=0 epoch=3/3 partition=1 interactions=7500
[DataParallel] trial=0 epoch=3/3 partition=2 interactions=7500
[DataParallel] trial=0 epoch=3/3 partition=3 interactions=7500
[DataParallel] trial=0 epoch=3/3 partition=4 interactions=5000
[DataParallel 45/50] model=jodie_rnn agg=none memory=lstm val_score=0.5178
[DataParallel] trial=0 epoch=1/3 partition=0 interactions=7500
[DataParallel] trial=0 epoch=1/3 partition=1 interactions=7500
[DataParallel] trial=0 epoch=1/3 partition=2 interactions=7500
[DataParallel] trial=0 epoch=1/3 partition=3 interactions=7500
[DataParallel] trial=0 epoch=1/3 partition=4 interactions=5000
[DataParallel] trial=0 epoch=2/3 partition=0 interactions=7500
[DataParallel] trial=0 epoch=2/3 partition=1 interactions=7500
[DataParallel] trial=0 epoch=2/3 partition=2 interactions=7500
[DataParallel] trial=0 epoch=2/3 partition=3 interactions=7500
[DataParallel] trial=0 epoch=2/3 partition=4 interactions=5000
[DataParallel] trial=0 epoch=3/3 partition=0 interactions=7500
[DataParallel] trial=0 epoch=3/3 partition=1 interactions=7500
[DataParallel] trial=0 epoch=3/3 partition=2 interactions=7500
[DataParallel] trial=0 epoch=3/3 partition=3 interactions=7500
[DataParallel] trial=0 epoch=3/3 partition=4 interactions=5000
[DataParallel 46/50] model=jodie_rnn agg=none memory=lstm val_score=0.4644
[DataParallel] trial=0 epoch=1/3 partition=0 interactions=7500
[DataParallel] trial=0 epoch=1/3 partition=1 interactions=7500
[DataParallel] trial=0 epoch=1/3 partition=2 interactions=7500
[DataParallel] trial=0 epoch=1/3 partition=3 interactions=7500
[DataParallel] trial=0 epoch=1/3 partition=4 interactions=5000
[DataParallel] trial=0 epoch=2/3 partition=0 interactions=7500
[DataParallel] trial=0 epoch=2/3 partition=1 interactions=7500
[DataParallel] trial=0 epoch=2/3 partition=2 interactions=7500
[DataParallel] trial=0 epoch=2/3 partition=3 interactions=7500
[DataParallel] trial=0 epoch=2/3 partition=4 interactions=5000
[DataParallel] trial=0 epoch=3/3 partition=0 interactions=7500
[DataParallel] trial=0 epoch=3/3 partition=1 interactions=7500
[DataParallel] trial=0 epoch=3/3 partition=2 interactions=7500
[DataParallel] trial=0 epoch=3/3 partition=3 interactions=7500
[DataParallel] trial=0 epoch=3/3 partition=4 interactions=5000
[DataParallel 47/50] model=jodie_rnn agg=none memory=lstm val_score=0.5053
[DataParallel] trial=0 epoch=1/3 partition=0 interactions=7500
[DataParallel] trial=0 epoch=1/3 partition=1 interactions=7500
[DataParallel] trial=0 epoch=1/3 partition=2 interactions=7500
[DataParallel] trial=0 epoch=1/3 partition=3 interactions=7500
[DataParallel] trial=0 epoch=1/3 partition=4 interactions=5000
[DataParallel] trial=0 epoch=2/3 partition=0 interactions=7500
[DataParallel] trial=0 epoch=2/3 partition=1 interactions=7500
[DataParallel] trial=0 epoch=2/3 partition=2 interactions=7500
[DataParallel] trial=0 epoch=2/3 partition=3 interactions=7500
[DataParallel] trial=0 epoch=2/3 partition=4 interactions=5000
[DataParallel] trial=0 epoch=3/3 partition=0 interactions=7500
[DataParallel] trial=0 epoch=3/3 partition=1 interactions=7500
[DataParallel] trial=0 epoch=3/3 partition=2 interactions=7500
[DataParallel] trial=0 epoch=3/3 partition=3 interactions=7500
[DataParallel] trial=0 epoch=3/3 partition=4 interactions=5000
[DataParallel 48/50] model=jodie_rnn agg=none memory=lstm val_score=0.3897
[DataParallel] trial=0 epoch=1/3 partition=0 interactions=7500
[DataParallel] trial=0 epoch=1/3 partition=1 interactions=7500
[DataParallel] trial=0 epoch=1/3 partition=2 interactions=7500
[DataParallel] trial=0 epoch=1/3 partition=3 interactions=7500
[DataParallel] trial=0 epoch=1/3 partition=4 interactions=5000
[DataParallel] trial=0 epoch=2/3 partition=0 interactions=7500
[DataParallel] trial=0 epoch=2/3 partition=1 interactions=7500
[DataParallel] trial=0 epoch=2/3 partition=2 interactions=7500
[DataParallel] trial=0 epoch=2/3 partition=3 interactions=7500
[DataParallel] trial=0 epoch=2/3 partition=4 interactions=5000
[DataParallel] trial=0 epoch=3/3 partition=0 interactions=7500
[DataParallel] trial=0 epoch=3/3 partition=1 interactions=7500
[DataParallel] trial=0 epoch=3/3 partition=2 interactions=7500
[DataParallel] trial=0 epoch=3/3 partition=3 interactions=7500
[DataParallel] trial=0 epoch=3/3 partition=4 interactions=5000
[DataParallel 49/50] model=jodie_rnn agg=none memory=gru val_score=0.3755
[DataParallel] trial=0 epoch=1/3 partition=0 interactions=7500
[DataParallel] trial=0 epoch=1/3 partition=1 interactions=7500
[DataParallel] trial=0 epoch=1/3 partition=2 interactions=7500
[DataParallel] trial=0 epoch=1/3 partition=3 interactions=7500
[DataParallel] trial=0 epoch=1/3 partition=4 interactions=5000
[DataParallel] trial=0 epoch=2/3 partition=0 interactions=7500
[DataParallel] trial=0 epoch=2/3 partition=1 interactions=7500
[DataParallel] trial=0 epoch=2/3 partition=2 interactions=7500
[DataParallel] trial=0 epoch=2/3 partition=3 interactions=7500
[DataParallel] trial=0 epoch=2/3 partition=4 interactions=5000
[DataParallel] trial=0 epoch=3/3 partition=0 interactions=7500
[DataParallel] trial=0 epoch=3/3 partition=1 interactions=7500
[DataParallel] trial=0 epoch=3/3 partition=2 interactions=7500
[DataParallel] trial=0 epoch=3/3 partition=3 interactions=7500
[DataParallel] trial=0 epoch=3/3 partition=4 interactions=5000
[DataParallel 50/50] model=jodie_rnn agg=none memory=gru val_score=0.1181
[DataParallel] Workers shut down.
Epoch 1/3 | L2 Loss: 18.4538
Epoch 2/3 | L2 Loss: 17.5776
Epoch 3/3 | L2 Loss: 17.4624
Best architecture saved to: outputs/50k_comparison/seed_42/data_parallel_improved/best_arch.json
Leaderboard saved to: outputs/50k_comparison/seed_42/data_parallel_improved/leaderboard.csv
Search mode: rl
Best selection score: 0.8453
Best test score: 0.8453
Best model family: jodie_rnn
[36m(_DataParallelWorker pid=1871470)[0m /usr/local/anaconda3/lib/python3.11/site-packages/torch/storage.py:414: FutureWarning: You are using `torch.load` with `weights_only=False` (the current default value), which uses the default pickle module implicitly. It is possible to construct malicious pickle data which will execute arbitrary code during unpickling (See https://github.com/pytorch/pytorch/blob/main/SECURITY.md#untrusted-models for more details). In a future release, the default value for `weights_only` will be flipped to `True`. This limits the functions that could be executed during unpickling. Arbitrary objects will no longer be allowed to be loaded via this mode unless they are explicitly allowlisted by the user via `torch.serialization.add_safe_globals`. We recommend you start setting `weights_only=True` for any use case where you don't have full control of the loaded file. Please open an issue on GitHub for any issues related to this experimental feature.[32m [repeated 5x across cluster] (Ray deduplicates logs by default. Set RAY_DEDUP_LOGS=0 to disable log deduplication, or see https://docs.ray.io/en/master/ray-observability/user-guides/configure-logging.html#log-deduplication for more options.)[0m
[36m(_DataParallelWorker pid=1871470)[0m   return torch.load(io.BytesIO(b))[32m [repeated 5x across cluster][0m
