[data_parallel] Seed=300 开始...
usage: search.py [-h] [--space {small,paper_compare,rnn_only,mixed}]
                 [--search-mode {random,rl}]
                 [--execution-mode {serial,ray_pipeline,data_parallel}]
                 [--data-parallel-workers DATA_PARALLEL_WORKERS]
                 [--data-parallel-worker-gpus DATA_PARALLEL_WORKER_GPUS]
                 [--data-parallel-visible-gpus DATA_PARALLEL_VISIBLE_GPUS]
                 [--data-parallel-sync-level {partition,tbatch,micro_batch}]
                 [--data-parallel-micro-batch-size DATA_PARALLEL_MICRO_BATCH_SIZE]
                 [--controller-lr CONTROLLER_LR]
                 [--dataset {synthetic,wikipedia,reddit,public_csv}]
                 [--dataset-dir DATASET_DIR]
                 [--local-data-path LOCAL_DATA_PATH]
                 [--train-ratio TRAIN_RATIO] [--val-ratio VAL_RATIO]
                 [--max-events MAX_EVENTS] [--trials TRIALS]
                 [--epochs-per-trial EPOCHS_PER_TRIAL]
                 [--coarse-trials COARSE_TRIALS]
                 [--coarse-epochs COARSE_EPOCHS] [--rerank-top-k RERANK_TOP_K]
                 [--rerank-epochs RERANK_EPOCHS]
                 [--architectures-per-step ARCHITECTURES_PER_STEP]
                 [--partition-size PARTITION_SIZE]
                 [--partition-strategy {count}]
                 [--num-pipeline-stages NUM_PIPELINE_STAGES]
                 [--pipeline-worker-gpus PIPELINE_WORKER_GPUS]
                 [--pipeline-worker-cpus PIPELINE_WORKER_CPUS]
                 [--pipeline-stage-train-workers PIPELINE_STAGE_TRAIN_WORKERS]
                 [--pipeline-stage-eval-workers PIPELINE_STAGE_EVAL_WORKERS]
                 [--stage-balance-strategy {cost,count}]
                 [--stage-balance-user-weight STAGE_BALANCE_USER_WEIGHT]
                 [--stage-balance-item-weight STAGE_BALANCE_ITEM_WEIGHT]
                 [--stage-balance-span-weight STAGE_BALANCE_SPAN_WEIGHT]
                 [--ray-address RAY_ADDRESS] [--pipeline-trace]
                 [--eval-seeds EVAL_SEEDS] [--family-balanced-rerank]
                 [--family-balance-per-model FAMILY_BALANCE_PER_MODEL]
                 [--num-users NUM_USERS] [--num-items NUM_ITEMS]
                 [--num-interactions NUM_INTERACTIONS]
                 [--feature-dim FEATURE_DIM] [--lr LR]
                 [--neg-sample-size NEG_SAMPLE_SIZE] [--k K]
                 [--selection-metric {mrr,recall_at_k}] [--device DEVICE]
                 [--seed SEED] [--output-dir OUTPUT_DIR]
                 [--enable-efficiency-monitor]
                 [--efficiency-monitor-interval EFFICIENCY_MONITOR_INTERVAL]
                 [--time-budget-sec TIME_BUDGET_SEC] [--gpu-list GPU_LIST]
                 [--enable-auto-pipeline-config]
                 [--pipeline-mode {naive,smart}] [--batch-training]
                 [--train-batch-size TRAIN_BATCH_SIZE]
                 [--batch-mode {serial,tbatch,tgn}]
                 [--tgn-loss-mode {all,last}]
                 [--tgn-window-size TGN_WINDOW_SIZE]
                 [--eval-frozen {true,false}]
search.py: error: unrecognized arguments: --num-workers 3
✗ [data_parallel] NAS失败
