[data_parallel] Seed=300 开始...

======================================================================
[GraphNAS] Starting data-parallel search
[GraphNAS] Coarse trials: 27, epochs: 3, workers: 3
======================================================================

[Timing] Timing log: outputs/multi_seed_verification/seed_300/data_parallel/timing_log.csv
2026-06-05 10:32:06,980	INFO worker.py:1812 -- Started a local Ray instance. View the dashboard at [1m[32mhttp://127.0.0.1:8272 [39m[22m
[36m(_DataParallelWorker pid=3340117)[0m /usr/local/anaconda3/lib/python3.11/site-packages/torch/storage.py:414: FutureWarning: You are using `torch.load` with `weights_only=False` (the current default value), which uses the default pickle module implicitly. It is possible to construct malicious pickle data which will execute arbitrary code during unpickling (See https://github.com/pytorch/pytorch/blob/main/SECURITY.md#untrusted-models for more details). In a future release, the default value for `weights_only` will be flipped to `True`. This limits the functions that could be executed during unpickling. Arbitrary objects will no longer be allowed to be loaded via this mode unless they are explicitly allowlisted by the user via `torch.serialization.add_safe_globals`. We recommend you start setting `weights_only=True` for any use case where you don't have full control of the loaded file. Please open an issue on GitHub for any issues related to this experimental feature.
[36m(_DataParallelWorker pid=3340117)[0m   return torch.load(io.BytesIO(b))
/usr/local/anaconda3/lib/python3.11/site-packages/torch/storage.py:414: FutureWarning: You are using `torch.load` with `weights_only=False` (the current default value), which uses the default pickle module implicitly. It is possible to construct malicious pickle data which will execute arbitrary code during unpickling (See https://github.com/pytorch/pytorch/blob/main/SECURITY.md#untrusted-models for more details). In a future release, the default value for `weights_only` will be flipped to `True`. This limits the functions that could be executed during unpickling. Arbitrary objects will no longer be allowed to be loaded via this mode unless they are explicitly allowlisted by the user via `torch.serialization.add_safe_globals`. We recommend you start setting `weights_only=True` for any use case where you don't have full control of the loaded file. Please open an issue on GitHub for any issues related to this experimental feature.
  return torch.load(io.BytesIO(b))
[DataParallel batch-sync] trial=0 epoch=1/3 partition=0 interactions=4000/14000
[DataParallel batch-sync] trial=0 epoch=1/3 partition=0 interactions=8000/14000
[DataParallel batch-sync] trial=0 epoch=1/3 partition=0 interactions=12000/14000
[DataParallel batch-sync] trial=0 epoch=1/3 partition=0 interactions=14000/14000
[DataParallel batch-sync] trial=0 epoch=2/3 partition=0 interactions=4000/14000
[DataParallel batch-sync] trial=0 epoch=2/3 partition=0 interactions=8000/14000
[DataParallel batch-sync] trial=0 epoch=2/3 partition=0 interactions=12000/14000
[DataParallel batch-sync] trial=0 epoch=2/3 partition=0 interactions=14000/14000
[DataParallel batch-sync] trial=0 epoch=3/3 partition=0 interactions=4000/14000
[DataParallel batch-sync] trial=0 epoch=3/3 partition=0 interactions=8000/14000
[DataParallel batch-sync] trial=0 epoch=3/3 partition=0 interactions=12000/14000
[DataParallel batch-sync] trial=0 epoch=3/3 partition=0 interactions=14000/14000
[DataParallel 1/27] model=jodie_rnn agg=none memory=gru val_score=0.6691
[DataParallel batch-sync] trial=0 epoch=1/3 partition=0 interactions=4000/14000
[DataParallel batch-sync] trial=0 epoch=1/3 partition=0 interactions=8000/14000
[DataParallel batch-sync] trial=0 epoch=1/3 partition=0 interactions=12000/14000
[DataParallel batch-sync] trial=0 epoch=1/3 partition=0 interactions=14000/14000
[DataParallel batch-sync] trial=0 epoch=2/3 partition=0 interactions=4000/14000
[DataParallel batch-sync] trial=0 epoch=2/3 partition=0 interactions=8000/14000
[DataParallel batch-sync] trial=0 epoch=2/3 partition=0 interactions=12000/14000
[DataParallel batch-sync] trial=0 epoch=2/3 partition=0 interactions=14000/14000
[DataParallel batch-sync] trial=0 epoch=3/3 partition=0 interactions=4000/14000
[DataParallel batch-sync] trial=0 epoch=3/3 partition=0 interactions=8000/14000
[DataParallel batch-sync] trial=0 epoch=3/3 partition=0 interactions=12000/14000
[DataParallel batch-sync] trial=0 epoch=3/3 partition=0 interactions=14000/14000
[DataParallel 2/27] model=jodie_rnn agg=none memory=rnn val_score=0.6886
[DataParallel batch-sync] trial=0 epoch=1/3 partition=0 interactions=4000/14000
[DataParallel batch-sync] trial=0 epoch=1/3 partition=0 interactions=8000/14000
[DataParallel batch-sync] trial=0 epoch=1/3 partition=0 interactions=12000/14000
[DataParallel batch-sync] trial=0 epoch=1/3 partition=0 interactions=14000/14000
[DataParallel batch-sync] trial=0 epoch=2/3 partition=0 interactions=4000/14000
[DataParallel batch-sync] trial=0 epoch=2/3 partition=0 interactions=8000/14000
[DataParallel batch-sync] trial=0 epoch=2/3 partition=0 interactions=12000/14000
[DataParallel batch-sync] trial=0 epoch=2/3 partition=0 interactions=14000/14000
[DataParallel batch-sync] trial=0 epoch=3/3 partition=0 interactions=4000/14000
[DataParallel batch-sync] trial=0 epoch=3/3 partition=0 interactions=8000/14000
[DataParallel batch-sync] trial=0 epoch=3/3 partition=0 interactions=12000/14000
[DataParallel batch-sync] trial=0 epoch=3/3 partition=0 interactions=14000/14000
[DataParallel 3/27] model=jodie_rnn agg=none memory=lstm val_score=0.3408
[DataParallel batch-sync] trial=0 epoch=1/3 partition=0 interactions=4000/14000
[DataParallel batch-sync] trial=0 epoch=1/3 partition=0 interactions=8000/14000
[DataParallel batch-sync] trial=0 epoch=1/3 partition=0 interactions=12000/14000
[DataParallel batch-sync] trial=0 epoch=1/3 partition=0 interactions=14000/14000
[DataParallel batch-sync] trial=0 epoch=2/3 partition=0 interactions=4000/14000
[DataParallel batch-sync] trial=0 epoch=2/3 partition=0 interactions=8000/14000
[DataParallel batch-sync] trial=0 epoch=2/3 partition=0 interactions=12000/14000
[DataParallel batch-sync] trial=0 epoch=2/3 partition=0 interactions=14000/14000
[DataParallel batch-sync] trial=0 epoch=3/3 partition=0 interactions=4000/14000
[DataParallel batch-sync] trial=0 epoch=3/3 partition=0 interactions=8000/14000
[DataParallel batch-sync] trial=0 epoch=3/3 partition=0 interactions=12000/14000
[DataParallel batch-sync] trial=0 epoch=3/3 partition=0 interactions=14000/14000
[DataParallel 4/27] model=jodie_rnn agg=none memory=rnn val_score=0.7838
[DataParallel batch-sync] trial=0 epoch=1/3 partition=0 interactions=4000/14000
[DataParallel batch-sync] trial=0 epoch=1/3 partition=0 interactions=8000/14000
[DataParallel batch-sync] trial=0 epoch=1/3 partition=0 interactions=12000/14000
[DataParallel batch-sync] trial=0 epoch=1/3 partition=0 interactions=14000/14000
[DataParallel batch-sync] trial=0 epoch=2/3 partition=0 interactions=4000/14000
[DataParallel batch-sync] trial=0 epoch=2/3 partition=0 interactions=8000/14000
[DataParallel batch-sync] trial=0 epoch=2/3 partition=0 interactions=12000/14000
[DataParallel batch-sync] trial=0 epoch=2/3 partition=0 interactions=14000/14000
[DataParallel batch-sync] trial=0 epoch=3/3 partition=0 interactions=4000/14000
[DataParallel batch-sync] trial=0 epoch=3/3 partition=0 interactions=8000/14000
[DataParallel batch-sync] trial=0 epoch=3/3 partition=0 interactions=12000/14000
[DataParallel batch-sync] trial=0 epoch=3/3 partition=0 interactions=14000/14000
[DataParallel 5/27] model=jodie_rnn agg=none memory=lstm val_score=0.4973
[DataParallel batch-sync] trial=0 epoch=1/3 partition=0 interactions=4000/14000
[DataParallel batch-sync] trial=0 epoch=1/3 partition=0 interactions=8000/14000
[DataParallel batch-sync] trial=0 epoch=1/3 partition=0 interactions=12000/14000
[DataParallel batch-sync] trial=0 epoch=1/3 partition=0 interactions=14000/14000
[DataParallel batch-sync] trial=0 epoch=2/3 partition=0 interactions=4000/14000
[DataParallel batch-sync] trial=0 epoch=2/3 partition=0 interactions=8000/14000
[DataParallel batch-sync] trial=0 epoch=2/3 partition=0 interactions=12000/14000
[DataParallel batch-sync] trial=0 epoch=2/3 partition=0 interactions=14000/14000
[DataParallel batch-sync] trial=0 epoch=3/3 partition=0 interactions=4000/14000
[DataParallel batch-sync] trial=0 epoch=3/3 partition=0 interactions=8000/14000
[DataParallel batch-sync] trial=0 epoch=3/3 partition=0 interactions=12000/14000
[DataParallel batch-sync] trial=0 epoch=3/3 partition=0 interactions=14000/14000
[DataParallel 6/27] model=jodie_rnn agg=none memory=gru val_score=0.6564
[DataParallel batch-sync] trial=0 epoch=1/3 partition=0 interactions=4000/14000
[DataParallel batch-sync] trial=0 epoch=1/3 partition=0 interactions=8000/14000
[DataParallel batch-sync] trial=0 epoch=1/3 partition=0 interactions=12000/14000
[DataParallel batch-sync] trial=0 epoch=1/3 partition=0 interactions=14000/14000
[DataParallel batch-sync] trial=0 epoch=2/3 partition=0 interactions=4000/14000
[DataParallel batch-sync] trial=0 epoch=2/3 partition=0 interactions=8000/14000
[DataParallel batch-sync] trial=0 epoch=2/3 partition=0 interactions=12000/14000
[DataParallel batch-sync] trial=0 epoch=2/3 partition=0 interactions=14000/14000
[DataParallel batch-sync] trial=0 epoch=3/3 partition=0 interactions=4000/14000
[DataParallel batch-sync] trial=0 epoch=3/3 partition=0 interactions=8000/14000
[DataParallel batch-sync] trial=0 epoch=3/3 partition=0 interactions=12000/14000
[DataParallel batch-sync] trial=0 epoch=3/3 partition=0 interactions=14000/14000
[DataParallel 7/27] model=jodie_rnn agg=none memory=rnn val_score=0.6029
[DataParallel batch-sync] trial=0 epoch=1/3 partition=0 interactions=4000/14000
[DataParallel batch-sync] trial=0 epoch=1/3 partition=0 interactions=8000/14000
[DataParallel batch-sync] trial=0 epoch=1/3 partition=0 interactions=12000/14000
[DataParallel batch-sync] trial=0 epoch=1/3 partition=0 interactions=14000/14000
[DataParallel batch-sync] trial=0 epoch=2/3 partition=0 interactions=4000/14000
[DataParallel batch-sync] trial=0 epoch=2/3 partition=0 interactions=8000/14000
[DataParallel batch-sync] trial=0 epoch=2/3 partition=0 interactions=12000/14000
[DataParallel batch-sync] trial=0 epoch=2/3 partition=0 interactions=14000/14000
[DataParallel batch-sync] trial=0 epoch=3/3 partition=0 interactions=4000/14000
[DataParallel batch-sync] trial=0 epoch=3/3 partition=0 interactions=8000/14000
[DataParallel batch-sync] trial=0 epoch=3/3 partition=0 interactions=12000/14000
[DataParallel batch-sync] trial=0 epoch=3/3 partition=0 interactions=14000/14000
[DataParallel 8/27] model=jodie_rnn agg=none memory=gru val_score=0.5740
[DataParallel batch-sync] trial=0 epoch=1/3 partition=0 interactions=4000/14000
[DataParallel batch-sync] trial=0 epoch=1/3 partition=0 interactions=8000/14000
[DataParallel batch-sync] trial=0 epoch=1/3 partition=0 interactions=12000/14000
[DataParallel batch-sync] trial=0 epoch=1/3 partition=0 interactions=14000/14000
[DataParallel batch-sync] trial=0 epoch=2/3 partition=0 interactions=4000/14000
[DataParallel batch-sync] trial=0 epoch=2/3 partition=0 interactions=8000/14000
[DataParallel batch-sync] trial=0 epoch=2/3 partition=0 interactions=12000/14000
[DataParallel batch-sync] trial=0 epoch=2/3 partition=0 interactions=14000/14000
[DataParallel batch-sync] trial=0 epoch=3/3 partition=0 interactions=4000/14000
[DataParallel batch-sync] trial=0 epoch=3/3 partition=0 interactions=8000/14000
[DataParallel batch-sync] trial=0 epoch=3/3 partition=0 interactions=12000/14000
[DataParallel batch-sync] trial=0 epoch=3/3 partition=0 interactions=14000/14000
[DataParallel 9/27] model=jodie_rnn agg=none memory=gru val_score=0.1194
[DataParallel batch-sync] trial=0 epoch=1/3 partition=0 interactions=4000/14000
[DataParallel batch-sync] trial=0 epoch=1/3 partition=0 interactions=8000/14000
[DataParallel batch-sync] trial=0 epoch=1/3 partition=0 interactions=12000/14000
[DataParallel batch-sync] trial=0 epoch=1/3 partition=0 interactions=14000/14000
[DataParallel batch-sync] trial=0 epoch=2/3 partition=0 interactions=4000/14000
[DataParallel batch-sync] trial=0 epoch=2/3 partition=0 interactions=8000/14000
[DataParallel batch-sync] trial=0 epoch=2/3 partition=0 interactions=12000/14000
[DataParallel batch-sync] trial=0 epoch=2/3 partition=0 interactions=14000/14000
[DataParallel batch-sync] trial=0 epoch=3/3 partition=0 interactions=4000/14000
[DataParallel batch-sync] trial=0 epoch=3/3 partition=0 interactions=8000/14000
[DataParallel batch-sync] trial=0 epoch=3/3 partition=0 interactions=12000/14000
[DataParallel batch-sync] trial=0 epoch=3/3 partition=0 interactions=14000/14000
[DataParallel 10/27] model=jodie_rnn agg=none memory=lstm val_score=0.4168
[DataParallel batch-sync] trial=0 epoch=1/3 partition=0 interactions=4000/14000
[DataParallel batch-sync] trial=0 epoch=1/3 partition=0 interactions=8000/14000
[DataParallel batch-sync] trial=0 epoch=1/3 partition=0 interactions=12000/14000
[DataParallel batch-sync] trial=0 epoch=1/3 partition=0 interactions=14000/14000
[DataParallel batch-sync] trial=0 epoch=2/3 partition=0 interactions=4000/14000
[DataParallel batch-sync] trial=0 epoch=2/3 partition=0 interactions=8000/14000
[DataParallel batch-sync] trial=0 epoch=2/3 partition=0 interactions=12000/14000
[DataParallel batch-sync] trial=0 epoch=2/3 partition=0 interactions=14000/14000
[DataParallel batch-sync] trial=0 epoch=3/3 partition=0 interactions=4000/14000
[DataParallel batch-sync] trial=0 epoch=3/3 partition=0 interactions=8000/14000
[DataParallel batch-sync] trial=0 epoch=3/3 partition=0 interactions=12000/14000
[DataParallel batch-sync] trial=0 epoch=3/3 partition=0 interactions=14000/14000
[DataParallel 11/27] model=jodie_rnn agg=none memory=gru val_score=0.3736
[DataParallel batch-sync] trial=0 epoch=1/3 partition=0 interactions=4000/14000
[DataParallel batch-sync] trial=0 epoch=1/3 partition=0 interactions=8000/14000
[DataParallel batch-sync] trial=0 epoch=1/3 partition=0 interactions=12000/14000
[DataParallel batch-sync] trial=0 epoch=1/3 partition=0 interactions=14000/14000
[DataParallel batch-sync] trial=0 epoch=2/3 partition=0 interactions=4000/14000
[DataParallel batch-sync] trial=0 epoch=2/3 partition=0 interactions=8000/14000
[DataParallel batch-sync] trial=0 epoch=2/3 partition=0 interactions=12000/14000
[DataParallel batch-sync] trial=0 epoch=2/3 partition=0 interactions=14000/14000
[DataParallel batch-sync] trial=0 epoch=3/3 partition=0 interactions=4000/14000
[DataParallel batch-sync] trial=0 epoch=3/3 partition=0 interactions=8000/14000
[DataParallel batch-sync] trial=0 epoch=3/3 partition=0 interactions=12000/14000
[DataParallel batch-sync] trial=0 epoch=3/3 partition=0 interactions=14000/14000
[DataParallel 12/27] model=jodie_rnn agg=none memory=gru val_score=0.3764
[DataParallel batch-sync] trial=0 epoch=1/3 partition=0 interactions=4000/14000
[DataParallel batch-sync] trial=0 epoch=1/3 partition=0 interactions=8000/14000
[DataParallel batch-sync] trial=0 epoch=1/3 partition=0 interactions=12000/14000
[DataParallel batch-sync] trial=0 epoch=1/3 partition=0 interactions=14000/14000
[DataParallel batch-sync] trial=0 epoch=2/3 partition=0 interactions=4000/14000
[DataParallel batch-sync] trial=0 epoch=2/3 partition=0 interactions=8000/14000
[DataParallel batch-sync] trial=0 epoch=2/3 partition=0 interactions=12000/14000
[DataParallel batch-sync] trial=0 epoch=2/3 partition=0 interactions=14000/14000
[DataParallel batch-sync] trial=0 epoch=3/3 partition=0 interactions=4000/14000
[DataParallel batch-sync] trial=0 epoch=3/3 partition=0 interactions=8000/14000
[DataParallel batch-sync] trial=0 epoch=3/3 partition=0 interactions=12000/14000
[DataParallel batch-sync] trial=0 epoch=3/3 partition=0 interactions=14000/14000
[DataParallel 13/27] model=jodie_rnn agg=none memory=lstm val_score=0.5465
[DataParallel batch-sync] trial=0 epoch=1/3 partition=0 interactions=4000/14000
[DataParallel batch-sync] trial=0 epoch=1/3 partition=0 interactions=8000/14000
[DataParallel batch-sync] trial=0 epoch=1/3 partition=0 interactions=12000/14000
[DataParallel batch-sync] trial=0 epoch=1/3 partition=0 interactions=14000/14000
[DataParallel batch-sync] trial=0 epoch=2/3 partition=0 interactions=4000/14000
[DataParallel batch-sync] trial=0 epoch=2/3 partition=0 interactions=8000/14000
[DataParallel batch-sync] trial=0 epoch=2/3 partition=0 interactions=12000/14000
[DataParallel batch-sync] trial=0 epoch=2/3 partition=0 interactions=14000/14000
[DataParallel batch-sync] trial=0 epoch=3/3 partition=0 interactions=4000/14000
[DataParallel batch-sync] trial=0 epoch=3/3 partition=0 interactions=8000/14000
[DataParallel batch-sync] trial=0 epoch=3/3 partition=0 interactions=12000/14000
[DataParallel batch-sync] trial=0 epoch=3/3 partition=0 interactions=14000/14000
[DataParallel 14/27] model=jodie_rnn agg=none memory=rnn val_score=0.4727
[DataParallel batch-sync] trial=0 epoch=1/3 partition=0 interactions=4000/14000
[DataParallel batch-sync] trial=0 epoch=1/3 partition=0 interactions=8000/14000
[DataParallel batch-sync] trial=0 epoch=1/3 partition=0 interactions=12000/14000
[DataParallel batch-sync] trial=0 epoch=1/3 partition=0 interactions=14000/14000
[DataParallel batch-sync] trial=0 epoch=2/3 partition=0 interactions=4000/14000
[DataParallel batch-sync] trial=0 epoch=2/3 partition=0 interactions=8000/14000
[DataParallel batch-sync] trial=0 epoch=2/3 partition=0 interactions=12000/14000
[DataParallel batch-sync] trial=0 epoch=2/3 partition=0 interactions=14000/14000
[DataParallel batch-sync] trial=0 epoch=3/3 partition=0 interactions=4000/14000
[DataParallel batch-sync] trial=0 epoch=3/3 partition=0 interactions=8000/14000
[DataParallel batch-sync] trial=0 epoch=3/3 partition=0 interactions=12000/14000
[DataParallel batch-sync] trial=0 epoch=3/3 partition=0 interactions=14000/14000
[DataParallel 15/27] model=jodie_rnn agg=none memory=rnn val_score=0.4084
[DataParallel batch-sync] trial=0 epoch=1/3 partition=0 interactions=4000/14000
[DataParallel batch-sync] trial=0 epoch=1/3 partition=0 interactions=8000/14000
[DataParallel batch-sync] trial=0 epoch=1/3 partition=0 interactions=12000/14000
[DataParallel batch-sync] trial=0 epoch=1/3 partition=0 interactions=14000/14000
[DataParallel batch-sync] trial=0 epoch=2/3 partition=0 interactions=4000/14000
[DataParallel batch-sync] trial=0 epoch=2/3 partition=0 interactions=8000/14000
[DataParallel batch-sync] trial=0 epoch=2/3 partition=0 interactions=12000/14000
[DataParallel batch-sync] trial=0 epoch=2/3 partition=0 interactions=14000/14000
[DataParallel batch-sync] trial=0 epoch=3/3 partition=0 interactions=4000/14000
[DataParallel batch-sync] trial=0 epoch=3/3 partition=0 interactions=8000/14000
[DataParallel batch-sync] trial=0 epoch=3/3 partition=0 interactions=12000/14000
[DataParallel batch-sync] trial=0 epoch=3/3 partition=0 interactions=14000/14000
[DataParallel 16/27] model=jodie_rnn agg=none memory=gru val_score=0.1194
[DataParallel batch-sync] trial=0 epoch=1/3 partition=0 interactions=4000/14000
[DataParallel batch-sync] trial=0 epoch=1/3 partition=0 interactions=8000/14000
[DataParallel batch-sync] trial=0 epoch=1/3 partition=0 interactions=12000/14000
[DataParallel batch-sync] trial=0 epoch=1/3 partition=0 interactions=14000/14000
[DataParallel batch-sync] trial=0 epoch=2/3 partition=0 interactions=4000/14000
[DataParallel batch-sync] trial=0 epoch=2/3 partition=0 interactions=8000/14000
[DataParallel batch-sync] trial=0 epoch=2/3 partition=0 interactions=12000/14000
[DataParallel batch-sync] trial=0 epoch=2/3 partition=0 interactions=14000/14000
[DataParallel batch-sync] trial=0 epoch=3/3 partition=0 interactions=4000/14000
[DataParallel batch-sync] trial=0 epoch=3/3 partition=0 interactions=8000/14000
[DataParallel batch-sync] trial=0 epoch=3/3 partition=0 interactions=12000/14000
[DataParallel batch-sync] trial=0 epoch=3/3 partition=0 interactions=14000/14000
[DataParallel 17/27] model=jodie_rnn agg=none memory=lstm val_score=0.4926
[DataParallel batch-sync] trial=0 epoch=1/3 partition=0 interactions=4000/14000
[DataParallel batch-sync] trial=0 epoch=1/3 partition=0 interactions=8000/14000
[DataParallel batch-sync] trial=0 epoch=1/3 partition=0 interactions=12000/14000
[DataParallel batch-sync] trial=0 epoch=1/3 partition=0 interactions=14000/14000
[DataParallel batch-sync] trial=0 epoch=2/3 partition=0 interactions=4000/14000
[DataParallel batch-sync] trial=0 epoch=2/3 partition=0 interactions=8000/14000
[DataParallel batch-sync] trial=0 epoch=2/3 partition=0 interactions=12000/14000
[DataParallel batch-sync] trial=0 epoch=2/3 partition=0 interactions=14000/14000
[DataParallel batch-sync] trial=0 epoch=3/3 partition=0 interactions=4000/14000
[DataParallel batch-sync] trial=0 epoch=3/3 partition=0 interactions=8000/14000
[DataParallel batch-sync] trial=0 epoch=3/3 partition=0 interactions=12000/14000
[DataParallel batch-sync] trial=0 epoch=3/3 partition=0 interactions=14000/14000
[DataParallel 18/27] model=jodie_rnn agg=none memory=rnn val_score=0.5785
[DataParallel batch-sync] trial=0 epoch=1/3 partition=0 interactions=4000/14000
[DataParallel batch-sync] trial=0 epoch=1/3 partition=0 interactions=8000/14000
[DataParallel batch-sync] trial=0 epoch=1/3 partition=0 interactions=12000/14000
[DataParallel batch-sync] trial=0 epoch=1/3 partition=0 interactions=14000/14000
[DataParallel batch-sync] trial=0 epoch=2/3 partition=0 interactions=4000/14000
[DataParallel batch-sync] trial=0 epoch=2/3 partition=0 interactions=8000/14000
[DataParallel batch-sync] trial=0 epoch=2/3 partition=0 interactions=12000/14000
[DataParallel batch-sync] trial=0 epoch=2/3 partition=0 interactions=14000/14000
[DataParallel batch-sync] trial=0 epoch=3/3 partition=0 interactions=4000/14000
[DataParallel batch-sync] trial=0 epoch=3/3 partition=0 interactions=8000/14000
[DataParallel batch-sync] trial=0 epoch=3/3 partition=0 interactions=12000/14000
[DataParallel batch-sync] trial=0 epoch=3/3 partition=0 interactions=14000/14000
[DataParallel 19/27] model=jodie_rnn agg=none memory=rnn val_score=0.7683
[DataParallel batch-sync] trial=0 epoch=1/3 partition=0 interactions=4000/14000
[DataParallel batch-sync] trial=0 epoch=1/3 partition=0 interactions=8000/14000
[DataParallel batch-sync] trial=0 epoch=1/3 partition=0 interactions=12000/14000
[DataParallel batch-sync] trial=0 epoch=1/3 partition=0 interactions=14000/14000
[DataParallel batch-sync] trial=0 epoch=2/3 partition=0 interactions=4000/14000
[DataParallel batch-sync] trial=0 epoch=2/3 partition=0 interactions=8000/14000
[DataParallel batch-sync] trial=0 epoch=2/3 partition=0 interactions=12000/14000
[DataParallel batch-sync] trial=0 epoch=2/3 partition=0 interactions=14000/14000
[DataParallel batch-sync] trial=0 epoch=3/3 partition=0 interactions=4000/14000
[DataParallel batch-sync] trial=0 epoch=3/3 partition=0 interactions=8000/14000
[DataParallel batch-sync] trial=0 epoch=3/3 partition=0 interactions=12000/14000
[DataParallel batch-sync] trial=0 epoch=3/3 partition=0 interactions=14000/14000
[DataParallel 20/27] model=jodie_rnn agg=none memory=gru val_score=0.4521
[DataParallel batch-sync] trial=0 epoch=1/3 partition=0 interactions=4000/14000
[DataParallel batch-sync] trial=0 epoch=1/3 partition=0 interactions=8000/14000
[DataParallel batch-sync] trial=0 epoch=1/3 partition=0 interactions=12000/14000
[DataParallel batch-sync] trial=0 epoch=1/3 partition=0 interactions=14000/14000
[DataParallel batch-sync] trial=0 epoch=2/3 partition=0 interactions=4000/14000
[DataParallel batch-sync] trial=0 epoch=2/3 partition=0 interactions=8000/14000
[DataParallel batch-sync] trial=0 epoch=2/3 partition=0 interactions=12000/14000
[DataParallel batch-sync] trial=0 epoch=2/3 partition=0 interactions=14000/14000
[DataParallel batch-sync] trial=0 epoch=3/3 partition=0 interactions=4000/14000
[DataParallel batch-sync] trial=0 epoch=3/3 partition=0 interactions=8000/14000
[DataParallel batch-sync] trial=0 epoch=3/3 partition=0 interactions=12000/14000
[DataParallel batch-sync] trial=0 epoch=3/3 partition=0 interactions=14000/14000
[DataParallel 21/27] model=jodie_rnn agg=none memory=rnn val_score=0.7668
[DataParallel batch-sync] trial=0 epoch=1/3 partition=0 interactions=4000/14000
[DataParallel batch-sync] trial=0 epoch=1/3 partition=0 interactions=8000/14000
[DataParallel batch-sync] trial=0 epoch=1/3 partition=0 interactions=12000/14000
[DataParallel batch-sync] trial=0 epoch=1/3 partition=0 interactions=14000/14000
[DataParallel batch-sync] trial=0 epoch=2/3 partition=0 interactions=4000/14000
[DataParallel batch-sync] trial=0 epoch=2/3 partition=0 interactions=8000/14000
[DataParallel batch-sync] trial=0 epoch=2/3 partition=0 interactions=12000/14000
[DataParallel batch-sync] trial=0 epoch=2/3 partition=0 interactions=14000/14000
[DataParallel batch-sync] trial=0 epoch=3/3 partition=0 interactions=4000/14000
[DataParallel batch-sync] trial=0 epoch=3/3 partition=0 interactions=8000/14000
[DataParallel batch-sync] trial=0 epoch=3/3 partition=0 interactions=12000/14000
[DataParallel batch-sync] trial=0 epoch=3/3 partition=0 interactions=14000/14000
[DataParallel 22/27] model=jodie_rnn agg=none memory=rnn val_score=0.5252
[DataParallel batch-sync] trial=0 epoch=1/3 partition=0 interactions=4000/14000
[DataParallel batch-sync] trial=0 epoch=1/3 partition=0 interactions=8000/14000
[DataParallel batch-sync] trial=0 epoch=1/3 partition=0 interactions=12000/14000
[DataParallel batch-sync] trial=0 epoch=1/3 partition=0 interactions=14000/14000
[DataParallel batch-sync] trial=0 epoch=2/3 partition=0 interactions=4000/14000
[DataParallel batch-sync] trial=0 epoch=2/3 partition=0 interactions=8000/14000
[DataParallel batch-sync] trial=0 epoch=2/3 partition=0 interactions=12000/14000
[DataParallel batch-sync] trial=0 epoch=2/3 partition=0 interactions=14000/14000
[DataParallel batch-sync] trial=0 epoch=3/3 partition=0 interactions=4000/14000
[DataParallel batch-sync] trial=0 epoch=3/3 partition=0 interactions=8000/14000
[DataParallel batch-sync] trial=0 epoch=3/3 partition=0 interactions=12000/14000
[DataParallel batch-sync] trial=0 epoch=3/3 partition=0 interactions=14000/14000
[DataParallel 23/27] model=jodie_rnn agg=none memory=gru val_score=0.1194
[DataParallel batch-sync] trial=0 epoch=1/3 partition=0 interactions=4000/14000
[DataParallel batch-sync] trial=0 epoch=1/3 partition=0 interactions=8000/14000
[DataParallel batch-sync] trial=0 epoch=1/3 partition=0 interactions=12000/14000
[DataParallel batch-sync] trial=0 epoch=1/3 partition=0 interactions=14000/14000
[DataParallel batch-sync] trial=0 epoch=2/3 partition=0 interactions=4000/14000
[DataParallel batch-sync] trial=0 epoch=2/3 partition=0 interactions=8000/14000
[DataParallel batch-sync] trial=0 epoch=2/3 partition=0 interactions=12000/14000
[DataParallel batch-sync] trial=0 epoch=2/3 partition=0 interactions=14000/14000
[DataParallel batch-sync] trial=0 epoch=3/3 partition=0 interactions=4000/14000
[DataParallel batch-sync] trial=0 epoch=3/3 partition=0 interactions=8000/14000
[DataParallel batch-sync] trial=0 epoch=3/3 partition=0 interactions=12000/14000
[DataParallel batch-sync] trial=0 epoch=3/3 partition=0 interactions=14000/14000
[DataParallel 24/27] model=jodie_rnn agg=none memory=rnn val_score=0.7496
[DataParallel batch-sync] trial=0 epoch=1/3 partition=0 interactions=4000/14000
[DataParallel batch-sync] trial=0 epoch=1/3 partition=0 interactions=8000/14000
[DataParallel batch-sync] trial=0 epoch=1/3 partition=0 interactions=12000/14000
[DataParallel batch-sync] trial=0 epoch=1/3 partition=0 interactions=14000/14000
[DataParallel batch-sync] trial=0 epoch=2/3 partition=0 interactions=4000/14000
[DataParallel batch-sync] trial=0 epoch=2/3 partition=0 interactions=8000/14000
[DataParallel batch-sync] trial=0 epoch=2/3 partition=0 interactions=12000/14000
[DataParallel batch-sync] trial=0 epoch=2/3 partition=0 interactions=14000/14000
[DataParallel batch-sync] trial=0 epoch=3/3 partition=0 interactions=4000/14000
[DataParallel batch-sync] trial=0 epoch=3/3 partition=0 interactions=8000/14000
[DataParallel batch-sync] trial=0 epoch=3/3 partition=0 interactions=12000/14000
[DataParallel batch-sync] trial=0 epoch=3/3 partition=0 interactions=14000/14000
[DataParallel 25/27] model=jodie_rnn agg=none memory=rnn val_score=0.6621
[DataParallel batch-sync] trial=0 epoch=1/3 partition=0 interactions=4000/14000
[DataParallel batch-sync] trial=0 epoch=1/3 partition=0 interactions=8000/14000
[DataParallel batch-sync] trial=0 epoch=1/3 partition=0 interactions=12000/14000
[DataParallel batch-sync] trial=0 epoch=1/3 partition=0 interactions=14000/14000
[DataParallel batch-sync] trial=0 epoch=2/3 partition=0 interactions=4000/14000
[DataParallel batch-sync] trial=0 epoch=2/3 partition=0 interactions=8000/14000
[DataParallel batch-sync] trial=0 epoch=2/3 partition=0 interactions=12000/14000
[DataParallel batch-sync] trial=0 epoch=2/3 partition=0 interactions=14000/14000
[DataParallel batch-sync] trial=0 epoch=3/3 partition=0 interactions=4000/14000
[DataParallel batch-sync] trial=0 epoch=3/3 partition=0 interactions=8000/14000
[DataParallel batch-sync] trial=0 epoch=3/3 partition=0 interactions=12000/14000
[DataParallel batch-sync] trial=0 epoch=3/3 partition=0 interactions=14000/14000
[DataParallel 26/27] model=jodie_rnn agg=none memory=gru val_score=0.5144
[DataParallel batch-sync] trial=0 epoch=1/3 partition=0 interactions=4000/14000
[DataParallel batch-sync] trial=0 epoch=1/3 partition=0 interactions=8000/14000
[DataParallel batch-sync] trial=0 epoch=1/3 partition=0 interactions=12000/14000
[DataParallel batch-sync] trial=0 epoch=1/3 partition=0 interactions=14000/14000
[DataParallel batch-sync] trial=0 epoch=2/3 partition=0 interactions=4000/14000
[DataParallel batch-sync] trial=0 epoch=2/3 partition=0 interactions=8000/14000
[DataParallel batch-sync] trial=0 epoch=2/3 partition=0 interactions=12000/14000
[DataParallel batch-sync] trial=0 epoch=2/3 partition=0 interactions=14000/14000
[DataParallel batch-sync] trial=0 epoch=3/3 partition=0 interactions=4000/14000
[DataParallel batch-sync] trial=0 epoch=3/3 partition=0 interactions=8000/14000
[DataParallel batch-sync] trial=0 epoch=3/3 partition=0 interactions=12000/14000
[DataParallel batch-sync] trial=0 epoch=3/3 partition=0 interactions=14000/14000
[DataParallel 27/27] model=jodie_rnn agg=none memory=lstm val_score=0.4449
[DataParallel] Workers shut down.
Epoch 1/3 | L2 Loss: 13.2559
Epoch 2/3 | L2 Loss: 12.2424
Epoch 3/3 | L2 Loss: 12.1324
Best architecture saved to: outputs/multi_seed_verification/seed_300/data_parallel/best_arch.json
Leaderboard saved to: outputs/multi_seed_verification/seed_300/data_parallel/leaderboard.csv
Search mode: rl
Best selection score: 0.7838
Best test score: 0.7838
Best model family: jodie_rnn
[36m(_DataParallelWorker pid=3340117)[0m /usr/local/anaconda3/lib/python3.11/site-packages/torch/storage.py:414: FutureWarning: You are using `torch.load` with `weights_only=False` (the current default value), which uses the default pickle module implicitly. It is possible to construct malicious pickle data which will execute arbitrary code during unpickling (See https://github.com/pytorch/pytorch/blob/main/SECURITY.md#untrusted-models for more details). In a future release, the default value for `weights_only` will be flipped to `True`. This limits the functions that could be executed during unpickling. Arbitrary objects will no longer be allowed to be loaded via this mode unless they are explicitly allowlisted by the user via `torch.serialization.add_safe_globals`. We recommend you start setting `weights_only=True` for any use case where you don't have full control of the loaded file. Please open an issue on GitHub for any issues related to this experimental feature.[32m [repeated 5x across cluster] (Ray deduplicates logs by default. Set RAY_DEDUP_LOGS=0 to disable log deduplication, or see https://docs.ray.io/en/master/ray-observability/user-guides/configure-logging.html#log-deduplication for more options.)[0m
[36m(_DataParallelWorker pid=3340117)[0m   return torch.load(io.BytesIO(b))[32m [repeated 5x across cluster][0m
✓ [data_parallel] NAS完成
训练配置: {
  "model": "jodie_rnn",
  "embedding_dim": 64,
  "memory_cell": "rnn",
  "time_proj": "off",
  "use_static_embeddings": "off",
  "normalize_state": "off",
  "event_agg": "none",
  "max_neighbors": 0,
  "batch_mode": "tbatch",
  "train_batch_size": 32,
  "dataset": "public_csv",
  "local_data_path": "data/public/mooc.csv",
  "max_events": 20000,
  "seed": 20300,
  "lr": 0.001,
  "neg_sample_size": 5,
  "k": 10,
  "device": "cuda"
}

加载数据...
数据集: 14000 train, 2000 val, 4000 test
最终训练: 16000 (train+val), 测试: 4000
用户数: 1435, 物品数: 21

设置种子: 20300
构建模型...
模型参数: 34688

开始训练 (3 epochs)...
Epoch 1/3 | L2 Loss: 13.2559
Epoch 2/3 | L2 Loss: 12.2427
Epoch 3/3 | L2 Loss: 12.1327
训练完成，耗时: 191.90s

评估...

结果:
  Test MRR: 0.8095
  Test Recall@10: 0.9875
  训练时间: 191.90s

结果已保存到: outputs/multi_seed_verification/seed_300/data_parallel/retrain/result.json
✓ [data_parallel] 重训练完成
