[pipeline_naive] Seed=300 开始...
Pipeline trace log file: outputs/multi_seed_verification/seed_300/pipeline_naive/pipeline_trace_20260604_211949.log

======================================================================
[GraphNAS] Starting search pipeline
[GraphNAS] Coarse trials: 27, epochs: 3
[GraphNAS] Rerank top-k: 0, epochs: 3
======================================================================

[Timing] Timing log: outputs/multi_seed_verification/seed_300/pipeline_naive/timing_log.csv
[Coarse Phase] Sampling batch 1: 2 architectures
[Coarse Phase] Evaluating architectures 1-2/27
2026-06-04 21:19:55,469	INFO worker.py:1812 -- Started a local Ray instance. View the dashboard at [1m[32mhttp://127.0.0.1:8272 [39m[22m
[RayPipeline] detected 8 GPUs; pipeline_worker_gpus=1.0
[RayPipeline] note: total train workers=3 < GPUs=8; consider increasing --pipeline-stage-train-workers to use all GPUs.
[RayPipeline] train stage 1: 1 partitions, 5000 interactions, cost range=[5276-5276] sum=5276, workers=1
[RayPipeline] train stage 2: 1 partitions, 5000 interactions, cost range=[5272-5272] sum=5272, workers=1
[RayPipeline] train stage 3: 1 partitions, 4000 interactions, cost range=[4220-4220] sum=4220, workers=1
[RayPipeline] train worker counts=[1, 1, 1], train groups=[[0], [1], [2]]
[RayPipeline] eval worker counts=[1], eval groups=[[3]]
[RayPipeline] created train worker pools=[1, 1, 1]
[RayPipeline] running unified train+eval pipeline (no global sync point)
[36m(PartitionShardWorker pid=1922819)[0m /usr/local/anaconda3/lib/python3.11/site-packages/torch/storage.py:414: FutureWarning: You are using `torch.load` with `weights_only=False` (the current default value), which uses the default pickle module implicitly. It is possible to construct malicious pickle data which will execute arbitrary code during unpickling (See https://github.com/pytorch/pytorch/blob/main/SECURITY.md#untrusted-models for more details). In a future release, the default value for `weights_only` will be flipped to `True`. This limits the functions that could be executed during unpickling. Arbitrary objects will no longer be allowed to be loaded via this mode unless they are explicitly allowlisted by the user via `torch.serialization.add_safe_globals`. We recommend you start setting `weights_only=True` for any use case where you don't have full control of the loaded file. Please open an issue on GitHub for any issues related to this experimental feature.
[36m(PartitionShardWorker pid=1922819)[0m   return torch.load(io.BytesIO(b))
[pipeline-heartbeat] wall=21:20:03 phase=train status=no_new_progress progress_events_total=0 progress_events_delta=0 in_flight=1 active=stage 1=1 pending=stage 1=1, stage 2=0, stage 3=0
[pipeline-heartbeat] wall=21:20:08 phase=train status=no_new_progress progress_events_total=0 progress_events_delta=0 in_flight=1 active=stage 1=1 pending=stage 1=1, stage 2=0, stage 3=0
[pipeline-heartbeat] wall=21:20:13 phase=train status=no_new_progress progress_events_total=0 progress_events_delta=0 in_flight=1 active=stage 1=1 pending=stage 1=1, stage 2=0, stage 3=0
[pipeline-heartbeat] wall=21:20:18 phase=train status=no_new_progress progress_events_total=0 progress_events_delta=0 in_flight=1 active=stage 1=1 pending=stage 1=1, stage 2=0, stage 3=0
[pipeline-heartbeat] wall=21:20:23 phase=train status=no_new_progress progress_events_total=0 progress_events_delta=0 in_flight=1 active=stage 1=1 pending=stage 1=1, stage 2=0, stage 3=0
[pipeline-heartbeat] wall=21:20:28 phase=train status=no_new_progress progress_events_total=0 progress_events_delta=0 in_flight=1 active=stage 1=1 pending=stage 1=1, stage 2=0, stage 3=0
[pipeline-heartbeat] wall=21:20:33 phase=train status=no_new_progress progress_events_total=0 progress_events_delta=0 in_flight=1 active=stage 1=1 pending=stage 1=1, stage 2=0, stage 3=0
[pipeline-heartbeat] wall=21:20:38 phase=train status=no_new_progress progress_events_total=0 progress_events_delta=0 in_flight=1 active=stage 1=1 pending=stage 1=1, stage 2=0, stage 3=0
[pipeline-heartbeat] wall=21:20:43 phase=train status=no_new_progress progress_events_total=0 progress_events_delta=0 in_flight=1 active=stage 1=1 pending=stage 1=1, stage 2=0, stage 3=0
[pipeline-heartbeat] wall=21:20:48 phase=train status=no_new_progress progress_events_total=0 progress_events_delta=0 in_flight=1 active=stage 1=1 pending=stage 1=1, stage 2=0, stage 3=0
[pipeline-heartbeat] wall=21:20:53 phase=train status=no_new_progress progress_events_total=0 progress_events_delta=0 in_flight=1 active=stage 1=1 pending=stage 1=1, stage 2=0, stage 3=0
[pipeline-heartbeat] wall=21:20:58 phase=train status=no_new_progress progress_events_total=0 progress_events_delta=0 in_flight=1 active=stage 1=1 pending=stage 1=1, stage 2=0, stage 3=0
[pipeline-heartbeat] wall=21:21:03 phase=train status=no_new_progress progress_events_total=0 progress_events_delta=0 in_flight=1 active=stage 1=1 pending=stage 1=1, stage 2=0, stage 3=0
[pipeline-heartbeat] wall=21:21:08 phase=train status=no_new_progress progress_events_total=0 progress_events_delta=0 in_flight=1 active=stage 1=1 pending=stage 1=1, stage 2=0, stage 3=0
[pipeline-heartbeat] wall=21:21:13 phase=train status=no_new_progress progress_events_total=0 progress_events_delta=0 in_flight=1 active=stage 1=1 pending=stage 1=1, stage 2=0, stage 3=0
[pipeline-heartbeat] wall=21:21:18 phase=train status=no_new_progress progress_events_total=0 progress_events_delta=0 in_flight=1 active=stage 1=1 pending=stage 1=1, stage 2=0, stage 3=0
/usr/local/anaconda3/lib/python3.11/site-packages/torch/storage.py:414: FutureWarning: You are using `torch.load` with `weights_only=False` (the current default value), which uses the default pickle module implicitly. It is possible to construct malicious pickle data which will execute arbitrary code during unpickling (See https://github.com/pytorch/pytorch/blob/main/SECURITY.md#untrusted-models for more details). In a future release, the default value for `weights_only` will be flipped to `True`. This limits the functions that could be executed during unpickling. Arbitrary objects will no longer be allowed to be loaded via this mode unless they are explicitly allowlisted by the user via `torch.serialization.add_safe_globals`. We recommend you start setting `weights_only=True` for any use case where you don't have full control of the loaded file. Please open an issue on GitHub for any issues related to this experimental feature.
  return torch.load(io.BytesIO(b))
[36m(PartitionShardWorker pid=1922819)[0m /usr/local/anaconda3/lib/python3.11/site-packages/torch/storage.py:414: FutureWarning: You are using `torch.load` with `weights_only=False` (the current default value), which uses the default pickle module implicitly. It is possible to construct malicious pickle data which will execute arbitrary code during unpickling (See https://github.com/pytorch/pytorch/blob/main/SECURITY.md#untrusted-models for more details). In a future release, the default value for `weights_only` will be flipped to `True`. This limits the functions that could be executed during unpickling. Arbitrary objects will no longer be allowed to be loaded via this mode unless they are explicitly allowlisted by the user via `torch.serialization.add_safe_globals`. We recommend you start setting `weights_only=True` for any use case where you don't have full control of the loaded file. Please open an issue on GitHub for any issues related to this experimental feature.[32m [repeated 3x across cluster] (Ray deduplicates logs by default. Set RAY_DEDUP_LOGS=0 to disable log deduplication, or see https://docs.ray.io/en/master/ray-observability/user-guides/configure-logging.html#log-deduplication for more options.)[0m
[36m(PartitionShardWorker pid=1922819)[0m   return torch.load(io.BytesIO(b))[32m [repeated 3x across cluster][0m
[pipeline-heartbeat] wall=21:21:29 phase=train status=no_new_progress progress_events_total=0 progress_events_delta=0 in_flight=2 active=stage 1=1, stage 2=1 pending=stage 1=0, stage 2=0, stage 3=0
[pipeline-heartbeat] wall=21:21:34 phase=train status=no_new_progress progress_events_total=0 progress_events_delta=0 in_flight=2 active=stage 1=1, stage 2=1 pending=stage 1=0, stage 2=0, stage 3=0
[pipeline-heartbeat] wall=21:21:39 phase=train status=no_new_progress progress_events_total=0 progress_events_delta=0 in_flight=2 active=stage 1=1, stage 2=1 pending=stage 1=0, stage 2=0, stage 3=0
[pipeline-heartbeat] wall=21:21:44 phase=train status=no_new_progress progress_events_total=0 progress_events_delta=0 in_flight=2 active=stage 1=1, stage 2=1 pending=stage 1=0, stage 2=0, stage 3=0
[pipeline-heartbeat] wall=21:21:49 phase=train status=no_new_progress progress_events_total=0 progress_events_delta=0 in_flight=2 active=stage 1=1, stage 2=1 pending=stage 1=0, stage 2=0, stage 3=0
[pipeline-heartbeat] wall=21:21:54 phase=train status=no_new_progress progress_events_total=0 progress_events_delta=0 in_flight=2 active=stage 1=1, stage 2=1 pending=stage 1=0, stage 2=0, stage 3=0
[pipeline-heartbeat] wall=21:21:59 phase=train status=no_new_progress progress_events_total=0 progress_events_delta=0 in_flight=2 active=stage 1=1, stage 2=1 pending=stage 1=0, stage 2=0, stage 3=0
[pipeline-heartbeat] wall=21:22:04 phase=train status=no_new_progress progress_events_total=0 progress_events_delta=0 in_flight=2 active=stage 1=1, stage 2=1 pending=stage 1=0, stage 2=0, stage 3=0
[pipeline-heartbeat] wall=21:22:09 phase=train status=no_new_progress progress_events_total=0 progress_events_delta=0 in_flight=2 active=stage 1=1, stage 2=1 pending=stage 1=0, stage 2=0, stage 3=0
[pipeline-heartbeat] wall=21:22:14 phase=train status=no_new_progress progress_events_total=0 progress_events_delta=0 in_flight=2 active=stage 1=1, stage 2=1 pending=stage 1=0, stage 2=0, stage 3=0
[pipeline-heartbeat] wall=21:22:19 phase=train status=no_new_progress progress_events_total=0 progress_events_delta=0 in_flight=2 active=stage 1=1, stage 2=1 pending=stage 1=0, stage 2=0, stage 3=0
[pipeline-heartbeat] wall=21:22:24 phase=train status=no_new_progress progress_events_total=0 progress_events_delta=0 in_flight=2 active=stage 1=1, stage 2=1 pending=stage 1=0, stage 2=0, stage 3=0
[pipeline-heartbeat] wall=21:22:29 phase=train status=no_new_progress progress_events_total=0 progress_events_delta=0 in_flight=2 active=stage 1=1, stage 2=1 pending=stage 1=0, stage 2=0, stage 3=0
[pipeline-heartbeat] wall=21:22:34 phase=train status=no_new_progress progress_events_total=0 progress_events_delta=0 in_flight=2 active=stage 1=1, stage 2=1 pending=stage 1=0, stage 2=0, stage 3=0
[pipeline-heartbeat] wall=21:22:39 phase=train status=no_new_progress progress_events_total=0 progress_events_delta=0 in_flight=2 active=stage 1=1, stage 2=1 pending=stage 1=0, stage 2=0, stage 3=0
[pipeline-heartbeat] wall=21:22:44 phase=train status=no_new_progress progress_events_total=0 progress_events_delta=0 in_flight=2 active=stage 1=1, stage 2=1 pending=stage 1=0, stage 2=0, stage 3=0
[pipeline-heartbeat] wall=21:22:49 phase=train status=no_new_progress progress_events_total=0 progress_events_delta=0 in_flight=2 active=stage 1=1, stage 2=1 pending=stage 1=0, stage 2=0, stage 3=0
[36m(PartitionShardWorker pid=1922820)[0m /usr/local/anaconda3/lib/python3.11/site-packages/torch/storage.py:414: FutureWarning: You are using `torch.load` with `weights_only=False` (the current default value), which uses the default pickle module implicitly. It is possible to construct malicious pickle data which will execute arbitrary code during unpickling (See https://github.com/pytorch/pytorch/blob/main/SECURITY.md#untrusted-models for more details). In a future release, the default value for `weights_only` will be flipped to `True`. This limits the functions that could be executed during unpickling. Arbitrary objects will no longer be allowed to be loaded via this mode unless they are explicitly allowlisted by the user via `torch.serialization.add_safe_globals`. We recommend you start setting `weights_only=True` for any use case where you don't have full control of the loaded file. Please open an issue on GitHub for any issues related to this experimental feature.
[36m(PartitionShardWorker pid=1922820)[0m   return torch.load(io.BytesIO(b))
[pipeline-heartbeat] wall=21:22:57 phase=train status=no_new_progress progress_events_total=0 progress_events_delta=0 in_flight=2 active=stage 2=1, stage 3=1 pending=stage 1=0, stage 2=0, stage 3=0
[pipeline-heartbeat] wall=21:23:02 phase=train status=no_new_progress progress_events_total=0 progress_events_delta=0 in_flight=2 active=stage 2=1, stage 3=1 pending=stage 1=0, stage 2=0, stage 3=0
[pipeline-heartbeat] wall=21:23:07 phase=train status=no_new_progress progress_events_total=0 progress_events_delta=0 in_flight=2 active=stage 2=1, stage 3=1 pending=stage 1=0, stage 2=0, stage 3=0
[pipeline-heartbeat] wall=21:23:12 phase=train status=no_new_progress progress_events_total=0 progress_events_delta=0 in_flight=2 active=stage 2=1, stage 3=1 pending=stage 1=0, stage 2=0, stage 3=0
[pipeline-heartbeat] wall=21:23:17 phase=train status=no_new_progress progress_events_total=0 progress_events_delta=0 in_flight=2 active=stage 2=1, stage 3=1 pending=stage 1=0, stage 2=0, stage 3=0
[pipeline-heartbeat] wall=21:23:22 phase=train status=no_new_progress progress_events_total=0 progress_events_delta=0 in_flight=2 active=stage 2=1, stage 3=1 pending=stage 1=0, stage 2=0, stage 3=0
[pipeline-heartbeat] wall=21:23:27 phase=train status=no_new_progress progress_events_total=0 progress_events_delta=0 in_flight=2 active=stage 2=1, stage 3=1 pending=stage 1=0, stage 2=0, stage 3=0
[pipeline-heartbeat] wall=21:23:32 phase=train status=no_new_progress progress_events_total=0 progress_events_delta=0 in_flight=2 active=stage 2=1, stage 3=1 pending=stage 1=0, stage 2=0, stage 3=0
[pipeline-heartbeat] wall=21:23:37 phase=train status=no_new_progress progress_events_total=0 progress_events_delta=0 in_flight=2 active=stage 2=1, stage 3=1 pending=stage 1=0, stage 2=0, stage 3=0
[pipeline-heartbeat] wall=21:23:45 phase=train status=no_new_progress progress_events_total=0 progress_events_delta=0 in_flight=1 active=stage 2=1 pending=stage 1=0, stage 2=0, stage 3=0
[pipeline-heartbeat] wall=21:23:50 phase=train status=no_new_progress progress_events_total=0 progress_events_delta=0 in_flight=1 active=stage 2=1 pending=stage 1=0, stage 2=0, stage 3=0
[pipeline-heartbeat] wall=21:23:55 phase=train status=no_new_progress progress_events_total=0 progress_events_delta=0 in_flight=1 active=stage 2=1 pending=stage 1=0, stage 2=0, stage 3=0
[36m(PartitionShardWorker pid=1922806)[0m /usr/local/anaconda3/lib/python3.11/site-packages/torch/storage.py:414: FutureWarning: You are using `torch.load` with `weights_only=False` (the current default value), which uses the default pickle module implicitly. It is possible to construct malicious pickle data which will execute arbitrary code during unpickling (See https://github.com/pytorch/pytorch/blob/main/SECURITY.md#untrusted-models for more details). In a future release, the default value for `weights_only` will be flipped to `True`. This limits the functions that could be executed during unpickling. Arbitrary objects will no longer be allowed to be loaded via this mode unless they are explicitly allowlisted by the user via `torch.serialization.add_safe_globals`. We recommend you start setting `weights_only=True` for any use case where you don't have full control of the loaded file. Please open an issue on GitHub for any issues related to this experimental feature.
[36m(PartitionShardWorker pid=1922806)[0m   return torch.load(io.BytesIO(b))
[pipeline-heartbeat] wall=21:24:01 phase=train status=no_new_progress progress_events_total=0 progress_events_delta=0 in_flight=1 active=stage 3=1 pending=stage 1=0, stage 2=0, stage 3=0
[pipeline-heartbeat] wall=21:24:06 phase=train status=no_new_progress progress_events_total=0 progress_events_delta=0 in_flight=1 active=stage 3=1 pending=stage 1=0, stage 2=0, stage 3=0
[pipeline-heartbeat] wall=21:24:11 phase=train status=no_new_progress progress_events_total=0 progress_events_delta=0 in_flight=1 active=stage 3=1 pending=stage 1=0, stage 2=0, stage 3=0
[pipeline-heartbeat] wall=21:24:16 phase=train status=no_new_progress progress_events_total=0 progress_events_delta=0 in_flight=1 active=stage 3=1 pending=stage 1=0, stage 2=0, stage 3=0
[pipeline-heartbeat] wall=21:24:21 phase=train status=no_new_progress progress_events_total=0 progress_events_delta=0 in_flight=1 active=stage 3=1 pending=stage 1=0, stage 2=0, stage 3=0
[pipeline-heartbeat] wall=21:24:26 phase=train status=no_new_progress progress_events_total=0 progress_events_delta=0 in_flight=1 active=stage 3=1 pending=stage 1=0, stage 2=0, stage 3=0
[pipeline-heartbeat] wall=21:24:31 phase=train status=no_new_progress progress_events_total=0 progress_events_delta=0 in_flight=1 active=stage 3=1 pending=stage 1=0, stage 2=0, stage 3=0
[pipeline-heartbeat] wall=21:24:36 phase=train status=no_new_progress progress_events_total=0 progress_events_delta=0 in_flight=1 active=stage 3=1 pending=stage 1=0, stage 2=0, stage 3=0
[pipeline-heartbeat] wall=21:24:41 phase=train status=no_new_progress progress_events_total=0 progress_events_delta=0 in_flight=1 active=stage 3=1 pending=stage 1=0, stage 2=0, stage 3=0
[pipeline-heartbeat] wall=21:24:46 phase=train status=no_new_progress progress_events_total=0 progress_events_delta=0 in_flight=1 active=stage 3=1 pending=stage 1=0, stage 2=0, stage 3=0
[pipeline-heartbeat] wall=21:24:51 phase=train status=no_new_progress progress_events_total=0 progress_events_delta=0 in_flight=1 active=stage 3=1 pending=stage 1=0, stage 2=0, stage 3=0
[pipeline-heartbeat] wall=21:24:56 phase=train status=no_new_progress progress_events_total=0 progress_events_delta=0 in_flight=1 active=stage 3=1 pending=stage 1=0, stage 2=0, stage 3=0
[pipeline-heartbeat] wall=21:25:04 phase=train status=no_new_progress progress_events_total=0 progress_events_delta=0 in_flight=1 active=stage 1=1 pending=stage 1=1, stage 2=0, stage 3=0
[pipeline-heartbeat] wall=21:25:09 phase=train status=no_new_progress progress_events_total=0 progress_events_delta=0 in_flight=1 active=stage 1=1 pending=stage 1=1, stage 2=0, stage 3=0
[pipeline-heartbeat] wall=21:25:14 phase=train status=no_new_progress progress_events_total=0 progress_events_delta=0 in_flight=1 active=stage 1=1 pending=stage 1=1, stage 2=0, stage 3=0
[pipeline-heartbeat] wall=21:25:19 phase=train status=no_new_progress progress_events_total=0 progress_events_delta=0 in_flight=1 active=stage 1=1 pending=stage 1=1, stage 2=0, stage 3=0
[pipeline-heartbeat] wall=21:25:24 phase=train status=no_new_progress progress_events_total=0 progress_events_delta=0 in_flight=1 active=stage 1=1 pending=stage 1=1, stage 2=0, stage 3=0
[pipeline-heartbeat] wall=21:25:29 phase=train status=no_new_progress progress_events_total=0 progress_events_delta=0 in_flight=1 active=stage 1=1 pending=stage 1=1, stage 2=0, stage 3=0
[pipeline-heartbeat] wall=21:25:34 phase=train status=no_new_progress progress_events_total=0 progress_events_delta=0 in_flight=1 active=stage 1=1 pending=stage 1=1, stage 2=0, stage 3=0
[pipeline-heartbeat] wall=21:25:39 phase=train status=no_new_progress progress_events_total=0 progress_events_delta=0 in_flight=1 active=stage 1=1 pending=stage 1=1, stage 2=0, stage 3=0
[pipeline-heartbeat] wall=21:25:44 phase=train status=no_new_progress progress_events_total=0 progress_events_delta=0 in_flight=1 active=stage 1=1 pending=stage 1=1, stage 2=0, stage 3=0
[pipeline-heartbeat] wall=21:25:49 phase=train status=no_new_progress progress_events_total=0 progress_events_delta=0 in_flight=1 active=stage 1=1 pending=stage 1=1, stage 2=0, stage 3=0
[pipeline-heartbeat] wall=21:25:54 phase=train status=no_new_progress progress_events_total=0 progress_events_delta=0 in_flight=1 active=stage 1=1 pending=stage 1=1, stage 2=0, stage 3=0
[pipeline-heartbeat] wall=21:25:59 phase=train status=no_new_progress progress_events_total=0 progress_events_delta=0 in_flight=1 active=stage 1=1 pending=stage 1=1, stage 2=0, stage 3=0
[pipeline-heartbeat] wall=21:26:04 phase=train status=no_new_progress progress_events_total=0 progress_events_delta=0 in_flight=1 active=stage 1=1 pending=stage 1=1, stage 2=0, stage 3=0
[pipeline-heartbeat] wall=21:26:09 phase=train status=no_new_progress progress_events_total=0 progress_events_delta=0 in_flight=1 active=stage 1=1 pending=stage 1=1, stage 2=0, stage 3=0
[pipeline-heartbeat] wall=21:26:14 phase=train status=no_new_progress progress_events_total=0 progress_events_delta=0 in_flight=1 active=stage 1=1 pending=stage 1=1, stage 2=0, stage 3=0
[pipeline-heartbeat] wall=21:26:19 phase=train status=no_new_progress progress_events_total=0 progress_events_delta=0 in_flight=1 active=stage 1=1 pending=stage 1=1, stage 2=0, stage 3=0
[pipeline-heartbeat] wall=21:26:27 phase=train status=no_new_progress progress_events_total=0 progress_events_delta=0 in_flight=2 active=stage 1=1, stage 2=1 pending=stage 1=0, stage 2=0, stage 3=0
[pipeline-heartbeat] wall=21:26:32 phase=train status=no_new_progress progress_events_total=0 progress_events_delta=0 in_flight=2 active=stage 1=1, stage 2=1 pending=stage 1=0, stage 2=0, stage 3=0
[pipeline-heartbeat] wall=21:26:37 phase=train status=no_new_progress progress_events_total=0 progress_events_delta=0 in_flight=2 active=stage 1=1, stage 2=1 pending=stage 1=0, stage 2=0, stage 3=0
[pipeline-heartbeat] wall=21:26:42 phase=train status=no_new_progress progress_events_total=0 progress_events_delta=0 in_flight=2 active=stage 1=1, stage 2=1 pending=stage 1=0, stage 2=0, stage 3=0
[pipeline-heartbeat] wall=21:26:47 phase=train status=no_new_progress progress_events_total=0 progress_events_delta=0 in_flight=2 active=stage 1=1, stage 2=1 pending=stage 1=0, stage 2=0, stage 3=0
[pipeline-heartbeat] wall=21:26:52 phase=train status=no_new_progress progress_events_total=0 progress_events_delta=0 in_flight=2 active=stage 1=1, stage 2=1 pending=stage 1=0, stage 2=0, stage 3=0
[pipeline-heartbeat] wall=21:26:57 phase=train status=no_new_progress progress_events_total=0 progress_events_delta=0 in_flight=2 active=stage 1=1, stage 2=1 pending=stage 1=0, stage 2=0, stage 3=0
[pipeline-heartbeat] wall=21:27:02 phase=train status=no_new_progress progress_events_total=0 progress_events_delta=0 in_flight=2 active=stage 1=1, stage 2=1 pending=stage 1=0, stage 2=0, stage 3=0
[pipeline-heartbeat] wall=21:27:07 phase=train status=no_new_progress progress_events_total=0 progress_events_delta=0 in_flight=2 active=stage 1=1, stage 2=1 pending=stage 1=0, stage 2=0, stage 3=0
[pipeline-heartbeat] wall=21:27:12 phase=train status=no_new_progress progress_events_total=0 progress_events_delta=0 in_flight=2 active=stage 1=1, stage 2=1 pending=stage 1=0, stage 2=0, stage 3=0
[pipeline-heartbeat] wall=21:27:17 phase=train status=no_new_progress progress_events_total=0 progress_events_delta=0 in_flight=2 active=stage 1=1, stage 2=1 pending=stage 1=0, stage 2=0, stage 3=0
[pipeline-heartbeat] wall=21:27:22 phase=train status=no_new_progress progress_events_total=0 progress_events_delta=0 in_flight=2 active=stage 1=1, stage 2=1 pending=stage 1=0, stage 2=0, stage 3=0
[pipeline-heartbeat] wall=21:27:27 phase=train status=no_new_progress progress_events_total=0 progress_events_delta=0 in_flight=2 active=stage 1=1, stage 2=1 pending=stage 1=0, stage 2=0, stage 3=0
[pipeline-heartbeat] wall=21:27:32 phase=train status=no_new_progress progress_events_total=0 progress_events_delta=0 in_flight=2 active=stage 1=1, stage 2=1 pending=stage 1=0, stage 2=0, stage 3=0
[pipeline-heartbeat] wall=21:27:39 phase=train status=no_new_progress progress_events_total=0 progress_events_delta=0 in_flight=2 active=stage 1=1, stage 3=1 pending=stage 1=0, stage 2=0, stage 3=0
[pipeline-heartbeat] wall=21:27:49 phase=train status=no_new_progress progress_events_total=0 progress_events_delta=0 in_flight=2 active=stage 2=1, stage 3=1 pending=stage 1=0, stage 2=0, stage 3=0
[pipeline-heartbeat] wall=21:27:54 phase=train status=no_new_progress progress_events_total=0 progress_events_delta=0 in_flight=2 active=stage 2=1, stage 3=1 pending=stage 1=0, stage 2=0, stage 3=0
[pipeline-heartbeat] wall=21:27:59 phase=train status=no_new_progress progress_events_total=0 progress_events_delta=0 in_flight=2 active=stage 2=1, stage 3=1 pending=stage 1=0, stage 2=0, stage 3=0
[pipeline-heartbeat] wall=21:28:04 phase=train status=no_new_progress progress_events_total=0 progress_events_delta=0 in_flight=2 active=stage 2=1, stage 3=1 pending=stage 1=0, stage 2=0, stage 3=0
[pipeline-heartbeat] wall=21:28:09 phase=train status=no_new_progress progress_events_total=0 progress_events_delta=0 in_flight=2 active=stage 2=1, stage 3=1 pending=stage 1=0, stage 2=0, stage 3=0
[pipeline-heartbeat] wall=21:28:14 phase=train status=no_new_progress progress_events_total=0 progress_events_delta=0 in_flight=2 active=stage 2=1, stage 3=1 pending=stage 1=0, stage 2=0, stage 3=0
[pipeline-heartbeat] wall=21:28:19 phase=train status=no_new_progress progress_events_total=0 progress_events_delta=0 in_flight=2 active=stage 2=1, stage 3=1 pending=stage 1=0, stage 2=0, stage 3=0
[pipeline-heartbeat] wall=21:28:24 phase=train status=no_new_progress progress_events_total=0 progress_events_delta=0 in_flight=2 active=stage 2=1, stage 3=1 pending=stage 1=0, stage 2=0, stage 3=0
[pipeline-heartbeat] wall=21:28:29 phase=train status=no_new_progress progress_events_total=0 progress_events_delta=0 in_flight=2 active=stage 2=1, stage 3=1 pending=stage 1=0, stage 2=0, stage 3=0
[pipeline-heartbeat] wall=21:28:37 phase=train status=no_new_progress progress_events_total=0 progress_events_delta=0 in_flight=1 active=stage 2=1 pending=stage 1=0, stage 2=0, stage 3=0
[pipeline-heartbeat] wall=21:28:42 phase=train status=no_new_progress progress_events_total=0 progress_events_delta=0 in_flight=1 active=stage 2=1 pending=stage 1=0, stage 2=0, stage 3=0
[pipeline-heartbeat] wall=21:28:47 phase=train status=no_new_progress progress_events_total=0 progress_events_delta=0 in_flight=1 active=stage 2=1 pending=stage 1=0, stage 2=0, stage 3=0
[pipeline-heartbeat] wall=21:28:52 phase=train status=no_new_progress progress_events_total=0 progress_events_delta=0 in_flight=1 active=stage 2=1 pending=stage 1=0, stage 2=0, stage 3=0
[pipeline-heartbeat] wall=21:28:57 phase=train status=no_new_progress progress_events_total=0 progress_events_delta=0 in_flight=1 active=stage 2=1 pending=stage 1=0, stage 2=0, stage 3=0
[pipeline-heartbeat] wall=21:29:02 phase=train status=no_new_progress progress_events_total=0 progress_events_delta=0 in_flight=1 active=stage 2=1 pending=stage 1=0, stage 2=0, stage 3=0
[pipeline-heartbeat] wall=21:29:07 phase=train status=no_new_progress progress_events_total=0 progress_events_delta=0 in_flight=1 active=stage 2=1 pending=stage 1=0, stage 2=0, stage 3=0
[pipeline-heartbeat] wall=21:29:15 phase=train status=no_new_progress progress_events_total=0 progress_events_delta=0 in_flight=1 active=stage 3=1 pending=stage 1=0, stage 2=0, stage 3=0
[pipeline-heartbeat] wall=21:29:20 phase=train status=no_new_progress progress_events_total=0 progress_events_delta=0 in_flight=1 active=stage 3=1 pending=stage 1=0, stage 2=0, stage 3=0
[pipeline-heartbeat] wall=21:29:25 phase=train status=no_new_progress progress_events_total=0 progress_events_delta=0 in_flight=1 active=stage 3=1 pending=stage 1=0, stage 2=0, stage 3=0
[pipeline-heartbeat] wall=21:29:30 phase=train status=no_new_progress progress_events_total=0 progress_events_delta=0 in_flight=1 active=stage 3=1 pending=stage 1=0, stage 2=0, stage 3=0
[pipeline-heartbeat] wall=21:29:35 phase=train status=no_new_progress progress_events_total=0 progress_events_delta=0 in_flight=1 active=stage 3=1 pending=stage 1=0, stage 2=0, stage 3=0
[pipeline-heartbeat] wall=21:29:40 phase=train status=no_new_progress progress_events_total=0 progress_events_delta=0 in_flight=1 active=stage 3=1 pending=stage 1=0, stage 2=0, stage 3=0
[pipeline-heartbeat] wall=21:29:45 phase=train status=no_new_progress progress_events_total=0 progress_events_delta=0 in_flight=1 active=stage 3=1 pending=stage 1=0, stage 2=0, stage 3=0
[pipeline-heartbeat] wall=21:29:50 phase=train status=no_new_progress progress_events_total=0 progress_events_delta=0 in_flight=1 active=stage 3=1 pending=stage 1=0, stage 2=0, stage 3=0
[pipeline-heartbeat] wall=21:29:55 phase=train status=no_new_progress progress_events_total=0 progress_events_delta=0 in_flight=1 active=stage 3=1 pending=stage 1=0, stage 2=0, stage 3=0
[pipeline-heartbeat] wall=21:30:00 phase=train status=no_new_progress progress_events_total=0 progress_events_delta=0 in_flight=1 active=stage 3=1 pending=stage 1=0, stage 2=0, stage 3=0
[pipeline-heartbeat] wall=21:30:05 phase=train status=no_new_progress progress_events_total=0 progress_events_delta=0 in_flight=1 active=stage 3=1 pending=stage 1=0, stage 2=0, stage 3=0
[pipeline-heartbeat] wall=21:30:10 phase=train status=no_new_progress progress_events_total=0 progress_events_delta=0 in_flight=1 active=stage 3=1 pending=stage 1=0, stage 2=0, stage 3=0
[pipeline-heartbeat] wall=21:30:16 in_flight=1 train_pending=[1, 0, 0] eval_pending=[0]
[pipeline-heartbeat] wall=21:30:21 in_flight=1 train_pending=[1, 0, 0] eval_pending=[0]
[pipeline-heartbeat] wall=21:30:26 in_flight=1 train_pending=[1, 0, 0] eval_pending=[0]
[pipeline-heartbeat] wall=21:30:31 in_flight=1 train_pending=[1, 0, 0] eval_pending=[0]
[pipeline-heartbeat] wall=21:30:36 in_flight=1 train_pending=[1, 0, 0] eval_pending=[0]
[pipeline-heartbeat] wall=21:30:41 in_flight=1 train_pending=[1, 0, 0] eval_pending=[0]
[pipeline-heartbeat] wall=21:30:46 in_flight=1 train_pending=[1, 0, 0] eval_pending=[0]
[pipeline-heartbeat] wall=21:30:51 in_flight=1 train_pending=[1, 0, 0] eval_pending=[0]
[pipeline-heartbeat] wall=21:30:56 in_flight=1 train_pending=[1, 0, 0] eval_pending=[0]
[pipeline-heartbeat] wall=21:31:01 in_flight=1 train_pending=[1, 0, 0] eval_pending=[0]
[pipeline-heartbeat] wall=21:31:06 in_flight=1 train_pending=[1, 0, 0] eval_pending=[0]
[pipeline-heartbeat] wall=21:31:11 in_flight=1 train_pending=[1, 0, 0] eval_pending=[0]
[pipeline-heartbeat] wall=21:31:16 in_flight=1 train_pending=[1, 0, 0] eval_pending=[0]
[pipeline-heartbeat] wall=21:31:21 in_flight=1 train_pending=[1, 0, 0] eval_pending=[0]
[pipeline-heartbeat] wall=21:31:26 in_flight=1 train_pending=[1, 0, 0] eval_pending=[0]
[pipeline-heartbeat] wall=21:31:31 in_flight=1 train_pending=[1, 0, 0] eval_pending=[0]
[pipeline-heartbeat] wall=21:31:37 in_flight=2 train_pending=[0, 0, 0] eval_pending=[0]
[pipeline-heartbeat] wall=21:31:42 in_flight=2 train_pending=[0, 0, 0] eval_pending=[0]
[pipeline-heartbeat] wall=21:31:47 in_flight=2 train_pending=[0, 0, 0] eval_pending=[0]
[pipeline-heartbeat] wall=21:31:52 in_flight=2 train_pending=[0, 0, 0] eval_pending=[0]
[pipeline-heartbeat] wall=21:31:57 in_flight=2 train_pending=[0, 0, 0] eval_pending=[0]
[pipeline-heartbeat] wall=21:32:02 in_flight=2 train_pending=[0, 0, 0] eval_pending=[0]
[pipeline-heartbeat] wall=21:32:07 in_flight=2 train_pending=[0, 0, 0] eval_pending=[0]
[pipeline-heartbeat] wall=21:32:12 in_flight=2 train_pending=[0, 0, 0] eval_pending=[0]
[pipeline-heartbeat] wall=21:32:17 in_flight=2 train_pending=[0, 0, 0] eval_pending=[0]
[pipeline-heartbeat] wall=21:32:22 in_flight=2 train_pending=[0, 0, 0] eval_pending=[0]
[pipeline-heartbeat] wall=21:32:27 in_flight=2 train_pending=[0, 0, 0] eval_pending=[0]
[pipeline-heartbeat] wall=21:32:32 in_flight=2 train_pending=[0, 0, 0] eval_pending=[0]
[pipeline-heartbeat] wall=21:32:37 in_flight=2 train_pending=[0, 0, 0] eval_pending=[0]
[pipeline-heartbeat] wall=21:32:42 in_flight=2 train_pending=[0, 0, 0] eval_pending=[0]
[pipeline-heartbeat] wall=21:32:47 in_flight=2 train_pending=[0, 0, 0] eval_pending=[0]
[pipeline-heartbeat] wall=21:32:55 in_flight=2 train_pending=[0, 0, 0] eval_pending=[0]
[pipeline-heartbeat] wall=21:33:00 in_flight=2 train_pending=[0, 0, 0] eval_pending=[0]
[pipeline-heartbeat] wall=21:33:05 in_flight=2 train_pending=[0, 0, 0] eval_pending=[0]
[pipeline-heartbeat] wall=21:33:10 in_flight=2 train_pending=[0, 0, 0] eval_pending=[0]
[pipeline-heartbeat] wall=21:33:15 in_flight=2 train_pending=[0, 0, 0] eval_pending=[0]
[pipeline-heartbeat] wall=21:33:20 in_flight=2 train_pending=[0, 0, 0] eval_pending=[0]
[pipeline-heartbeat] wall=21:33:25 in_flight=2 train_pending=[0, 0, 0] eval_pending=[0]
[pipeline-heartbeat] wall=21:33:30 in_flight=2 train_pending=[0, 0, 0] eval_pending=[0]
[pipeline-heartbeat] wall=21:33:35 in_flight=2 train_pending=[0, 0, 0] eval_pending=[0]
[pipeline-heartbeat] wall=21:33:40 in_flight=2 train_pending=[0, 0, 0] eval_pending=[0]
[pipeline-heartbeat] wall=21:33:45 in_flight=2 train_pending=[0, 0, 0] eval_pending=[0]
[pipeline-heartbeat] wall=21:33:50 in_flight=2 train_pending=[0, 0, 0] eval_pending=[0]
[36m(PartitionShardWorker pid=1922819)[0m [trial=0 partitions=[3]] [Interaction 1/1999 (0.1%)] elapsed=0.0s, est.remain=199.8s, partition=3
[36m(PartitionShardWorker pid=1922819)[0m [trial=0 partitions=[3]] [Interaction 100/1999 (5.0%)] elapsed=1.8s, est.remain=33.5s, partition=3
[36m(PartitionShardWorker pid=1922819)[0m [trial=0 partitions=[3]] [Interaction 200/1999 (10.0%)] elapsed=3.6s, est.remain=32.2s, partition=3
[pipeline-heartbeat] wall=21:33:56 in_flight=2 train_pending=[0, 0, 0] eval_pending=[0]
[36m(PartitionShardWorker pid=1922819)[0m [trial=0 partitions=[3]] [Interaction 300/1999 (15.0%)] elapsed=5.3s, est.remain=30.2s, partition=3
[36m(PartitionShardWorker pid=1922819)[0m [trial=0 partitions=[3]] [Interaction 400/1999 (20.0%)] elapsed=7.1s, est.remain=28.5s, partition=3
[36m(PartitionShardWorker pid=1922819)[0m [trial=0 partitions=[3]] [Interaction 500/1999 (25.0%)] elapsed=8.9s, est.remain=26.8s, partition=3
[36m(PartitionShardWorker pid=1922819)[0m [trial=0 partitions=[3]] [Interaction 600/1999 (30.0%)] elapsed=10.7s, est.remain=24.9s, partition=3
[pipeline-heartbeat] wall=21:34:05 in_flight=2 train_pending=[0, 0, 0] eval_pending=[0]
[pipeline-heartbeat] wall=21:34:10 in_flight=2 train_pending=[0, 0, 0] eval_pending=[0]
[36m(PartitionShardWorker pid=1922819)[0m [trial=0 partitions=[3]] [Interaction 700/1999 (35.0%)] elapsed=22.9s, est.remain=42.4s, partition=3
[pipeline-heartbeat] wall=21:34:15 in_flight=2 train_pending=[0, 0, 0] eval_pending=[0]
[36m(PartitionShardWorker pid=1922819)[0m [trial=0 partitions=[3]] [Interaction 800/1999 (40.0%)] elapsed=27.2s, est.remain=40.8s, partition=3
[36m(PartitionShardWorker pid=1922819)[0m [trial=0 partitions=[3]] [Interaction 900/1999 (45.0%)] elapsed=29.1s, est.remain=35.5s, partition=3
[pipeline-heartbeat] wall=21:34:20 in_flight=2 train_pending=[0, 0, 0] eval_pending=[0]
[36m(PartitionShardWorker pid=1922819)[0m [trial=0 partitions=[3]] [Interaction 1000/1999 (50.0%)] elapsed=31.0s, est.remain=31.0s, partition=3
[36m(PartitionShardWorker pid=1922819)[0m [trial=0 partitions=[3]] [Interaction 1100/1999 (55.0%)] elapsed=32.9s, est.remain=26.9s, partition=3
[pipeline-heartbeat] wall=21:34:25 in_flight=2 train_pending=[0, 0, 0] eval_pending=[0]
[36m(PartitionShardWorker pid=1922819)[0m [trial=0 partitions=[3]] [Interaction 1200/1999 (60.0%)] elapsed=34.8s, est.remain=23.1s, partition=3
[36m(PartitionShardWorker pid=1922819)[0m [trial=0 partitions=[3]] [Interaction 1300/1999 (65.0%)] elapsed=36.7s, est.remain=19.7s, partition=3
[36m(PartitionShardWorker pid=1922819)[0m [trial=0 partitions=[3]] [Interaction 1400/1999 (70.0%)] elapsed=38.5s, est.remain=16.5s, partition=3
[pipeline-heartbeat] wall=21:34:30 in_flight=2 train_pending=[0, 0, 0] eval_pending=[0]
[36m(PartitionShardWorker pid=1922819)[0m [trial=0 partitions=[3]] [Interaction 1500/1999 (75.0%)] elapsed=40.5s, est.remain=13.5s, partition=3
[36m(PartitionShardWorker pid=1922819)[0m [trial=0 partitions=[3]] [Interaction 1600/1999 (80.0%)] elapsed=42.3s, est.remain=10.6s, partition=3
[pipeline-heartbeat] wall=21:34:35 in_flight=2 train_pending=[0, 0, 0] eval_pending=[0]
[36m(PartitionShardWorker pid=1922819)[0m [trial=0 partitions=[3]] [Interaction 1700/1999 (85.0%)] elapsed=44.3s, est.remain=7.8s, partition=3
[36m(PartitionShardWorker pid=1922819)[0m [trial=0 partitions=[3]] [Interaction 1800/1999 (90.0%)] elapsed=46.2s, est.remain=5.1s, partition=3
[36m(PartitionShardWorker pid=1922819)[0m [trial=0 partitions=[3]] [Interaction 1900/1999 (95.0%)] elapsed=48.1s, est.remain=2.5s, partition=3
[pipeline-heartbeat] wall=21:34:40 in_flight=2 train_pending=[0, 0, 0] eval_pending=[0]
[36m(PartitionShardWorker pid=1922819)[0m [trial=0 partitions=[3]] [Interaction 1999/1999 (100.0%)] elapsed=50.0s, est.remain=0.0s, partition=3
[pipeline-heartbeat] wall=21:34:46 in_flight=1 train_pending=[0, 0, 0] eval_pending=[0]
[pipeline-heartbeat] wall=21:34:51 in_flight=1 train_pending=[0, 0, 0] eval_pending=[0]
[pipeline-heartbeat] wall=21:34:56 in_flight=1 train_pending=[0, 0, 0] eval_pending=[0]
[36m(PartitionShardWorker pid=1922819)[0m [trial=1 partitions=[3]] [Interaction 1/1999 (0.1%)] elapsed=0.0s, est.remain=199.8s, partition=3
[36m(PartitionShardWorker pid=1922819)[0m [trial=1 partitions=[3]] [Interaction 100/1999 (5.0%)] elapsed=1.9s, est.remain=35.3s, partition=3
[36m(PartitionShardWorker pid=1922819)[0m [trial=1 partitions=[3]] [Interaction 200/1999 (10.0%)] elapsed=3.8s, est.remain=34.2s, partition=3
[pipeline-heartbeat] wall=21:35:05 in_flight=1 train_pending=[0, 0, 0] eval_pending=[0]
[pipeline-heartbeat] wall=21:35:10 in_flight=1 train_pending=[0, 0, 0] eval_pending=[0]
[pipeline-heartbeat] wall=21:35:15 in_flight=1 train_pending=[0, 0, 0] eval_pending=[0]
[36m(PartitionShardWorker pid=1922819)[0m [trial=1 partitions=[3]] [Interaction 300/1999 (15.0%)] elapsed=16.3s, est.remain=92.5s, partition=3
[36m(PartitionShardWorker pid=1922819)[0m [trial=1 partitions=[3]] [Interaction 400/1999 (20.0%)] elapsed=18.7s, est.remain=74.6s, partition=3
[pipeline-heartbeat] wall=21:35:20 in_flight=1 train_pending=[0, 0, 0] eval_pending=[0]
[36m(PartitionShardWorker pid=1922819)[0m [trial=1 partitions=[3]] [Interaction 500/1999 (25.0%)] elapsed=20.6s, est.remain=61.8s, partition=3
[36m(PartitionShardWorker pid=1922819)[0m [trial=1 partitions=[3]] [Interaction 600/1999 (30.0%)] elapsed=22.5s, est.remain=52.6s, partition=3
[36m(PartitionShardWorker pid=1922819)[0m [trial=1 partitions=[3]] [Interaction 700/1999 (35.0%)] elapsed=24.5s, est.remain=45.4s, partition=3
[pipeline-heartbeat] wall=21:35:25 in_flight=1 train_pending=[0, 0, 0] eval_pending=[0]
[36m(PartitionShardWorker pid=1922819)[0m [trial=1 partitions=[3]] [Interaction 800/1999 (40.0%)] elapsed=26.4s, est.remain=39.6s, partition=3
[36m(PartitionShardWorker pid=1922819)[0m [trial=1 partitions=[3]] [Interaction 900/1999 (45.0%)] elapsed=28.3s, est.remain=34.6s, partition=3
[pipeline-heartbeat] wall=21:35:30 in_flight=1 train_pending=[0, 0, 0] eval_pending=[0]
[36m(PartitionShardWorker pid=1922819)[0m [trial=1 partitions=[3]] [Interaction 1000/1999 (50.0%)] elapsed=30.2s, est.remain=30.2s, partition=3
[36m(PartitionShardWorker pid=1922819)[0m [trial=1 partitions=[3]] [Interaction 1100/1999 (55.0%)] elapsed=32.2s, est.remain=26.3s, partition=3
[36m(PartitionShardWorker pid=1922819)[0m [trial=1 partitions=[3]] [Interaction 1200/1999 (60.0%)] elapsed=34.1s, est.remain=22.7s, partition=3
[pipeline-heartbeat] wall=21:35:35 in_flight=1 train_pending=[0, 0, 0] eval_pending=[0]
[36m(PartitionShardWorker pid=1922819)[0m [trial=1 partitions=[3]] [Interaction 1300/1999 (65.0%)] elapsed=36.1s, est.remain=19.4s, partition=3
[36m(PartitionShardWorker pid=1922819)[0m [trial=1 partitions=[3]] [Interaction 1400/1999 (70.0%)] elapsed=38.0s, est.remain=16.3s, partition=3
[pipeline-heartbeat] wall=21:35:40 in_flight=1 train_pending=[0, 0, 0] eval_pending=[0]
[36m(PartitionShardWorker pid=1922819)[0m [trial=1 partitions=[3]] [Interaction 1500/1999 (75.0%)] elapsed=40.0s, est.remain=13.3s, partition=3
[36m(PartitionShardWorker pid=1922819)[0m [trial=1 partitions=[3]] [Interaction 1600/1999 (80.0%)] elapsed=41.9s, est.remain=10.5s, partition=3
[36m(PartitionShardWorker pid=1922819)[0m [trial=1 partitions=[3]] [Interaction 1700/1999 (85.0%)] elapsed=43.9s, est.remain=7.7s, partition=3
[pipeline-heartbeat] wall=21:35:45 in_flight=1 train_pending=[0, 0, 0] eval_pending=[0]
[36m(PartitionShardWorker pid=1922819)[0m [trial=1 partitions=[3]] [Interaction 1800/1999 (90.0%)] elapsed=45.8s, est.remain=5.1s, partition=3
[36m(PartitionShardWorker pid=1922819)[0m [trial=1 partitions=[3]] [Interaction 1900/1999 (95.0%)] elapsed=47.7s, est.remain=2.5s, partition=3
[36m(PartitionShardWorker pid=1922819)[0m [trial=1 partitions=[3]] [Interaction 1999/1999 (100.0%)] elapsed=49.6s, est.remain=0.0s, partition=3

============================================================
[Pipeline Summary]
  Trials: 2
  Train stages: 3, workers: [1, 1, 1] (total=3)
  Eval stages:  1, workers: [1] (total=1)
  GPUs: 8 (train workers fit)
  Train S1: 1 partitions, 5000 interactions, users=531, items=21, workers=1
  Train S2: 1 partitions, 5000 interactions, users=526, items=17, workers=1
  Train S3: 1 partitions, 4000 interactions, users=422, items=17, workers=1
  Eval S1:  1 partitions, 1999 interactions, workers=1
  hint: only 1 worker per train stage, pipeline has no intra-stage parallelism
  hint: 5 GPUs unused during training; add --pipeline-stage-train-workers to use them
  hint: 7 GPUs unused during evaluation
============================================================

[Coarse Phase] Progress: 2/27 trials completed
[Coarse Phase] Sampling batch 2: 2 architectures
[Coarse Phase] Evaluating architectures 3-4/27
[RayPipeline] detected 8 GPUs; pipeline_worker_gpus=1.0
[RayPipeline] note: total train workers=3 < GPUs=8; consider increasing --pipeline-stage-train-workers to use all GPUs.
[RayPipeline] train stage 1: 1 partitions, 5000 interactions, cost range=[5276-5276] sum=5276, workers=1
[RayPipeline] train stage 2: 1 partitions, 5000 interactions, cost range=[5272-5272] sum=5272, workers=1
[RayPipeline] train stage 3: 1 partitions, 4000 interactions, cost range=[4220-4220] sum=4220, workers=1
[RayPipeline] train worker counts=[1, 1, 1], train groups=[[0], [1], [2]]
[RayPipeline] eval worker counts=[1], eval groups=[[3]]
[RayPipeline] created train worker pools=[1, 1, 1]
[RayPipeline] running unified train+eval pipeline (no global sync point)
[36m(PartitionShardWorker pid=1922817)[0m /usr/local/anaconda3/lib/python3.11/site-packages/torch/storage.py:414: FutureWarning: You are using `torch.load` with `weights_only=False` (the current default value), which uses the default pickle module implicitly. It is possible to construct malicious pickle data which will execute arbitrary code during unpickling (See https://github.com/pytorch/pytorch/blob/main/SECURITY.md#untrusted-models for more details). In a future release, the default value for `weights_only` will be flipped to `True`. This limits the functions that could be executed during unpickling. Arbitrary objects will no longer be allowed to be loaded via this mode unless they are explicitly allowlisted by the user via `torch.serialization.add_safe_globals`. We recommend you start setting `weights_only=True` for any use case where you don't have full control of the loaded file. Please open an issue on GitHub for any issues related to this experimental feature.
[36m(PartitionShardWorker pid=1922817)[0m   return torch.load(io.BytesIO(b))
[36m(PartitionShardWorker pid=1922810)[0m /usr/local/anaconda3/lib/python3.11/site-packages/torch/storage.py:414: FutureWarning: You are using `torch.load` with `weights_only=False` (the current default value), which uses the default pickle module implicitly. It is possible to construct malicious pickle data which will execute arbitrary code during unpickling (See https://github.com/pytorch/pytorch/blob/main/SECURITY.md#untrusted-models for more details). In a future release, the default value for `weights_only` will be flipped to `True`. This limits the functions that could be executed during unpickling. Arbitrary objects will no longer be allowed to be loaded via this mode unless they are explicitly allowlisted by the user via `torch.serialization.add_safe_globals`. We recommend you start setting `weights_only=True` for any use case where you don't have full control of the loaded file. Please open an issue on GitHub for any issues related to this experimental feature.
[36m(PartitionShardWorker pid=1922810)[0m   return torch.load(io.BytesIO(b))
[pipeline-heartbeat] wall=21:35:56 phase=train status=advancing progress_events_total=46 progress_events_delta=46 in_flight=1 active=stage 1=1 pending=stage 1=1, stage 2=0, stage 3=0 last_progress=[pipeline-trace] wall=21:35:50 elapsed=947.470s phase=eval event=partition_complete trial=1 partition=3 elapsed_sec=49.664 hits=1507 total=1999
[pipeline-heartbeat] wall=21:36:01 phase=train status=no_new_progress progress_events_total=46 progress_events_delta=0 in_flight=1 active=stage 1=1 pending=stage 1=1, stage 2=0, stage 3=0
[pipeline-heartbeat] wall=21:36:06 phase=train status=no_new_progress progress_events_total=46 progress_events_delta=0 in_flight=1 active=stage 1=1 pending=stage 1=1, stage 2=0, stage 3=0
[pipeline-heartbeat] wall=21:36:11 phase=train status=no_new_progress progress_events_total=46 progress_events_delta=0 in_flight=1 active=stage 1=1 pending=stage 1=1, stage 2=0, stage 3=0
[pipeline-heartbeat] wall=21:36:16 phase=train status=no_new_progress progress_events_total=46 progress_events_delta=0 in_flight=1 active=stage 1=1 pending=stage 1=1, stage 2=0, stage 3=0
[pipeline-heartbeat] wall=21:36:21 phase=train status=no_new_progress progress_events_total=46 progress_events_delta=0 in_flight=1 active=stage 1=1 pending=stage 1=1, stage 2=0, stage 3=0
[pipeline-heartbeat] wall=21:36:26 phase=train status=no_new_progress progress_events_total=46 progress_events_delta=0 in_flight=1 active=stage 1=1 pending=stage 1=1, stage 2=0, stage 3=0
[pipeline-heartbeat] wall=21:36:31 phase=train status=no_new_progress progress_events_total=46 progress_events_delta=0 in_flight=1 active=stage 1=1 pending=stage 1=1, stage 2=0, stage 3=0
[pipeline-heartbeat] wall=21:36:36 phase=train status=no_new_progress progress_events_total=46 progress_events_delta=0 in_flight=1 active=stage 1=1 pending=stage 1=1, stage 2=0, stage 3=0
[pipeline-heartbeat] wall=21:36:41 phase=train status=no_new_progress progress_events_total=46 progress_events_delta=0 in_flight=1 active=stage 1=1 pending=stage 1=1, stage 2=0, stage 3=0
[pipeline-heartbeat] wall=21:36:46 phase=train status=no_new_progress progress_events_total=46 progress_events_delta=0 in_flight=1 active=stage 1=1 pending=stage 1=1, stage 2=0, stage 3=0
[pipeline-heartbeat] wall=21:36:51 phase=train status=no_new_progress progress_events_total=46 progress_events_delta=0 in_flight=1 active=stage 1=1 pending=stage 1=1, stage 2=0, stage 3=0
[pipeline-heartbeat] wall=21:36:56 phase=train status=no_new_progress progress_events_total=46 progress_events_delta=0 in_flight=1 active=stage 1=1 pending=stage 1=1, stage 2=0, stage 3=0
[pipeline-heartbeat] wall=21:37:01 phase=train status=no_new_progress progress_events_total=46 progress_events_delta=0 in_flight=1 active=stage 1=1 pending=stage 1=1, stage 2=0, stage 3=0
[pipeline-heartbeat] wall=21:37:06 phase=train status=no_new_progress progress_events_total=46 progress_events_delta=0 in_flight=1 active=stage 1=1 pending=stage 1=1, stage 2=0, stage 3=0
[pipeline-heartbeat] wall=21:37:11 phase=train status=no_new_progress progress_events_total=46 progress_events_delta=0 in_flight=1 active=stage 1=1 pending=stage 1=1, stage 2=0, stage 3=0
[pipeline-heartbeat] wall=21:37:16 phase=train status=no_new_progress progress_events_total=46 progress_events_delta=0 in_flight=1 active=stage 1=1 pending=stage 1=1, stage 2=0, stage 3=0
[36m(PartitionShardWorker pid=1922817)[0m /usr/local/anaconda3/lib/python3.11/site-packages/torch/storage.py:414: FutureWarning: You are using `torch.load` with `weights_only=False` (the current default value), which uses the default pickle module implicitly. It is possible to construct malicious pickle data which will execute arbitrary code during unpickling (See https://github.com/pytorch/pytorch/blob/main/SECURITY.md#untrusted-models for more details). In a future release, the default value for `weights_only` will be flipped to `True`. This limits the functions that could be executed during unpickling. Arbitrary objects will no longer be allowed to be loaded via this mode unless they are explicitly allowlisted by the user via `torch.serialization.add_safe_globals`. We recommend you start setting `weights_only=True` for any use case where you don't have full control of the loaded file. Please open an issue on GitHub for any issues related to this experimental feature.[32m [repeated 2x across cluster][0m
[36m(PartitionShardWorker pid=1922817)[0m   return torch.load(io.BytesIO(b))[32m [repeated 2x across cluster][0m
[pipeline-heartbeat] wall=21:37:22 phase=train status=no_new_progress progress_events_total=46 progress_events_delta=0 in_flight=2 active=stage 1=1, stage 2=1 pending=stage 1=0, stage 2=0, stage 3=0
[pipeline-heartbeat] wall=21:37:27 phase=train status=no_new_progress progress_events_total=46 progress_events_delta=0 in_flight=2 active=stage 1=1, stage 2=1 pending=stage 1=0, stage 2=0, stage 3=0
[pipeline-heartbeat] wall=21:37:32 phase=train status=no_new_progress progress_events_total=46 progress_events_delta=0 in_flight=2 active=stage 1=1, stage 2=1 pending=stage 1=0, stage 2=0, stage 3=0
[pipeline-heartbeat] wall=21:37:37 phase=train status=no_new_progress progress_events_total=46 progress_events_delta=0 in_flight=2 active=stage 1=1, stage 2=1 pending=stage 1=0, stage 2=0, stage 3=0
[pipeline-heartbeat] wall=21:37:42 phase=train status=no_new_progress progress_events_total=46 progress_events_delta=0 in_flight=2 active=stage 1=1, stage 2=1 pending=stage 1=0, stage 2=0, stage 3=0
[pipeline-heartbeat] wall=21:37:47 phase=train status=no_new_progress progress_events_total=46 progress_events_delta=0 in_flight=2 active=stage 1=1, stage 2=1 pending=stage 1=0, stage 2=0, stage 3=0
[pipeline-heartbeat] wall=21:37:52 phase=train status=no_new_progress progress_events_total=46 progress_events_delta=0 in_flight=2 active=stage 1=1, stage 2=1 pending=stage 1=0, stage 2=0, stage 3=0
[pipeline-heartbeat] wall=21:37:57 phase=train status=no_new_progress progress_events_total=46 progress_events_delta=0 in_flight=2 active=stage 1=1, stage 2=1 pending=stage 1=0, stage 2=0, stage 3=0
[pipeline-heartbeat] wall=21:38:02 phase=train status=no_new_progress progress_events_total=46 progress_events_delta=0 in_flight=2 active=stage 1=1, stage 2=1 pending=stage 1=0, stage 2=0, stage 3=0
[pipeline-heartbeat] wall=21:38:07 phase=train status=no_new_progress progress_events_total=46 progress_events_delta=0 in_flight=2 active=stage 1=1, stage 2=1 pending=stage 1=0, stage 2=0, stage 3=0
[pipeline-heartbeat] wall=21:38:12 phase=train status=no_new_progress progress_events_total=46 progress_events_delta=0 in_flight=2 active=stage 1=1, stage 2=1 pending=stage 1=0, stage 2=0, stage 3=0
[pipeline-heartbeat] wall=21:38:17 phase=train status=no_new_progress progress_events_total=46 progress_events_delta=0 in_flight=2 active=stage 1=1, stage 2=1 pending=stage 1=0, stage 2=0, stage 3=0
[36m(PartitionShardWorker pid=1922810)[0m /usr/local/anaconda3/lib/python3.11/site-packages/torch/storage.py:414: FutureWarning: You are using `torch.load` with `weights_only=False` (the current default value), which uses the default pickle module implicitly. It is possible to construct malicious pickle data which will execute arbitrary code during unpickling (See https://github.com/pytorch/pytorch/blob/main/SECURITY.md#untrusted-models for more details). In a future release, the default value for `weights_only` will be flipped to `True`. This limits the functions that could be executed during unpickling. Arbitrary objects will no longer be allowed to be loaded via this mode unless they are explicitly allowlisted by the user via `torch.serialization.add_safe_globals`. We recommend you start setting `weights_only=True` for any use case where you don't have full control of the loaded file. Please open an issue on GitHub for any issues related to this experimental feature.
[36m(PartitionShardWorker pid=1922810)[0m   return torch.load(io.BytesIO(b))
[pipeline-heartbeat] wall=21:38:25 phase=train status=no_new_progress progress_events_total=46 progress_events_delta=0 in_flight=2 active=stage 2=1, stage 3=1 pending=stage 1=0, stage 2=0, stage 3=0
[pipeline-heartbeat] wall=21:38:30 phase=train status=no_new_progress progress_events_total=46 progress_events_delta=0 in_flight=2 active=stage 2=1, stage 3=1 pending=stage 1=0, stage 2=0, stage 3=0
[pipeline-heartbeat] wall=21:38:35 phase=train status=no_new_progress progress_events_total=46 progress_events_delta=0 in_flight=2 active=stage 2=1, stage 3=1 pending=stage 1=0, stage 2=0, stage 3=0
[pipeline-heartbeat] wall=21:38:40 phase=train status=no_new_progress progress_events_total=46 progress_events_delta=0 in_flight=2 active=stage 2=1, stage 3=1 pending=stage 1=0, stage 2=0, stage 3=0
[pipeline-heartbeat] wall=21:38:45 phase=train status=no_new_progress progress_events_total=46 progress_events_delta=0 in_flight=2 active=stage 2=1, stage 3=1 pending=stage 1=0, stage 2=0, stage 3=0
[pipeline-heartbeat] wall=21:38:50 phase=train status=no_new_progress progress_events_total=46 progress_events_delta=0 in_flight=2 active=stage 2=1, stage 3=1 pending=stage 1=0, stage 2=0, stage 3=0
[pipeline-heartbeat] wall=21:38:55 phase=train status=no_new_progress progress_events_total=46 progress_events_delta=0 in_flight=2 active=stage 2=1, stage 3=1 pending=stage 1=0, stage 2=0, stage 3=0
[pipeline-heartbeat] wall=21:39:00 phase=train status=no_new_progress progress_events_total=46 progress_events_delta=0 in_flight=2 active=stage 2=1, stage 3=1 pending=stage 1=0, stage 2=0, stage 3=0
[pipeline-heartbeat] wall=21:39:05 phase=train status=no_new_progress progress_events_total=46 progress_events_delta=0 in_flight=2 active=stage 2=1, stage 3=1 pending=stage 1=0, stage 2=0, stage 3=0
[pipeline-heartbeat] wall=21:39:10 phase=train status=no_new_progress progress_events_total=46 progress_events_delta=0 in_flight=2 active=stage 2=1, stage 3=1 pending=stage 1=0, stage 2=0, stage 3=0
[36m(PartitionShardWorker pid=1922815)[0m /usr/local/anaconda3/lib/python3.11/site-packages/torch/storage.py:414: FutureWarning: You are using `torch.load` with `weights_only=False` (the current default value), which uses the default pickle module implicitly. It is possible to construct malicious pickle data which will execute arbitrary code during unpickling (See https://github.com/pytorch/pytorch/blob/main/SECURITY.md#untrusted-models for more details). In a future release, the default value for `weights_only` will be flipped to `True`. This limits the functions that could be executed during unpickling. Arbitrary objects will no longer be allowed to be loaded via this mode unless they are explicitly allowlisted by the user via `torch.serialization.add_safe_globals`. We recommend you start setting `weights_only=True` for any use case where you don't have full control of the loaded file. Please open an issue on GitHub for any issues related to this experimental feature.
[36m(PartitionShardWorker pid=1922815)[0m   return torch.load(io.BytesIO(b))
[pipeline-heartbeat] wall=21:39:17 phase=train status=no_new_progress progress_events_total=46 progress_events_delta=0 in_flight=1 active=stage 3=1 pending=stage 1=0, stage 2=0, stage 3=0
[pipeline-heartbeat] wall=21:39:22 phase=train status=no_new_progress progress_events_total=46 progress_events_delta=0 in_flight=1 active=stage 3=1 pending=stage 1=0, stage 2=0, stage 3=0
[pipeline-heartbeat] wall=21:39:27 phase=train status=no_new_progress progress_events_total=46 progress_events_delta=0 in_flight=1 active=stage 3=1 pending=stage 1=0, stage 2=0, stage 3=0
[pipeline-heartbeat] wall=21:39:32 phase=train status=no_new_progress progress_events_total=46 progress_events_delta=0 in_flight=1 active=stage 3=1 pending=stage 1=0, stage 2=0, stage 3=0
[pipeline-heartbeat] wall=21:39:37 phase=train status=no_new_progress progress_events_total=46 progress_events_delta=0 in_flight=1 active=stage 3=1 pending=stage 1=0, stage 2=0, stage 3=0
[pipeline-heartbeat] wall=21:39:42 phase=train status=no_new_progress progress_events_total=46 progress_events_delta=0 in_flight=1 active=stage 3=1 pending=stage 1=0, stage 2=0, stage 3=0
[pipeline-heartbeat] wall=21:39:47 phase=train status=no_new_progress progress_events_total=46 progress_events_delta=0 in_flight=1 active=stage 3=1 pending=stage 1=0, stage 2=0, stage 3=0
[pipeline-heartbeat] wall=21:39:52 phase=train status=no_new_progress progress_events_total=46 progress_events_delta=0 in_flight=1 active=stage 3=1 pending=stage 1=0, stage 2=0, stage 3=0
[pipeline-heartbeat] wall=21:39:57 phase=train status=no_new_progress progress_events_total=46 progress_events_delta=0 in_flight=1 active=stage 3=1 pending=stage 1=0, stage 2=0, stage 3=0
[pipeline-heartbeat] wall=21:40:02 phase=train status=no_new_progress progress_events_total=46 progress_events_delta=0 in_flight=1 active=stage 3=1 pending=stage 1=0, stage 2=0, stage 3=0
[pipeline-heartbeat] wall=21:40:07 phase=train status=no_new_progress progress_events_total=46 progress_events_delta=0 in_flight=1 active=stage 3=1 pending=stage 1=0, stage 2=0, stage 3=0
[pipeline-heartbeat] wall=21:40:13 phase=train status=no_new_progress progress_events_total=0 progress_events_delta=0 in_flight=1 active=stage 1=1 pending=stage 1=1, stage 2=0, stage 3=0
[pipeline-heartbeat] wall=21:40:18 phase=train status=no_new_progress progress_events_total=0 progress_events_delta=0 in_flight=1 active=stage 1=1 pending=stage 1=1, stage 2=0, stage 3=0
[pipeline-heartbeat] wall=21:40:23 phase=train status=no_new_progress progress_events_total=0 progress_events_delta=0 in_flight=1 active=stage 1=1 pending=stage 1=1, stage 2=0, stage 3=0
[pipeline-heartbeat] wall=21:40:28 phase=train status=no_new_progress progress_events_total=0 progress_events_delta=0 in_flight=1 active=stage 1=1 pending=stage 1=1, stage 2=0, stage 3=0
[pipeline-heartbeat] wall=21:40:33 phase=train status=no_new_progress progress_events_total=0 progress_events_delta=0 in_flight=1 active=stage 1=1 pending=stage 1=1, stage 2=0, stage 3=0
[pipeline-heartbeat] wall=21:40:38 phase=train status=no_new_progress progress_events_total=0 progress_events_delta=0 in_flight=1 active=stage 1=1 pending=stage 1=1, stage 2=0, stage 3=0
[pipeline-heartbeat] wall=21:40:43 phase=train status=no_new_progress progress_events_total=0 progress_events_delta=0 in_flight=1 active=stage 1=1 pending=stage 1=1, stage 2=0, stage 3=0
[pipeline-heartbeat] wall=21:40:48 phase=train status=no_new_progress progress_events_total=0 progress_events_delta=0 in_flight=1 active=stage 1=1 pending=stage 1=1, stage 2=0, stage 3=0
[pipeline-heartbeat] wall=21:40:53 phase=train status=no_new_progress progress_events_total=0 progress_events_delta=0 in_flight=1 active=stage 1=1 pending=stage 1=1, stage 2=0, stage 3=0
[pipeline-heartbeat] wall=21:40:58 phase=train status=no_new_progress progress_events_total=0 progress_events_delta=0 in_flight=1 active=stage 1=1 pending=stage 1=1, stage 2=0, stage 3=0
[pipeline-heartbeat] wall=21:41:03 phase=train status=no_new_progress progress_events_total=0 progress_events_delta=0 in_flight=1 active=stage 1=1 pending=stage 1=1, stage 2=0, stage 3=0
[pipeline-heartbeat] wall=21:41:08 phase=train status=no_new_progress progress_events_total=0 progress_events_delta=0 in_flight=1 active=stage 1=1 pending=stage 1=1, stage 2=0, stage 3=0
[pipeline-heartbeat] wall=21:41:13 phase=train status=no_new_progress progress_events_total=0 progress_events_delta=0 in_flight=1 active=stage 1=1 pending=stage 1=1, stage 2=0, stage 3=0
[pipeline-heartbeat] wall=21:41:18 phase=train status=no_new_progress progress_events_total=0 progress_events_delta=0 in_flight=1 active=stage 1=1 pending=stage 1=1, stage 2=0, stage 3=0
[pipeline-heartbeat] wall=21:41:23 phase=train status=no_new_progress progress_events_total=0 progress_events_delta=0 in_flight=1 active=stage 1=1 pending=stage 1=1, stage 2=0, stage 3=0
[pipeline-heartbeat] wall=21:41:29 phase=train status=no_new_progress progress_events_total=0 progress_events_delta=0 in_flight=2 active=stage 1=1, stage 2=1 pending=stage 1=0, stage 2=0, stage 3=0
[pipeline-heartbeat] wall=21:41:34 phase=train status=no_new_progress progress_events_total=0 progress_events_delta=0 in_flight=2 active=stage 1=1, stage 2=1 pending=stage 1=0, stage 2=0, stage 3=0
[pipeline-heartbeat] wall=21:41:39 phase=train status=no_new_progress progress_events_total=0 progress_events_delta=0 in_flight=2 active=stage 1=1, stage 2=1 pending=stage 1=0, stage 2=0, stage 3=0
[pipeline-heartbeat] wall=21:41:44 phase=train status=no_new_progress progress_events_total=0 progress_events_delta=0 in_flight=2 active=stage 1=1, stage 2=1 pending=stage 1=0, stage 2=0, stage 3=0
[pipeline-heartbeat] wall=21:41:49 phase=train status=no_new_progress progress_events_total=0 progress_events_delta=0 in_flight=2 active=stage 1=1, stage 2=1 pending=stage 1=0, stage 2=0, stage 3=0
[pipeline-heartbeat] wall=21:41:54 phase=train status=no_new_progress progress_events_total=0 progress_events_delta=0 in_flight=2 active=stage 1=1, stage 2=1 pending=stage 1=0, stage 2=0, stage 3=0
[pipeline-heartbeat] wall=21:41:59 phase=train status=no_new_progress progress_events_total=0 progress_events_delta=0 in_flight=2 active=stage 1=1, stage 2=1 pending=stage 1=0, stage 2=0, stage 3=0
[pipeline-heartbeat] wall=21:42:04 phase=train status=no_new_progress progress_events_total=0 progress_events_delta=0 in_flight=2 active=stage 1=1, stage 2=1 pending=stage 1=0, stage 2=0, stage 3=0
[pipeline-heartbeat] wall=21:42:09 phase=train status=no_new_progress progress_events_total=0 progress_events_delta=0 in_flight=2 active=stage 1=1, stage 2=1 pending=stage 1=0, stage 2=0, stage 3=0
[pipeline-heartbeat] wall=21:42:14 phase=train status=no_new_progress progress_events_total=0 progress_events_delta=0 in_flight=2 active=stage 1=1, stage 2=1 pending=stage 1=0, stage 2=0, stage 3=0
[pipeline-heartbeat] wall=21:42:19 phase=train status=no_new_progress progress_events_total=0 progress_events_delta=0 in_flight=2 active=stage 1=1, stage 2=1 pending=stage 1=0, stage 2=0, stage 3=0
[pipeline-heartbeat] wall=21:42:24 phase=train status=no_new_progress progress_events_total=0 progress_events_delta=0 in_flight=2 active=stage 1=1, stage 2=1 pending=stage 1=0, stage 2=0, stage 3=0
[pipeline-heartbeat] wall=21:42:29 phase=train status=no_new_progress progress_events_total=0 progress_events_delta=0 in_flight=2 active=stage 1=1, stage 2=1 pending=stage 1=0, stage 2=0, stage 3=0
[pipeline-heartbeat] wall=21:42:36 phase=train status=no_new_progress progress_events_total=0 progress_events_delta=0 in_flight=2 active=stage 1=1, stage 3=1 pending=stage 1=0, stage 2=0, stage 3=0
[pipeline-heartbeat] wall=21:42:43 phase=train status=no_new_progress progress_events_total=0 progress_events_delta=0 in_flight=2 active=stage 2=1, stage 3=1 pending=stage 1=0, stage 2=0, stage 3=0
[pipeline-heartbeat] wall=21:42:48 phase=train status=no_new_progress progress_events_total=0 progress_events_delta=0 in_flight=2 active=stage 2=1, stage 3=1 pending=stage 1=0, stage 2=0, stage 3=0
[pipeline-heartbeat] wall=21:42:53 phase=train status=no_new_progress progress_events_total=0 progress_events_delta=0 in_flight=2 active=stage 2=1, stage 3=1 pending=stage 1=0, stage 2=0, stage 3=0
[pipeline-heartbeat] wall=21:42:58 phase=train status=no_new_progress progress_events_total=0 progress_events_delta=0 in_flight=2 active=stage 2=1, stage 3=1 pending=stage 1=0, stage 2=0, stage 3=0
[pipeline-heartbeat] wall=21:43:03 phase=train status=no_new_progress progress_events_total=0 progress_events_delta=0 in_flight=2 active=stage 2=1, stage 3=1 pending=stage 1=0, stage 2=0, stage 3=0
[pipeline-heartbeat] wall=21:43:08 phase=train status=no_new_progress progress_events_total=0 progress_events_delta=0 in_flight=2 active=stage 2=1, stage 3=1 pending=stage 1=0, stage 2=0, stage 3=0
[pipeline-heartbeat] wall=21:43:13 phase=train status=no_new_progress progress_events_total=0 progress_events_delta=0 in_flight=2 active=stage 2=1, stage 3=1 pending=stage 1=0, stage 2=0, stage 3=0
[pipeline-heartbeat] wall=21:43:18 phase=train status=no_new_progress progress_events_total=0 progress_events_delta=0 in_flight=2 active=stage 2=1, stage 3=1 pending=stage 1=0, stage 2=0, stage 3=0
[pipeline-heartbeat] wall=21:43:24 phase=train status=no_new_progress progress_events_total=0 progress_events_delta=0 in_flight=1 active=stage 2=1 pending=stage 1=0, stage 2=0, stage 3=0
[pipeline-heartbeat] wall=21:43:29 phase=train status=no_new_progress progress_events_total=0 progress_events_delta=0 in_flight=1 active=stage 2=1 pending=stage 1=0, stage 2=0, stage 3=0
[pipeline-heartbeat] wall=21:43:34 phase=train status=no_new_progress progress_events_total=0 progress_events_delta=0 in_flight=1 active=stage 2=1 pending=stage 1=0, stage 2=0, stage 3=0
[pipeline-heartbeat] wall=21:43:39 phase=train status=no_new_progress progress_events_total=0 progress_events_delta=0 in_flight=1 active=stage 2=1 pending=stage 1=0, stage 2=0, stage 3=0
[pipeline-heartbeat] wall=21:43:48 phase=train status=no_new_progress progress_events_total=0 progress_events_delta=0 in_flight=1 active=stage 3=1 pending=stage 1=0, stage 2=0, stage 3=0
[pipeline-heartbeat] wall=21:43:53 phase=train status=no_new_progress progress_events_total=0 progress_events_delta=0 in_flight=1 active=stage 3=1 pending=stage 1=0, stage 2=0, stage 3=0
[pipeline-heartbeat] wall=21:43:58 phase=train status=no_new_progress progress_events_total=0 progress_events_delta=0 in_flight=1 active=stage 3=1 pending=stage 1=0, stage 2=0, stage 3=0
[pipeline-heartbeat] wall=21:44:03 phase=train status=no_new_progress progress_events_total=0 progress_events_delta=0 in_flight=1 active=stage 3=1 pending=stage 1=0, stage 2=0, stage 3=0
[pipeline-heartbeat] wall=21:44:08 phase=train status=no_new_progress progress_events_total=0 progress_events_delta=0 in_flight=1 active=stage 3=1 pending=stage 1=0, stage 2=0, stage 3=0
[pipeline-heartbeat] wall=21:44:13 phase=train status=no_new_progress progress_events_total=0 progress_events_delta=0 in_flight=1 active=stage 3=1 pending=stage 1=0, stage 2=0, stage 3=0
[pipeline-heartbeat] wall=21:44:18 phase=train status=no_new_progress progress_events_total=0 progress_events_delta=0 in_flight=1 active=stage 3=1 pending=stage 1=0, stage 2=0, stage 3=0
[pipeline-heartbeat] wall=21:44:23 phase=train status=no_new_progress progress_events_total=0 progress_events_delta=0 in_flight=1 active=stage 3=1 pending=stage 1=0, stage 2=0, stage 3=0
[pipeline-heartbeat] wall=21:44:28 phase=train status=no_new_progress progress_events_total=0 progress_events_delta=0 in_flight=1 active=stage 3=1 pending=stage 1=0, stage 2=0, stage 3=0
[pipeline-heartbeat] wall=21:44:33 phase=train status=no_new_progress progress_events_total=0 progress_events_delta=0 in_flight=1 active=stage 3=1 pending=stage 1=0, stage 2=0, stage 3=0
[pipeline-heartbeat] wall=21:44:38 phase=train status=no_new_progress progress_events_total=0 progress_events_delta=0 in_flight=1 active=stage 3=1 pending=stage 1=0, stage 2=0, stage 3=0
[pipeline-heartbeat] wall=21:44:48 in_flight=1 train_pending=[1, 0, 0] eval_pending=[0]
[pipeline-heartbeat] wall=21:44:53 in_flight=1 train_pending=[1, 0, 0] eval_pending=[0]
[pipeline-heartbeat] wall=21:44:58 in_flight=1 train_pending=[1, 0, 0] eval_pending=[0]
[pipeline-heartbeat] wall=21:45:03 in_flight=1 train_pending=[1, 0, 0] eval_pending=[0]
[pipeline-heartbeat] wall=21:45:08 in_flight=1 train_pending=[1, 0, 0] eval_pending=[0]
[pipeline-heartbeat] wall=21:45:13 in_flight=1 train_pending=[1, 0, 0] eval_pending=[0]
[pipeline-heartbeat] wall=21:45:18 in_flight=1 train_pending=[1, 0, 0] eval_pending=[0]
[pipeline-heartbeat] wall=21:45:23 in_flight=1 train_pending=[1, 0, 0] eval_pending=[0]
[pipeline-heartbeat] wall=21:45:28 in_flight=1 train_pending=[1, 0, 0] eval_pending=[0]
[pipeline-heartbeat] wall=21:45:33 in_flight=1 train_pending=[1, 0, 0] eval_pending=[0]
[pipeline-heartbeat] wall=21:45:38 in_flight=1 train_pending=[1, 0, 0] eval_pending=[0]
[pipeline-heartbeat] wall=21:45:43 in_flight=1 train_pending=[1, 0, 0] eval_pending=[0]
[pipeline-heartbeat] wall=21:45:48 in_flight=1 train_pending=[1, 0, 0] eval_pending=[0]
[pipeline-heartbeat] wall=21:45:53 in_flight=1 train_pending=[1, 0, 0] eval_pending=[0]
[pipeline-heartbeat] wall=21:45:59 in_flight=2 train_pending=[0, 0, 0] eval_pending=[0]
[pipeline-heartbeat] wall=21:46:04 in_flight=2 train_pending=[0, 0, 0] eval_pending=[0]
[pipeline-heartbeat] wall=21:46:09 in_flight=2 train_pending=[0, 0, 0] eval_pending=[0]
[pipeline-heartbeat] wall=21:46:14 in_flight=2 train_pending=[0, 0, 0] eval_pending=[0]
[pipeline-heartbeat] wall=21:46:19 in_flight=2 train_pending=[0, 0, 0] eval_pending=[0]
[pipeline-heartbeat] wall=21:46:24 in_flight=2 train_pending=[0, 0, 0] eval_pending=[0]
[pipeline-heartbeat] wall=21:46:29 in_flight=2 train_pending=[0, 0, 0] eval_pending=[0]
[pipeline-heartbeat] wall=21:46:34 in_flight=2 train_pending=[0, 0, 0] eval_pending=[0]
[pipeline-heartbeat] wall=21:46:39 in_flight=2 train_pending=[0, 0, 0] eval_pending=[0]
[pipeline-heartbeat] wall=21:46:44 in_flight=2 train_pending=[0, 0, 0] eval_pending=[0]
[pipeline-heartbeat] wall=21:46:49 in_flight=2 train_pending=[0, 0, 0] eval_pending=[0]
[pipeline-heartbeat] wall=21:46:54 in_flight=2 train_pending=[0, 0, 0] eval_pending=[0]
[pipeline-heartbeat] wall=21:47:03 in_flight=2 train_pending=[0, 0, 0] eval_pending=[0]
[pipeline-heartbeat] wall=21:47:10 in_flight=2 train_pending=[0, 0, 0] eval_pending=[0]
[pipeline-heartbeat] wall=21:47:15 in_flight=2 train_pending=[0, 0, 0] eval_pending=[0]
[pipeline-heartbeat] wall=21:47:20 in_flight=2 train_pending=[0, 0, 0] eval_pending=[0]
[pipeline-heartbeat] wall=21:47:25 in_flight=2 train_pending=[0, 0, 0] eval_pending=[0]
[pipeline-heartbeat] wall=21:47:30 in_flight=2 train_pending=[0, 0, 0] eval_pending=[0]
[pipeline-heartbeat] wall=21:47:35 in_flight=2 train_pending=[0, 0, 0] eval_pending=[0]
[pipeline-heartbeat] wall=21:47:40 in_flight=2 train_pending=[0, 0, 0] eval_pending=[0]
[pipeline-heartbeat] wall=21:47:45 in_flight=2 train_pending=[0, 0, 0] eval_pending=[0]
[pipeline-heartbeat] wall=21:47:50 in_flight=2 train_pending=[0, 0, 0] eval_pending=[0]
[pipeline-heartbeat] wall=21:47:55 in_flight=2 train_pending=[0, 0, 0] eval_pending=[0]
[36m(PartitionShardWorker pid=1922817)[0m [trial=0 partitions=[3]] [Interaction 1/1999 (0.1%)] elapsed=0.0s, est.remain=199.8s, partition=3
[36m(PartitionShardWorker pid=1922817)[0m [trial=0 partitions=[3]] [Interaction 100/1999 (5.0%)] elapsed=1.8s, est.remain=34.0s, partition=3
[36m(PartitionShardWorker pid=1922817)[0m [trial=0 partitions=[3]] [Interaction 200/1999 (10.0%)] elapsed=3.6s, est.remain=32.6s, partition=3
[pipeline-heartbeat] wall=21:48:04 in_flight=2 train_pending=[0, 0, 0] eval_pending=[0]
[36m(PartitionShardWorker pid=1922817)[0m [trial=0 partitions=[3]] [Interaction 300/1999 (15.0%)] elapsed=5.5s, est.remain=31.0s, partition=3
[36m(PartitionShardWorker pid=1922817)[0m [trial=0 partitions=[3]] [Interaction 400/1999 (20.0%)] elapsed=7.3s, est.remain=29.1s, partition=3
[36m(PartitionShardWorker pid=1922817)[0m [trial=0 partitions=[3]] [Interaction 500/1999 (25.0%)] elapsed=9.2s, est.remain=27.5s, partition=3
[36m(PartitionShardWorker pid=1922817)[0m [trial=0 partitions=[3]] [Interaction 600/1999 (30.0%)] elapsed=11.0s, est.remain=25.8s, partition=3
[36m(PartitionShardWorker pid=1922817)[0m [trial=0 partitions=[3]] [Interaction 700/1999 (35.0%)] elapsed=12.9s, est.remain=24.0s, partition=3
[pipeline-heartbeat] wall=21:48:13 in_flight=2 train_pending=[0, 0, 0] eval_pending=[0]
[36m(PartitionShardWorker pid=1922817)[0m [trial=0 partitions=[3]] [Interaction 800/1999 (40.0%)] elapsed=14.8s, est.remain=22.2s, partition=3
[36m(PartitionShardWorker pid=1922817)[0m [trial=0 partitions=[3]] [Interaction 900/1999 (45.0%)] elapsed=16.7s, est.remain=20.4s, partition=3
[36m(PartitionShardWorker pid=1922817)[0m [trial=0 partitions=[3]] [Interaction 1000/1999 (50.0%)] elapsed=18.6s, est.remain=18.6s, partition=3
[pipeline-heartbeat] wall=21:48:18 in_flight=2 train_pending=[0, 0, 0] eval_pending=[0]
[36m(PartitionShardWorker pid=1922817)[0m [trial=0 partitions=[3]] [Interaction 1100/1999 (55.0%)] elapsed=20.5s, est.remain=16.8s, partition=3
[36m(PartitionShardWorker pid=1922817)[0m [trial=0 partitions=[3]] [Interaction 1200/1999 (60.0%)] elapsed=22.4s, est.remain=14.9s, partition=3
[pipeline-heartbeat] wall=21:48:23 in_flight=2 train_pending=[0, 0, 0] eval_pending=[0]
[36m(PartitionShardWorker pid=1922817)[0m [trial=0 partitions=[3]] [Interaction 1300/1999 (65.0%)] elapsed=24.3s, est.remain=13.1s, partition=3
[36m(PartitionShardWorker pid=1922817)[0m [trial=0 partitions=[3]] [Interaction 1400/1999 (70.0%)] elapsed=26.2s, est.remain=11.2s, partition=3
[36m(PartitionShardWorker pid=1922817)[0m [trial=0 partitions=[3]] [Interaction 1500/1999 (75.0%)] elapsed=28.2s, est.remain=9.4s, partition=3
[pipeline-heartbeat] wall=21:48:28 in_flight=2 train_pending=[0, 0, 0] eval_pending=[0]
[36m(PartitionShardWorker pid=1922817)[0m [trial=0 partitions=[3]] [Interaction 1600/1999 (80.0%)] elapsed=30.0s, est.remain=7.5s, partition=3
[36m(PartitionShardWorker pid=1922817)[0m [trial=0 partitions=[3]] [Interaction 1700/1999 (85.0%)] elapsed=32.0s, est.remain=5.6s, partition=3
[36m(PartitionShardWorker pid=1922817)[0m [trial=0 partitions=[3]] [Interaction 1800/1999 (90.0%)] elapsed=33.9s, est.remain=3.7s, partition=3
[pipeline-heartbeat] wall=21:48:33 in_flight=2 train_pending=[0, 0, 0] eval_pending=[0]
[36m(PartitionShardWorker pid=1922817)[0m [trial=0 partitions=[3]] [Interaction 1900/1999 (95.0%)] elapsed=35.7s, est.remain=1.9s, partition=3
[36m(PartitionShardWorker pid=1922817)[0m [trial=0 partitions=[3]] [Interaction 1999/1999 (100.0%)] elapsed=37.6s, est.remain=0.0s, partition=3
[pipeline-heartbeat] wall=21:48:42 in_flight=1 train_pending=[0, 0, 0] eval_pending=[0]
[pipeline-heartbeat] wall=21:48:47 in_flight=1 train_pending=[0, 0, 0] eval_pending=[0]
[pipeline-heartbeat] wall=21:48:52 in_flight=1 train_pending=[0, 0, 0] eval_pending=[0]
[pipeline-heartbeat] wall=21:48:57 in_flight=1 train_pending=[0, 0, 0] eval_pending=[0]
[pipeline-heartbeat] wall=21:49:02 in_flight=1 train_pending=[0, 0, 0] eval_pending=[0]
[36m(PartitionShardWorker pid=1922817)[0m [trial=1 partitions=[3]] [Interaction 1/1999 (0.1%)] elapsed=0.0s, est.remain=199.8s, partition=3
[36m(PartitionShardWorker pid=1922817)[0m [trial=1 partitions=[3]] [Interaction 100/1999 (5.0%)] elapsed=1.7s, est.remain=32.5s, partition=3
[36m(PartitionShardWorker pid=1922817)[0m [trial=1 partitions=[3]] [Interaction 200/1999 (10.0%)] elapsed=3.4s, est.remain=30.6s, partition=3
[pipeline-heartbeat] wall=21:49:07 in_flight=1 train_pending=[0, 0, 0] eval_pending=[0]
[36m(PartitionShardWorker pid=1922817)[0m [trial=1 partitions=[3]] [Interaction 300/1999 (15.0%)] elapsed=5.1s, est.remain=29.1s, partition=3
[36m(PartitionShardWorker pid=1922817)[0m [trial=1 partitions=[3]] [Interaction 400/1999 (20.0%)] elapsed=6.8s, est.remain=27.2s, partition=3
[36m(PartitionShardWorker pid=1922817)[0m [trial=1 partitions=[3]] [Interaction 500/1999 (25.0%)] elapsed=8.5s, est.remain=25.6s, partition=3
[pipeline-heartbeat] wall=21:49:12 in_flight=1 train_pending=[0, 0, 0] eval_pending=[0]
[36m(PartitionShardWorker pid=1922817)[0m [trial=1 partitions=[3]] [Interaction 600/1999 (30.0%)] elapsed=10.2s, est.remain=23.9s, partition=3
[36m(PartitionShardWorker pid=1922817)[0m [trial=1 partitions=[3]] [Interaction 700/1999 (35.0%)] elapsed=11.9s, est.remain=22.1s, partition=3
[36m(PartitionShardWorker pid=1922817)[0m [trial=1 partitions=[3]] [Interaction 800/1999 (40.0%)] elapsed=13.7s, est.remain=20.5s, partition=3
[pipeline-heartbeat] wall=21:49:17 in_flight=1 train_pending=[0, 0, 0] eval_pending=[0]
[36m(PartitionShardWorker pid=1922817)[0m [trial=1 partitions=[3]] [Interaction 900/1999 (45.0%)] elapsed=15.4s, est.remain=18.8s, partition=3
[36m(PartitionShardWorker pid=1922817)[0m [trial=1 partitions=[3]] [Interaction 1000/1999 (50.0%)] elapsed=17.1s, est.remain=17.1s, partition=3
[36m(PartitionShardWorker pid=1922817)[0m [trial=1 partitions=[3]] [Interaction 1100/1999 (55.0%)] elapsed=18.7s, est.remain=15.3s, partition=3
[pipeline-heartbeat] wall=21:49:22 in_flight=1 train_pending=[0, 0, 0] eval_pending=[0]
[36m(PartitionShardWorker pid=1922817)[0m [trial=1 partitions=[3]] [Interaction 1200/1999 (60.0%)] elapsed=20.5s, est.remain=13.7s, partition=3
[36m(PartitionShardWorker pid=1922817)[0m [trial=1 partitions=[3]] [Interaction 1300/1999 (65.0%)] elapsed=22.3s, est.remain=12.0s, partition=3
[36m(PartitionShardWorker pid=1922817)[0m [trial=1 partitions=[3]] [Interaction 1400/1999 (70.0%)] elapsed=24.1s, est.remain=10.3s, partition=3
[pipeline-heartbeat] wall=21:49:27 in_flight=1 train_pending=[0, 0, 0] eval_pending=[0]
[36m(PartitionShardWorker pid=1922817)[0m [trial=1 partitions=[3]] [Interaction 1500/1999 (75.0%)] elapsed=25.9s, est.remain=8.6s, partition=3
[36m(PartitionShardWorker pid=1922817)[0m [trial=1 partitions=[3]] [Interaction 1600/1999 (80.0%)] elapsed=27.7s, est.remain=6.9s, partition=3
[36m(PartitionShardWorker pid=1922817)[0m [trial=1 partitions=[3]] [Interaction 1700/1999 (85.0%)] elapsed=29.6s, est.remain=5.2s, partition=3
[pipeline-heartbeat] wall=21:49:32 in_flight=1 train_pending=[0, 0, 0] eval_pending=[0]
[36m(PartitionShardWorker pid=1922817)[0m [trial=1 partitions=[3]] [Interaction 1800/1999 (90.0%)] elapsed=31.4s, est.remain=3.5s, partition=3
[36m(PartitionShardWorker pid=1922817)[0m [trial=1 partitions=[3]] [Interaction 1900/1999 (95.0%)] elapsed=33.1s, est.remain=1.7s, partition=3
[36m(PartitionShardWorker pid=1922817)[0m [trial=1 partitions=[3]] [Interaction 1999/1999 (100.0%)] elapsed=34.9s, est.remain=0.0s, partition=3

============================================================
[Pipeline Summary]
  Trials: 2
  Train stages: 3, workers: [1, 1, 1] (total=3)
  Eval stages:  1, workers: [1] (total=1)
  GPUs: 8 (train workers fit)
  Train S1: 1 partitions, 5000 interactions, users=531, items=21, workers=1
  Train S2: 1 partitions, 5000 interactions, users=526, items=17, workers=1
  Train S3: 1 partitions, 4000 interactions, users=422, items=17, workers=1
  Eval S1:  1 partitions, 1999 interactions, workers=1
  hint: only 1 worker per train stage, pipeline has no intra-stage parallelism
  hint: 5 GPUs unused during training; add --pipeline-stage-train-workers to use them
  hint: 7 GPUs unused during evaluation
============================================================

[Coarse Phase] Progress: 4/27 trials completed
[Coarse Phase] Sampling batch 3: 2 architectures
[Coarse Phase] Evaluating architectures 5-6/27
[RayPipeline] detected 8 GPUs; pipeline_worker_gpus=1.0
[RayPipeline] note: total train workers=3 < GPUs=8; consider increasing --pipeline-stage-train-workers to use all GPUs.
[RayPipeline] train stage 1: 1 partitions, 5000 interactions, cost range=[5276-5276] sum=5276, workers=1
[RayPipeline] train stage 2: 1 partitions, 5000 interactions, cost range=[5272-5272] sum=5272, workers=1
[RayPipeline] train stage 3: 1 partitions, 4000 interactions, cost range=[4220-4220] sum=4220, workers=1
[RayPipeline] train worker counts=[1, 1, 1], train groups=[[0], [1], [2]]
[RayPipeline] eval worker counts=[1], eval groups=[[3]]
[RayPipeline] created train worker pools=[1, 1, 1]
[RayPipeline] running unified train+eval pipeline (no global sync point)
[pipeline-heartbeat] wall=21:49:44 phase=train status=advancing progress_events_total=46 progress_events_delta=46 in_flight=1 active=stage 1=1 pending=stage 1=1, stage 2=0, stage 3=0 last_progress=[pipeline-trace] wall=21:49:37 elapsed=821.934s phase=eval event=partition_complete trial=1 partition=3 elapsed_sec=34.874 hits=1416 total=1999
[36m(PartitionShardWorker pid=1922874)[0m /usr/local/anaconda3/lib/python3.11/site-packages/torch/storage.py:414: FutureWarning: You are using `torch.load` with `weights_only=False` (the current default value), which uses the default pickle module implicitly. It is possible to construct malicious pickle data which will execute arbitrary code during unpickling (See https://github.com/pytorch/pytorch/blob/main/SECURITY.md#untrusted-models for more details). In a future release, the default value for `weights_only` will be flipped to `True`. This limits the functions that could be executed during unpickling. Arbitrary objects will no longer be allowed to be loaded via this mode unless they are explicitly allowlisted by the user via `torch.serialization.add_safe_globals`. We recommend you start setting `weights_only=True` for any use case where you don't have full control of the loaded file. Please open an issue on GitHub for any issues related to this experimental feature.
[36m(PartitionShardWorker pid=1922874)[0m   return torch.load(io.BytesIO(b))
[pipeline-heartbeat] wall=21:49:49 phase=train status=no_new_progress progress_events_total=46 progress_events_delta=0 in_flight=1 active=stage 1=1 pending=stage 1=1, stage 2=0, stage 3=0
[36m(PartitionShardWorker pid=1922823)[0m /usr/local/anaconda3/lib/python3.11/site-packages/torch/storage.py:414: FutureWarning: You are using `torch.load` with `weights_only=False` (the current default value), which uses the default pickle module implicitly. It is possible to construct malicious pickle data which will execute arbitrary code during unpickling (See https://github.com/pytorch/pytorch/blob/main/SECURITY.md#untrusted-models for more details). In a future release, the default value for `weights_only` will be flipped to `True`. This limits the functions that could be executed during unpickling. Arbitrary objects will no longer be allowed to be loaded via this mode unless they are explicitly allowlisted by the user via `torch.serialization.add_safe_globals`. We recommend you start setting `weights_only=True` for any use case where you don't have full control of the loaded file. Please open an issue on GitHub for any issues related to this experimental feature.
[36m(PartitionShardWorker pid=1922823)[0m   return torch.load(io.BytesIO(b))
[pipeline-heartbeat] wall=21:49:54 phase=train status=no_new_progress progress_events_total=46 progress_events_delta=0 in_flight=1 active=stage 1=1 pending=stage 1=1, stage 2=0, stage 3=0
[ERROR] Ray task failed for train pipeline: [36mray::PartitionShardWorker.run_train_stage_batch()[39m (pid=1922823, ip=211.87.232.182, actor_id=0b4ff6c26e49f6c49974e87901000000, repr=<nas.ray_pipeline.PartitionShardWorker object at 0x70cf541abb10>)
           ^^^^^^^^^^^^^^^^^^^^^^^^^^^^^^^^^^^^
           ^^^^^^^^^^^^^^^^^^^^^^^^^^^^^^^
  File "/home/wanghaoyu/JODIE-simple/nas/ray_pipeline.py", line 87, in run_train_stage_batch
    model, config = self._build_model(payload)
                    ^^^^^^^^^^^^^^^^^^^^^^^^^^
           ^^^^^^^^^^^^^^^^^^^^^^^^^^^^^^^
  File "/home/wanghaoyu/JODIE-simple/nas/ray_pipeline.py", line 57, in _build_model
    model.to(device)
  File "/usr/local/anaconda3/lib/python3.11/site-packages/torch/nn/modules/module.py", line 1174, in to
    return self._apply(convert)
           ^^^^^^^^^^^^^^^^^^^^
  File "/usr/local/anaconda3/lib/python3.11/site-packages/torch/nn/modules/module.py", line 780, in _apply
    module._apply(fn)
  File "/usr/local/anaconda3/lib/python3.11/site-packages/torch/nn/modules/module.py", line 805, in _apply
    param_applied = fn(param)
                    ^^^^^^^^^
  File "/usr/local/anaconda3/lib/python3.11/site-packages/torch/nn/modules/module.py", line 1160, in convert
    return t.to(
           ^^^^^
RuntimeError: CUDA error: out of memory
CUDA kernel errors might be asynchronously reported at some other API call, so the stacktrace below might be incorrect.
For debugging consider passing CUDA_LAUNCH_BLOCKING=1
Compile with `TORCH_USE_CUDA_DSA` to enable device-side assertions.
Traceback (most recent call last):
  File "/home/wanghaoyu/JODIE-simple/nas/ray_pipeline.py", line 644, in _run_train_pipeline
    updated_payload = ray.get(done_ref)
                      ^^^^^^^^^^^^^^^^^
  File "/usr/local/anaconda3/lib/python3.11/site-packages/ray/_private/auto_init_hook.py", line 21, in auto_init_wrapper
    return fn(*args, **kwargs)
           ^^^^^^^^^^^^^^^^^^^
  File "/usr/local/anaconda3/lib/python3.11/site-packages/ray/_private/client_mode_hook.py", line 103, in wrapper
    return func(*args, **kwargs)
           ^^^^^^^^^^^^^^^^^^^^^
  File "/usr/local/anaconda3/lib/python3.11/site-packages/ray/_private/worker.py", line 2755, in get
    values, debugger_breakpoint = worker.get_objects(object_refs, timeout=timeout)
                                  ^^^^^^^^^^^^^^^^^^^^^^^^^^^^^^^^^^^^^^^^^^^^^^^^
  File "/usr/local/anaconda3/lib/python3.11/site-packages/ray/_private/worker.py", line 906, in get_objects
    raise value.as_instanceof_cause()
ray.exceptions.RayTaskError(RuntimeError): [36mray::PartitionShardWorker.run_train_stage_batch()[39m (pid=1922823, ip=211.87.232.182, actor_id=0b4ff6c26e49f6c49974e87901000000, repr=<nas.ray_pipeline.PartitionShardWorker object at 0x70cf541abb10>)
           ^^^^^^^^^^^^^^^^^^^^^^^^^^^^^^^^^^^^
           ^^^^^^^^^^^^^^^^^^^^^^^^^^^^^^^
  File "/home/wanghaoyu/JODIE-simple/nas/ray_pipeline.py", line 87, in run_train_stage_batch
    model, config = self._build_model(payload)
                    ^^^^^^^^^^^^^^^^^^^^^^^^^^
           ^^^^^^^^^^^^^^^^^^^^^^^^^^^^^^^
  File "/home/wanghaoyu/JODIE-simple/nas/ray_pipeline.py", line 57, in _build_model
    model.to(device)
  File "/usr/local/anaconda3/lib/python3.11/site-packages/torch/nn/modules/module.py", line 1174, in to
    return self._apply(convert)
           ^^^^^^^^^^^^^^^^^^^^
  File "/usr/local/anaconda3/lib/python3.11/site-packages/torch/nn/modules/module.py", line 780, in _apply
    module._apply(fn)
  File "/usr/local/anaconda3/lib/python3.11/site-packages/torch/nn/modules/module.py", line 805, in _apply
    param_applied = fn(param)
                    ^^^^^^^^^
  File "/usr/local/anaconda3/lib/python3.11/site-packages/torch/nn/modules/module.py", line 1160, in convert
    return t.to(
           ^^^^^
RuntimeError: CUDA error: out of memory
CUDA kernel errors might be asynchronously reported at some other API call, so the stacktrace below might be incorrect.
For debugging consider passing CUDA_LAUNCH_BLOCKING=1
Compile with `TORCH_USE_CUDA_DSA` to enable device-side assertions.
Traceback (most recent call last):
  File "/home/wanghaoyu/JODIE-simple/search.py", line 297, in <module>
    main()
  File "/home/wanghaoyu/JODIE-simple/search.py", line 257, in main
    best, results = trainer.search_pipeline(
                    ^^^^^^^^^^^^^^^^^^^^^^^^
  File "/home/wanghaoyu/JODIE-simple/nas/trainer.py", line 787, in search_pipeline
    batch_results = self.evaluate_arch_pipeline(
                    ^^^^^^^^^^^^^^^^^^^^^^^^^^^^
  File "/home/wanghaoyu/JODIE-simple/nas/trainer.py", line 406, in evaluate_arch_pipeline
    pipeline_results = executor.run(
                       ^^^^^^^^^^^^^
  File "/home/wanghaoyu/JODIE-simple/nas/ray_pipeline.py", line 1306, in run
    eval_scores = self._run_train_eval_pipeline(
                  ^^^^^^^^^^^^^^^^^^^^^^^^^^^^^^
  File "/home/wanghaoyu/JODIE-simple/nas/ray_pipeline.py", line 802, in _run_train_eval_pipeline
    current = self._run_train_pipeline(epoch_start, train_groups, stage_workers, use_bpr, num_train_epochs=1)
              ^^^^^^^^^^^^^^^^^^^^^^^^^^^^^^^^^^^^^^^^^^^^^^^^^^^^^^^^^^^^^^^^^^^^^^^^^^^^^^^^^^^^^^^^^^^^^^^
  File "/home/wanghaoyu/JODIE-simple/nas/ray_pipeline.py", line 644, in _run_train_pipeline
    updated_payload = ray.get(done_ref)
                      ^^^^^^^^^^^^^^^^^
  File "/usr/local/anaconda3/lib/python3.11/site-packages/ray/_private/auto_init_hook.py", line 21, in auto_init_wrapper
    return fn(*args, **kwargs)
           ^^^^^^^^^^^^^^^^^^^
  File "/usr/local/anaconda3/lib/python3.11/site-packages/ray/_private/client_mode_hook.py", line 103, in wrapper
    return func(*args, **kwargs)
           ^^^^^^^^^^^^^^^^^^^^^
  File "/usr/local/anaconda3/lib/python3.11/site-packages/ray/_private/worker.py", line 2755, in get
    values, debugger_breakpoint = worker.get_objects(object_refs, timeout=timeout)
                                  ^^^^^^^^^^^^^^^^^^^^^^^^^^^^^^^^^^^^^^^^^^^^^^^^
  File "/usr/local/anaconda3/lib/python3.11/site-packages/ray/_private/worker.py", line 906, in get_objects
    raise value.as_instanceof_cause()
ray.exceptions.RayTaskError(RuntimeError): [36mray::PartitionShardWorker.run_train_stage_batch()[39m (pid=1922823, ip=211.87.232.182, actor_id=0b4ff6c26e49f6c49974e87901000000, repr=<nas.ray_pipeline.PartitionShardWorker object at 0x70cf541abb10>)
           ^^^^^^^^^^^^^^^^^^^^^^^^^^^^^^^^^^^^
           ^^^^^^^^^^^^^^^^^^^^^^^^^^^^^^^
  File "/home/wanghaoyu/JODIE-simple/nas/ray_pipeline.py", line 87, in run_train_stage_batch
    model, config = self._build_model(payload)
                    ^^^^^^^^^^^^^^^^^^^^^^^^^^
           ^^^^^^^^^^^^^^^^^^^^^^^^^^^^^^^
  File "/home/wanghaoyu/JODIE-simple/nas/ray_pipeline.py", line 57, in _build_model
    model.to(device)
  File "/usr/local/anaconda3/lib/python3.11/site-packages/torch/nn/modules/module.py", line 1174, in to
    return self._apply(convert)
           ^^^^^^^^^^^^^^^^^^^^
  File "/usr/local/anaconda3/lib/python3.11/site-packages/torch/nn/modules/module.py", line 780, in _apply
    module._apply(fn)
  File "/usr/local/anaconda3/lib/python3.11/site-packages/torch/nn/modules/module.py", line 805, in _apply
    param_applied = fn(param)
                    ^^^^^^^^^
  File "/usr/local/anaconda3/lib/python3.11/site-packages/torch/nn/modules/module.py", line 1160, in convert
    return t.to(
           ^^^^^
RuntimeError: CUDA error: out of memory
CUDA kernel errors might be asynchronously reported at some other API call, so the stacktrace below might be incorrect.
For debugging consider passing CUDA_LAUNCH_BLOCKING=1
Compile with `TORCH_USE_CUDA_DSA` to enable device-side assertions.
[36m(PartitionShardWorker pid=1922804)[0m /usr/local/anaconda3/lib/python3.11/site-packages/torch/storage.py:414: FutureWarning: You are using `torch.load` with `weights_only=False` (the current default value), which uses the default pickle module implicitly. It is possible to construct malicious pickle data which will execute arbitrary code during unpickling (See https://github.com/pytorch/pytorch/blob/main/SECURITY.md#untrusted-models for more details). In a future release, the default value for `weights_only` will be flipped to `True`. This limits the functions that could be executed during unpickling. Arbitrary objects will no longer be allowed to be loaded via this mode unless they are explicitly allowlisted by the user via `torch.serialization.add_safe_globals`. We recommend you start setting `weights_only=True` for any use case where you don't have full control of the loaded file. Please open an issue on GitHub for any issues related to this experimental feature.
[36m(PartitionShardWorker pid=1922804)[0m   return torch.load(io.BytesIO(b))
✗ [pipeline_naive] NAS失败
