[serial] Seed=300 开始...
[Timing] Timing log: outputs/multi_seed_verification/seed_300/serial/timing_log.csv
Epoch 1/3 | L2 Loss: 0.8394
Epoch 2/3 | L2 Loss: 0.7650
Epoch 3/3 | L2 Loss: 0.6459
[Coarse 1/27] model=jodie_rnn agg=none memory=gru time_proj=linear val_score=0.6452
Epoch 1/3 | L2 Loss: 0.7289
Epoch 2/3 | L2 Loss: 0.6551
Epoch 3/3 | L2 Loss: 0.6378
[Coarse 2/27] model=jodie_rnn agg=none memory=rnn time_proj=linear val_score=0.7268
Epoch 1/3 | L2 Loss: 1.0344
Epoch 2/3 | L2 Loss: 0.9529
Epoch 3/3 | L2 Loss: 0.9330
[Coarse 3/27] model=jodie_rnn agg=none memory=rnn time_proj=linear val_score=0.5563
Epoch 1/3 | L2 Loss: nan
Epoch 2/3 | L2 Loss: nan
Epoch 3/3 | L2 Loss: nan
[Coarse 4/27] model=jodie_rnn agg=none memory=gru time_proj=linear val_score=0.1266
Epoch 1/3 | L2 Loss: 0.1933
Epoch 2/3 | L2 Loss: 0.1670
Epoch 3/3 | L2 Loss: 0.1602
[Coarse 5/27] model=jodie_rnn agg=none memory=gru time_proj=off val_score=0.4276
Epoch 1/3 | L2 Loss: 1.4797
Epoch 2/3 | L2 Loss: 1.2626
Epoch 3/3 | L2 Loss: 1.2176
[Coarse 6/27] model=jodie_rnn agg=none memory=gru time_proj=off val_score=0.4546
Epoch 1/3 | L2 Loss: 0.3604
Epoch 2/3 | L2 Loss: 0.3082
Epoch 3/3 | L2 Loss: 0.2965
[Coarse 7/27] model=jodie_rnn agg=none memory=lstm time_proj=off val_score=0.3667
Epoch 1/3 | L2 Loss: 25.3107
Epoch 2/3 | L2 Loss: 23.6819
Epoch 3/3 | L2 Loss: 23.6427
[Coarse 8/27] model=jodie_rnn agg=none memory=rnn time_proj=linear val_score=0.5711
Epoch 1/3 | L2 Loss: 0.9694
Epoch 2/3 | L2 Loss: 0.8872
Epoch 3/3 | L2 Loss: 0.8195
[Coarse 9/27] model=jodie_rnn agg=none memory=lstm time_proj=linear val_score=0.5300
Epoch 1/3 | L2 Loss: 6.7931
Epoch 2/3 | L2 Loss: 5.4745
Epoch 3/3 | L2 Loss: 5.4108
[Coarse 10/27] model=jodie_rnn agg=none memory=lstm time_proj=linear val_score=0.2968
Epoch 1/3 | L2 Loss: 0.1175
Epoch 2/3 | L2 Loss: 0.0972
Epoch 3/3 | L2 Loss: 0.0947
[Coarse 11/27] model=jodie_rnn agg=none memory=lstm time_proj=off val_score=0.3032
Epoch 1/3 | L2 Loss: nan
Epoch 2/3 | L2 Loss: nan
Epoch 3/3 | L2 Loss: nan
[Coarse 12/27] model=jodie_rnn agg=none memory=gru time_proj=linear val_score=0.1266
Epoch 1/3 | L2 Loss: 0.1517
Epoch 2/3 | L2 Loss: 0.1329
Epoch 3/3 | L2 Loss: 0.1295
[Coarse 13/27] model=jodie_rnn agg=none memory=lstm time_proj=off val_score=0.3112
Epoch 1/3 | L2 Loss: 0.1591
Epoch 2/3 | L2 Loss: 0.1434
Epoch 3/3 | L2 Loss: 0.1410
[Coarse 14/27] model=jodie_rnn agg=none memory=rnn time_proj=off val_score=0.3405
Epoch 1/3 | L2 Loss: 0.1573
Epoch 2/3 | L2 Loss: 0.1428
Epoch 3/3 | L2 Loss: 0.1396
[Coarse 15/27] model=jodie_rnn agg=none memory=lstm time_proj=off val_score=0.3011
Epoch 1/3 | L2 Loss: 0.7950
Epoch 2/3 | L2 Loss: 0.7098
Epoch 3/3 | L2 Loss: 0.8524
[Coarse 16/27] model=jodie_rnn agg=none memory=gru time_proj=linear val_score=0.4479
Epoch 1/3 | L2 Loss: 0.6472
Epoch 2/3 | L2 Loss: 0.5009
Epoch 3/3 | L2 Loss: 0.4155
[Coarse 17/27] model=jodie_rnn agg=none memory=gru time_proj=linear val_score=0.4960
Epoch 1/3 | L2 Loss: 0.1995
Epoch 2/3 | L2 Loss: 0.1705
Epoch 3/3 | L2 Loss: 0.1644
[Coarse 18/27] model=jodie_rnn agg=none memory=gru time_proj=off val_score=0.3506
Epoch 1/3 | L2 Loss: 0.3703
Epoch 2/3 | L2 Loss: 0.3166
Epoch 3/3 | L2 Loss: 0.3048
[Coarse 19/27] model=jodie_rnn agg=none memory=lstm time_proj=off val_score=0.4160
Epoch 1/3 | L2 Loss: 26.2493
Epoch 2/3 | L2 Loss: 24.0732
Epoch 3/3 | L2 Loss: 23.6867
[Coarse 20/27] model=jodie_rnn agg=none memory=rnn time_proj=linear val_score=0.6520
Epoch 1/3 | L2 Loss: 0.2562
Epoch 2/3 | L2 Loss: 0.2290
Epoch 3/3 | L2 Loss: 0.2200
[Coarse 21/27] model=jodie_rnn agg=none memory=rnn time_proj=off val_score=0.4550
Epoch 1/3 | L2 Loss: 0.9340
Epoch 2/3 | L2 Loss: 0.8353
Epoch 3/3 | L2 Loss: 0.7840
[Coarse 22/27] model=jodie_rnn agg=none memory=lstm time_proj=linear val_score=0.5384
Epoch 1/3 | L2 Loss: 5.5404
Epoch 2/3 | L2 Loss: 5.0614
Epoch 3/3 | L2 Loss: 5.0059
[Coarse 23/27] model=jodie_rnn agg=none memory=rnn time_proj=off val_score=0.4988
Epoch 1/3 | L2 Loss: 0.8447
Epoch 2/3 | L2 Loss: 0.8587
Epoch 3/3 | L2 Loss: 0.8514
[Coarse 24/27] model=jodie_rnn agg=none memory=gru time_proj=linear val_score=0.6203
Epoch 1/3 | L2 Loss: 0.8192
Epoch 2/3 | L2 Loss: 0.7398
Epoch 3/3 | L2 Loss: 0.7327
[Coarse 25/27] model=jodie_rnn agg=none memory=rnn time_proj=linear val_score=0.6545
Epoch 1/3 | L2 Loss: 3.4080
Epoch 2/3 | L2 Loss: 3.0311
Epoch 3/3 | L2 Loss: 2.9674
[Coarse 26/27] model=jodie_rnn agg=none memory=rnn time_proj=off val_score=0.5113
Epoch 1/3 | L2 Loss: 0.1937
Epoch 2/3 | L2 Loss: 0.1695
Epoch 3/3 | L2 Loss: 0.1634
[Coarse 27/27] model=jodie_rnn agg=none memory=rnn time_proj=off val_score=0.4538
Epoch 1/3 | L2 Loss: 0.6246
Epoch 2/3 | L2 Loss: 0.5600
Epoch 3/3 | L2 Loss: 0.5479
Best architecture saved to: outputs/multi_seed_verification/seed_300/serial/best_arch.json
Leaderboard saved to: outputs/multi_seed_verification/seed_300/serial/leaderboard.csv
Search mode: rl
Best selection score: 0.7268
Best test score: 0.7268
Best model family: jodie_rnn
✓ [serial] NAS完成
训练配置: {
  "model": "jodie_rnn",
  "embedding_dim": 128,
  "memory_cell": "rnn",
  "time_proj": "linear",
  "use_static_embeddings": "off",
  "normalize_state": "on",
  "event_agg": "none",
  "max_neighbors": 0,
  "batch_mode": "tbatch",
  "train_batch_size": 32,
  "dataset": "public_csv",
  "local_data_path": "data/public/mooc.csv",
  "max_events": 20000,
  "seed": 20300,
  "lr": 0.001,
  "neg_sample_size": 5,
  "k": 10,
  "device": "cuda"
}

加载数据...
数据集: 14000 train, 2000 val, 4000 test
最终训练: 16000 (train+val), 测试: 4000
用户数: 1435, 物品数: 21

设置种子: 20300
构建模型...
模型参数: 134912

开始训练 (3 epochs)...
Epoch 1/3 | L2 Loss: 0.6246
Epoch 2/3 | L2 Loss: 0.5591
Epoch 3/3 | L2 Loss: 0.5565
训练完成，耗时: 187.40s

评估...

结果:
  Test MRR: 0.6696
  Test Recall@10: 0.9157
  训练时间: 187.40s

结果已保存到: outputs/multi_seed_verification/seed_300/serial/retrain/result.json
✓ [serial] 重训练完成
