[serial] Seed=100 开始...
[Timing] Timing log: outputs/multi_seed_verification/seed_100/serial/timing_log.csv
Epoch 1/3 | L2 Loss: 49.9785
Epoch 2/3 | L2 Loss: 47.0343
Epoch 3/3 | L2 Loss: 47.1666
[Coarse 1/27] model=jodie_rnn agg=none memory=rnn time_proj=linear val_score=0.5882
Epoch 1/3 | L2 Loss: 97.6779
Epoch 2/3 | L2 Loss: 92.0892
Epoch 3/3 | L2 Loss: 91.8292
[Coarse 2/27] model=jodie_rnn agg=none memory=rnn time_proj=linear val_score=0.6943
Epoch 1/3 | L2 Loss: 0.6264
Epoch 2/3 | L2 Loss: 0.5382
Epoch 3/3 | L2 Loss: 0.4553
[Coarse 3/27] model=jodie_rnn agg=none memory=gru time_proj=linear val_score=0.4797
Epoch 1/3 | L2 Loss: nan
Epoch 2/3 | L2 Loss: nan
Epoch 3/3 | L2 Loss: nan
[Coarse 4/27] model=jodie_rnn agg=none memory=gru time_proj=linear val_score=0.1266
Epoch 1/3 | L2 Loss: 10.0569
Epoch 2/3 | L2 Loss: 9.2434
Epoch 3/3 | L2 Loss: 9.1126
[Coarse 5/27] model=jodie_rnn agg=none memory=rnn time_proj=off val_score=0.6050
Epoch 1/3 | L2 Loss: 1.0149
Epoch 2/3 | L2 Loss: 0.9619
Epoch 3/3 | L2 Loss: 0.8826
[Coarse 6/27] model=jodie_rnn agg=none memory=gru time_proj=linear val_score=0.4402
Epoch 1/3 | L2 Loss: 25.9603
Epoch 2/3 | L2 Loss: 24.0706
Epoch 3/3 | L2 Loss: 23.9616
[Coarse 7/27] model=jodie_rnn agg=none memory=rnn time_proj=linear val_score=0.6053
Epoch 1/3 | L2 Loss: 0.2389
Epoch 2/3 | L2 Loss: 0.2122
Epoch 3/3 | L2 Loss: 0.2060
[Coarse 8/27] model=jodie_rnn agg=none memory=rnn time_proj=off val_score=0.4026
Epoch 1/3 | L2 Loss: 0.4203
Epoch 2/3 | L2 Loss: 0.3728
Epoch 3/3 | L2 Loss: 0.3636
[Coarse 9/27] model=jodie_rnn agg=none memory=lstm time_proj=off val_score=0.3150
Epoch 1/3 | L2 Loss: 25.2022
Epoch 2/3 | L2 Loss: 23.4933
Epoch 3/3 | L2 Loss: 23.4019
[Coarse 10/27] model=jodie_rnn agg=none memory=rnn time_proj=linear val_score=0.6273
Epoch 1/3 | L2 Loss: 1.0643
Epoch 2/3 | L2 Loss: 0.9813
Epoch 3/3 | L2 Loss: 0.9817
[Coarse 11/27] model=jodie_rnn agg=none memory=rnn time_proj=linear val_score=0.6012
Epoch 1/3 | L2 Loss: nan
Epoch 2/3 | L2 Loss: nan
Epoch 3/3 | L2 Loss: nan
[Coarse 12/27] model=jodie_rnn agg=none memory=gru time_proj=linear val_score=0.1266
Epoch 1/3 | L2 Loss: 0.9009
Epoch 2/3 | L2 Loss: 0.8198
Epoch 3/3 | L2 Loss: 0.7781
[Coarse 13/27] model=jodie_rnn agg=none memory=rnn time_proj=linear val_score=0.6597
Epoch 1/3 | L2 Loss: 12.5550
Epoch 2/3 | L2 Loss: 9.8844
Epoch 3/3 | L2 Loss: 9.7095
[Coarse 14/27] model=jodie_rnn agg=none memory=lstm time_proj=linear val_score=0.3014
Epoch 1/3 | L2 Loss: 1.0054
Epoch 2/3 | L2 Loss: 0.8945
Epoch 3/3 | L2 Loss: 0.8801
[Coarse 15/27] model=jodie_rnn agg=none memory=lstm time_proj=linear val_score=0.5010
Epoch 1/3 | L2 Loss: 1.3017
Epoch 2/3 | L2 Loss: 1.1373
Epoch 3/3 | L2 Loss: 1.1013
[Coarse 16/27] model=jodie_rnn agg=none memory=gru time_proj=off val_score=0.3887
Epoch 1/3 | L2 Loss: 0.2997
Epoch 2/3 | L2 Loss: 0.2573
Epoch 3/3 | L2 Loss: 0.2487
[Coarse 17/27] model=jodie_rnn agg=none memory=lstm time_proj=off val_score=0.3398
Epoch 1/3 | L2 Loss: 1.2752
Epoch 2/3 | L2 Loss: 1.1635
Epoch 3/3 | L2 Loss: 1.0215
[Coarse 18/27] model=jodie_rnn agg=none memory=lstm time_proj=linear val_score=0.4423
Epoch 1/3 | L2 Loss: 22.6799
Epoch 2/3 | L2 Loss: 20.7784
Epoch 3/3 | L2 Loss: 20.5660
[Coarse 19/27] model=jodie_rnn agg=none memory=rnn time_proj=off val_score=0.8555
Epoch 1/3 | L2 Loss: 4.1203
Epoch 2/3 | L2 Loss: 3.7005
Epoch 3/3 | L2 Loss: 3.6218
[Coarse 20/27] model=jodie_rnn agg=none memory=rnn time_proj=off val_score=0.4851
Epoch 1/3 | L2 Loss: 4.1092
Epoch 2/3 | L2 Loss: 3.5178
Epoch 3/3 | L2 Loss: 3.5119
[Coarse 21/27] model=jodie_rnn agg=none memory=lstm time_proj=linear val_score=0.2926
Epoch 1/3 | L2 Loss: 0.1684
Epoch 2/3 | L2 Loss: 0.1540
Epoch 3/3 | L2 Loss: 0.1515
[Coarse 22/27] model=jodie_rnn agg=none memory=rnn time_proj=off val_score=0.3442
Epoch 1/3 | L2 Loss: 95.5631
Epoch 2/3 | L2 Loss: 90.7143
Epoch 3/3 | L2 Loss: 90.7015
[Coarse 23/27] model=jodie_rnn agg=none memory=rnn time_proj=linear val_score=0.5725
Epoch 1/3 | L2 Loss: 0.4338
Epoch 2/3 | L2 Loss: 0.3682
Epoch 3/3 | L2 Loss: 0.3530
[Coarse 24/27] model=jodie_rnn agg=none memory=lstm time_proj=off val_score=0.4045
Epoch 1/3 | L2 Loss: 0.8084
Epoch 2/3 | L2 Loss: 0.7739
Epoch 3/3 | L2 Loss: 0.7473
[Coarse 25/27] model=jodie_rnn agg=none memory=lstm time_proj=linear val_score=0.5935
Epoch 1/3 | L2 Loss: 0.1620
Epoch 2/3 | L2 Loss: 0.1382
Epoch 3/3 | L2 Loss: 0.1320
[Coarse 26/27] model=jodie_rnn agg=none memory=gru time_proj=off val_score=0.3907
Epoch 1/3 | L2 Loss: 0.7088
Epoch 2/3 | L2 Loss: 0.6408
Epoch 3/3 | L2 Loss: 0.6282
[Coarse 27/27] model=jodie_rnn agg=none memory=rnn time_proj=linear val_score=0.6949
Epoch 1/3 | L2 Loss: 21.2930
Epoch 2/3 | L2 Loss: 19.5992
Epoch 3/3 | L2 Loss: 19.4705
Best architecture saved to: outputs/multi_seed_verification/seed_100/serial/best_arch.json
Leaderboard saved to: outputs/multi_seed_verification/seed_100/serial/leaderboard.csv
Search mode: rl
Best selection score: 0.8555
Best test score: 0.8555
Best model family: jodie_rnn
✓ [serial] NAS完成
训练配置: {
  "model": "jodie_rnn",
  "embedding_dim": 128,
  "memory_cell": "rnn",
  "time_proj": "off",
  "use_static_embeddings": "off",
  "normalize_state": "off",
  "event_agg": "none",
  "max_neighbors": 0,
  "batch_mode": "tbatch",
  "train_batch_size": 32,
  "dataset": "public_csv",
  "local_data_path": "data/public/mooc.csv",
  "max_events": 20000,
  "seed": 20100,
  "lr": 0.001,
  "neg_sample_size": 5,
  "k": 10,
  "device": "cuda"
}

加载数据...
数据集: 14000 train, 2000 val, 4000 test
最终训练: 16000 (train+val), 测试: 4000
用户数: 1435, 物品数: 21

设置种子: 20100
构建模型...
模型参数: 134912

开始训练 (3 epochs)...
Epoch 1/3 | L2 Loss: 21.2928
Epoch 2/3 | L2 Loss: 19.5991
Epoch 3/3 | L2 Loss: 19.4704
训练完成，耗时: 131.19s

评估...

结果:
  Test MRR: 0.8358
  Test Recall@10: 0.9895
  训练时间: 131.19s

结果已保存到: outputs/multi_seed_verification/seed_100/serial/retrain/result.json
✓ [serial] 重训练完成
