[09-13 19:54:03] ===== 定位实验链条启动 (Phase 3, 从第 1 个 run 开始) =====
[09-13 19:54:03] 
[09-13 19:54:03] ===== [1/38] cell B / dp =====
[09-13 19:54:03] ✓ 跳过已完成的干净 run(experiments/logs/cellB_dp_fixed_20260909.log 有完成标志且无失败策略)
[09-13 19:54:03] 
[09-13 19:54:03] ===== [2/38] cell B / smart_sync =====
[09-13 19:54:03] ✓ 跳过已完成的干净 run(experiments/logs/cellB_smart_sync_20260909.log 有完成标志且无失败策略)
[09-13 19:54:03] 
[09-13 19:54:03] ===== [3/38] cell E / dp =====
[09-13 19:54:03] ✓ 跳过已完成的干净 run(experiments/logs/cellE_dp_fixed_20260909.log 有完成标志且无失败策略)
[09-13 19:54:03] 
[09-13 19:54:03] ===== [4/38] cell E / smart_sync =====
[09-13 19:54:03] ✓ 跳过已完成的干净 run(experiments/logs/cellE_smart_sync_20260909.log 有完成标志且无失败策略)
[09-13 19:54:03] 
[09-13 19:54:03] ===== [5/38] cell E / serial =====
[09-13 19:54:03] ✓ 跳过已完成的干净 run(experiments/logs/cellE_serial_20260910.log 有完成标志且无失败策略)
[09-13 19:54:03] 
[09-13 19:54:03] ===== [6/38] cell D / smart =====
[09-13 19:54:03] ✓ 跳过已完成的干净 run(experiments/logs/cellD_smart_sync_rep_contended_20260910.log 有完成标志且无失败策略)
[09-13 19:54:03] 
[09-13 19:54:03] ===== [7/38] cell D / dp =====
[09-13 19:54:03] ✓ 跳过已完成的干净 run(experiments/logs/cellD_dp_fixed_20260911.log 有完成标志且无失败策略)
[09-13 19:54:03] 
[09-13 19:54:04] ===== [8/38] cell D / smart_sync =====
[09-13 19:54:04] ✓ 跳过已完成的干净 run(experiments/logs/cellD_smart_sync_20260911.log 有完成标志且无失败策略)
[09-13 19:54:04] 
[09-13 19:54:04] ===== [9/38] cell D / naive_alloc =====
[09-13 19:54:04] ✓ 跳过已完成的干净 run(experiments/logs/cellD_naive_alloc_20260911.log 有完成标志且无失败策略)
[09-13 19:54:04] 
[09-13 19:54:04] ===== [10/38] cell F / smart =====
[09-13 19:54:04] ✓ 跳过已完成的干净 run(experiments/logs/cellF_smart_sync_rep_20260911.log 有完成标志且无失败策略)
[09-13 19:54:04] 
[09-13 19:54:04] ===== [11/38] cell F / naive =====
[09-13 19:54:04] ✓ 跳过已完成的干净 run(experiments/logs/cellF_naive_20260911.log 有完成标志且无失败策略)
[09-13 19:54:04] 
[09-13 19:54:04] ===== [12/38] cell F / naive_alloc =====
[09-13 19:54:04] ✓ 跳过已完成的干净 run(experiments/logs/cellF_naive_alloc_20260911.log 有完成标志且无失败策略)
[09-13 19:54:04] 
[09-13 19:54:04] ===== [13/38] cell F / smart_sync =====
[09-13 19:54:04] ✓ 跳过已完成的干净 run(experiments/logs/cellF_smart_sync_20260911.log 有完成标志且无失败策略)
[09-13 19:54:04] 
[09-13 19:54:04] ===== [14/38] cell F / dp =====
[09-13 19:54:04] ✓ 跳过已完成的干净 run(experiments/logs/cellF_dp_20260911.log 有完成标志且无失败策略)
[09-13 19:54:04] 
[09-13 19:54:04] ===== [15/38] cell F / serial =====
[09-13 19:54:04] ✓ 跳过已完成的干净 run(experiments/logs/cellF_serial_20260911.log 有完成标志且无失败策略)
[09-13 19:54:04] 
[09-13 19:54:04] ===== [16/38] cell C / smart =====
[09-13 19:54:04] ✓ 跳过已完成的干净 run(experiments/logs/cellC_smart_sync_rep_20260912.log 有完成标志且无失败策略)
[09-13 19:54:04] 
[09-13 19:54:04] ===== [17/38] cell C / naive =====
[09-13 19:54:04] ✓ 跳过已完成的干净 run(experiments/logs/cellC_naive_20260912.log 有完成标志且无失败策略)
[09-13 19:54:04] 
[09-13 19:54:04] ===== [18/38] cell C / naive_alloc =====
[09-13 19:54:04] ✓ 跳过已完成的干净 run(experiments/logs/cellC_naive_alloc_20260912.log 有完成标志且无失败策略)
[09-13 19:54:04] 
[09-13 19:54:04] ===== [19/38] cell C / smart_sync =====
[09-13 19:54:04] ✓ 跳过已完成的干净 run(experiments/logs/cellC_smart_sync_20260912.log 有完成标志且无失败策略)
[09-13 19:54:04] 
[09-13 19:54:04] ===== [20/38] cell C / dp =====
[09-13 19:54:04] ✓ 跳过已完成的干净 run(experiments/logs/cellC_dp_20260911.log 有完成标志且无失败策略)
[09-13 19:54:04] 
[09-13 19:54:04] ===== [21/38] cell C / serial =====
[09-13 19:54:04] ✓ 跳过已完成的干净 run(experiments/logs/cellC_serial_20260911.log 有完成标志且无失败策略)
[09-13 19:54:04] 
[09-13 19:54:04] ===== [22/38] cell B / serial =====
[09-13 19:54:04] ✓ 跳过已完成的干净 run(experiments/logs/cellB_serial_20260912.log 有完成标志且无失败策略)
[09-13 19:54:04] 
[09-13 19:54:04] ===== [23/38] cell D / smart =====
[09-13 19:54:04] ✓ 跳过已完成的干净 run(experiments/logs/cellD_smart_async_20260912.log 有完成标志且无失败策略)
[09-13 19:54:04] 
[09-13 19:54:04] ===== [24/38] cell F / smart =====
[09-13 19:54:04] ✓ 跳过已完成的干净 run(experiments/logs/cellF_smart_async_20260912.log 有完成标志且无失败策略)
[09-13 19:54:04] 
[09-13 19:54:04] ===== [25/38] cell C / smart =====
[09-13 19:54:04] ✓ 跳过已完成的干净 run(experiments/logs/cellC_smart_async_20260912.log 有完成标志且无失败策略)
[09-13 19:54:04] 
[09-13 19:54:04] ===== [26/38] cell G / naive =====
[09-13 19:54:04] ✓ 跳过已完成的干净 run(experiments/logs/cellG_naive_20260912.log 有完成标志且无失败策略)
[09-13 19:54:04] 
[09-13 19:54:04] ===== [27/38] cell G / smart_sync =====
[09-13 19:54:04] ✓ 跳过已完成的干净 run(experiments/logs/cellG_smart_sync_20260912.log 有完成标志且无失败策略)
[09-13 19:54:04] 
[09-13 19:54:04] ===== [28/38] cell G / smart =====
[09-13 19:54:04] ✓ 跳过已完成的干净 run(experiments/logs/cellG_smart_async_20260912.log 有完成标志且无失败策略)
[09-13 19:54:04] 
[09-13 19:54:04] ===== [29/38] cell G / serial =====
[09-13 19:54:04] ✓ 跳过已完成的干净 run(experiments/logs/cellG_serial_20260912.log 有完成标志且无失败策略)
[09-13 19:54:04] 
[09-13 19:54:04] ===== [30/38] cell B / naive_async =====
[09-13 19:54:04] ✓ 跳过已完成的干净 run(experiments/logs/cellB_naive_async_20260913.log 有完成标志且无失败策略)
[09-13 19:54:04] 
[09-13 19:54:04] ===== [31/38] cell D / naive_async =====
[09-13 19:54:04] ✓ 跳过已完成的干净 run(experiments/logs/cellD_naive_async_20260913.log 有完成标志且无失败策略)
[09-13 19:54:04] 
[09-13 19:54:04] ===== [32/38] cell F / naive_async =====
[09-13 19:54:04] ✓ 跳过已完成的干净 run(experiments/logs/cellF_naive_async_20260913.log 有完成标志且无失败策略)
[09-13 19:54:04] 
[09-13 19:54:04] ===== [33/38] cell G / naive_async =====
[09-13 19:54:04] ✓ 跳过已完成的干净 run(experiments/logs/cellG_naive_async_20260913.log 有完成标志且无失败策略)
[09-13 19:54:04] 
[09-13 19:54:04] ===== [34/38] cell E / naive_async =====
[09-13 19:54:04] 动态选卡:等待任意 2 张空闲 GPU...
[09-13 19:54:04] ✓ 动态选中 GPU [0,1]
[09-13 19:54:04] ✓ 磁盘剩余 13G
=== cell E / naive_async (内部名 pipeline_naive) ===
已写入 run_all.py,变更如下:
  · MAX_EVENTS = 100000
  · COARSE_TRIALS = 12
  · RERANK_TOP_K = 0
  · DATA_PARALLEL_WORKERS = 2
  · NUM_PIPELINE_STAGES = 2
  · GPU_LIST = "0,1"
  · SEARCH_SPACE = "rnn_only"
  · PIPELINE_STAGE_TRAIN_WORKERS = "1,1"
  · PIPELINE_STAGE_EVAL_WORKERS = "1,1"
  · NAIVE_PIPELINE_MODE = "smart"
  · ENABLE_STRATEGIES = [pipeline_naive]  (naive_async)
── 预检摘要(启动后 precheck.py 会照此核对)──
  策略        : pipeline_naive  (cell E-naive_async)
  MAX_EVENTS  : 100000
  SEARCH_SPACE: rnn_only
  GPU_LIST    : 0,1
  BATCH_MODE  : serial (固定, 保真协议)
  SEED        : 42 (固定)
  COARSE_TRIALS: 12   RERANK_TOP_K: 0
  Naive stages: 2 × train[1,1] eval[1,1]
  驱动        : NAIVE_PIPELINE_MODE=smart (异步池, 多阶段流水线)

[09-13 19:54:04] 已启动 PID=4014529, CUDA_VISIBLE_DEVICES=0,1, log=experiments/logs/cellE_naive_async_20260913.log
=== 自动预检: cell E / naive_async (期望 pipeline_naive) ===
  快照: /home/wanghaoyu/JODIE-simple/results/20260913_195407/config.json
  ✓ MAX_EVENTS = 100000
  ✓ SEARCH_SPACE = 'rnn_only'
  ✓ COARSE_TRIALS = 12
  ✓ RERANK_TOP_K = 0
  ✓ GPU_LIST = '0,1'
  ✓ DATA_PARALLEL_WORKERS = 2
  ✓ NUM_PIPELINE_STAGES = 2
  ✓ PIPELINE_STAGE_TRAIN_WORKERS = '1,1'
  ✓ PIPELINE_STAGE_EVAL_WORKERS = '1,1'
  ✓ NAIVE_PIPELINE_MODE = 'smart'
  ✓ ENABLE_STRATEGIES = ['pipeline_naive']
  ✓ SEARCH_MODE = 'rl'
  ✓ BATCH_MODE = 'serial'
  ✓ SEED = 42
  ✓ PARTITION_SIZE = 2000
  ✓ FEATURE_DIM = 4
  ✓ SMART_ENABLE_AUTO_PIPELINE_CONFIG = False
  ✓ log: 数据文件
  ✓ log: CUDA
  ✓ log: Ray 已安装
  ✓ log: 结果目录
  ✓ log: 启用策略
  ✓ 可见GPU数 2 = 期望 2(CUDA_VISIBLE_DEVICES 已生效)

  [预检] ✓ 全部通过 — 配置与指南一致,运行继续。
[09-13 19:55:35] ✓ 预检通过
[09-13 19:57:35] ⚠⚠ 污染警报:本 run 卡上出现活跃计算的他人进程 PID=3916586 (sm>15%),本 run 计时可能作废
[09-13 22:30:19] ⚠⚠ 污染警报:本 run 卡上出现活跃计算的他人进程 PID=107777 (sm>15%),本 run 计时可能作废
[09-13 22:37:23] ✓ 本 run 正常结束
[09-13 22:37:37] ✗ 污染裁决:本 run 计时作废,污染 log 改存 *_polluted,自动重跑一次
[09-13 22:37:37] 
[09-13 22:37:37] ===== [34/38] cell E / naive_async =====
[09-13 22:37:37] 动态选卡:等待任意 2 张空闲 GPU...
[09-13 22:37:37] ✓ 动态选中 GPU [0,1]
[09-13 22:37:37] ✓ 磁盘剩余 12G
=== cell E / naive_async (内部名 pipeline_naive) ===
已写入 run_all.py,变更如下:
  · MAX_EVENTS = 100000
  · COARSE_TRIALS = 12
  · RERANK_TOP_K = 0
  · DATA_PARALLEL_WORKERS = 2
  · NUM_PIPELINE_STAGES = 2
  · GPU_LIST = "0,1"
  · SEARCH_SPACE = "rnn_only"
  · PIPELINE_STAGE_TRAIN_WORKERS = "1,1"
  · PIPELINE_STAGE_EVAL_WORKERS = "1,1"
  · NAIVE_PIPELINE_MODE = "smart"
  · ENABLE_STRATEGIES = [pipeline_naive]  (naive_async)
── 预检摘要(启动后 precheck.py 会照此核对)──
  策略        : pipeline_naive  (cell E-naive_async)
  MAX_EVENTS  : 100000
  SEARCH_SPACE: rnn_only
  GPU_LIST    : 0,1
  BATCH_MODE  : serial (固定, 保真协议)
  SEED        : 42 (固定)
  COARSE_TRIALS: 12   RERANK_TOP_K: 0
  Naive stages: 2 × train[1,1] eval[1,1]
  驱动        : NAIVE_PIPELINE_MODE=smart (异步池, 多阶段流水线)

[09-13 22:37:37] 已启动 PID=122788, CUDA_VISIBLE_DEVICES=0,1, log=experiments/logs/cellE_naive_async_20260913.log
=== 自动预检: cell E / naive_async (期望 pipeline_naive) ===
  快照: /home/wanghaoyu/JODIE-simple/results/20260913_223741/config.json
  ✓ MAX_EVENTS = 100000
  ✓ SEARCH_SPACE = 'rnn_only'
  ✓ COARSE_TRIALS = 12
  ✓ RERANK_TOP_K = 0
  ✓ GPU_LIST = '0,1'
  ✓ DATA_PARALLEL_WORKERS = 2
  ✓ NUM_PIPELINE_STAGES = 2
  ✓ PIPELINE_STAGE_TRAIN_WORKERS = '1,1'
  ✓ PIPELINE_STAGE_EVAL_WORKERS = '1,1'
  ✓ NAIVE_PIPELINE_MODE = 'smart'
  ✓ ENABLE_STRATEGIES = ['pipeline_naive']
  ✓ SEARCH_MODE = 'rl'
  ✓ BATCH_MODE = 'serial'
  ✓ SEED = 42
  ✓ PARTITION_SIZE = 2000
  ✓ FEATURE_DIM = 4
  ✓ SMART_ENABLE_AUTO_PIPELINE_CONFIG = False
  ✓ log: 数据文件
  ✓ log: CUDA
  ✓ log: Ray 已安装
  ✓ log: 结果目录
  ✓ log: 启用策略
  ✓ 可见GPU数 2 = 期望 2(CUDA_VISIBLE_DEVICES 已生效)

  [预检] ✓ 全部通过 — 配置与指南一致,运行继续。
[09-13 22:39:08] ✓ 预检通过
[09-13 22:40:20] ⚠⚠ 污染警报:本 run 卡上出现活跃计算的他人进程 PID=107777123119 (sm>15%),本 run 计时可能作废
[09-13 22:41:44] ⚠⚠ 污染警报:本 run 卡上出现活跃计算的他人进程 PID=107777123119 (sm>15%),本 run 计时可能作废
[09-13 22:43:25] ⚠⚠ 污染警报:本 run 卡上出现活跃计算的他人进程 PID=107777123119 (sm>15%),本 run 计时可能作废
[09-13 22:45:24] ⚠⚠ 污染警报:本 run 卡上出现活跃计算的他人进程 PID=107777123119 (sm>15%),本 run 计时可能作废
[09-13 22:47:54] ⚠⚠ 污染警报:本 run 卡上出现活跃计算的他人进程 PID=107777123119 (sm>15%),本 run 计时可能作废
[09-13 22:50:58] ⚠⚠ 污染警报:本 run 卡上出现活跃计算的他人进程 PID=107777123119 (sm>15%),本 run 计时可能作废
[09-13 22:54:41] ⚠⚠ 污染警报:本 run 卡上出现活跃计算的他人进程 PID=107777123119 (sm>15%),本 run 计时可能作废
[09-13 22:59:10] ⚠⚠ 污染警报:本 run 卡上出现活跃计算的他人进程 PID=107777123119 (sm>15%),本 run 计时可能作废
[09-13 23:04:28] ⚠⚠ 污染警报:本 run 卡上出现活跃计算的他人进程 PID=107777123119 (sm>15%),本 run 计时可能作废
[09-13 23:11:03] ⚠⚠ 污染警报:本 run 卡上出现活跃计算的他人进程 PID=107777123119 (sm>15%),本 run 计时可能作废
[09-13 23:16:53] ⚠⚠ 污染警报:本 run 卡上出现活跃计算的他人进程 PID=107777123119 (sm>15%),本 run 计时可能作废
[09-13 23:21:45] ⚠⚠ 污染警报:本 run 卡上出现活跃计算的他人进程 PID=107777123119 (sm>15%),本 run 计时可能作废
[09-13 23:27:02] ⚠⚠ 污染警报:本 run 卡上出现活跃计算的他人进程 PID=107777123119 (sm>15%),本 run 计时可能作废
[09-13 23:34:23] ⚠⚠ 污染警报:本 run 卡上出现活跃计算的他人进程 PID=107777123119 (sm>15%),本 run 计时可能作废
[09-13 23:41:18] ⚠⚠ 污染警报:本 run 卡上出现活跃计算的他人进程 PID=107777123119 (sm>15%),本 run 计时可能作废
[09-13 23:49:01] ⚠⚠ 污染警报:本 run 卡上出现活跃计算的他人进程 PID=107777123119 (sm>15%),本 run 计时可能作废
[09-13 23:56:33] ⚠⚠ 污染警报:本 run 卡上出现活跃计算的他人进程 PID=107777123119 (sm>15%),本 run 计时可能作废
[09-14 00:05:07] ⚠⚠ 污染警报:本 run 卡上出现活跃计算的他人进程 PID=107777123119 (sm>15%),本 run 计时可能作废
[09-14 00:12:42] ⚠⚠ 污染警报:本 run 卡上出现活跃计算的他人进程 PID=107777123119 (sm>15%),本 run 计时可能作废
[09-14 00:20:25] ⚠⚠ 污染警报:本 run 卡上出现活跃计算的他人进程 PID=107777123119 (sm>15%),本 run 计时可能作废
[09-14 00:27:56] ⚠⚠ 污染警报:本 run 卡上出现活跃计算的他人进程 PID=107777123119 (sm>15%),本 run 计时可能作废
[09-14 00:35:29] ⚠⚠ 污染警报:本 run 卡上出现活跃计算的他人进程 PID=107777123119 (sm>15%),本 run 计时可能作废
[09-14 00:43:07] ⚠⚠ 污染警报:本 run 卡上出现活跃计算的他人进程 PID=107777123119 (sm>15%),本 run 计时可能作废
[09-14 00:50:34] ⚠⚠ 污染警报:本 run 卡上出现活跃计算的他人进程 PID=107777123119 (sm>15%),本 run 计时可能作废
[09-14 00:57:59] ⚠⚠ 污染警报:本 run 卡上出现活跃计算的他人进程 PID=107777123119 (sm>15%),本 run 计时可能作废
[09-14 01:05:17] ⚠⚠ 污染警报:本 run 卡上出现活跃计算的他人进程 PID=107777123119 (sm>15%),本 run 计时可能作废
[09-14 01:12:58] ⚠⚠ 污染警报:本 run 卡上出现活跃计算的他人进程 PID=107777123119 (sm>15%),本 run 计时可能作废
[09-14 01:20:22] ⚠⚠ 污染警报:本 run 卡上出现活跃计算的他人进程 PID=107777123119 (sm>15%),本 run 计时可能作废
[09-14 01:20:22] ✓ 本 run 正常结束
[09-14 01:20:37] ✗✗ 重跑仍受污染,不再自动重跑,留待人工判读
[09-14 01:20:37] 
[09-14 01:20:37] ===== [35/38] cell H / naive =====
[09-14 01:20:37] 动态选卡:等待任意 3 张空闲 GPU...
[09-14 01:20:38] ✓ 动态选中 GPU [0,1,2]
[09-14 01:20:38] ✓ 磁盘剩余 12G
=== cell H / naive (内部名 pipeline_naive) ===
已写入 run_all.py,变更如下:
  · MAX_EVENTS = 200000
  · COARSE_TRIALS = 12
  · RERANK_TOP_K = 0
  · DATA_PARALLEL_WORKERS = 3
  · NUM_PIPELINE_STAGES = 3
  · GPU_LIST = "0,1,2"
  · SEARCH_SPACE = "mixed"
  · PIPELINE_STAGE_TRAIN_WORKERS = "1,1,1"
  · PIPELINE_STAGE_EVAL_WORKERS = "1,1,1"
  · NAIVE_PIPELINE_MODE = "naive"
  · ENABLE_STRATEGIES = [pipeline_naive]  (naive)
── 预检摘要(启动后 precheck.py 会照此核对)──
  策略        : pipeline_naive  (cell H-naive)
  MAX_EVENTS  : 200000
  SEARCH_SPACE: mixed
  GPU_LIST    : 0,1,2
  BATCH_MODE  : serial (固定, 保真协议)
  SEED        : 42 (固定)
  COARSE_TRIALS: 12   RERANK_TOP_K: 0
  Naive stages: 3 × train[1,1,1] eval[1,1,1]

[09-14 01:20:38] 已启动 PID=422524, CUDA_VISIBLE_DEVICES=0,1,2, log=experiments/logs/cellH_naive_20260913.log
=== 自动预检: cell H / naive (期望 pipeline_naive) ===
  快照: /home/wanghaoyu/JODIE-simple/results/20260914_012044/config.json
  ✓ MAX_EVENTS = 200000
  ✓ SEARCH_SPACE = 'mixed'
  ✓ COARSE_TRIALS = 12
  ✓ RERANK_TOP_K = 0
  ✓ GPU_LIST = '0,1,2'
  ✓ DATA_PARALLEL_WORKERS = 3
  ✓ NUM_PIPELINE_STAGES = 3
  ✓ PIPELINE_STAGE_TRAIN_WORKERS = '1,1,1'
  ✓ PIPELINE_STAGE_EVAL_WORKERS = '1,1,1'
  ✓ NAIVE_PIPELINE_MODE = 'naive'
  ✓ ENABLE_STRATEGIES = ['pipeline_naive']
  ✓ SEARCH_MODE = 'rl'
  ✓ BATCH_MODE = 'serial'
  ✓ SEED = 42
  ✓ PARTITION_SIZE = 2000
  ✓ FEATURE_DIM = 4
  ✓ SMART_ENABLE_AUTO_PIPELINE_CONFIG = False
  ✓ log: 数据文件
  ✓ log: CUDA
  ✓ log: Ray 已安装
  ✓ log: 结果目录
  ✓ log: 启用策略
  ✓ 可见GPU数 3 = 期望 3(CUDA_VISIBLE_DEVICES 已生效)

  [预检] ✓ 全部通过 — 配置与指南一致,运行继续。
[09-14 01:22:08] ✓ 预检通过
[09-14 01:33:09] ⚠⚠ 污染警报:本 run 卡上出现活跃计算的他人进程 PID=25619 (sm>15%),本 run 计时可能作废
[09-14 01:43:13] ⚠⚠ 污染警报:本 run 卡上出现活跃计算的他人进程 PID=123119 (sm>15%),本 run 计时可能作废
[09-14 03:14:56] ⚠⚠ 污染警报:本 run 卡上出现活跃计算的他人进程 PID=576363 (sm>15%),本 run 计时可能作废
[09-14 04:28:44] ✓ 本 run 正常结束
[09-14 04:29:01] ✗ 污染裁决:本 run 计时作废,污染 log 改存 *_polluted,自动重跑一次
[09-14 04:29:01] 
[09-14 04:29:01] ===== [35/38] cell H / naive =====
[09-14 04:29:01] 动态选卡:等待任意 3 张空闲 GPU...
[09-14 04:29:01] ✓ 动态选中 GPU [0,1,2]
[09-14 04:29:01] ✓ 磁盘剩余 12G
=== cell H / naive (内部名 pipeline_naive) ===
已写入 run_all.py,变更如下:
  · MAX_EVENTS = 200000
  · COARSE_TRIALS = 12
  · RERANK_TOP_K = 0
  · DATA_PARALLEL_WORKERS = 3
  · NUM_PIPELINE_STAGES = 3
  · GPU_LIST = "0,1,2"
  · SEARCH_SPACE = "mixed"
  · PIPELINE_STAGE_TRAIN_WORKERS = "1,1,1"
  · PIPELINE_STAGE_EVAL_WORKERS = "1,1,1"
  · NAIVE_PIPELINE_MODE = "naive"
  · ENABLE_STRATEGIES = [pipeline_naive]  (naive)
── 预检摘要(启动后 precheck.py 会照此核对)──
  策略        : pipeline_naive  (cell H-naive)
  MAX_EVENTS  : 200000
  SEARCH_SPACE: mixed
  GPU_LIST    : 0,1,2
  BATCH_MODE  : serial (固定, 保真协议)
  SEED        : 42 (固定)
  COARSE_TRIALS: 12   RERANK_TOP_K: 0
  Naive stages: 3 × train[1,1,1] eval[1,1,1]

[09-14 04:29:02] 已启动 PID=716974, CUDA_VISIBLE_DEVICES=0,1,2, log=experiments/logs/cellH_naive_20260913.log
=== 自动预检: cell H / naive (期望 pipeline_naive) ===
  快照: /home/wanghaoyu/JODIE-simple/results/20260914_042907/config.json
  ✓ MAX_EVENTS = 200000
  ✓ SEARCH_SPACE = 'mixed'
  ✓ COARSE_TRIALS = 12
  ✓ RERANK_TOP_K = 0
  ✓ GPU_LIST = '0,1,2'
  ✓ DATA_PARALLEL_WORKERS = 3
  ✓ NUM_PIPELINE_STAGES = 3
  ✓ PIPELINE_STAGE_TRAIN_WORKERS = '1,1,1'
  ✓ PIPELINE_STAGE_EVAL_WORKERS = '1,1,1'
  ✓ NAIVE_PIPELINE_MODE = 'naive'
  ✓ ENABLE_STRATEGIES = ['pipeline_naive']
  ✓ SEARCH_MODE = 'rl'
  ✓ BATCH_MODE = 'serial'
  ✓ SEED = 42
  ✓ PARTITION_SIZE = 2000
  ✓ FEATURE_DIM = 4
  ✓ SMART_ENABLE_AUTO_PIPELINE_CONFIG = False
  ✓ log: 数据文件
  ✓ log: CUDA
  ✓ log: Ray 已安装
  ✓ log: 结果目录
  ✓ log: 启用策略
  ✓ 可见GPU数 3 = 期望 3(CUDA_VISIBLE_DEVICES 已生效)

  [预检] ✓ 全部通过 — 配置与指南一致,运行继续。
[09-14 04:30:32] ✓ 预检通过
[09-14 04:31:32] ⚠⚠ 污染警报:本 run 卡上出现活跃计算的他人进程 PID=576363 (sm>15%),本 run 计时可能作废
[09-14 04:55:04] ⚠⚠ 污染警报:本 run 卡上出现活跃计算的他人进程 PID=123119 (sm>15%),本 run 计时可能作废
[09-14 06:22:54] ⚠⚠ 污染警报:本 run 卡上出现活跃计算的他人进程 PID=882071 (sm>15%),本 run 计时可能作废
[09-14 07:42:01] ⚠⚠ 污染警报:本 run 卡上出现活跃计算的他人进程 PID=1035072 (sm>15%),本 run 计时可能作废
[09-14 09:18:34] ✓ 本 run 正常结束
[09-14 09:18:48] ✗✗ 重跑仍受污染,不再自动重跑,留待人工判读
[09-14 09:18:48] 
[09-14 09:18:48] ===== [36/38] cell H / smart_sync =====
[09-14 09:18:48] 动态选卡:等待任意 3 张空闲 GPU...
[09-14 09:18:48] ✓ 动态选中 GPU [0,2,3]
[09-14 09:18:49] ✓ 磁盘剩余 12G
=== cell H / smart_sync (内部名 pipeline_smart) ===
已写入 run_all.py,变更如下:
  · MAX_EVENTS = 200000
  · COARSE_TRIALS = 12
  · RERANK_TOP_K = 0
  · DATA_PARALLEL_WORKERS = 3
  · SMART_NUM_PIPELINE_STAGES = 1
  · GPU_LIST = "0,2,3"
  · SEARCH_SPACE = "mixed"
  · SMART_PIPELINE_STAGE_TRAIN_WORKERS = "3"
  · SMART_PIPELINE_MODE = "naive"
  · ENABLE_STRATEGIES = [pipeline_smart]  (smart_sync)
── 预检摘要(启动后 precheck.py 会照此核对)──
  策略        : pipeline_smart  (cell H-smart_sync)
  MAX_EVENTS  : 200000
  SEARCH_SPACE: mixed
  GPU_LIST    : 0,2,3
  BATCH_MODE  : serial (固定, 保真协议)
  SEED        : 42 (固定)
  COARSE_TRIALS: 12   RERANK_TOP_K: 0
  Smart stages: 1 × train[3] (自动分配=OFF)
  驱动        : SMART_PIPELINE_MODE=naive (批同步, 去异步)

[09-14 09:18:49] 已启动 PID=1236263, CUDA_VISIBLE_DEVICES=0,2,3, log=experiments/logs/cellH_smart_sync_20260913.log
=== 自动预检: cell H / smart_sync (期望 pipeline_smart) ===
  快照: /home/wanghaoyu/JODIE-simple/results/20260914_091853/config.json
  ✓ MAX_EVENTS = 200000
  ✓ SEARCH_SPACE = 'mixed'
  ✓ COARSE_TRIALS = 12
  ✓ RERANK_TOP_K = 0
  ✓ GPU_LIST = '0,2,3'
  ✓ DATA_PARALLEL_WORKERS = 3
  ✓ SMART_NUM_PIPELINE_STAGES = 1
  ✓ SMART_PIPELINE_STAGE_TRAIN_WORKERS = '3'
  ✓ SMART_PIPELINE_MODE = 'naive'
  ✓ ENABLE_STRATEGIES = ['pipeline_smart']
  ✓ SEARCH_MODE = 'rl'
  ✓ BATCH_MODE = 'serial'
  ✓ SEED = 42
  ✓ PARTITION_SIZE = 2000
  ✓ FEATURE_DIM = 4
  ✓ SMART_ENABLE_AUTO_PIPELINE_CONFIG = False
  ✓ log: 数据文件
  ✓ log: CUDA
  ✓ log: Ray 已安装
  ✓ log: 结果目录
  ✓ log: 启用策略
  ✓ 可见GPU数 3 = 期望 3(CUDA_VISIBLE_DEVICES 已生效)

  [预检] ✓ 全部通过 — 配置与指南一致,运行继续。
[09-14 09:20:19] ✓ 预检通过
[09-15 04:29:47] ✓ 本 run 正常结束
[09-15 04:30:01] ✓ 本 run 干净(仅占显存不计算的作业不计污染)
[09-15 04:30:01] 
[09-15 04:30:01] ===== [37/38] cell H / naive_async =====
[09-15 04:30:01] 动态选卡:等待任意 3 张空闲 GPU...
[09-15 04:30:02] ⚠ 空闲 GPU: [] (不足 3 张),继续等待...
[09-15 04:35:02] ⚠ 空闲 GPU: [7] (不足 3 张),继续等待...
[09-15 04:40:03] ⚠ 空闲 GPU: [4] (不足 3 张),继续等待...
[09-15 04:45:03] ⚠ 空闲 GPU: [4] (不足 3 张),继续等待...
[09-15 04:50:04] ✓ 动态选中 GPU [4,6,7]
[09-15 04:50:04] ✓ 磁盘剩余 12G
=== cell H / naive_async (内部名 pipeline_naive) ===
已写入 run_all.py,变更如下:
  · MAX_EVENTS = 200000
  · COARSE_TRIALS = 12
  · RERANK_TOP_K = 0
  · DATA_PARALLEL_WORKERS = 3
  · NUM_PIPELINE_STAGES = 3
  · GPU_LIST = "4,6,7"
  · SEARCH_SPACE = "mixed"
  · PIPELINE_STAGE_TRAIN_WORKERS = "1,1,1"
  · PIPELINE_STAGE_EVAL_WORKERS = "1,1,1"
  · NAIVE_PIPELINE_MODE = "smart"
  · ENABLE_STRATEGIES = [pipeline_naive]  (naive_async)
── 预检摘要(启动后 precheck.py 会照此核对)──
  策略        : pipeline_naive  (cell H-naive_async)
  MAX_EVENTS  : 200000
  SEARCH_SPACE: mixed
  GPU_LIST    : 4,6,7
  BATCH_MODE  : serial (固定, 保真协议)
  SEED        : 42 (固定)
  COARSE_TRIALS: 12   RERANK_TOP_K: 0
  Naive stages: 3 × train[1,1,1] eval[1,1,1]
  驱动        : NAIVE_PIPELINE_MODE=smart (异步池, 多阶段流水线)

[09-15 04:50:04] 已启动 PID=3194542, CUDA_VISIBLE_DEVICES=4,6,7, log=experiments/logs/cellH_naive_async_20260913.log
=== 自动预检: cell H / naive_async (期望 pipeline_naive) ===
  快照: /home/wanghaoyu/JODIE-simple/results/20260915_045008/config.json
  ✓ MAX_EVENTS = 200000
  ✓ SEARCH_SPACE = 'mixed'
  ✓ COARSE_TRIALS = 12
  ✓ RERANK_TOP_K = 0
  ✓ GPU_LIST = '4,6,7'
  ✓ DATA_PARALLEL_WORKERS = 3
  ✓ NUM_PIPELINE_STAGES = 3
  ✓ PIPELINE_STAGE_TRAIN_WORKERS = '1,1,1'
  ✓ PIPELINE_STAGE_EVAL_WORKERS = '1,1,1'
  ✓ NAIVE_PIPELINE_MODE = 'smart'
  ✓ ENABLE_STRATEGIES = ['pipeline_naive']
  ✓ SEARCH_MODE = 'rl'
  ✓ BATCH_MODE = 'serial'
  ✓ SEED = 42
  ✓ PARTITION_SIZE = 2000
  ✓ FEATURE_DIM = 4
  ✓ SMART_ENABLE_AUTO_PIPELINE_CONFIG = False
  ✓ log: 数据文件
  ✓ log: CUDA
  ✓ log: Ray 已安装
  ✓ log: 结果目录
  ✓ log: 启用策略
  ✓ 可见GPU数 3 = 期望 3(CUDA_VISIBLE_DEVICES 已生效)

  [预检] ✓ 全部通过 — 配置与指南一致,运行继续。
[09-15 04:51:35] ✓ 预检通过
[09-15 09:35:22] ✓ 本 run 正常结束
[09-15 09:35:37] ✓ 本 run 干净(仅占显存不计算的作业不计污染)
[09-15 09:35:37] 
[09-15 09:35:37] ===== [38/38] cell H / smart =====
[09-15 09:35:37] 动态选卡:等待任意 3 张空闲 GPU...
[09-15 09:35:37] ✓ 动态选中 GPU [0,6,7]
[09-15 09:35:37] ✓ 磁盘剩余 11G
=== cell H / smart (内部名 pipeline_smart) ===
已写入 run_all.py,变更如下:
  · MAX_EVENTS = 200000
  · COARSE_TRIALS = 12
  · RERANK_TOP_K = 0
  · DATA_PARALLEL_WORKERS = 3
  · SMART_NUM_PIPELINE_STAGES = 1
  · GPU_LIST = "0,6,7"
  · SEARCH_SPACE = "mixed"
  · SMART_PIPELINE_STAGE_TRAIN_WORKERS = "3"
  · SMART_PIPELINE_MODE = "smart"
  · ENABLE_STRATEGIES = [pipeline_smart]  (smart)
── 预检摘要(启动后 precheck.py 会照此核对)──
  策略        : pipeline_smart  (cell H-smart)
  MAX_EVENTS  : 200000
  SEARCH_SPACE: mixed
  GPU_LIST    : 0,6,7
  BATCH_MODE  : serial (固定, 保真协议)
  SEED        : 42 (固定)
  COARSE_TRIALS: 12   RERANK_TOP_K: 0
  Smart stages: 1 × train[3] (自动分配=OFF)

[09-15 09:35:37] 已启动 PID=3603554, CUDA_VISIBLE_DEVICES=0,6,7, log=experiments/logs/cellH_smart_async_20260913.log
=== 自动预检: cell H / smart (期望 pipeline_smart) ===
  快照: /home/wanghaoyu/JODIE-simple/results/20260915_093543/config.json
  ✓ MAX_EVENTS = 200000
  ✓ SEARCH_SPACE = 'mixed'
  ✓ COARSE_TRIALS = 12
  ✓ RERANK_TOP_K = 0
  ✓ GPU_LIST = '0,6,7'
  ✓ DATA_PARALLEL_WORKERS = 3
  ✓ SMART_NUM_PIPELINE_STAGES = 1
  ✓ SMART_PIPELINE_STAGE_TRAIN_WORKERS = '3'
  ✓ SMART_PIPELINE_MODE = 'smart'
  ✓ ENABLE_STRATEGIES = ['pipeline_smart']
  ✓ SEARCH_MODE = 'rl'
  ✓ BATCH_MODE = 'serial'
  ✓ SEED = 42
  ✓ PARTITION_SIZE = 2000
  ✓ FEATURE_DIM = 4
  ✓ SMART_ENABLE_AUTO_PIPELINE_CONFIG = False
  ✓ log: 数据文件
  ✓ log: CUDA
  ✓ log: Ray 已安装
  ✓ log: 结果目录
  ✓ log: 启用策略
  ✓ 可见GPU数 3 = 期望 3(CUDA_VISIBLE_DEVICES 已生效)

  [预检] ✓ 全部通过 — 配置与指南一致,运行继续。
[09-15 09:37:07] ✓ 预检通过
[09-15 09:44:09] ⚠⚠ 污染警报:本 run 卡上出现活跃计算的他人进程 PID=3559655 (sm>15%),本 run 计时可能作废
[09-15 16:13:23] ⚠⚠ 污染警报:本 run 卡上出现活跃计算的他人进程 PID=3365197 (sm>15%),本 run 计时可能作废
