[09-15 21:17:07] ===== 定位实验链条启动 (Phase 4, 从第 1 个 run 开始) =====
[09-15 21:17:07] 
[09-15 21:17:07] ===== [1/3] cell B / serial =====
[09-15 21:17:07] 动态选卡:等待任意 2 张空闲 GPU...
[09-15 21:17:07] ✓ 动态选中 GPU [0,1]
[09-15 21:17:07] ✓ 磁盘剩余 9.9G
=== cell B / serial (内部名 serial) ===
已写入 run_all.py,变更如下:
  · MAX_EVENTS = 20000
  · COARSE_TRIALS = 50
  · RERANK_TOP_K = 8
  · DATA_PARALLEL_WORKERS = 2
  · GPU_LIST = "0,1"
  · SEARCH_SPACE = "rnn_only"
  · ENABLE_STRATEGIES = [serial]  (serial)
── 预检摘要(启动后 precheck.py 会照此核对)──
  策略        : serial  (cell B-serial)
  MAX_EVENTS  : 20000
  SEARCH_SPACE: rnn_only
  GPU_LIST    : 0,1
  BATCH_MODE  : serial (固定, 保真协议)
  SEED        : 42 (固定)
  COARSE_TRIALS: 50   RERANK_TOP_K: 8

[09-15 21:17:08] 已启动 PID=709102, CUDA_VISIBLE_DEVICES=0,1, log=experiments/logs/cellB_serial_20260916.log
=== 自动预检: cell B / serial (期望 serial) ===
  快照: /home/wanghaoyu/JODIE-simple/results/20260915_211715/config.json
  ✓ MAX_EVENTS = 20000
  ✓ SEARCH_SPACE = 'rnn_only'
  ✓ COARSE_TRIALS = 50
  ✓ RERANK_TOP_K = 8
  ✓ GPU_LIST = '0,1'
  ✓ DATA_PARALLEL_WORKERS = 2
  ✓ ENABLE_STRATEGIES = ['serial']
  ✓ SEARCH_MODE = 'rl'
  ✓ BATCH_MODE = 'serial'
  ✓ SEED = 42
  ✓ PARTITION_SIZE = 2000
  ✓ FEATURE_DIM = 4
  ✓ SMART_ENABLE_AUTO_PIPELINE_CONFIG = False
  ✓ log: 数据文件
  ✓ log: CUDA
  ✓ log: Ray 已安装
  ✓ log: 结果目录
  ✓ log: 启用策略
  ✓ 可见GPU数 2 = 期望 2(CUDA_VISIBLE_DEVICES 已生效)

  [预检] ✓ 全部通过 — 配置与指南一致,运行继续。
[09-15 21:18:38] ✓ 预检通过
[09-15 21:50:44] ⚠⚠ 污染警报:本 run 卡上出现活跃计算的他人进程 PID=765326 (sm>15%),本 run 计时可能作废
[09-16 00:24:01] ✓ 本 run 正常结束
[09-16 00:24:16] ✗ 污染裁决:本 run 计时作废,污染 log 改存 *_polluted,自动重跑一次
[09-16 00:24:16] 
[09-16 00:24:16] ===== [1/3] cell B / serial =====
[09-16 00:24:17] 动态选卡:等待任意 2 张空闲 GPU...
[09-16 00:24:17] ✓ 动态选中 GPU [0,1]
[09-16 00:24:17] ✓ 磁盘剩余 9.7G
=== cell B / serial (内部名 serial) ===
已写入 run_all.py,变更如下:
  · MAX_EVENTS = 20000
  · COARSE_TRIALS = 50
  · RERANK_TOP_K = 8
  · DATA_PARALLEL_WORKERS = 2
  · GPU_LIST = "0,1"
  · SEARCH_SPACE = "rnn_only"
  · ENABLE_STRATEGIES = [serial]  (serial)
── 预检摘要(启动后 precheck.py 会照此核对)──
  策略        : serial  (cell B-serial)
  MAX_EVENTS  : 20000
  SEARCH_SPACE: rnn_only
  GPU_LIST    : 0,1
  BATCH_MODE  : serial (固定, 保真协议)
  SEED        : 42 (固定)
  COARSE_TRIALS: 50   RERANK_TOP_K: 8

[09-16 00:24:17] 已启动 PID=1038912, CUDA_VISIBLE_DEVICES=0,1, log=experiments/logs/cellB_serial_20260916.log
=== 自动预检: cell B / serial (期望 serial) ===
  快照: /home/wanghaoyu/JODIE-simple/results/20260916_002427/config.json
  ✓ MAX_EVENTS = 20000
  ✓ SEARCH_SPACE = 'rnn_only'
  ✓ COARSE_TRIALS = 50
  ✓ RERANK_TOP_K = 8
  ✓ GPU_LIST = '0,1'
  ✓ DATA_PARALLEL_WORKERS = 2
  ✓ ENABLE_STRATEGIES = ['serial']
  ✓ SEARCH_MODE = 'rl'
  ✓ BATCH_MODE = 'serial'
  ✓ SEED = 42
  ✓ PARTITION_SIZE = 2000
  ✓ FEATURE_DIM = 4
  ✓ SMART_ENABLE_AUTO_PIPELINE_CONFIG = False
  ✓ log: 数据文件
  ✓ log: CUDA
  ✓ log: Ray 已安装
  ✓ log: 结果目录
  ✓ log: 启用策略
  ✓ 可见GPU数 2 = 期望 2(CUDA_VISIBLE_DEVICES 已生效)

  [预检] ✓ 全部通过 — 配置与指南一致,运行继续。
[09-16 00:25:47] ✓ 预检通过
[09-16 00:43:49] ⚠⚠ 污染警报:本 run 卡上出现活跃计算的他人进程 PID=765326 (sm>15%),本 run 计时可能作废
[09-16 03:44:05] ✓ 本 run 正常结束
[09-16 03:44:25] ✗✗ 重跑仍受污染,不再自动重跑,留待人工判读
[09-16 03:44:25] 
[09-16 03:44:25] ===== [2/3] cell B / naive =====
[09-16 03:44:25] 动态选卡:等待任意 2 张空闲 GPU...
[09-16 03:44:26] ✓ 动态选中 GPU [0,1]
[09-16 03:44:26] ✓ 磁盘剩余 9.5G
=== cell B / naive (内部名 pipeline_naive) ===
已写入 run_all.py,变更如下:
  · MAX_EVENTS = 20000
  · COARSE_TRIALS = 50
  · RERANK_TOP_K = 8
  · DATA_PARALLEL_WORKERS = 2
  · NUM_PIPELINE_STAGES = 2
  · GPU_LIST = "0,1"
  · SEARCH_SPACE = "rnn_only"
  · PIPELINE_STAGE_TRAIN_WORKERS = "1,1"
  · PIPELINE_STAGE_EVAL_WORKERS = "1,1"
  · NAIVE_PIPELINE_MODE = "naive"
  · ENABLE_STRATEGIES = [pipeline_naive]  (naive)
── 预检摘要(启动后 precheck.py 会照此核对)──
  策略        : pipeline_naive  (cell B-naive)
  MAX_EVENTS  : 20000
  SEARCH_SPACE: rnn_only
  GPU_LIST    : 0,1
  BATCH_MODE  : serial (固定, 保真协议)
  SEED        : 42 (固定)
  COARSE_TRIALS: 50   RERANK_TOP_K: 8
  Naive stages: 2 × train[1,1] eval[1,1]

[09-16 03:44:26] 已启动 PID=1318401, CUDA_VISIBLE_DEVICES=0,1, log=experiments/logs/cellB_naive_20260916.log
=== 自动预检: cell B / naive (期望 pipeline_naive) ===
  快照: /home/wanghaoyu/JODIE-simple/results/20260916_034440/config.json
  ✓ MAX_EVENTS = 20000
  ✓ SEARCH_SPACE = 'rnn_only'
  ✓ COARSE_TRIALS = 50
  ✓ RERANK_TOP_K = 8
  ✓ GPU_LIST = '0,1'
  ✓ DATA_PARALLEL_WORKERS = 2
  ✓ NUM_PIPELINE_STAGES = 2
  ✓ PIPELINE_STAGE_TRAIN_WORKERS = '1,1'
  ✓ PIPELINE_STAGE_EVAL_WORKERS = '1,1'
  ✓ NAIVE_PIPELINE_MODE = 'naive'
  ✓ ENABLE_STRATEGIES = ['pipeline_naive']
  ✓ SEARCH_MODE = 'rl'
  ✓ BATCH_MODE = 'serial'
  ✓ SEED = 42
  ✓ PARTITION_SIZE = 2000
  ✓ FEATURE_DIM = 4
  ✓ SMART_ENABLE_AUTO_PIPELINE_CONFIG = False
  ✓ log: 数据文件
  ✓ log: CUDA
  ✓ log: Ray 已安装
  ✓ log: 结果目录
  ✓ log: 启用策略
  ✓ 可见GPU数 2 = 期望 2(CUDA_VISIBLE_DEVICES 已生效)

  [预检] ✓ 全部通过 — 配置与指南一致,运行继续。
[09-16 03:45:57] ✓ 预检通过
[09-16 06:31:10] ✓ 本 run 正常结束
[09-16 06:31:25] ✓ 本 run 干净(仅占显存不计算的作业不计污染)
[09-16 06:31:25] 
[09-16 06:31:26] ===== [3/3] cell B / naive_async =====
[09-16 06:31:26] 动态选卡:等待任意 2 张空闲 GPU...
[09-16 06:31:26] ✓ 动态选中 GPU [0,1]
[09-16 06:31:26] ✓ 磁盘剩余 9.2G
=== cell B / naive_async (内部名 pipeline_naive) ===
已写入 run_all.py,变更如下:
  · MAX_EVENTS = 20000
  · COARSE_TRIALS = 50
  · RERANK_TOP_K = 8
  · DATA_PARALLEL_WORKERS = 2
  · NUM_PIPELINE_STAGES = 2
  · GPU_LIST = "0,1"
  · SEARCH_SPACE = "rnn_only"
  · PIPELINE_STAGE_TRAIN_WORKERS = "1,1"
  · PIPELINE_STAGE_EVAL_WORKERS = "1,1"
  · NAIVE_PIPELINE_MODE = "smart"
  · ENABLE_STRATEGIES = [pipeline_naive]  (naive_async)
── 预检摘要(启动后 precheck.py 会照此核对)──
  策略        : pipeline_naive  (cell B-naive_async)
  MAX_EVENTS  : 20000
  SEARCH_SPACE: rnn_only
  GPU_LIST    : 0,1
  BATCH_MODE  : serial (固定, 保真协议)
  SEED        : 42 (固定)
  COARSE_TRIALS: 50   RERANK_TOP_K: 8
  Naive stages: 2 × train[1,1] eval[1,1]
  驱动        : NAIVE_PIPELINE_MODE=smart (异步池, 多阶段流水线)

[09-16 06:31:26] 已启动 PID=1558835, CUDA_VISIBLE_DEVICES=0,1, log=experiments/logs/cellB_naive_async_20260916.log
=== 自动预检: cell B / naive_async (期望 pipeline_naive) ===
  快照: /home/wanghaoyu/JODIE-simple/results/20260916_063131/config.json
  ✓ MAX_EVENTS = 20000
  ✓ SEARCH_SPACE = 'rnn_only'
  ✓ COARSE_TRIALS = 50
  ✓ RERANK_TOP_K = 8
  ✓ GPU_LIST = '0,1'
  ✓ DATA_PARALLEL_WORKERS = 2
  ✓ NUM_PIPELINE_STAGES = 2
  ✓ PIPELINE_STAGE_TRAIN_WORKERS = '1,1'
  ✓ PIPELINE_STAGE_EVAL_WORKERS = '1,1'
  ✓ NAIVE_PIPELINE_MODE = 'smart'
  ✓ ENABLE_STRATEGIES = ['pipeline_naive']
  ✓ SEARCH_MODE = 'rl'
  ✓ BATCH_MODE = 'serial'
  ✓ SEED = 42
  ✓ PARTITION_SIZE = 2000
  ✓ FEATURE_DIM = 4
  ✓ SMART_ENABLE_AUTO_PIPELINE_CONFIG = False
  ✓ log: 数据文件
  ✓ log: CUDA
  ✓ log: Ray 已安装
  ✓ log: 结果目录
  ✓ log: 启用策略
  ✓ 可见GPU数 2 = 期望 2(CUDA_VISIBLE_DEVICES 已生效)

  [预检] ✓ 全部通过 — 配置与指南一致,运行继续。
[09-16 06:32:57] ✓ 预检通过
[09-16 09:40:17] ✓ 本 run 正常结束
[09-16 09:40:32] ✓ 本 run 干净(仅占显存不计算的作业不计污染)
[09-16 09:40:32] 
[09-16 09:40:32] ===== 链条全部结束 (Phase 4) =====
[09-16 09:40:32] experiments/logs/cellB_serial_20260916.log (完成标志: 1)
[09-16 09:40:32] experiments/logs/cellB_serial_20260916.log (完成标志: 1)
[09-16 09:40:32] experiments/logs/cellB_naive_20260916.log (完成标志: 1)
[09-16 09:40:32] experiments/logs/cellB_naive_async_20260916.log (完成标志: 1)
