[09-16 10:14:20] ===== 定位实验链条启动 (Phase 5, 从第 1 个 run 开始) =====
[09-16 10:14:20] 
[09-16 10:14:20] ===== [1/29] cell B / dp =====
[09-16 10:14:20] 动态选卡:等待任意 2 张空闲 GPU...
[09-16 10:14:20] ✓ 动态选中 GPU [1,2]
[09-16 10:14:20] ✓ 磁盘剩余 9.1G
=== cell B / dp (内部名 data_parallel) ===
已写入 run_all.py,变更如下:
  · MAX_EVENTS = 20000
  · COARSE_TRIALS = 50
  · RERANK_TOP_K = 8
  · DATA_PARALLEL_WORKERS = 2
  · GPU_LIST = "1,2"
  · SEARCH_SPACE = "rnn_only"
  · ENABLE_STRATEGIES = [data_parallel]  (dp)
── 预检摘要(启动后 precheck.py 会照此核对)──
  策略        : data_parallel  (cell B-dp)
  MAX_EVENTS  : 20000
  SEARCH_SPACE: rnn_only
  GPU_LIST    : 1,2
  BATCH_MODE  : serial (固定, 保真协议)
  SEED        : 42 (固定)
  COARSE_TRIALS: 50   RERANK_TOP_K: 8
  DP workers   : 2

[09-16 10:14:20] 已启动 PID=1879556, CUDA_VISIBLE_DEVICES=1,2, log=experiments/logs/cellB_dp_20260916.log
=== 自动预检: cell B / dp (期望 data_parallel) ===
  快照: /home/wanghaoyu/JODIE-simple/results/20260916_101424/config.json
  ✓ MAX_EVENTS = 20000
  ✓ SEARCH_SPACE = 'rnn_only'
  ✓ COARSE_TRIALS = 50
  ✓ RERANK_TOP_K = 8
  ✓ GPU_LIST = '1,2'
  ✓ DATA_PARALLEL_WORKERS = 2
  ✓ ENABLE_STRATEGIES = ['data_parallel']
  ✓ SEARCH_MODE = 'rl'
  ✓ BATCH_MODE = 'serial'
  ✓ SEED = 42
  ✓ PARTITION_SIZE = 2000
  ✓ FEATURE_DIM = 4
  ✓ SMART_ENABLE_AUTO_PIPELINE_CONFIG = False
  ✓ log: 数据文件
  ✓ log: CUDA
  ✓ log: Ray 已安装
  ✓ log: 结果目录
  ✓ log: 启用策略
  ✓ 可见GPU数 2 = 期望 2(CUDA_VISIBLE_DEVICES 已生效)

  [预检] ✓ 全部通过 — 配置与指南一致,运行继续。
[09-16 10:15:51] ✓ 预检通过
[09-16 13:04:03] ✓ 本 run 正常结束
[09-16 13:04:17] ✓ 本 run 干净(仅占显存不计算的作业不计污染)
[09-16 13:04:17] 
[09-16 13:04:17] ===== [2/29] cell B / smart_sync =====
[09-16 13:04:17] 动态选卡:等待任意 2 张空闲 GPU...
[09-16 13:04:18] ✓ 动态选中 GPU [1,2]
[09-16 13:04:18] ✓ 磁盘剩余 9.0G
=== cell B / smart_sync (内部名 pipeline_smart) ===
已写入 run_all.py,变更如下:
  · MAX_EVENTS = 20000
  · COARSE_TRIALS = 50
  · RERANK_TOP_K = 8
  · DATA_PARALLEL_WORKERS = 2
  · SMART_NUM_PIPELINE_STAGES = 1
  · GPU_LIST = "1,2"
  · SEARCH_SPACE = "rnn_only"
  · SMART_PIPELINE_STAGE_TRAIN_WORKERS = "2"
  · SMART_PIPELINE_MODE = "naive"
  · ENABLE_STRATEGIES = [pipeline_smart]  (smart_sync)
── 预检摘要(启动后 precheck.py 会照此核对)──
  策略        : pipeline_smart  (cell B-smart_sync)
  MAX_EVENTS  : 20000
  SEARCH_SPACE: rnn_only
  GPU_LIST    : 1,2
  BATCH_MODE  : serial (固定, 保真协议)
  SEED        : 42 (固定)
  COARSE_TRIALS: 50   RERANK_TOP_K: 8
  Smart stages: 1 × train[2] (自动分配=OFF)
  驱动        : SMART_PIPELINE_MODE=naive (批同步, 去异步)

[09-16 13:04:18] 已启动 PID=3675253, CUDA_VISIBLE_DEVICES=1,2, log=experiments/logs/cellB_smart_sync_20260916.log
=== 自动预检: cell B / smart_sync (期望 pipeline_smart) ===
  快照: /home/wanghaoyu/JODIE-simple/results/20260916_130421/config.json
  ✓ MAX_EVENTS = 20000
  ✓ SEARCH_SPACE = 'rnn_only'
  ✓ COARSE_TRIALS = 50
  ✓ RERANK_TOP_K = 8
  ✓ GPU_LIST = '1,2'
  ✓ DATA_PARALLEL_WORKERS = 2
  ✓ SMART_NUM_PIPELINE_STAGES = 1
  ✓ SMART_PIPELINE_STAGE_TRAIN_WORKERS = '2'
  ✓ SMART_PIPELINE_MODE = 'naive'
  ✓ ENABLE_STRATEGIES = ['pipeline_smart']
  ✓ SEARCH_MODE = 'rl'
  ✓ BATCH_MODE = 'serial'
  ✓ SEED = 42
  ✓ PARTITION_SIZE = 2000
  ✓ FEATURE_DIM = 4
  ✓ SMART_ENABLE_AUTO_PIPELINE_CONFIG = False
  ✓ log: 数据文件
  ✓ log: CUDA
  ✓ log: Ray 已安装
  ✓ log: 结果目录
  ✓ log: 启用策略
  ✓ 可见GPU数 2 = 期望 2(CUDA_VISIBLE_DEVICES 已生效)

  [预检] ✓ 全部通过 — 配置与指南一致,运行继续。
[09-16 13:05:48] ✓ 预检通过
