[09-12 12:30:34] ===== 定位实验链条启动 (Phase 3, 从第 1 个 run 开始) =====
[09-12 12:30:34] 
[09-12 12:30:34] ===== [1/22] cell B / dp =====
[09-12 12:30:34] ✓ 跳过已完成的干净 run(run_pos_cellB_dp_fixed.log 有完成标志且无失败策略)
[09-12 12:30:34] 
[09-12 12:30:34] ===== [2/22] cell B / smart_sync =====
[09-12 12:30:34] ✓ 跳过已完成的干净 run(run_pos_cellB_smart_sync.log 有完成标志且无失败策略)
[09-12 12:30:34] 
[09-12 12:30:34] ===== [3/22] cell E / dp =====
[09-12 12:30:34] ✓ 跳过已完成的干净 run(run_pos_cellE_dp_fixed.log 有完成标志且无失败策略)
[09-12 12:30:34] 
[09-12 12:30:34] ===== [4/22] cell E / smart_sync =====
[09-12 12:30:34] ✓ 跳过已完成的干净 run(run_pos_cellE_smart_sync.log 有完成标志且无失败策略)
[09-12 12:30:34] 
[09-12 12:30:34] ===== [5/22] cell E / serial =====
[09-12 12:30:34] ✓ 跳过已完成的干净 run(run_pos_cellE_serial.log 有完成标志且无失败策略)
[09-12 12:30:34] 
[09-12 12:30:34] ===== [6/22] cell D / smart =====
[09-12 12:30:34] ✓ 跳过已完成的干净 run(run_pos_cellD_smart_rerun.log 有完成标志且无失败策略)
[09-12 12:30:34] 
[09-12 12:30:34] ===== [7/22] cell D / dp =====
[09-12 12:30:34] ✓ 跳过已完成的干净 run(run_pos_cellD_dp_fixed.log 有完成标志且无失败策略)
[09-12 12:30:34] 
[09-12 12:30:34] ===== [8/22] cell D / smart_sync =====
[09-12 12:30:34] ✓ 跳过已完成的干净 run(run_pos_cellD_smart_sync.log 有完成标志且无失败策略)
[09-12 12:30:34] 
[09-12 12:30:34] ===== [9/22] cell D / naive_alloc =====
[09-12 12:30:34] ✓ 跳过已完成的干净 run(run_pos_cellD_naive_alloc.log 有完成标志且无失败策略)
[09-12 12:30:34] 
[09-12 12:30:34] ===== [10/22] cell F / smart =====
[09-12 12:30:34] ✓ 跳过已完成的干净 run(run_pos_cellF_smart.log 有完成标志且无失败策略)
[09-12 12:30:34] 
[09-12 12:30:34] ===== [11/22] cell F / naive =====
[09-12 12:30:34] ✓ 跳过已完成的干净 run(run_pos_cellF_naive.log 有完成标志且无失败策略)
[09-12 12:30:34] 
[09-12 12:30:34] ===== [12/22] cell F / naive_alloc =====
[09-12 12:30:34] ✓ 跳过已完成的干净 run(run_pos_cellF_naive_alloc.log 有完成标志且无失败策略)
[09-12 12:30:34] 
[09-12 12:30:34] ===== [13/22] cell F / smart_sync =====
[09-12 12:30:34] ✓ 跳过已完成的干净 run(run_pos_cellF_smart_sync.log 有完成标志且无失败策略)
[09-12 12:30:34] 
[09-12 12:30:34] ===== [14/22] cell F / dp =====
[09-12 12:30:34] ✓ 跳过已完成的干净 run(run_pos_cellF_dp.log 有完成标志且无失败策略)
[09-12 12:30:34] 
[09-12 12:30:34] ===== [15/22] cell F / serial =====
[09-12 12:30:34] ✓ 跳过已完成的干净 run(run_pos_cellF_serial.log 有完成标志且无失败策略)
[09-12 12:30:34] 
[09-12 12:30:34] ===== [16/22] cell C / smart =====
[09-12 12:30:34] 动态选卡:等待任意 3 张空闲 GPU...
[09-12 12:30:34] ✓ 动态选中 GPU [0,1,2]
[09-12 12:30:34] ✓ 磁盘剩余 13G
=== cell C / smart (内部名 pipeline_smart) ===
已写入 run_all.py,变更如下:
  · MAX_EVENTS = 20000
  · COARSE_TRIALS = 50
  · RERANK_TOP_K = 8
  · DATA_PARALLEL_WORKERS = 3
  · SMART_NUM_PIPELINE_STAGES = 1
  · GPU_LIST = "0,1,2"
  · SEARCH_SPACE = "mixed"
  · SMART_PIPELINE_STAGE_TRAIN_WORKERS = "3"
  · ENABLE_STRATEGIES = [pipeline_smart]  (smart)
── 预检摘要(启动后 precheck.py 会照此核对)──
  策略        : pipeline_smart  (cell C-smart)
  MAX_EVENTS  : 20000
  SEARCH_SPACE: mixed
  GPU_LIST    : 0,1,2
  BATCH_MODE  : serial (固定, 保真协议)
  SEED        : 42 (固定)
  COARSE_TRIALS: 50   RERANK_TOP_K: 8
  Smart stages: 1 × train[3] (自动分配=OFF)

[09-12 12:30:35] 已启动 PID=913890, CUDA_VISIBLE_DEVICES=0,1,2, log=run_pos_cellC_smart.log
=== 自动预检: cell C / smart (期望 pipeline_smart) ===
  快照: /home/wanghaoyu/JODIE-simple/results/20260912_123037/config.json
  ✓ MAX_EVENTS = 20000
  ✓ SEARCH_SPACE = 'mixed'
  ✓ COARSE_TRIALS = 50
  ✓ RERANK_TOP_K = 8
  ✓ GPU_LIST = '0,1,2'
  ✓ DATA_PARALLEL_WORKERS = 3
  ✓ SMART_NUM_PIPELINE_STAGES = 1
  ✓ SMART_PIPELINE_STAGE_TRAIN_WORKERS = '3'
  ✓ ENABLE_STRATEGIES = ['pipeline_smart']
  ✓ SEARCH_MODE = 'rl'
  ✓ BATCH_MODE = 'serial'
  ✓ SEED = 42
  ✓ PARTITION_SIZE = 2000
  ✓ FEATURE_DIM = 4
  ✓ SMART_ENABLE_AUTO_PIPELINE_CONFIG = False
  ✓ log: 数据文件
  ✓ log: CUDA
  ✓ log: Ray 已安装
  ✓ log: 结果目录
  ✓ log: 启用策略
  ✓ 可见GPU数 3 = 期望 3(CUDA_VISIBLE_DEVICES 已生效)

  [预检] ✓ 全部通过 — 配置与指南一致,运行继续。
[09-12 12:32:05] ✓ 预检通过
[09-12 13:32:06] ✓ 本 run 正常结束
[09-12 13:32:20] ✓ 本 run 干净(仅占显存不计算的作业不计污染)
[09-12 13:32:20] 
[09-12 13:32:20] ===== [17/22] cell C / naive =====
[09-12 13:32:20] 动态选卡:等待任意 3 张空闲 GPU...
[09-12 13:32:20] ✓ 动态选中 GPU [0,1,2]
[09-12 13:32:20] ✓ 磁盘剩余 13G
=== cell C / naive (内部名 pipeline_naive) ===
已写入 run_all.py,变更如下:
  · MAX_EVENTS = 20000
  · COARSE_TRIALS = 50
  · RERANK_TOP_K = 8
  · DATA_PARALLEL_WORKERS = 3
  · NUM_PIPELINE_STAGES = 3
  · GPU_LIST = "0,1,2"
  · SEARCH_SPACE = "mixed"
  · PIPELINE_STAGE_TRAIN_WORKERS = "1,1,1"
  · PIPELINE_STAGE_EVAL_WORKERS = "1,1,1"
  · ENABLE_STRATEGIES = [pipeline_naive]  (naive)
── 预检摘要(启动后 precheck.py 会照此核对)──
  策略        : pipeline_naive  (cell C-naive)
  MAX_EVENTS  : 20000
  SEARCH_SPACE: mixed
  GPU_LIST    : 0,1,2
  BATCH_MODE  : serial (固定, 保真协议)
  SEED        : 42 (固定)
  COARSE_TRIALS: 50   RERANK_TOP_K: 8
  Naive stages: 3 × train[1,1,1] eval[1,1,1]

[09-12 13:32:20] 已启动 PID=1013876, CUDA_VISIBLE_DEVICES=0,1,2, log=run_pos_cellC_naive.log
=== 自动预检: cell C / naive (期望 pipeline_naive) ===
  快照: /home/wanghaoyu/JODIE-simple/results/20260912_133223/config.json
  ✓ MAX_EVENTS = 20000
  ✓ SEARCH_SPACE = 'mixed'
  ✓ COARSE_TRIALS = 50
  ✓ RERANK_TOP_K = 8
  ✓ GPU_LIST = '0,1,2'
  ✓ DATA_PARALLEL_WORKERS = 3
  ✓ NUM_PIPELINE_STAGES = 3
  ✓ PIPELINE_STAGE_TRAIN_WORKERS = '1,1,1'
  ✓ PIPELINE_STAGE_EVAL_WORKERS = '1,1,1'
  ✓ ENABLE_STRATEGIES = ['pipeline_naive']
  ✓ SEARCH_MODE = 'rl'
  ✓ BATCH_MODE = 'serial'
  ✓ SEED = 42
  ✓ PARTITION_SIZE = 2000
  ✓ FEATURE_DIM = 4
  ✓ SMART_ENABLE_AUTO_PIPELINE_CONFIG = False
  ✓ log: 数据文件
  ✓ log: CUDA
  ✓ log: Ray 已安装
  ✓ log: 结果目录
  ✓ log: 启用策略
  ✓ 可见GPU数 3 = 期望 3(CUDA_VISIBLE_DEVICES 已生效)

  [预检] ✓ 全部通过 — 配置与指南一致,运行继续。
[09-12 13:33:51] ✓ 预检通过
[09-12 14:45:53] ✓ 本 run 正常结束
[09-12 14:46:05] ✓ 本 run 干净(仅占显存不计算的作业不计污染)
[09-12 14:46:05] 
[09-12 14:46:05] ===== [18/22] cell C / naive_alloc =====
[09-12 14:46:05] 动态选卡:等待任意 3 张空闲 GPU...
[09-12 14:46:06] ✓ 动态选中 GPU [0,1,2]
[09-12 14:46:06] ✓ 磁盘剩余 13G
=== cell C / naive_alloc (内部名 pipeline_naive) ===
已写入 run_all.py,变更如下:
  · MAX_EVENTS = 20000
  · COARSE_TRIALS = 50
  · RERANK_TOP_K = 8
  · DATA_PARALLEL_WORKERS = 3
  · NUM_PIPELINE_STAGES = 2
  · GPU_LIST = "0,1,2"
  · SEARCH_SPACE = "mixed"
  · PIPELINE_STAGE_TRAIN_WORKERS = "2,1"
  · PIPELINE_STAGE_EVAL_WORKERS = "2,1"
  · ENABLE_STRATEGIES = [pipeline_naive]  (naive_alloc)
── 预检摘要(启动后 precheck.py 会照此核对)──
  策略        : pipeline_naive  (cell C-naive_alloc)
  MAX_EVENTS  : 20000
  SEARCH_SPACE: mixed
  GPU_LIST    : 0,1,2
  BATCH_MODE  : serial (固定, 保真协议)
  SEED        : 42 (固定)
  COARSE_TRIALS: 50   RERANK_TOP_K: 8
  Naive stages: 2 × train[2,1] eval[2,1]

[09-12 14:46:06] 已启动 PID=1122546, CUDA_VISIBLE_DEVICES=0,1,2, log=run_pos_cellC_naive_alloc.log
=== 自动预检: cell C / naive_alloc (期望 pipeline_naive) ===
  快照: /home/wanghaoyu/JODIE-simple/results/20260912_144609/config.json
  ✓ MAX_EVENTS = 20000
  ✓ SEARCH_SPACE = 'mixed'
  ✓ COARSE_TRIALS = 50
  ✓ RERANK_TOP_K = 8
  ✓ GPU_LIST = '0,1,2'
  ✓ DATA_PARALLEL_WORKERS = 3
  ✓ NUM_PIPELINE_STAGES = 2
  ✓ PIPELINE_STAGE_TRAIN_WORKERS = '2,1'
  ✓ PIPELINE_STAGE_EVAL_WORKERS = '2,1'
  ✓ ENABLE_STRATEGIES = ['pipeline_naive']
  ✓ SEARCH_MODE = 'rl'
  ✓ BATCH_MODE = 'serial'
  ✓ SEED = 42
  ✓ PARTITION_SIZE = 2000
  ✓ FEATURE_DIM = 4
  ✓ SMART_ENABLE_AUTO_PIPELINE_CONFIG = False
  ✓ log: 数据文件
  ✓ log: CUDA
  ✓ log: Ray 已安装
  ✓ log: 结果目录
  ✓ log: 启用策略
  ✓ 可见GPU数 3 = 期望 3(CUDA_VISIBLE_DEVICES 已生效)

  [预检] ✓ 全部通过 — 配置与指南一致,运行继续。
[09-12 14:47:36] ✓ 预检通过
[09-12 16:12:38] ✓ 本 run 正常结束
[09-12 16:12:52] ✓ 本 run 干净(仅占显存不计算的作业不计污染)
[09-12 16:12:52] 
[09-12 16:12:52] ===== [19/22] cell C / smart_sync =====
[09-12 16:12:53] 动态选卡:等待任意 3 张空闲 GPU...
[09-12 16:12:53] ✓ 动态选中 GPU [0,1,2]
[09-12 16:12:53] ✓ 磁盘剩余 13G
=== cell C / smart_sync (内部名 pipeline_smart) ===
已写入 run_all.py,变更如下:
  · MAX_EVENTS = 20000
  · COARSE_TRIALS = 50
  · RERANK_TOP_K = 8
  · DATA_PARALLEL_WORKERS = 3
  · SMART_NUM_PIPELINE_STAGES = 1
  · GPU_LIST = "0,1,2"
  · SEARCH_SPACE = "mixed"
  · SMART_PIPELINE_STAGE_TRAIN_WORKERS = "3"
  · SMART_PIPELINE_MODE = "naive"
  · ENABLE_STRATEGIES = [pipeline_smart]  (smart_sync)
── 预检摘要(启动后 precheck.py 会照此核对)──
  策略        : pipeline_smart  (cell C-smart_sync)
  MAX_EVENTS  : 20000
  SEARCH_SPACE: mixed
  GPU_LIST    : 0,1,2
  BATCH_MODE  : serial (固定, 保真协议)
  SEED        : 42 (固定)
  COARSE_TRIALS: 50   RERANK_TOP_K: 8
  Smart stages: 1 × train[3] (自动分配=OFF)
  驱动        : SMART_PIPELINE_MODE=naive (批同步, 去异步)

[09-12 16:12:53] 已启动 PID=1249380, CUDA_VISIBLE_DEVICES=0,1,2, log=run_pos_cellC_smart_sync.log
=== 自动预检: cell C / smart_sync (期望 pipeline_smart) ===
  快照: /home/wanghaoyu/JODIE-simple/results/20260912_161255/config.json
  ✓ MAX_EVENTS = 20000
  ✓ SEARCH_SPACE = 'mixed'
  ✓ COARSE_TRIALS = 50
  ✓ RERANK_TOP_K = 8
  ✓ GPU_LIST = '0,1,2'
  ✓ DATA_PARALLEL_WORKERS = 3
  ✓ SMART_NUM_PIPELINE_STAGES = 1
  ✓ SMART_PIPELINE_STAGE_TRAIN_WORKERS = '3'
  ✓ SMART_PIPELINE_MODE = 'naive'
  ✓ ENABLE_STRATEGIES = ['pipeline_smart']
  ✓ SEARCH_MODE = 'rl'
  ✓ BATCH_MODE = 'serial'
  ✓ SEED = 42
  ✓ PARTITION_SIZE = 2000
  ✓ FEATURE_DIM = 4
  ✓ SMART_ENABLE_AUTO_PIPELINE_CONFIG = False
  ✓ log: 数据文件
  ✓ log: CUDA
  ✓ log: Ray 已安装
  ✓ log: 结果目录
  ✓ log: 启用策略
  ✓ 可见GPU数 3 = 期望 3(CUDA_VISIBLE_DEVICES 已生效)

  [预检] ✓ 全部通过 — 配置与指南一致,运行继续。
[09-12 16:14:23] ✓ 预检通过
[09-12 17:11:24] ✓ 本 run 正常结束
[09-12 17:11:37] ✓ 本 run 干净(仅占显存不计算的作业不计污染)
[09-12 17:11:37] 
[09-12 17:11:37] ===== [20/22] cell C / dp =====
[09-12 17:11:37] ✓ 跳过已完成的干净 run(run_pos_cellC_dp.log 有完成标志且无失败策略)
[09-12 17:11:37] 
[09-12 17:11:37] ===== [21/22] cell C / serial =====
[09-12 17:11:37] ✓ 跳过已完成的干净 run(run_pos_cellC_serial.log 有完成标志且无失败策略)
[09-12 17:11:37] 
[09-12 17:11:37] ===== [22/22] cell B / serial =====
[09-12 17:11:37] ✓ 跳过已完成的干净 run(run_pos_cellB_serial.log 有完成标志且无失败策略)
[09-12 17:11:37] 
[09-12 17:11:37] ===== 链条全部结束 (Phase 3) =====
[09-12 17:11:37] run_pos_cellB_dp_fixed.log (完成标志: 1)
[09-12 17:11:37] run_pos_cellB_smart_sync.log (完成标志: 1)
[09-12 17:11:37] run_pos_cellE_dp_fixed.log (完成标志: 1)
[09-12 17:11:37] run_pos_cellE_smart_sync.log (完成标志: 1)
[09-12 17:11:37] run_pos_cellE_serial.log (完成标志: 1)
[09-12 17:11:37] run_pos_cellD_smart_rerun.log (完成标志: 1)
[09-12 17:11:37] run_pos_cellD_dp_fixed.log (完成标志: 1)
[09-12 17:11:37] run_pos_cellD_smart_sync.log (完成标志: 1)
[09-12 17:11:37] run_pos_cellD_naive_alloc.log (完成标志: 1)
[09-12 17:11:37] run_pos_cellF_smart.log (完成标志: 1)
[09-12 17:11:37] run_pos_cellF_naive.log (完成标志: 1)
[09-12 17:11:37] run_pos_cellF_naive_alloc.log (完成标志: 1)
[09-12 17:11:37] run_pos_cellF_smart_sync.log (完成标志: 1)
[09-12 17:11:37] run_pos_cellF_dp.log (完成标志: 1)
[09-12 17:11:37] run_pos_cellF_serial.log (完成标志: 1)
[09-12 17:11:37] run_pos_cellC_smart.log (完成标志: 1)
[09-12 17:11:37] run_pos_cellC_naive.log (完成标志: 1)
[09-12 17:11:37] run_pos_cellC_naive_alloc.log (完成标志: 1)
[09-12 17:11:37] run_pos_cellC_smart_sync.log (完成标志: 1)
[09-12 17:11:37] run_pos_cellC_dp.log (完成标志: 1)
[09-12 17:11:37] run_pos_cellC_serial.log (完成标志: 1)
[09-12 17:11:37] run_pos_cellB_serial.log (完成标志: 1)
