[09-09 15:47:03] ===== 定位实验链条启动 (Phase 3, 从第 1 个 run 开始) =====
[09-09 15:47:03] 
[09-09 15:47:03] ===== [1/22] cell B / dp =====
[09-09 15:47:03] 动态选卡:等待任意 2 张空闲 GPU...
[09-09 15:47:03] ✓ 动态选中 GPU [0,1]
[09-09 15:47:03] ✓ 磁盘剩余 13G
=== cell B / dp (内部名 data_parallel) ===
已写入 run_all.py,变更如下:
  · MAX_EVENTS = 20000
  · COARSE_TRIALS = 50
  · RERANK_TOP_K = 8
  · DATA_PARALLEL_WORKERS = 2
  · GPU_LIST = "0,1"
  · SEARCH_SPACE = "rnn_only"
  · ENABLE_STRATEGIES = [data_parallel]  (dp)
── 预检摘要(启动后 precheck.py 会照此核对)──
  策略        : data_parallel  (cell B-dp)
  MAX_EVENTS  : 20000
  SEARCH_SPACE: rnn_only
  GPU_LIST    : 0,1
  BATCH_MODE  : serial (固定, 保真协议)
  SEED        : 42 (固定)
  COARSE_TRIALS: 50   RERANK_TOP_K: 8
  DP workers   : 2

[09-09 15:47:03] 已启动 PID=3883771, CUDA_VISIBLE_DEVICES=0,1, log=run_pos_cellB_dp.log
=== 自动预检: cell B / dp (期望 data_parallel) ===
  快照: /home/wanghaoyu/JODIE-simple/results/20260909_154706/config.json
  ✓ MAX_EVENTS = 20000
  ✓ SEARCH_SPACE = 'rnn_only'
  ✓ COARSE_TRIALS = 50
  ✓ RERANK_TOP_K = 8
  ✓ GPU_LIST = '0,1'
  ✓ DATA_PARALLEL_WORKERS = 2
  ✓ ENABLE_STRATEGIES = ['data_parallel']
  ✓ SEARCH_MODE = 'rl'
  ✓ BATCH_MODE = 'serial'
  ✓ SEED = 42
  ✓ PARTITION_SIZE = 2000
  ✓ FEATURE_DIM = 4
  ✓ SMART_ENABLE_AUTO_PIPELINE_CONFIG = False
  ✓ log: 数据文件
  ✓ log: CUDA
  ✓ log: Ray 已安装
  ✓ log: 结果目录
  ✓ log: 启用策略
  ✓ 可见GPU数 2 = 期望 2(CUDA_VISIBLE_DEVICES 已生效)

  [预检] ✓ 全部通过 — 配置与指南一致,运行继续。
[09-09 15:48:33] ✓ 预检通过
[09-09 19:56:40] ✓ 本 run 正常结束
[09-09 19:56:54] 
[09-09 19:56:54] ===== [2/22] cell B / smart_sync =====
[09-09 19:56:54] 动态选卡:等待任意 2 张空闲 GPU...
[09-09 19:56:54] ✓ 动态选中 GPU [0,1]
[09-09 19:56:54] ✓ 磁盘剩余 13G
=== cell B / smart_sync (内部名 pipeline_smart) ===
已写入 run_all.py,变更如下:
  · MAX_EVENTS = 20000
  · COARSE_TRIALS = 50
  · RERANK_TOP_K = 8
  · DATA_PARALLEL_WORKERS = 2
  · SMART_NUM_PIPELINE_STAGES = 1
  · GPU_LIST = "0,1"
  · SEARCH_SPACE = "rnn_only"
  · SMART_PIPELINE_STAGE_TRAIN_WORKERS = "2"
  · SMART_PIPELINE_MODE = "naive"
  · ENABLE_STRATEGIES = [pipeline_smart]  (smart_sync)
── 预检摘要(启动后 precheck.py 会照此核对)──
  策略        : pipeline_smart  (cell B-smart_sync)
  MAX_EVENTS  : 20000
  SEARCH_SPACE: rnn_only
  GPU_LIST    : 0,1
  BATCH_MODE  : serial (固定, 保真协议)
  SEED        : 42 (固定)
  COARSE_TRIALS: 50   RERANK_TOP_K: 8
  Smart stages: 1 × train[2] (自动分配=OFF)
  驱动        : SMART_PIPELINE_MODE=naive (批同步, 去异步)

[09-09 19:56:54] 已启动 PID=1517102, CUDA_VISIBLE_DEVICES=0,1, log=run_pos_cellB_smart_sync.log
=== 自动预检: cell B / smart_sync (期望 pipeline_smart) ===
  快照: /home/wanghaoyu/JODIE-simple/results/20260909_195657/config.json
  ✓ MAX_EVENTS = 20000
  ✓ SEARCH_SPACE = 'rnn_only'
  ✓ COARSE_TRIALS = 50
  ✓ RERANK_TOP_K = 8
  ✓ GPU_LIST = '0,1'
  ✓ DATA_PARALLEL_WORKERS = 2
  ✓ SMART_NUM_PIPELINE_STAGES = 1
  ✓ SMART_PIPELINE_STAGE_TRAIN_WORKERS = '2'
  ✓ SMART_PIPELINE_MODE = 'naive'
  ✓ ENABLE_STRATEGIES = ['pipeline_smart']
  ✓ SEARCH_MODE = 'rl'
  ✓ BATCH_MODE = 'serial'
  ✓ SEED = 42
  ✓ PARTITION_SIZE = 2000
  ✓ FEATURE_DIM = 4
  ✓ SMART_ENABLE_AUTO_PIPELINE_CONFIG = False
  ✓ log: 数据文件
  ✓ log: CUDA
  ✓ log: Ray 已安装
  ✓ log: 结果目录
  ✓ log: 启用策略
  ✓ 可见GPU数 2 = 期望 2(CUDA_VISIBLE_DEVICES 已生效)

  [预检] ✓ 全部通过 — 配置与指南一致,运行继续。
[09-09 19:58:24] ✓ 预检通过
[09-09 21:25:17] ✓ 本 run 正常结束
[09-09 21:25:30] 
[09-09 21:25:30] ===== [3/22] cell E / dp =====
[09-09 21:25:30] 动态选卡:等待任意 2 张空闲 GPU...
[09-09 21:25:30] ✓ 动态选中 GPU [0,1]
[09-09 21:25:30] ✓ 磁盘剩余 13G
=== cell E / dp (内部名 data_parallel) ===
已写入 run_all.py,变更如下:
  · MAX_EVENTS = 100000
  · COARSE_TRIALS = 12
  · RERANK_TOP_K = 0
  · DATA_PARALLEL_WORKERS = 2
  · GPU_LIST = "0,1"
  · SEARCH_SPACE = "rnn_only"
  · ENABLE_STRATEGIES = [data_parallel]  (dp)
── 预检摘要(启动后 precheck.py 会照此核对)──
  策略        : data_parallel  (cell E-dp)
  MAX_EVENTS  : 100000
  SEARCH_SPACE: rnn_only
  GPU_LIST    : 0,1
  BATCH_MODE  : serial (固定, 保真协议)
  SEED        : 42 (固定)
  COARSE_TRIALS: 12   RERANK_TOP_K: 0
  DP workers   : 2

[09-09 21:25:30] 已启动 PID=1664642, CUDA_VISIBLE_DEVICES=0,1, log=run_pos_cellE_dp.log
=== 自动预检: cell E / dp (期望 data_parallel) ===
  快照: /home/wanghaoyu/JODIE-simple/results/20260909_212532/config.json
  ✓ MAX_EVENTS = 100000
  ✓ SEARCH_SPACE = 'rnn_only'
  ✓ COARSE_TRIALS = 12
  ✓ RERANK_TOP_K = 0
  ✓ GPU_LIST = '0,1'
  ✓ DATA_PARALLEL_WORKERS = 2
  ✓ ENABLE_STRATEGIES = ['data_parallel']
  ✓ SEARCH_MODE = 'rl'
  ✓ BATCH_MODE = 'serial'
  ✓ SEED = 42
  ✓ PARTITION_SIZE = 2000
  ✓ FEATURE_DIM = 4
  ✓ SMART_ENABLE_AUTO_PIPELINE_CONFIG = False
  ✓ log: 数据文件
  ✓ log: CUDA
  ✓ log: Ray 已安装
  ✓ log: 结果目录
  ✓ log: 启用策略
  ✓ 可见GPU数 2 = 期望 2(CUDA_VISIBLE_DEVICES 已生效)

  [预检] ✓ 全部通过 — 配置与指南一致,运行继续。
[09-09 21:27:00] ✓ 预检通过
[09-09 23:10:50] ✓ 本 run 正常结束
[09-09 23:11:03] 
[09-09 23:11:03] ===== [4/22] cell E / smart_sync =====
[09-09 23:11:03] 动态选卡:等待任意 2 张空闲 GPU...
[09-09 23:11:03] ✓ 动态选中 GPU [0,1]
[09-09 23:11:03] ✓ 磁盘剩余 16G
=== cell E / smart_sync (内部名 pipeline_smart) ===
已写入 run_all.py,变更如下:
  · MAX_EVENTS = 100000
  · COARSE_TRIALS = 12
  · RERANK_TOP_K = 0
  · DATA_PARALLEL_WORKERS = 2
  · SMART_NUM_PIPELINE_STAGES = 1
  · GPU_LIST = "0,1"
  · SEARCH_SPACE = "rnn_only"
  · SMART_PIPELINE_STAGE_TRAIN_WORKERS = "2"
  · SMART_PIPELINE_MODE = "naive"
  · ENABLE_STRATEGIES = [pipeline_smart]  (smart_sync)
── 预检摘要(启动后 precheck.py 会照此核对)──
  策略        : pipeline_smart  (cell E-smart_sync)
  MAX_EVENTS  : 100000
  SEARCH_SPACE: rnn_only
  GPU_LIST    : 0,1
  BATCH_MODE  : serial (固定, 保真协议)
  SEED        : 42 (固定)
  COARSE_TRIALS: 12   RERANK_TOP_K: 0
  Smart stages: 1 × train[2] (自动分配=OFF)
  驱动        : SMART_PIPELINE_MODE=naive (批同步, 去异步)

[09-09 23:11:03] 已启动 PID=3563295, CUDA_VISIBLE_DEVICES=0,1, log=run_pos_cellE_smart_sync.log
=== 自动预检: cell E / smart_sync (期望 pipeline_smart) ===
  快照: /home/wanghaoyu/JODIE-simple/results/20260909_231107/config.json
  ✓ MAX_EVENTS = 100000
  ✓ SEARCH_SPACE = 'rnn_only'
  ✓ COARSE_TRIALS = 12
  ✓ RERANK_TOP_K = 0
  ✓ GPU_LIST = '0,1'
  ✓ DATA_PARALLEL_WORKERS = 2
  ✓ SMART_NUM_PIPELINE_STAGES = 1
  ✓ SMART_PIPELINE_STAGE_TRAIN_WORKERS = '2'
  ✓ SMART_PIPELINE_MODE = 'naive'
  ✓ ENABLE_STRATEGIES = ['pipeline_smart']
  ✓ SEARCH_MODE = 'rl'
  ✓ BATCH_MODE = 'serial'
  ✓ SEED = 42
  ✓ PARTITION_SIZE = 2000
  ✓ FEATURE_DIM = 4
  ✓ SMART_ENABLE_AUTO_PIPELINE_CONFIG = False
  ✓ log: 数据文件
  ✓ log: CUDA
  ✓ log: Ray 已安装
  ✓ log: 结果目录
  ✓ log: 启用策略
  ✓ 可见GPU数 2 = 期望 2(CUDA_VISIBLE_DEVICES 已生效)

  [预检] ✓ 全部通过 — 配置与指南一致,运行继续。
[09-09 23:12:34] ✓ 预检通过
[09-09 23:53:18] ⚠⚠ 污染警报:检测到新作业进入本 run 的 GPU (PID: 3632217),本 run 计时可能作废
[09-09 23:54:22] ⚠⚠ 污染警报:检测到新作业进入本 run 的 GPU (PID: 3632217),本 run 计时可能作废
[09-09 23:55:26] ⚠⚠ 污染警报:检测到新作业进入本 run 的 GPU (PID: 3632217),本 run 计时可能作废
[09-09 23:56:29] ⚠⚠ 污染警报:检测到新作业进入本 run 的 GPU (PID: 3632217),本 run 计时可能作废
[09-09 23:57:32] ⚠⚠ 污染警报:检测到新作业进入本 run 的 GPU (PID: 3632217),本 run 计时可能作废
[09-09 23:58:36] ⚠⚠ 污染警报:检测到新作业进入本 run 的 GPU (PID: 3632217),本 run 计时可能作废
[09-09 23:59:39] ⚠⚠ 污染警报:检测到新作业进入本 run 的 GPU (PID: 3632217),本 run 计时可能作废
[09-10 00:00:43] ⚠⚠ 污染警报:检测到新作业进入本 run 的 GPU (PID: 3632217),本 run 计时可能作废
[09-10 00:01:46] ⚠⚠ 污染警报:检测到新作业进入本 run 的 GPU (PID: 3632217),本 run 计时可能作废
[09-10 00:02:50] ⚠⚠ 污染警报:检测到新作业进入本 run 的 GPU (PID: 3632217),本 run 计时可能作废
[09-10 00:03:54] ⚠⚠ 污染警报:检测到新作业进入本 run 的 GPU (PID: 3632217),本 run 计时可能作废
[09-10 00:04:58] ⚠⚠ 污染警报:检测到新作业进入本 run 的 GPU (PID: 3632217),本 run 计时可能作废
[09-10 00:06:01] ⚠⚠ 污染警报:检测到新作业进入本 run 的 GPU (PID: 3632217),本 run 计时可能作废
[09-10 00:07:05] ⚠⚠ 污染警报:检测到新作业进入本 run 的 GPU (PID: 3632217),本 run 计时可能作废
[09-10 00:08:09] ⚠⚠ 污染警报:检测到新作业进入本 run 的 GPU (PID: 3632217),本 run 计时可能作废
[09-10 00:09:12] ⚠⚠ 污染警报:检测到新作业进入本 run 的 GPU (PID: 3632217),本 run 计时可能作废
[09-10 00:10:15] ⚠⚠ 污染警报:检测到新作业进入本 run 的 GPU (PID: 3632217),本 run 计时可能作废
[09-10 00:11:19] ⚠⚠ 污染警报:检测到新作业进入本 run 的 GPU (PID: 3632217),本 run 计时可能作废
[09-10 00:12:23] ⚠⚠ 污染警报:检测到新作业进入本 run 的 GPU (PID: 3632217),本 run 计时可能作废
[09-10 00:13:27] ⚠⚠ 污染警报:检测到新作业进入本 run 的 GPU (PID: 3632217),本 run 计时可能作废
[09-10 00:14:31] ⚠⚠ 污染警报:检测到新作业进入本 run 的 GPU (PID: 3632217),本 run 计时可能作废
[09-10 00:15:34] ⚠⚠ 污染警报:检测到新作业进入本 run 的 GPU (PID: 3632217),本 run 计时可能作废
[09-10 00:16:37] ⚠⚠ 污染警报:检测到新作业进入本 run 的 GPU (PID: 3632217),本 run 计时可能作废
[09-10 00:17:40] ⚠⚠ 污染警报:检测到新作业进入本 run 的 GPU (PID: 3632217),本 run 计时可能作废
[09-10 00:18:43] ⚠⚠ 污染警报:检测到新作业进入本 run 的 GPU (PID: 3632217),本 run 计时可能作废
[09-10 00:19:46] ⚠⚠ 污染警报:检测到新作业进入本 run 的 GPU (PID: 3632217),本 run 计时可能作废
[09-10 00:20:49] ⚠⚠ 污染警报:检测到新作业进入本 run 的 GPU (PID: 3632217),本 run 计时可能作废
[09-10 00:21:52] ⚠⚠ 污染警报:检测到新作业进入本 run 的 GPU (PID: 3632217),本 run 计时可能作废
[09-10 00:22:55] ⚠⚠ 污染警报:检测到新作业进入本 run 的 GPU (PID: 3632217),本 run 计时可能作废
[09-10 00:23:58] ⚠⚠ 污染警报:检测到新作业进入本 run 的 GPU (PID: 3632217),本 run 计时可能作废
[09-10 00:25:01] ⚠⚠ 污染警报:检测到新作业进入本 run 的 GPU (PID: 3632217),本 run 计时可能作废
[09-10 00:26:04] ⚠⚠ 污染警报:检测到新作业进入本 run 的 GPU (PID: 3632217),本 run 计时可能作废
[09-10 00:27:07] ⚠⚠ 污染警报:检测到新作业进入本 run 的 GPU (PID: 3632217),本 run 计时可能作废
[09-10 00:28:10] ⚠⚠ 污染警报:检测到新作业进入本 run 的 GPU (PID: 3632217),本 run 计时可能作废
[09-10 00:29:13] ⚠⚠ 污染警报:检测到新作业进入本 run 的 GPU (PID: 3632217),本 run 计时可能作废
[09-10 00:30:17] ⚠⚠ 污染警报:检测到新作业进入本 run 的 GPU (PID: 3632217),本 run 计时可能作废
[09-10 00:31:20] ⚠⚠ 污染警报:检测到新作业进入本 run 的 GPU (PID: 3632217),本 run 计时可能作废
[09-10 00:32:23] ⚠⚠ 污染警报:检测到新作业进入本 run 的 GPU (PID: 3632217),本 run 计时可能作废
[09-10 00:32:23] ✓ 本 run 正常结束
[09-10 00:32:38] 
[09-10 00:32:38] ===== [5/22] cell E / serial =====
[09-10 00:32:38] 动态选卡:等待任意 2 张空闲 GPU...
[09-10 00:32:39] ⚠ 空闲 GPU: [0] (不足 2 张),继续等待...
[09-10 00:37:39] ⚠ 空闲 GPU: [] (不足 2 张),继续等待...
[09-10 00:42:40] ⚠ 空闲 GPU: [] (不足 2 张),继续等待...
[09-10 00:47:41] ⚠ 空闲 GPU: [] (不足 2 张),继续等待...
[09-10 00:52:41] ⚠ 空闲 GPU: [] (不足 2 张),继续等待...
[09-10 00:57:42] ⚠ 空闲 GPU: [] (不足 2 张),继续等待...
[09-10 01:02:42] ⚠ 空闲 GPU: [] (不足 2 张),继续等待...
[09-10 01:07:43] ⚠ 空闲 GPU: [] (不足 2 张),继续等待...
[09-10 01:12:44] ⚠ 空闲 GPU: [] (不足 2 张),继续等待...
[09-10 01:17:44] ⚠ 空闲 GPU: [] (不足 2 张),继续等待...
[09-10 01:22:44] ⚠ 空闲 GPU: [] (不足 2 张),继续等待...
[09-10 01:27:45] ⚠ 空闲 GPU: [] (不足 2 张),继续等待...
[09-10 01:32:45] ⚠ 空闲 GPU: [] (不足 2 张),继续等待...
[09-10 01:37:46] ⚠ 空闲 GPU: [] (不足 2 张),继续等待...
[09-10 01:42:47] ⚠ 空闲 GPU: [] (不足 2 张),继续等待...
[09-10 01:47:47] ⚠ 空闲 GPU: [] (不足 2 张),继续等待...
[09-10 01:52:48] ⚠ 空闲 GPU: [] (不足 2 张),继续等待...
[09-10 01:57:48] ⚠ 空闲 GPU: [] (不足 2 张),继续等待...
[09-10 02:02:48] ⚠ 空闲 GPU: [] (不足 2 张),继续等待...
[09-10 02:07:49] ⚠ 空闲 GPU: [] (不足 2 张),继续等待...
[09-10 02:12:49] ⚠ 空闲 GPU: [] (不足 2 张),继续等待...
[09-10 02:17:50] ⚠ 空闲 GPU: [] (不足 2 张),继续等待...
[09-10 02:22:50] ⚠ 空闲 GPU: [] (不足 2 张),继续等待...
[09-10 02:27:51] ⚠ 空闲 GPU: [] (不足 2 张),继续等待...
[09-10 02:32:51] ⚠ 空闲 GPU: [] (不足 2 张),继续等待...
[09-10 02:37:52] ⚠ 空闲 GPU: [] (不足 2 张),继续等待...
[09-10 02:42:52] ⚠ 空闲 GPU: [] (不足 2 张),继续等待...
[09-10 02:47:53] ⚠ 空闲 GPU: [3] (不足 2 张),继续等待...
[09-10 02:52:53] ⚠ 空闲 GPU: [] (不足 2 张),继续等待...
[09-10 02:57:54] ⚠ 空闲 GPU: [] (不足 2 张),继续等待...
[09-10 03:02:54] ⚠ 空闲 GPU: [] (不足 2 张),继续等待...
[09-10 03:07:55] ⚠ 空闲 GPU: [] (不足 2 张),继续等待...
[09-10 03:12:55] ⚠ 空闲 GPU: [] (不足 2 张),继续等待...
[09-10 03:17:56] ⚠ 空闲 GPU: [] (不足 2 张),继续等待...
[09-10 03:22:56] ⚠ 空闲 GPU: [] (不足 2 张),继续等待...
[09-10 03:27:57] ⚠ 空闲 GPU: [] (不足 2 张),继续等待...
[09-10 03:32:57] ⚠ 空闲 GPU: [] (不足 2 张),继续等待...
[09-10 03:37:58] ⚠ 空闲 GPU: [] (不足 2 张),继续等待...
[09-10 03:42:58] ⚠ 空闲 GPU: [] (不足 2 张),继续等待...
[09-10 03:47:59] ⚠ 空闲 GPU: [] (不足 2 张),继续等待...
[09-10 03:52:59] ⚠ 空闲 GPU: [] (不足 2 张),继续等待...
[09-10 03:58:00] ⚠ 空闲 GPU: [] (不足 2 张),继续等待...
[09-10 04:03:00] ⚠ 空闲 GPU: [] (不足 2 张),继续等待...
[09-10 04:08:01] ⚠ 空闲 GPU: [] (不足 2 张),继续等待...
[09-10 04:13:01] ⚠ 空闲 GPU: [] (不足 2 张),继续等待...
[09-10 04:18:01] ⚠ 空闲 GPU: [7] (不足 2 张),继续等待...
[09-10 04:23:02] ⚠ 空闲 GPU: [] (不足 2 张),继续等待...
[09-10 04:28:02] ⚠ 空闲 GPU: [] (不足 2 张),继续等待...
[09-10 04:33:03] ⚠ 空闲 GPU: [] (不足 2 张),继续等待...
[09-10 04:38:04] ⚠ 空闲 GPU: [] (不足 2 张),继续等待...
[09-10 04:43:04] ⚠ 空闲 GPU: [] (不足 2 张),继续等待...
[09-10 04:48:05] ⚠ 空闲 GPU: [] (不足 2 张),继续等待...
[09-10 04:53:05] ⚠ 空闲 GPU: [] (不足 2 张),继续等待...
[09-10 04:58:06] ⚠ 空闲 GPU: [] (不足 2 张),继续等待...
[09-10 05:03:06] ⚠ 空闲 GPU: [] (不足 2 张),继续等待...
[09-10 05:08:07] ⚠ 空闲 GPU: [] (不足 2 张),继续等待...
[09-10 05:13:07] ⚠ 空闲 GPU: [] (不足 2 张),继续等待...
[09-10 05:18:08] ⚠ 空闲 GPU: [] (不足 2 张),继续等待...
[09-10 05:23:09] ⚠ 空闲 GPU: [] (不足 2 张),继续等待...
[09-10 05:28:09] ⚠ 空闲 GPU: [] (不足 2 张),继续等待...
[09-10 05:33:09] ⚠ 空闲 GPU: [] (不足 2 张),继续等待...
[09-10 05:38:10] ⚠ 空闲 GPU: [] (不足 2 张),继续等待...
[09-10 05:43:10] ⚠ 空闲 GPU: [] (不足 2 张),继续等待...
[09-10 05:48:11] ⚠ 空闲 GPU: [] (不足 2 张),继续等待...
[09-10 05:53:11] ⚠ 空闲 GPU: [5] (不足 2 张),继续等待...
[09-10 05:58:12] ⚠ 空闲 GPU: [] (不足 2 张),继续等待...
[09-10 06:03:12] ⚠ 空闲 GPU: [] (不足 2 张),继续等待...
[09-10 06:08:12] ⚠ 空闲 GPU: [] (不足 2 张),继续等待...
[09-10 06:13:13] ⚠ 空闲 GPU: [1] (不足 2 张),继续等待...
[09-10 06:18:13] ⚠ 空闲 GPU: [] (不足 2 张),继续等待...
[09-10 06:23:13] ⚠ 空闲 GPU: [] (不足 2 张),继续等待...
[09-10 06:28:14] ⚠ 空闲 GPU: [] (不足 2 张),继续等待...
[09-10 06:33:14] ⚠ 空闲 GPU: [] (不足 2 张),继续等待...
[09-10 06:38:14] ⚠ 空闲 GPU: [] (不足 2 张),继续等待...
[09-10 06:43:15] ⚠ 空闲 GPU: [] (不足 2 张),继续等待...
[09-10 06:48:15] ⚠ 空闲 GPU: [] (不足 2 张),继续等待...
[09-10 06:53:15] ⚠ 空闲 GPU: [] (不足 2 张),继续等待...
[09-10 06:58:16] ⚠ 空闲 GPU: [] (不足 2 张),继续等待...
[09-10 07:03:16] ⚠ 空闲 GPU: [] (不足 2 张),继续等待...
[09-10 07:08:17] ⚠ 空闲 GPU: [] (不足 2 张),继续等待...
[09-10 07:13:17] ⚠ 空闲 GPU: [3] (不足 2 张),继续等待...
[09-10 07:18:17] ⚠ 空闲 GPU: [] (不足 2 张),继续等待...
[09-10 07:23:18] ⚠ 空闲 GPU: [] (不足 2 张),继续等待...
[09-10 07:28:19] ⚠ 空闲 GPU: [] (不足 2 张),继续等待...
[09-10 07:33:19] ⚠ 空闲 GPU: [] (不足 2 张),继续等待...
[09-10 07:38:19] ⚠ 空闲 GPU: [] (不足 2 张),继续等待...
[09-10 07:43:20] ⚠ 空闲 GPU: [] (不足 2 张),继续等待...
[09-10 07:48:20] ⚠ 空闲 GPU: [] (不足 2 张),继续等待...
[09-10 07:53:21] ⚠ 空闲 GPU: [] (不足 2 张),继续等待...
[09-10 07:58:21] ⚠ 空闲 GPU: [] (不足 2 张),继续等待...
[09-10 08:03:22] ⚠ 空闲 GPU: [] (不足 2 张),继续等待...
[09-10 08:08:22] ⚠ 空闲 GPU: [] (不足 2 张),继续等待...
[09-10 08:13:23] ⚠ 空闲 GPU: [] (不足 2 张),继续等待...
[09-10 08:18:23] ⚠ 空闲 GPU: [] (不足 2 张),继续等待...
[09-10 08:23:24] ⚠ 空闲 GPU: [] (不足 2 张),继续等待...
[09-10 08:28:24] ⚠ 空闲 GPU: [] (不足 2 张),继续等待...
[09-10 08:33:25] ⚠ 空闲 GPU: [] (不足 2 张),继续等待...
[09-10 08:38:25] ⚠ 空闲 GPU: [] (不足 2 张),继续等待...
[09-10 08:43:26] ⚠ 空闲 GPU: [] (不足 2 张),继续等待...
[09-10 08:48:27] ⚠ 空闲 GPU: [] (不足 2 张),继续等待...
[09-10 08:53:27] ⚠ 空闲 GPU: [] (不足 2 张),继续等待...
[09-10 08:58:28] ⚠ 空闲 GPU: [] (不足 2 张),继续等待...
[09-10 09:03:28] ⚠ 空闲 GPU: [] (不足 2 张),继续等待...
[09-10 09:08:29] ⚠ 空闲 GPU: [] (不足 2 张),继续等待...
[09-10 09:13:29] ⚠ 空闲 GPU: [] (不足 2 张),继续等待...
[09-10 09:18:30] ⚠ 空闲 GPU: [] (不足 2 张),继续等待...
[09-10 09:23:30] ⚠ 空闲 GPU: [] (不足 2 张),继续等待...
[09-10 09:28:31] ⚠ 空闲 GPU: [] (不足 2 张),继续等待...
[09-10 09:33:31] ⚠ 空闲 GPU: [] (不足 2 张),继续等待...
[09-10 09:38:32] ⚠ 空闲 GPU: [] (不足 2 张),继续等待...
[09-10 09:43:33] ⚠ 空闲 GPU: [] (不足 2 张),继续等待...
[09-10 09:48:33] ⚠ 空闲 GPU: [] (不足 2 张),继续等待...
[09-10 09:53:34] ⚠ 空闲 GPU: [] (不足 2 张),继续等待...
[09-10 09:58:34] ⚠ 空闲 GPU: [] (不足 2 张),继续等待...
[09-10 10:03:35] ⚠ 空闲 GPU: [] (不足 2 张),继续等待...
[09-10 10:08:35] ⚠ 空闲 GPU: [] (不足 2 张),继续等待...
[09-10 10:13:36] ⚠ 空闲 GPU: [] (不足 2 张),继续等待...
[09-10 10:18:36] ⚠ 空闲 GPU: [] (不足 2 张),继续等待...
[09-10 10:23:37] ⚠ 空闲 GPU: [] (不足 2 张),继续等待...
[09-10 10:28:37] ⚠ 空闲 GPU: [] (不足 2 张),继续等待...
[09-10 10:33:38] ⚠ 空闲 GPU: [] (不足 2 张),继续等待...
[09-10 10:38:38] ⚠ 空闲 GPU: [] (不足 2 张),继续等待...
[09-10 10:43:38] ⚠ 空闲 GPU: [] (不足 2 张),继续等待...
[09-10 10:48:39] ⚠ 空闲 GPU: [] (不足 2 张),继续等待...
[09-10 10:53:39] ⚠ 空闲 GPU: [3] (不足 2 张),继续等待...
[09-10 10:58:39] ⚠ 空闲 GPU: [] (不足 2 张),继续等待...
[09-10 11:03:40] ⚠ 空闲 GPU: [] (不足 2 张),继续等待...
[09-10 11:08:41] ⚠ 空闲 GPU: [] (不足 2 张),继续等待...
[09-10 11:13:41] ⚠ 空闲 GPU: [] (不足 2 张),继续等待...
[09-10 11:18:41] ⚠ 空闲 GPU: [] (不足 2 张),继续等待...
[09-10 11:23:41] ⚠ 空闲 GPU: [7] (不足 2 张),继续等待...
[09-10 11:28:42] ⚠ 空闲 GPU: [] (不足 2 张),继续等待...
[09-10 11:33:42] ⚠ 空闲 GPU: [] (不足 2 张),继续等待...
[09-10 11:38:42] ⚠ 空闲 GPU: [] (不足 2 张),继续等待...
[09-10 11:43:43] ⚠ 空闲 GPU: [] (不足 2 张),继续等待...
[09-10 11:48:43] ⚠ 空闲 GPU: [] (不足 2 张),继续等待...
[09-10 11:53:44] ⚠ 空闲 GPU: [] (不足 2 张),继续等待...
[09-10 11:58:44] ⚠ 空闲 GPU: [] (不足 2 张),继续等待...
[09-10 12:03:45] ⚠ 空闲 GPU: [] (不足 2 张),继续等待...
[09-10 12:08:45] ⚠ 空闲 GPU: [] (不足 2 张),继续等待...
[09-10 12:13:45] ⚠ 空闲 GPU: [] (不足 2 张),继续等待...
[09-10 12:18:46] ⚠ 空闲 GPU: [] (不足 2 张),继续等待...
[09-10 12:23:46] ⚠ 空闲 GPU: [] (不足 2 张),继续等待...
[09-10 12:28:47] ⚠ 空闲 GPU: [] (不足 2 张),继续等待...
[09-10 12:33:47] ⚠ 空闲 GPU: [] (不足 2 张),继续等待...
[09-10 12:38:47] ⚠ 空闲 GPU: [] (不足 2 张),继续等待...
[09-10 12:43:48] ⚠ 空闲 GPU: [] (不足 2 张),继续等待...
