[09-09 11:29:43] ===== 定位实验链条启动 (Phase 2, 从第 1 个 run 开始) =====
[09-09 11:29:43] 
[09-09 11:29:43] ===== [1/7] cell E / smart =====
[09-09 11:29:43] 动态选卡:等待任意 2 张空闲 GPU...
[09-09 11:29:43] ✓ 动态选中 GPU [0,1]
[09-09 11:29:43] ✓ 磁盘剩余 13G
=== cell E / smart (内部名 pipeline_smart) ===
已写入 run_all.py,变更如下:
  · MAX_EVENTS = 100000
  · COARSE_TRIALS = 12
  · RERANK_TOP_K = 0
  · DATA_PARALLEL_WORKERS = 2
  · SMART_NUM_PIPELINE_STAGES = 1
  · GPU_LIST = "0,1"
  · SMART_PIPELINE_STAGE_TRAIN_WORKERS = "2"
  · ENABLE_STRATEGIES = [pipeline_smart]  (smart)
── 预检摘要(启动后 precheck.py 会照此核对)──
  策略        : pipeline_smart  (cell E-smart)
  MAX_EVENTS  : 100000
  SEARCH_SPACE: rnn_only (固定)
  GPU_LIST    : 0,1
  BATCH_MODE  : serial (固定, 保真协议)
  SEED        : 42 (固定)
  COARSE_TRIALS: 12   RERANK_TOP_K: 0
  Smart stages: 1 × train[2] (自动分配=OFF)

[09-09 11:29:43] 已启动 PID=3231421, CUDA_VISIBLE_DEVICES=0,1, log=run_pos_cellE_smart.log
=== 自动预检: cell E / smart (期望 pipeline_smart) ===
  快照: /home/wanghaoyu/JODIE-simple/results/20260909_112947/config.json
  ✓ MAX_EVENTS = 100000
  ✓ COARSE_TRIALS = 12
  ✓ RERANK_TOP_K = 0
  ✓ GPU_LIST = '0,1'
  ✓ DATA_PARALLEL_WORKERS = 2
  ✓ SMART_NUM_PIPELINE_STAGES = 1
  ✓ SMART_PIPELINE_STAGE_TRAIN_WORKERS = '2'
  ✓ ENABLE_STRATEGIES = ['pipeline_smart']
  ✓ SEARCH_SPACE = 'rnn_only'
  ✓ SEARCH_MODE = 'rl'
  ✓ BATCH_MODE = 'serial'
  ✓ SEED = 42
  ✓ PARTITION_SIZE = 2000
  ✓ FEATURE_DIM = 4
  ✓ SMART_ENABLE_AUTO_PIPELINE_CONFIG = False
  ✓ log: 数据文件
  ✓ log: CUDA
  ✓ log: Ray 已安装
  ✓ log: 结果目录
  ✓ log: 启用策略
  ✓ 可见GPU数 2 = 期望 2(CUDA_VISIBLE_DEVICES 已生效)

  [预检] ✓ 全部通过 — 配置与指南一致,运行继续。
[09-09 11:31:13] ✓ 预检通过
[09-09 12:50:39] ✓ 本 run 正常结束
[09-09 12:50:52] 
[09-09 12:50:52] ===== [2/7] cell E / naive =====
[09-09 12:50:52] 动态选卡:等待任意 2 张空闲 GPU...
[09-09 12:50:52] ✓ 动态选中 GPU [0,1]
[09-09 12:50:52] ✓ 磁盘剩余 13G
=== cell E / naive (内部名 pipeline_naive) ===
已写入 run_all.py,变更如下:
  · MAX_EVENTS = 100000
  · COARSE_TRIALS = 12
  · RERANK_TOP_K = 0
  · DATA_PARALLEL_WORKERS = 2
  · NUM_PIPELINE_STAGES = 2
  · GPU_LIST = "0,1"
  · PIPELINE_STAGE_TRAIN_WORKERS = "1,1"
  · PIPELINE_STAGE_EVAL_WORKERS = "1,1"
  · ENABLE_STRATEGIES = [pipeline_naive]  (naive)
── 预检摘要(启动后 precheck.py 会照此核对)──
  策略        : pipeline_naive  (cell E-naive)
  MAX_EVENTS  : 100000
  SEARCH_SPACE: rnn_only (固定)
  GPU_LIST    : 0,1
  BATCH_MODE  : serial (固定, 保真协议)
  SEED        : 42 (固定)
  COARSE_TRIALS: 12   RERANK_TOP_K: 0
  Naive stages: 2 × train[1,1] eval[1,1]

[09-09 12:50:52] 已启动 PID=3381543, CUDA_VISIBLE_DEVICES=0,1, log=run_pos_cellE_naive.log
=== 自动预检: cell E / naive (期望 pipeline_naive) ===
  快照: /home/wanghaoyu/JODIE-simple/results/20260909_125055/config.json
  ✓ MAX_EVENTS = 100000
  ✓ COARSE_TRIALS = 12
  ✓ RERANK_TOP_K = 0
  ✓ GPU_LIST = '0,1'
  ✓ DATA_PARALLEL_WORKERS = 2
  ✓ NUM_PIPELINE_STAGES = 2
  ✓ PIPELINE_STAGE_TRAIN_WORKERS = '1,1'
  ✓ PIPELINE_STAGE_EVAL_WORKERS = '1,1'
  ✓ ENABLE_STRATEGIES = ['pipeline_naive']
  ✓ SEARCH_SPACE = 'rnn_only'
  ✓ SEARCH_MODE = 'rl'
  ✓ BATCH_MODE = 'serial'
  ✓ SEED = 42
  ✓ PARTITION_SIZE = 2000
  ✓ FEATURE_DIM = 4
  ✓ SMART_ENABLE_AUTO_PIPELINE_CONFIG = False
  ✓ log: 数据文件
  ✓ log: CUDA
  ✓ log: Ray 已安装
  ✓ log: 结果目录
  ✓ log: 启用策略
  ✓ 可见GPU数 2 = 期望 2(CUDA_VISIBLE_DEVICES 已生效)

  [预检] ✓ 全部通过 — 配置与指南一致,运行继续。
[09-09 12:52:22] ✓ 预检通过
[09-09 14:26:34] ✓ 本 run 正常结束
[09-09 14:26:47] 
[09-09 14:26:47] ===== [3/7] cell E / dp =====
[09-09 14:26:48] 动态选卡:等待任意 2 张空闲 GPU...
[09-09 14:26:48] ✓ 动态选中 GPU [0,1]
[09-09 14:26:48] ✓ 磁盘剩余 13G
=== cell E / dp (内部名 data_parallel) ===
已写入 run_all.py,变更如下:
  · MAX_EVENTS = 100000
  · COARSE_TRIALS = 12
  · RERANK_TOP_K = 0
  · DATA_PARALLEL_WORKERS = 2
  · GPU_LIST = "0,1"
  · ENABLE_STRATEGIES = [data_parallel]  (dp)
── 预检摘要(启动后 precheck.py 会照此核对)──
  策略        : data_parallel  (cell E-dp)
  MAX_EVENTS  : 100000
  SEARCH_SPACE: rnn_only (固定)
  GPU_LIST    : 0,1
  BATCH_MODE  : serial (固定, 保真协议)
  SEED        : 42 (固定)
  COARSE_TRIALS: 12   RERANK_TOP_K: 0
  DP workers   : 2

[09-09 14:26:48] 已启动 PID=3560744, CUDA_VISIBLE_DEVICES=0,1, log=run_pos_cellE_dp.log
=== 自动预检: cell E / dp (期望 data_parallel) ===
  快照: /home/wanghaoyu/JODIE-simple/results/20260909_142651/config.json
  ✓ MAX_EVENTS = 100000
  ✓ COARSE_TRIALS = 12
  ✓ RERANK_TOP_K = 0
  ✓ GPU_LIST = '0,1'
  ✓ DATA_PARALLEL_WORKERS = 2
  ✓ ENABLE_STRATEGIES = ['data_parallel']
  ✓ SEARCH_SPACE = 'rnn_only'
  ✓ SEARCH_MODE = 'rl'
  ✓ BATCH_MODE = 'serial'
  ✓ SEED = 42
  ✓ PARTITION_SIZE = 2000
  ✓ FEATURE_DIM = 4
  ✓ SMART_ENABLE_AUTO_PIPELINE_CONFIG = False
  ✓ log: 数据文件
  ✓ log: CUDA
  ✓ log: Ray 已安装
  ✓ log: 结果目录
  ✓ log: 启用策略
  ✓ 可见GPU数 2 = 期望 2(CUDA_VISIBLE_DEVICES 已生效)

  [预检] ✓ 全部通过 — 配置与指南一致,运行继续。
[09-09 14:28:18] ✓ 预检通过
