[09-18 15:05:15] ===== 定位实验链条启动 (Phase 5, 从第 1 个 run 开始) =====
[09-18 15:05:15] 
[09-18 15:05:15] ===== [1/29] cell B / dp =====
[09-18 15:05:15] ✓ 跳过已完成的干净 run(experiments/logs/cellB_dp_20260916.log 有完成标志且无失败策略)
[09-18 15:05:15] 
[09-18 15:05:15] ===== [2/29] cell B / smart_sync =====
[09-18 15:05:15] ✓ 跳过已完成的干净 run(experiments/logs/cellB_smart_sync_20260916.log 有完成标志且无失败策略)
[09-18 15:05:15] 
[09-18 15:05:15] ===== [3/29] cell C / serial =====
[09-18 15:05:15] ✓ 跳过已完成的干净 run(experiments/logs/cellC_serial_20260916.log 有完成标志且无失败策略)
[09-18 15:05:15] 
[09-18 15:05:15] ===== [4/29] cell C / naive =====
[09-18 15:05:15] ✓ 跳过已完成的干净 run(experiments/logs/cellC_naive_20260916.log 有完成标志且无失败策略)
[09-18 15:05:15] 
[09-18 15:05:15] ===== [5/29] cell C / dp =====
[09-18 15:05:15] 动态选卡:等待任意 3 张空闲 GPU...
[09-18 15:05:15] ✓ 动态选中 GPU [0,1,2]
[09-18 15:05:15] ✓ 磁盘剩余 12G
=== cell C / dp (内部名 data_parallel) ===
已写入 run_all.py,变更如下:
  · MAX_EVENTS = 20000
  · COARSE_TRIALS = 50
  · RERANK_TOP_K = 8
  · DATA_PARALLEL_WORKERS = 3
  · GPU_LIST = "0,1,2"
  · SEARCH_SPACE = "mixed"
  · ENABLE_STRATEGIES = [data_parallel]  (dp)
── 预检摘要(启动后 precheck.py 会照此核对)──
  策略        : data_parallel  (cell C-dp)
  MAX_EVENTS  : 20000
  SEARCH_SPACE: mixed
  GPU_LIST    : 0,1,2
  BATCH_MODE  : serial (固定, 保真协议)
  SEED        : 42 (固定)
  COARSE_TRIALS: 50   RERANK_TOP_K: 8
  DP workers   : 3

[09-18 15:05:15] 已启动 PID=1499827, CUDA_VISIBLE_DEVICES=0,1,2, log=experiments/logs/cellC_dp_20260916.log
=== 自动预检: cell C / dp (期望 data_parallel) ===
  快照: /home/wanghaoyu/JODIE-simple/results/20260918_150520/config.json
  ✓ MAX_EVENTS = 20000
  ✓ SEARCH_SPACE = 'mixed'
  ✓ COARSE_TRIALS = 50
  ✓ RERANK_TOP_K = 8
  ✓ GPU_LIST = '0,1,2'
  ✓ DATA_PARALLEL_WORKERS = 3
  ✓ ENABLE_STRATEGIES = ['data_parallel']
  ✓ SEARCH_MODE = 'rl'
  ✓ BATCH_MODE = 'serial'
  ✓ SEED = 42
  ✓ PARTITION_SIZE = 2000
  ✓ FEATURE_DIM = 4
  ✓ SMART_ENABLE_AUTO_PIPELINE_CONFIG = False
  ✓ log: 数据文件
  ✓ log: CUDA
  ✓ log: Ray 已安装
  ✓ log: 结果目录
  ✓ log: 启用策略
  ✓ 可见GPU数 3 = 期望 3(CUDA_VISIBLE_DEVICES 已生效)

  [预检] ✓ 全部通过 — 配置与指南一致,运行继续。
[09-18 15:06:46] ✓ 预检通过
[09-18 15:07:51] ⚠⚠ 污染警报:本 run 卡上出现活跃计算的他人进程 PID=1461594 (sm>15%),本 run 计时可能作废
[09-18 21:31:58] ⚠⚠ 污染警报:本 run 卡上出现活跃计算的他人进程 PID=3409138 (sm>15%),本 run 计时可能作废
[09-18 21:36:51] ✓ 本 run 正常结束
[09-18 21:37:06] ⚠ 污染标注:本 run 期间有活跃他人进程(按新政策不重跑,标记 ⚠;终检时定夺是否补跑)
[09-18 21:37:06] 
[09-18 21:37:06] ===== [6/29] cell C / smart_sync =====
[09-18 21:37:07] 动态选卡:等待任意 3 张空闲 GPU...
[09-18 21:37:07] ✓ 动态选中 GPU [0,1,2]
[09-18 21:37:07] ✓ 磁盘剩余 12G
=== cell C / smart_sync (内部名 pipeline_smart) ===
已写入 run_all.py,变更如下:
  · MAX_EVENTS = 20000
  · COARSE_TRIALS = 50
  · RERANK_TOP_K = 8
  · DATA_PARALLEL_WORKERS = 3
  · SMART_NUM_PIPELINE_STAGES = 1
  · GPU_LIST = "0,1,2"
  · SEARCH_SPACE = "mixed"
  · SMART_PIPELINE_STAGE_TRAIN_WORKERS = "3"
  · SMART_PIPELINE_MODE = "naive"
  · ENABLE_STRATEGIES = [pipeline_smart]  (smart_sync)
── 预检摘要(启动后 precheck.py 会照此核对)──
  策略        : pipeline_smart  (cell C-smart_sync)
  MAX_EVENTS  : 20000
  SEARCH_SPACE: mixed
  GPU_LIST    : 0,1,2
  BATCH_MODE  : serial (固定, 保真协议)
  SEED        : 42 (固定)
  COARSE_TRIALS: 50   RERANK_TOP_K: 8
  Smart stages: 1 × train[3] (自动分配=OFF)
  驱动        : SMART_PIPELINE_MODE=naive (批同步, 去异步)

[09-18 21:37:07] 已启动 PID=3430109, CUDA_VISIBLE_DEVICES=0,1,2, log=experiments/logs/cellC_smart_sync_20260916.log
=== 自动预检: cell C / smart_sync (期望 pipeline_smart) ===
  快照: /home/wanghaoyu/JODIE-simple/results/20260918_213715/config.json
  ✓ MAX_EVENTS = 20000
  ✓ SEARCH_SPACE = 'mixed'
  ✓ COARSE_TRIALS = 50
  ✓ RERANK_TOP_K = 8
  ✓ GPU_LIST = '0,1,2'
  ✓ DATA_PARALLEL_WORKERS = 3
  ✓ SMART_NUM_PIPELINE_STAGES = 1
  ✓ SMART_PIPELINE_STAGE_TRAIN_WORKERS = '3'
  ✓ SMART_PIPELINE_MODE = 'naive'
  ✓ ENABLE_STRATEGIES = ['pipeline_smart']
  ✓ SEARCH_MODE = 'rl'
  ✓ BATCH_MODE = 'serial'
  ✓ SEED = 42
  ✓ PARTITION_SIZE = 2000
  ✓ FEATURE_DIM = 4
  ✓ SMART_ENABLE_AUTO_PIPELINE_CONFIG = False
  ✓ log: 数据文件
  ✓ log: CUDA
  ✓ log: Ray 已安装
  ✓ log: 结果目录
  ✓ log: 启用策略
  ✓ 可见GPU数 3 = 期望 3(CUDA_VISIBLE_DEVICES 已生效)

  [预检] ✓ 全部通过 — 配置与指南一致,运行继续。
[09-18 21:38:37] ✓ 预检通过
[09-18 21:39:58] ⚠⚠ 污染警报:本 run 卡上出现活跃计算的他人进程 PID=3409138 (sm>15%),本 run 计时可能作废
[09-18 23:05:02] ✓ 本 run 正常结束
[09-18 23:05:16] ⚠ 污染标注:本 run 期间有活跃他人进程(按新政策不重跑,标记 ⚠;终检时定夺是否补跑)
[09-18 23:05:16] 
[09-18 23:05:16] ===== [7/29] cell G / serial =====
[09-18 23:05:16] 动态选卡:等待任意 3 张空闲 GPU...
[09-18 23:05:16] ✓ 动态选中 GPU [0,1,2]
[09-18 23:05:17] ✓ 磁盘剩余 12G
=== cell G / serial (内部名 serial) ===
已写入 run_all.py,变更如下:
  · MAX_EVENTS = 100000
  · COARSE_TRIALS = 12
  · RERANK_TOP_K = 0
  · DATA_PARALLEL_WORKERS = 3
  · GPU_LIST = "0,1,2"
  · SEARCH_SPACE = "mixed"
  · ENABLE_STRATEGIES = [serial]  (serial)
── 预检摘要(启动后 precheck.py 会照此核对)──
  策略        : serial  (cell G-serial)
  MAX_EVENTS  : 100000
  SEARCH_SPACE: mixed
  GPU_LIST    : 0,1,2
  BATCH_MODE  : serial (固定, 保真协议)
  SEED        : 42 (固定)
  COARSE_TRIALS: 12   RERANK_TOP_K: 0

[09-18 23:05:17] 已启动 PID=3603241, CUDA_VISIBLE_DEVICES=0,1,2, log=experiments/logs/cellG_serial_20260916.log
=== 自动预检: cell G / serial (期望 serial) ===
  快照: /home/wanghaoyu/JODIE-simple/results/20260918_230520/config.json
  ✓ MAX_EVENTS = 100000
  ✓ SEARCH_SPACE = 'mixed'
  ✓ COARSE_TRIALS = 12
  ✓ RERANK_TOP_K = 0
  ✓ GPU_LIST = '0,1,2'
  ✓ DATA_PARALLEL_WORKERS = 3
  ✓ ENABLE_STRATEGIES = ['serial']
  ✓ SEARCH_MODE = 'rl'
  ✓ BATCH_MODE = 'serial'
  ✓ SEED = 42
  ✓ PARTITION_SIZE = 2000
  ✓ FEATURE_DIM = 4
  ✓ SMART_ENABLE_AUTO_PIPELINE_CONFIG = False
  ✓ log: 数据文件
  ✓ log: CUDA
  ✓ log: Ray 已安装
  ✓ log: 结果目录
  ✓ log: 启用策略
  ✓ 可见GPU数 3 = 期望 3(CUDA_VISIBLE_DEVICES 已生效)

  [预检] ✓ 全部通过 — 配置与指南一致,运行继续。
[09-18 23:06:47] ✓ 预检通过
[09-19 00:55:51] ✓ 本 run 正常结束
[09-19 00:56:05] ✓ 本 run 干净(仅占显存不计算的作业不计污染)
[09-19 00:56:05] 
[09-19 00:56:05] ===== [8/29] cell G / naive =====
[09-19 00:56:05] 动态选卡:等待任意 3 张空闲 GPU...
[09-19 00:56:05] ✓ 动态选中 GPU [0,1,2]
[09-19 00:56:05] ✓ 磁盘剩余 12G
=== cell G / naive (内部名 pipeline_naive) ===
已写入 run_all.py,变更如下:
  · MAX_EVENTS = 100000
  · COARSE_TRIALS = 12
  · RERANK_TOP_K = 0
  · DATA_PARALLEL_WORKERS = 3
  · NUM_PIPELINE_STAGES = 3
  · GPU_LIST = "0,1,2"
  · SEARCH_SPACE = "mixed"
  · PIPELINE_STAGE_TRAIN_WORKERS = "1,1,1"
  · PIPELINE_STAGE_EVAL_WORKERS = "1,1,1"
  · NAIVE_PIPELINE_MODE = "naive"
  · ENABLE_STRATEGIES = [pipeline_naive]  (naive)
── 预检摘要(启动后 precheck.py 会照此核对)──
  策略        : pipeline_naive  (cell G-naive)
  MAX_EVENTS  : 100000
  SEARCH_SPACE: mixed
  GPU_LIST    : 0,1,2
  BATCH_MODE  : serial (固定, 保真协议)
  SEED        : 42 (固定)
  COARSE_TRIALS: 12   RERANK_TOP_K: 0
  Naive stages: 3 × train[1,1,1] eval[1,1,1]

[09-19 00:56:05] 已启动 PID=3775980, CUDA_VISIBLE_DEVICES=0,1,2, log=experiments/logs/cellG_naive_20260916.log
=== 自动预检: cell G / naive (期望 pipeline_naive) ===
  快照: /home/wanghaoyu/JODIE-simple/results/20260919_005609/config.json
  ✓ MAX_EVENTS = 100000
  ✓ SEARCH_SPACE = 'mixed'
  ✓ COARSE_TRIALS = 12
  ✓ RERANK_TOP_K = 0
  ✓ GPU_LIST = '0,1,2'
  ✓ DATA_PARALLEL_WORKERS = 3
  ✓ NUM_PIPELINE_STAGES = 3
  ✓ PIPELINE_STAGE_TRAIN_WORKERS = '1,1,1'
  ✓ PIPELINE_STAGE_EVAL_WORKERS = '1,1,1'
  ✓ NAIVE_PIPELINE_MODE = 'naive'
  ✓ ENABLE_STRATEGIES = ['pipeline_naive']
  ✓ SEARCH_MODE = 'rl'
  ✓ BATCH_MODE = 'serial'
  ✓ SEED = 42
  ✓ PARTITION_SIZE = 2000
  ✓ FEATURE_DIM = 4
  ✓ SMART_ENABLE_AUTO_PIPELINE_CONFIG = False
  ✓ log: 数据文件
  ✓ log: CUDA
  ✓ log: Ray 已安装
  ✓ log: 结果目录
  ✓ log: 启用策略
  ✓ 可见GPU数 3 = 期望 3(CUDA_VISIBLE_DEVICES 已生效)

  [预检] ✓ 全部通过 — 配置与指南一致,运行继续。
[09-19 00:57:35] ✓ 预检通过
[09-19 02:09:38] ✓ 本 run 正常结束
[09-19 02:09:50] ✓ 本 run 干净(仅占显存不计算的作业不计污染)
[09-19 02:09:51] 
[09-19 02:09:51] ===== [9/29] cell G / naive_async =====
[09-19 02:09:51] 动态选卡:等待任意 3 张空闲 GPU...
[09-19 02:09:51] ✓ 动态选中 GPU [0,1,2]
[09-19 02:09:51] ✓ 磁盘剩余 12G
=== cell G / naive_async (内部名 pipeline_naive) ===
已写入 run_all.py,变更如下:
  · MAX_EVENTS = 100000
  · COARSE_TRIALS = 12
  · RERANK_TOP_K = 0
  · DATA_PARALLEL_WORKERS = 3
  · NUM_PIPELINE_STAGES = 3
  · GPU_LIST = "0,1,2"
  · SEARCH_SPACE = "mixed"
  · PIPELINE_STAGE_TRAIN_WORKERS = "1,1,1"
  · PIPELINE_STAGE_EVAL_WORKERS = "1,1,1"
  · NAIVE_PIPELINE_MODE = "smart"
  · ENABLE_STRATEGIES = [pipeline_naive]  (naive_async)
── 预检摘要(启动后 precheck.py 会照此核对)──
  策略        : pipeline_naive  (cell G-naive_async)
  MAX_EVENTS  : 100000
  SEARCH_SPACE: mixed
  GPU_LIST    : 0,1,2
  BATCH_MODE  : serial (固定, 保真协议)
  SEED        : 42 (固定)
  COARSE_TRIALS: 12   RERANK_TOP_K: 0
  Naive stages: 3 × train[1,1,1] eval[1,1,1]
  驱动        : NAIVE_PIPELINE_MODE=smart (异步池, 多阶段流水线)

[09-19 02:09:51] 已启动 PID=3894005, CUDA_VISIBLE_DEVICES=0,1,2, log=experiments/logs/cellG_naive_async_20260916.log
=== 自动预检: cell G / naive_async (期望 pipeline_naive) ===
  快照: /home/wanghaoyu/JODIE-simple/results/20260919_020955/config.json
  ✓ MAX_EVENTS = 100000
  ✓ SEARCH_SPACE = 'mixed'
  ✓ COARSE_TRIALS = 12
  ✓ RERANK_TOP_K = 0
  ✓ GPU_LIST = '0,1,2'
  ✓ DATA_PARALLEL_WORKERS = 3
  ✓ NUM_PIPELINE_STAGES = 3
  ✓ PIPELINE_STAGE_TRAIN_WORKERS = '1,1,1'
  ✓ PIPELINE_STAGE_EVAL_WORKERS = '1,1,1'
  ✓ NAIVE_PIPELINE_MODE = 'smart'
  ✓ ENABLE_STRATEGIES = ['pipeline_naive']
  ✓ SEARCH_MODE = 'rl'
  ✓ BATCH_MODE = 'serial'
  ✓ SEED = 42
  ✓ PARTITION_SIZE = 2000
  ✓ FEATURE_DIM = 4
  ✓ SMART_ENABLE_AUTO_PIPELINE_CONFIG = False
  ✓ log: 数据文件
  ✓ log: CUDA
  ✓ log: Ray 已安装
  ✓ log: 结果目录
  ✓ log: 启用策略
  ✓ 可见GPU数 3 = 期望 3(CUDA_VISIBLE_DEVICES 已生效)

  [预检] ✓ 全部通过 — 配置与指南一致,运行继续。
[09-19 02:11:21] ✓ 预检通过
[09-19 03:04:23] ✓ 本 run 正常结束
[09-19 03:04:37] ✓ 本 run 干净(仅占显存不计算的作业不计污染)
[09-19 03:04:37] 
[09-19 03:04:37] ===== [10/29] cell G / smart_sync =====
[09-19 03:04:37] 动态选卡:等待任意 3 张空闲 GPU...
[09-19 03:04:37] ✓ 动态选中 GPU [0,1,2]
[09-19 03:04:37] ✓ 磁盘剩余 12G
=== cell G / smart_sync (内部名 pipeline_smart) ===
已写入 run_all.py,变更如下:
  · MAX_EVENTS = 100000
  · COARSE_TRIALS = 12
  · RERANK_TOP_K = 0
  · DATA_PARALLEL_WORKERS = 3
  · SMART_NUM_PIPELINE_STAGES = 1
  · GPU_LIST = "0,1,2"
  · SEARCH_SPACE = "mixed"
  · SMART_PIPELINE_STAGE_TRAIN_WORKERS = "3"
  · SMART_PIPELINE_MODE = "naive"
  · ENABLE_STRATEGIES = [pipeline_smart]  (smart_sync)
── 预检摘要(启动后 precheck.py 会照此核对)──
  策略        : pipeline_smart  (cell G-smart_sync)
  MAX_EVENTS  : 100000
  SEARCH_SPACE: mixed
  GPU_LIST    : 0,1,2
  BATCH_MODE  : serial (固定, 保真协议)
  SEED        : 42 (固定)
  COARSE_TRIALS: 12   RERANK_TOP_K: 0
  Smart stages: 1 × train[3] (自动分配=OFF)
  驱动        : SMART_PIPELINE_MODE=naive (批同步, 去异步)

[09-19 03:04:37] 已启动 PID=3972424, CUDA_VISIBLE_DEVICES=0,1,2, log=experiments/logs/cellG_smart_sync_20260916.log
=== 自动预检: cell G / smart_sync (期望 pipeline_smart) ===
  快照: /home/wanghaoyu/JODIE-simple/results/20260919_030440/config.json
  ✓ MAX_EVENTS = 100000
  ✓ SEARCH_SPACE = 'mixed'
  ✓ COARSE_TRIALS = 12
  ✓ RERANK_TOP_K = 0
  ✓ GPU_LIST = '0,1,2'
  ✓ DATA_PARALLEL_WORKERS = 3
  ✓ SMART_NUM_PIPELINE_STAGES = 1
  ✓ SMART_PIPELINE_STAGE_TRAIN_WORKERS = '3'
  ✓ SMART_PIPELINE_MODE = 'naive'
  ✓ ENABLE_STRATEGIES = ['pipeline_smart']
  ✓ SEARCH_MODE = 'rl'
  ✓ BATCH_MODE = 'serial'
  ✓ SEED = 42
  ✓ PARTITION_SIZE = 2000
  ✓ FEATURE_DIM = 4
  ✓ SMART_ENABLE_AUTO_PIPELINE_CONFIG = False
  ✓ log: 数据文件
  ✓ log: CUDA
  ✓ log: Ray 已安装
  ✓ log: 结果目录
  ✓ log: 启用策略
  ✓ 可见GPU数 3 = 期望 3(CUDA_VISIBLE_DEVICES 已生效)

  [预检] ✓ 全部通过 — 配置与指南一致,运行继续。
[09-19 03:06:08] ✓ 预检通过
[09-19 04:15:10] ✓ 本 run 正常结束
[09-19 04:15:23] ✓ 本 run 干净(仅占显存不计算的作业不计污染)
[09-19 04:15:23] 
[09-19 04:15:23] ===== [11/29] cell D / serial =====
[09-19 04:15:23] 动态选卡:等待任意 3 张空闲 GPU...
[09-19 04:15:24] ✓ 动态选中 GPU [0,1,2]
[09-19 04:15:24] ✓ 磁盘剩余 11G
=== cell D / serial (内部名 serial) ===
已写入 run_all.py,变更如下:
  · MAX_EVENTS = 100000
  · COARSE_TRIALS = 12
  · RERANK_TOP_K = 0
  · DATA_PARALLEL_WORKERS = 3
  · GPU_LIST = "0,1,2"
  · SEARCH_SPACE = "rnn_only"
  · ENABLE_STRATEGIES = [serial]  (serial)
── 预检摘要(启动后 precheck.py 会照此核对)──
  策略        : serial  (cell D-serial)
  MAX_EVENTS  : 100000
  SEARCH_SPACE: rnn_only
  GPU_LIST    : 0,1,2
  BATCH_MODE  : serial (固定, 保真协议)
  SEED        : 42 (固定)
  COARSE_TRIALS: 12   RERANK_TOP_K: 0

[09-19 04:15:24] 已启动 PID=4073206, CUDA_VISIBLE_DEVICES=0,1,2, log=experiments/logs/cellD_serial_20260916.log
=== 自动预检: cell D / serial (期望 serial) ===
  快照: /home/wanghaoyu/JODIE-simple/results/20260919_041527/config.json
  ✓ MAX_EVENTS = 100000
  ✓ SEARCH_SPACE = 'rnn_only'
  ✓ COARSE_TRIALS = 12
  ✓ RERANK_TOP_K = 0
  ✓ GPU_LIST = '0,1,2'
  ✓ DATA_PARALLEL_WORKERS = 3
  ✓ ENABLE_STRATEGIES = ['serial']
  ✓ SEARCH_MODE = 'rl'
  ✓ BATCH_MODE = 'serial'
  ✓ SEED = 42
  ✓ PARTITION_SIZE = 2000
  ✓ FEATURE_DIM = 4
  ✓ SMART_ENABLE_AUTO_PIPELINE_CONFIG = False
  ✓ log: 数据文件
  ✓ log: CUDA
  ✓ log: Ray 已安装
  ✓ log: 结果目录
  ✓ log: 启用策略
  ✓ 可见GPU数 3 = 期望 3(CUDA_VISIBLE_DEVICES 已生效)

  [预检] ✓ 全部通过 — 配置与指南一致,运行继续。
[09-19 04:16:54] ✓ 预检通过
[09-19 06:15:59] ✓ 本 run 正常结束
[09-19 06:16:13] ✓ 本 run 干净(仅占显存不计算的作业不计污染)
[09-19 06:16:13] 
[09-19 06:16:13] ===== [12/29] cell D / naive =====
[09-19 06:16:13] 动态选卡:等待任意 3 张空闲 GPU...
[09-19 06:16:13] ✓ 动态选中 GPU [0,1,2]
[09-19 06:16:13] ✓ 磁盘剩余 11G
=== cell D / naive (内部名 pipeline_naive) ===
已写入 run_all.py,变更如下:
  · MAX_EVENTS = 100000
  · COARSE_TRIALS = 12
  · RERANK_TOP_K = 0
  · DATA_PARALLEL_WORKERS = 3
  · NUM_PIPELINE_STAGES = 3
  · GPU_LIST = "0,1,2"
  · SEARCH_SPACE = "rnn_only"
  · PIPELINE_STAGE_TRAIN_WORKERS = "1,1,1"
  · PIPELINE_STAGE_EVAL_WORKERS = "1,1,1"
  · NAIVE_PIPELINE_MODE = "naive"
  · ENABLE_STRATEGIES = [pipeline_naive]  (naive)
── 预检摘要(启动后 precheck.py 会照此核对)──
  策略        : pipeline_naive  (cell D-naive)
  MAX_EVENTS  : 100000
  SEARCH_SPACE: rnn_only
  GPU_LIST    : 0,1,2
  BATCH_MODE  : serial (固定, 保真协议)
  SEED        : 42 (固定)
  COARSE_TRIALS: 12   RERANK_TOP_K: 0
  Naive stages: 3 × train[1,1,1] eval[1,1,1]

[09-19 06:16:13] 已启动 PID=46980, CUDA_VISIBLE_DEVICES=0,1,2, log=experiments/logs/cellD_naive_20260916.log
=== 自动预检: cell D / naive (期望 pipeline_naive) ===
  快照: /home/wanghaoyu/JODIE-simple/results/20260919_061616/config.json
  ✓ MAX_EVENTS = 100000
  ✓ SEARCH_SPACE = 'rnn_only'
  ✓ COARSE_TRIALS = 12
  ✓ RERANK_TOP_K = 0
  ✓ GPU_LIST = '0,1,2'
  ✓ DATA_PARALLEL_WORKERS = 3
  ✓ NUM_PIPELINE_STAGES = 3
  ✓ PIPELINE_STAGE_TRAIN_WORKERS = '1,1,1'
  ✓ PIPELINE_STAGE_EVAL_WORKERS = '1,1,1'
  ✓ NAIVE_PIPELINE_MODE = 'naive'
  ✓ ENABLE_STRATEGIES = ['pipeline_naive']
  ✓ SEARCH_MODE = 'rl'
  ✓ BATCH_MODE = 'serial'
  ✓ SEED = 42
  ✓ PARTITION_SIZE = 2000
  ✓ FEATURE_DIM = 4
  ✓ SMART_ENABLE_AUTO_PIPELINE_CONFIG = False
  ✓ log: 数据文件
  ✓ log: CUDA
  ✓ log: Ray 已安装
  ✓ log: 结果目录
  ✓ log: 启用策略
  ✓ 可见GPU数 3 = 期望 3(CUDA_VISIBLE_DEVICES 已生效)

  [预检] ✓ 全部通过 — 配置与指南一致,运行继续。
[09-19 06:17:44] ✓ 预检通过
[09-19 07:34:46] ✓ 本 run 正常结束
[09-19 07:35:00] ✓ 本 run 干净(仅占显存不计算的作业不计污染)
[09-19 07:35:00] 
[09-19 07:35:00] ===== [13/29] cell D / naive_async =====
[09-19 07:35:00] 动态选卡:等待任意 3 张空闲 GPU...
[09-19 07:35:00] ✓ 动态选中 GPU [0,1,2]
[09-19 07:35:00] ✓ 磁盘剩余 11G
=== cell D / naive_async (内部名 pipeline_naive) ===
已写入 run_all.py,变更如下:
  · MAX_EVENTS = 100000
  · COARSE_TRIALS = 12
  · RERANK_TOP_K = 0
  · DATA_PARALLEL_WORKERS = 3
  · NUM_PIPELINE_STAGES = 3
  · GPU_LIST = "0,1,2"
  · SEARCH_SPACE = "rnn_only"
  · PIPELINE_STAGE_TRAIN_WORKERS = "1,1,1"
  · PIPELINE_STAGE_EVAL_WORKERS = "1,1,1"
  · NAIVE_PIPELINE_MODE = "smart"
  · ENABLE_STRATEGIES = [pipeline_naive]  (naive_async)
── 预检摘要(启动后 precheck.py 会照此核对)──
  策略        : pipeline_naive  (cell D-naive_async)
  MAX_EVENTS  : 100000
  SEARCH_SPACE: rnn_only
  GPU_LIST    : 0,1,2
  BATCH_MODE  : serial (固定, 保真协议)
  SEED        : 42 (固定)
  COARSE_TRIALS: 12   RERANK_TOP_K: 0
  Naive stages: 3 × train[1,1,1] eval[1,1,1]
  驱动        : NAIVE_PIPELINE_MODE=smart (异步池, 多阶段流水线)

[09-19 07:35:00] 已启动 PID=159048, CUDA_VISIBLE_DEVICES=0,1,2, log=experiments/logs/cellD_naive_async_20260916.log
=== 自动预检: cell D / naive_async (期望 pipeline_naive) ===
  快照: /home/wanghaoyu/JODIE-simple/results/20260919_073503/config.json
  ✓ MAX_EVENTS = 100000
  ✓ SEARCH_SPACE = 'rnn_only'
  ✓ COARSE_TRIALS = 12
  ✓ RERANK_TOP_K = 0
  ✓ GPU_LIST = '0,1,2'
  ✓ DATA_PARALLEL_WORKERS = 3
  ✓ NUM_PIPELINE_STAGES = 3
  ✓ PIPELINE_STAGE_TRAIN_WORKERS = '1,1,1'
  ✓ PIPELINE_STAGE_EVAL_WORKERS = '1,1,1'
  ✓ NAIVE_PIPELINE_MODE = 'smart'
  ✓ ENABLE_STRATEGIES = ['pipeline_naive']
  ✓ SEARCH_MODE = 'rl'
  ✓ BATCH_MODE = 'serial'
  ✓ SEED = 42
  ✓ PARTITION_SIZE = 2000
  ✓ FEATURE_DIM = 4
  ✓ SMART_ENABLE_AUTO_PIPELINE_CONFIG = False
  ✓ log: 数据文件
  ✓ log: CUDA
  ✓ log: Ray 已安装
  ✓ log: 结果目录
  ✓ log: 启用策略
  ✓ 可见GPU数 3 = 期望 3(CUDA_VISIBLE_DEVICES 已生效)

  [预检] ✓ 全部通过 — 配置与指南一致,运行继续。
[09-19 07:36:30] ✓ 预检通过
[09-19 08:36:32] ✓ 本 run 正常结束
[09-19 08:36:45] ✓ 本 run 干净(仅占显存不计算的作业不计污染)
[09-19 08:36:45] 
[09-19 08:36:45] ===== [14/29] cell D / dp =====
[09-19 08:36:45] 动态选卡:等待任意 3 张空闲 GPU...
[09-19 08:36:45] ✓ 动态选中 GPU [0,1,2]
[09-19 08:36:45] ✓ 磁盘剩余 11G
=== cell D / dp (内部名 data_parallel) ===
已写入 run_all.py,变更如下:
  · MAX_EVENTS = 100000
  · COARSE_TRIALS = 12
  · RERANK_TOP_K = 0
  · DATA_PARALLEL_WORKERS = 3
  · GPU_LIST = "0,1,2"
  · SEARCH_SPACE = "rnn_only"
  · ENABLE_STRATEGIES = [data_parallel]  (dp)
── 预检摘要(启动后 precheck.py 会照此核对)──
  策略        : data_parallel  (cell D-dp)
  MAX_EVENTS  : 100000
  SEARCH_SPACE: rnn_only
  GPU_LIST    : 0,1,2
  BATCH_MODE  : serial (固定, 保真协议)
  SEED        : 42 (固定)
  COARSE_TRIALS: 12   RERANK_TOP_K: 0
  DP workers   : 3

[09-19 08:36:45] 已启动 PID=246196, CUDA_VISIBLE_DEVICES=0,1,2, log=experiments/logs/cellD_dp_20260916.log
=== 自动预检: cell D / dp (期望 data_parallel) ===
  快照: /home/wanghaoyu/JODIE-simple/results/20260919_083649/config.json
  ✓ MAX_EVENTS = 100000
  ✓ SEARCH_SPACE = 'rnn_only'
  ✓ COARSE_TRIALS = 12
  ✓ RERANK_TOP_K = 0
  ✓ GPU_LIST = '0,1,2'
  ✓ DATA_PARALLEL_WORKERS = 3
  ✓ ENABLE_STRATEGIES = ['data_parallel']
  ✓ SEARCH_MODE = 'rl'
  ✓ BATCH_MODE = 'serial'
  ✓ SEED = 42
  ✓ PARTITION_SIZE = 2000
  ✓ FEATURE_DIM = 4
  ✓ SMART_ENABLE_AUTO_PIPELINE_CONFIG = False
  ✓ log: 数据文件
  ✓ log: CUDA
  ✓ log: Ray 已安装
  ✓ log: 结果目录
  ✓ log: 启用策略
  ✓ 可见GPU数 3 = 期望 3(CUDA_VISIBLE_DEVICES 已生效)

  [预检] ✓ 全部通过 — 配置与指南一致,运行继续。
[09-19 08:38:16] ✓ 预检通过
[09-19 10:16:20] ✓ 本 run 正常结束
[09-19 10:16:33] ✓ 本 run 干净(仅占显存不计算的作业不计污染)
[09-19 10:16:33] 
[09-19 10:16:33] ===== [15/29] cell D / smart_sync =====
[09-19 10:16:33] 动态选卡:等待任意 3 张空闲 GPU...
[09-19 10:16:33] ✓ 动态选中 GPU [0,1,2]
[09-19 10:16:33] ✓ 磁盘剩余 11G
=== cell D / smart_sync (内部名 pipeline_smart) ===
已写入 run_all.py,变更如下:
  · MAX_EVENTS = 100000
  · COARSE_TRIALS = 12
  · RERANK_TOP_K = 0
  · DATA_PARALLEL_WORKERS = 3
  · SMART_NUM_PIPELINE_STAGES = 1
  · GPU_LIST = "0,1,2"
  · SEARCH_SPACE = "rnn_only"
  · SMART_PIPELINE_STAGE_TRAIN_WORKERS = "3"
  · SMART_PIPELINE_MODE = "naive"
  · ENABLE_STRATEGIES = [pipeline_smart]  (smart_sync)
── 预检摘要(启动后 precheck.py 会照此核对)──
  策略        : pipeline_smart  (cell D-smart_sync)
  MAX_EVENTS  : 100000
  SEARCH_SPACE: rnn_only
  GPU_LIST    : 0,1,2
  BATCH_MODE  : serial (固定, 保真协议)
  SEED        : 42 (固定)
  COARSE_TRIALS: 12   RERANK_TOP_K: 0
  Smart stages: 1 × train[3] (自动分配=OFF)
  驱动        : SMART_PIPELINE_MODE=naive (批同步, 去异步)

[09-19 10:16:33] 已启动 PID=1854917, CUDA_VISIBLE_DEVICES=0,1,2, log=experiments/logs/cellD_smart_sync_20260916.log
=== 自动预检: cell D / smart_sync (期望 pipeline_smart) ===
  快照: /home/wanghaoyu/JODIE-simple/results/20260919_101636/config.json
  ✓ MAX_EVENTS = 100000
  ✓ SEARCH_SPACE = 'rnn_only'
  ✓ COARSE_TRIALS = 12
  ✓ RERANK_TOP_K = 0
  ✓ GPU_LIST = '0,1,2'
  ✓ DATA_PARALLEL_WORKERS = 3
  ✓ SMART_NUM_PIPELINE_STAGES = 1
  ✓ SMART_PIPELINE_STAGE_TRAIN_WORKERS = '3'
  ✓ SMART_PIPELINE_MODE = 'naive'
  ✓ ENABLE_STRATEGIES = ['pipeline_smart']
  ✓ SEARCH_MODE = 'rl'
  ✓ BATCH_MODE = 'serial'
  ✓ SEED = 42
  ✓ PARTITION_SIZE = 2000
  ✓ FEATURE_DIM = 4
  ✓ SMART_ENABLE_AUTO_PIPELINE_CONFIG = False
  ✓ log: 数据文件
  ✓ log: CUDA
  ✓ log: Ray 已安装
  ✓ log: 结果目录
  ✓ log: 启用策略
  ✓ 可见GPU数 3 = 期望 3(CUDA_VISIBLE_DEVICES 已生效)

  [预检] ✓ 全部通过 — 配置与指南一致,运行继续。
[09-19 10:18:04] ✓ 预检通过
[09-19 11:28:06] ✓ 本 run 正常结束
[09-19 11:28:21] ✓ 本 run 干净(仅占显存不计算的作业不计污染)
[09-19 11:28:21] 
[09-19 11:28:21] ===== [16/29] cell E / serial =====
[09-19 11:28:21] 动态选卡:等待任意 2 张空闲 GPU...
[09-19 11:28:21] ✓ 动态选中 GPU [0,1]
[09-19 11:28:21] ✓ 磁盘剩余 11G
=== cell E / serial (内部名 serial) ===
已写入 run_all.py,变更如下:
  · MAX_EVENTS = 100000
  · COARSE_TRIALS = 12
  · RERANK_TOP_K = 0
  · DATA_PARALLEL_WORKERS = 2
  · GPU_LIST = "0,1"
  · SEARCH_SPACE = "rnn_only"
  · ENABLE_STRATEGIES = [serial]  (serial)
── 预检摘要(启动后 precheck.py 会照此核对)──
  策略        : serial  (cell E-serial)
  MAX_EVENTS  : 100000
  SEARCH_SPACE: rnn_only
  GPU_LIST    : 0,1
  BATCH_MODE  : serial (固定, 保真协议)
  SEED        : 42 (固定)
  COARSE_TRIALS: 12   RERANK_TOP_K: 0

[09-19 11:28:21] 已启动 PID=1956604, CUDA_VISIBLE_DEVICES=0,1, log=experiments/logs/cellE_serial_20260916.log
=== 自动预检: cell E / serial (期望 serial) ===
  快照: /home/wanghaoyu/JODIE-simple/results/20260919_112824/config.json
  ✓ MAX_EVENTS = 100000
  ✓ SEARCH_SPACE = 'rnn_only'
  ✓ COARSE_TRIALS = 12
  ✓ RERANK_TOP_K = 0
  ✓ GPU_LIST = '0,1'
  ✓ DATA_PARALLEL_WORKERS = 2
  ✓ ENABLE_STRATEGIES = ['serial']
  ✓ SEARCH_MODE = 'rl'
  ✓ BATCH_MODE = 'serial'
  ✓ SEED = 42
  ✓ PARTITION_SIZE = 2000
  ✓ FEATURE_DIM = 4
  ✓ SMART_ENABLE_AUTO_PIPELINE_CONFIG = False
  ✓ log: 数据文件
  ✓ log: CUDA
  ✓ log: Ray 已安装
  ✓ log: 结果目录
  ✓ log: 启用策略
  ✓ 可见GPU数 2 = 期望 2(CUDA_VISIBLE_DEVICES 已生效)

  [预检] ✓ 全部通过 — 配置与指南一致,运行继续。
[09-19 11:29:51] ✓ 预检通过
[09-19 13:24:56] ✓ 本 run 正常结束
[09-19 13:25:10] ✓ 本 run 干净(仅占显存不计算的作业不计污染)
[09-19 13:25:10] 
[09-19 13:25:10] ===== [17/29] cell E / naive =====
[09-19 13:25:10] 动态选卡:等待任意 2 张空闲 GPU...
[09-19 13:25:10] ✓ 动态选中 GPU [0,1]
[09-19 13:25:10] ✓ 磁盘剩余 11G
=== cell E / naive (内部名 pipeline_naive) ===
已写入 run_all.py,变更如下:
  · MAX_EVENTS = 100000
  · COARSE_TRIALS = 12
  · RERANK_TOP_K = 0
  · DATA_PARALLEL_WORKERS = 2
  · NUM_PIPELINE_STAGES = 2
  · GPU_LIST = "0,1"
  · SEARCH_SPACE = "rnn_only"
  · PIPELINE_STAGE_TRAIN_WORKERS = "1,1"
  · PIPELINE_STAGE_EVAL_WORKERS = "1,1"
  · NAIVE_PIPELINE_MODE = "naive"
  · ENABLE_STRATEGIES = [pipeline_naive]  (naive)
── 预检摘要(启动后 precheck.py 会照此核对)──
  策略        : pipeline_naive  (cell E-naive)
  MAX_EVENTS  : 100000
  SEARCH_SPACE: rnn_only
  GPU_LIST    : 0,1
  BATCH_MODE  : serial (固定, 保真协议)
  SEED        : 42 (固定)
  COARSE_TRIALS: 12   RERANK_TOP_K: 0
  Naive stages: 2 × train[1,1] eval[1,1]

[09-19 13:25:10] 已启动 PID=2120259, CUDA_VISIBLE_DEVICES=0,1, log=experiments/logs/cellE_naive_20260916.log
=== 自动预检: cell E / naive (期望 pipeline_naive) ===
  快照: /home/wanghaoyu/JODIE-simple/results/20260919_132513/config.json
  ✓ MAX_EVENTS = 100000
  ✓ SEARCH_SPACE = 'rnn_only'
  ✓ COARSE_TRIALS = 12
  ✓ RERANK_TOP_K = 0
  ✓ GPU_LIST = '0,1'
  ✓ DATA_PARALLEL_WORKERS = 2
  ✓ NUM_PIPELINE_STAGES = 2
  ✓ PIPELINE_STAGE_TRAIN_WORKERS = '1,1'
  ✓ PIPELINE_STAGE_EVAL_WORKERS = '1,1'
  ✓ NAIVE_PIPELINE_MODE = 'naive'
  ✓ ENABLE_STRATEGIES = ['pipeline_naive']
  ✓ SEARCH_MODE = 'rl'
  ✓ BATCH_MODE = 'serial'
  ✓ SEED = 42
  ✓ PARTITION_SIZE = 2000
  ✓ FEATURE_DIM = 4
  ✓ SMART_ENABLE_AUTO_PIPELINE_CONFIG = False
  ✓ log: 数据文件
  ✓ log: CUDA
  ✓ log: Ray 已安装
  ✓ log: 结果目录
  ✓ log: 启用策略
  ✓ 可见GPU数 2 = 期望 2(CUDA_VISIBLE_DEVICES 已生效)

  [预检] ✓ 全部通过 — 配置与指南一致,运行继续。
[09-19 13:26:40] ✓ 预检通过
[09-19 15:00:44] ✓ 本 run 正常结束
[09-19 15:00:57] ✓ 本 run 干净(仅占显存不计算的作业不计污染)
[09-19 15:00:57] 
[09-19 15:00:57] ===== [18/29] cell E / naive_async =====
[09-19 15:00:57] 动态选卡:等待任意 2 张空闲 GPU...
[09-19 15:00:58] ✓ 动态选中 GPU [0,1]
[09-19 15:00:58] ✓ 磁盘剩余 10G
=== cell E / naive_async (内部名 pipeline_naive) ===
已写入 run_all.py,变更如下:
  · MAX_EVENTS = 100000
  · COARSE_TRIALS = 12
  · RERANK_TOP_K = 0
  · DATA_PARALLEL_WORKERS = 2
  · NUM_PIPELINE_STAGES = 2
  · GPU_LIST = "0,1"
  · SEARCH_SPACE = "rnn_only"
  · PIPELINE_STAGE_TRAIN_WORKERS = "1,1"
  · PIPELINE_STAGE_EVAL_WORKERS = "1,1"
  · NAIVE_PIPELINE_MODE = "smart"
  · ENABLE_STRATEGIES = [pipeline_naive]  (naive_async)
── 预检摘要(启动后 precheck.py 会照此核对)──
  策略        : pipeline_naive  (cell E-naive_async)
  MAX_EVENTS  : 100000
  SEARCH_SPACE: rnn_only
  GPU_LIST    : 0,1
  BATCH_MODE  : serial (固定, 保真协议)
  SEED        : 42 (固定)
  COARSE_TRIALS: 12   RERANK_TOP_K: 0
  Naive stages: 2 × train[1,1] eval[1,1]
  驱动        : NAIVE_PIPELINE_MODE=smart (异步池, 多阶段流水线)

[09-19 15:00:58] 已启动 PID=2263429, CUDA_VISIBLE_DEVICES=0,1, log=experiments/logs/cellE_naive_async_20260916.log
=== 自动预检: cell E / naive_async (期望 pipeline_naive) ===
  快照: /home/wanghaoyu/JODIE-simple/results/20260919_150101/config.json
  ✓ MAX_EVENTS = 100000
  ✓ SEARCH_SPACE = 'rnn_only'
  ✓ COARSE_TRIALS = 12
  ✓ RERANK_TOP_K = 0
  ✓ GPU_LIST = '0,1'
  ✓ DATA_PARALLEL_WORKERS = 2
  ✓ NUM_PIPELINE_STAGES = 2
  ✓ PIPELINE_STAGE_TRAIN_WORKERS = '1,1'
  ✓ PIPELINE_STAGE_EVAL_WORKERS = '1,1'
  ✓ NAIVE_PIPELINE_MODE = 'smart'
  ✓ ENABLE_STRATEGIES = ['pipeline_naive']
  ✓ SEARCH_MODE = 'rl'
  ✓ BATCH_MODE = 'serial'
  ✓ SEED = 42
  ✓ PARTITION_SIZE = 2000
  ✓ FEATURE_DIM = 4
  ✓ SMART_ENABLE_AUTO_PIPELINE_CONFIG = False
  ✓ log: 数据文件
  ✓ log: CUDA
  ✓ log: Ray 已安装
  ✓ log: 结果目录
  ✓ log: 启用策略
  ✓ 可见GPU数 2 = 期望 2(CUDA_VISIBLE_DEVICES 已生效)

  [预检] ✓ 全部通过 — 配置与指南一致,运行继续。
[09-19 15:02:28] ✓ 预检通过
[09-19 16:25:31] ✓ 本 run 正常结束
[09-19 16:25:45] ✓ 本 run 干净(仅占显存不计算的作业不计污染)
[09-19 16:25:45] 
[09-19 16:25:45] ===== [19/29] cell E / dp =====
[09-19 16:25:45] 动态选卡:等待任意 2 张空闲 GPU...
[09-19 16:25:45] ✓ 动态选中 GPU [0,1]
[09-19 16:25:45] ✓ 磁盘剩余 9.9G
=== cell E / dp (内部名 data_parallel) ===
已写入 run_all.py,变更如下:
  · MAX_EVENTS = 100000
  · COARSE_TRIALS = 12
  · RERANK_TOP_K = 0
  · DATA_PARALLEL_WORKERS = 2
  · GPU_LIST = "0,1"
  · SEARCH_SPACE = "rnn_only"
  · ENABLE_STRATEGIES = [data_parallel]  (dp)
── 预检摘要(启动后 precheck.py 会照此核对)──
  策略        : data_parallel  (cell E-dp)
  MAX_EVENTS  : 100000
  SEARCH_SPACE: rnn_only
  GPU_LIST    : 0,1
  BATCH_MODE  : serial (固定, 保真协议)
  SEED        : 42 (固定)
  COARSE_TRIALS: 12   RERANK_TOP_K: 0
  DP workers   : 2

[09-19 16:25:45] 已启动 PID=2409733, CUDA_VISIBLE_DEVICES=0,1, log=experiments/logs/cellE_dp_20260916.log
=== 自动预检: cell E / dp (期望 data_parallel) ===
  快照: /home/wanghaoyu/JODIE-simple/results/20260919_162549/config.json
  ✓ MAX_EVENTS = 100000
  ✓ SEARCH_SPACE = 'rnn_only'
  ✓ COARSE_TRIALS = 12
  ✓ RERANK_TOP_K = 0
  ✓ GPU_LIST = '0,1'
  ✓ DATA_PARALLEL_WORKERS = 2
  ✓ ENABLE_STRATEGIES = ['data_parallel']
  ✓ SEARCH_MODE = 'rl'
  ✓ BATCH_MODE = 'serial'
  ✓ SEED = 42
  ✓ PARTITION_SIZE = 2000
  ✓ FEATURE_DIM = 4
  ✓ SMART_ENABLE_AUTO_PIPELINE_CONFIG = False
  ✓ log: 数据文件
  ✓ log: CUDA
  ✓ log: Ray 已安装
  ✓ log: 结果目录
  ✓ log: 启用策略
  ✓ 可见GPU数 2 = 期望 2(CUDA_VISIBLE_DEVICES 已生效)

  [预检] ✓ 全部通过 — 配置与指南一致,运行继续。
[09-19 16:27:15] ✓ 预检通过
[09-19 18:01:19] ✓ 本 run 正常结束
[09-19 18:01:33] ✓ 本 run 干净(仅占显存不计算的作业不计污染)
[09-19 18:01:33] 
[09-19 18:01:33] ===== [20/29] cell E / smart_sync =====
[09-19 18:01:33] 动态选卡:等待任意 2 张空闲 GPU...
[09-19 18:01:33] ✓ 动态选中 GPU [0,1]
[09-19 18:01:33] ✓ 磁盘剩余 9.8G
=== cell E / smart_sync (内部名 pipeline_smart) ===
已写入 run_all.py,变更如下:
  · MAX_EVENTS = 100000
  · COARSE_TRIALS = 12
  · RERANK_TOP_K = 0
  · DATA_PARALLEL_WORKERS = 2
  · SMART_NUM_PIPELINE_STAGES = 1
  · GPU_LIST = "0,1"
  · SEARCH_SPACE = "rnn_only"
  · SMART_PIPELINE_STAGE_TRAIN_WORKERS = "2"
  · SMART_PIPELINE_MODE = "naive"
  · ENABLE_STRATEGIES = [pipeline_smart]  (smart_sync)
── 预检摘要(启动后 precheck.py 会照此核对)──
  策略        : pipeline_smart  (cell E-smart_sync)
  MAX_EVENTS  : 100000
  SEARCH_SPACE: rnn_only
  GPU_LIST    : 0,1
  BATCH_MODE  : serial (固定, 保真协议)
  SEED        : 42 (固定)
  COARSE_TRIALS: 12   RERANK_TOP_K: 0
  Smart stages: 1 × train[2] (自动分配=OFF)
  驱动        : SMART_PIPELINE_MODE=naive (批同步, 去异步)

[09-19 18:01:33] 已启动 PID=4012994, CUDA_VISIBLE_DEVICES=0,1, log=experiments/logs/cellE_smart_sync_20260916.log
=== 自动预检: cell E / smart_sync (期望 pipeline_smart) ===
  快照: /home/wanghaoyu/JODIE-simple/results/20260919_180136/config.json
  ✓ MAX_EVENTS = 100000
  ✓ SEARCH_SPACE = 'rnn_only'
  ✓ COARSE_TRIALS = 12
  ✓ RERANK_TOP_K = 0
  ✓ GPU_LIST = '0,1'
  ✓ DATA_PARALLEL_WORKERS = 2
  ✓ SMART_NUM_PIPELINE_STAGES = 1
  ✓ SMART_PIPELINE_STAGE_TRAIN_WORKERS = '2'
  ✓ SMART_PIPELINE_MODE = 'naive'
  ✓ ENABLE_STRATEGIES = ['pipeline_smart']
  ✓ SEARCH_MODE = 'rl'
  ✓ BATCH_MODE = 'serial'
  ✓ SEED = 42
  ✓ PARTITION_SIZE = 2000
  ✓ FEATURE_DIM = 4
  ✓ SMART_ENABLE_AUTO_PIPELINE_CONFIG = False
  ✓ log: 数据文件
  ✓ log: CUDA
  ✓ log: Ray 已安装
  ✓ log: 结果目录
  ✓ log: 启用策略
  ✓ 可见GPU数 2 = 期望 2(CUDA_VISIBLE_DEVICES 已生效)

  [预检] ✓ 全部通过 — 配置与指南一致,运行继续。
[09-19 18:03:04] ✓ 预检通过
[09-19 19:27:06] ✓ 本 run 正常结束
[09-19 19:27:20] ✓ 本 run 干净(仅占显存不计算的作业不计污染)
[09-19 19:27:20] 
[09-19 19:27:20] ===== [21/29] cell F / serial =====
[09-19 19:27:21] 动态选卡:等待任意 3 张空闲 GPU...
[09-19 19:27:21] ✓ 动态选中 GPU [0,1,2]
[09-19 19:27:21] ✓ 磁盘剩余 9.7G
=== cell F / serial (内部名 serial) ===
已写入 run_all.py,变更如下:
  · MAX_EVENTS = 200000
  · COARSE_TRIALS = 12
  · RERANK_TOP_K = 0
  · DATA_PARALLEL_WORKERS = 3
  · GPU_LIST = "0,1,2"
  · SEARCH_SPACE = "rnn_only"
  · ENABLE_STRATEGIES = [serial]  (serial)
── 预检摘要(启动后 precheck.py 会照此核对)──
  策略        : serial  (cell F-serial)
  MAX_EVENTS  : 200000
  SEARCH_SPACE: rnn_only
  GPU_LIST    : 0,1,2
  BATCH_MODE  : serial (固定, 保真协议)
  SEED        : 42 (固定)
  COARSE_TRIALS: 12   RERANK_TOP_K: 0

[09-19 19:27:21] 已启动 PID=4134773, CUDA_VISIBLE_DEVICES=0,1,2, log=experiments/logs/cellF_serial_20260916.log
=== 自动预检: cell F / serial (期望 serial) ===
  快照: /home/wanghaoyu/JODIE-simple/results/20260919_192724/config.json
  ✓ MAX_EVENTS = 200000
  ✓ SEARCH_SPACE = 'rnn_only'
  ✓ COARSE_TRIALS = 12
  ✓ RERANK_TOP_K = 0
  ✓ GPU_LIST = '0,1,2'
  ✓ DATA_PARALLEL_WORKERS = 3
  ✓ ENABLE_STRATEGIES = ['serial']
  ✓ SEARCH_MODE = 'rl'
  ✓ BATCH_MODE = 'serial'
  ✓ SEED = 42
  ✓ PARTITION_SIZE = 2000
  ✓ FEATURE_DIM = 4
  ✓ SMART_ENABLE_AUTO_PIPELINE_CONFIG = False
  ✓ log: 数据文件
  ✓ log: CUDA
  ✓ log: Ray 已安装
  ✓ log: 结果目录
  ✓ log: 启用策略
  ✓ 可见GPU数 3 = 期望 3(CUDA_VISIBLE_DEVICES 已生效)

  [预检] ✓ 全部通过 — 配置与指南一致,运行继续。
[09-19 19:28:51] ✓ 预检通过
