[09-10 12:52:31] ===== 定位实验链条启动 (Phase 3, 从第 1 个 run 开始) =====
[09-10 12:52:31] 
[09-10 12:52:31] ===== [1/22] cell B / dp =====
[09-10 12:52:31] ✓ 跳过已完成的干净 run(run_pos_cellB_dp_fixed.log 有完成标志)
[09-10 12:52:31] 
[09-10 12:52:31] ===== [2/22] cell B / smart_sync =====
[09-10 12:52:31] ✓ 跳过已完成的干净 run(run_pos_cellB_smart_sync.log 有完成标志)
[09-10 12:52:31] 
[09-10 12:52:31] ===== [3/22] cell E / dp =====
[09-10 12:52:31] ✓ 跳过已完成的干净 run(run_pos_cellE_dp_fixed.log 有完成标志)
[09-10 12:52:31] 
[09-10 12:52:31] ===== [4/22] cell E / smart_sync =====
[09-10 12:52:31] ✓ 跳过已完成的干净 run(run_pos_cellE_smart_sync.log 有完成标志)
[09-10 12:52:31] 
[09-10 12:52:31] ===== [5/22] cell E / serial =====
[09-10 12:52:31] 动态选卡:等待任意 2 张空闲 GPU...
[09-10 12:52:31] ✓ 动态选中 GPU [0,1]
[09-10 12:52:31] ✓ 磁盘剩余 15G
=== cell E / serial (内部名 serial) ===
已写入 run_all.py,变更如下:
  · MAX_EVENTS = 100000
  · COARSE_TRIALS = 12
  · RERANK_TOP_K = 0
  · DATA_PARALLEL_WORKERS = 2
  · GPU_LIST = "0,1"
  · SEARCH_SPACE = "rnn_only"
  · ENABLE_STRATEGIES = [serial]  (serial)
── 预检摘要(启动后 precheck.py 会照此核对)──
  策略        : serial  (cell E-serial)
  MAX_EVENTS  : 100000
  SEARCH_SPACE: rnn_only
  GPU_LIST    : 0,1
  BATCH_MODE  : serial (固定, 保真协议)
  SEED        : 42 (固定)
  COARSE_TRIALS: 12   RERANK_TOP_K: 0

[09-10 12:52:31] 已启动 PID=594967, CUDA_VISIBLE_DEVICES=0,1, log=run_pos_cellE_serial.log
=== 自动预检: cell E / serial (期望 serial) ===
  快照: /home/wanghaoyu/JODIE-simple/results/20260910_125236/config.json
  ✓ MAX_EVENTS = 100000
  ✓ SEARCH_SPACE = 'rnn_only'
  ✓ COARSE_TRIALS = 12
  ✓ RERANK_TOP_K = 0
  ✓ GPU_LIST = '0,1'
  ✓ DATA_PARALLEL_WORKERS = 2
  ✓ ENABLE_STRATEGIES = ['serial']
  ✓ SEARCH_MODE = 'rl'
  ✓ BATCH_MODE = 'serial'
  ✓ SEED = 42
  ✓ PARTITION_SIZE = 2000
  ✓ FEATURE_DIM = 4
  ✓ SMART_ENABLE_AUTO_PIPELINE_CONFIG = False
  ✓ log: 数据文件
  ✓ log: CUDA
  ✓ log: Ray 已安装
  ✓ log: 结果目录
  ✓ log: 启用策略
  ✓ 可见GPU数 2 = 期望 2(CUDA_VISIBLE_DEVICES 已生效)

  [预检] ✓ 全部通过 — 配置与指南一致,运行继续。
[09-10 12:54:02] ✓ 预检通过
[09-10 13:02:11] ⚠⚠ 污染警报:本 run 卡上出现活跃计算的他人进程 PID=278513 (sm>15%),本 run 计时可能作废
[09-10 15:47:42] ✓ 本 run 正常结束
[09-10 15:47:57] ✗ 污染裁决:本 run 计时作废,污染 log 改存 *_polluted,自动重跑一次
[09-10 15:47:57] 
[09-10 15:47:57] ===== [5/22] cell E / serial =====
[09-10 15:47:57] 动态选卡:等待任意 2 张空闲 GPU...
[09-10 15:47:57] ✓ 动态选中 GPU [0,1]
[09-10 15:47:57] ✓ 磁盘剩余 15G
=== cell E / serial (内部名 serial) ===
已写入 run_all.py,变更如下:
  · MAX_EVENTS = 100000
  · COARSE_TRIALS = 12
  · RERANK_TOP_K = 0
  · DATA_PARALLEL_WORKERS = 2
  · GPU_LIST = "0,1"
  · SEARCH_SPACE = "rnn_only"
  · ENABLE_STRATEGIES = [serial]  (serial)
── 预检摘要(启动后 precheck.py 会照此核对)──
  策略        : serial  (cell E-serial)
  MAX_EVENTS  : 100000
  SEARCH_SPACE: rnn_only
  GPU_LIST    : 0,1
  BATCH_MODE  : serial (固定, 保真协议)
  SEED        : 42 (固定)
  COARSE_TRIALS: 12   RERANK_TOP_K: 0

[09-10 15:47:57] 已启动 PID=948571, CUDA_VISIBLE_DEVICES=0,1, log=run_pos_cellE_serial.log
=== 自动预检: cell E / serial (期望 serial) ===
  快照: /home/wanghaoyu/JODIE-simple/results/20260910_154802/config.json
  ✓ MAX_EVENTS = 100000
  ✓ SEARCH_SPACE = 'rnn_only'
  ✓ COARSE_TRIALS = 12
  ✓ RERANK_TOP_K = 0
  ✓ GPU_LIST = '0,1'
  ✓ DATA_PARALLEL_WORKERS = 2
  ✓ ENABLE_STRATEGIES = ['serial']
  ✓ SEARCH_MODE = 'rl'
  ✓ BATCH_MODE = 'serial'
  ✓ SEED = 42
  ✓ PARTITION_SIZE = 2000
  ✓ FEATURE_DIM = 4
  ✓ SMART_ENABLE_AUTO_PIPELINE_CONFIG = False
  ✓ log: 数据文件
  ✓ log: CUDA
  ✓ log: Ray 已安装
  ✓ log: 结果目录
  ✓ log: 启用策略
  ✓ 可见GPU数 2 = 期望 2(CUDA_VISIBLE_DEVICES 已生效)

  [预检] ✓ 全部通过 — 配置与指南一致,运行继续。
[09-10 15:49:28] ✓ 预检通过
[09-10 15:53:28] ⚠⚠ 污染警报:本 run 卡上出现活跃计算的他人进程 PID=278513 (sm>15%),本 run 计时可能作废
[09-10 18:05:58] ✓ 本 run 正常结束
[09-10 18:06:13] ✗✗ 重跑仍受污染,不再自动重跑,留待人工判读
[09-10 18:06:13] 
[09-10 18:06:13] ===== [6/22] cell D / smart =====
[09-10 18:06:13] 动态选卡:等待任意 3 张空闲 GPU...
[09-10 18:06:13] ✓ 动态选中 GPU [0,1,2]
[09-10 18:06:13] ✓ 磁盘剩余 15G
=== cell D / smart (内部名 pipeline_smart) ===
已写入 run_all.py,变更如下:
  · MAX_EVENTS = 100000
  · COARSE_TRIALS = 12
  · RERANK_TOP_K = 0
  · DATA_PARALLEL_WORKERS = 3
  · SMART_NUM_PIPELINE_STAGES = 1
  · GPU_LIST = "0,1,2"
  · SEARCH_SPACE = "rnn_only"
  · SMART_PIPELINE_STAGE_TRAIN_WORKERS = "3"
  · ENABLE_STRATEGIES = [pipeline_smart]  (smart)
── 预检摘要(启动后 precheck.py 会照此核对)──
  策略        : pipeline_smart  (cell D-smart)
  MAX_EVENTS  : 100000
  SEARCH_SPACE: rnn_only
  GPU_LIST    : 0,1,2
  BATCH_MODE  : serial (固定, 保真协议)
  SEED        : 42 (固定)
  COARSE_TRIALS: 12   RERANK_TOP_K: 0
  Smart stages: 1 × train[3] (自动分配=OFF)

[09-10 18:06:14] 已启动 PID=1205999, CUDA_VISIBLE_DEVICES=0,1,2, log=run_pos_cellD_smart_rerun.log
=== 自动预检: cell D / smart (期望 pipeline_smart) ===
  快照: /home/wanghaoyu/JODIE-simple/results/20260910_180619/config.json
  ✓ MAX_EVENTS = 100000
  ✓ SEARCH_SPACE = 'rnn_only'
  ✓ COARSE_TRIALS = 12
  ✓ RERANK_TOP_K = 0
  ✓ GPU_LIST = '0,1,2'
  ✓ DATA_PARALLEL_WORKERS = 3
  ✓ SMART_NUM_PIPELINE_STAGES = 1
  ✓ SMART_PIPELINE_STAGE_TRAIN_WORKERS = '3'
  ✓ ENABLE_STRATEGIES = ['pipeline_smart']
  ✓ SEARCH_MODE = 'rl'
  ✓ BATCH_MODE = 'serial'
  ✓ SEED = 42
  ✓ PARTITION_SIZE = 2000
  ✓ FEATURE_DIM = 4
  ✓ SMART_ENABLE_AUTO_PIPELINE_CONFIG = False
  ✓ log: 数据文件
  ✓ log: CUDA
  ✓ log: Ray 已安装
  ✓ log: 结果目录
  ✓ log: 启用策略
  ✓ 可见GPU数 3 = 期望 3(CUDA_VISIBLE_DEVICES 已生效)

  [预检] ✓ 全部通过 — 配置与指南一致,运行继续。
[09-10 18:07:44] ✓ 预检通过
[09-10 18:08:44] ⚠⚠ 污染警报:本 run 卡上出现活跃计算的他人进程 PID=1039402 (sm>15%),本 run 计时可能作废
[09-10 18:09:45] ⚠⚠ 污染警报:本 run 卡上出现活跃计算的他人进程 PID=1204878 (sm>15%),本 run 计时可能作废
[09-10 18:20:28] ⚠⚠ 污染警报:本 run 卡上出现活跃计算的他人进程 PID=278513 (sm>15%),本 run 计时可能作废
positioning/chain_all.sh: 第 244 行： 1205999 已中止               （核心已转储） nohup env PYTHONIOENCODING=utf-8 CUDA_VISIBLE_DEVICES="$GPU_LIST" python run_all.py > "$LOG" 2>&1
[09-10 19:17:29] ⚠ 进程退出但 log 中未见'全部完成',检查 run_pos_cellD_smart_rerun.log
[09-10 19:17:43] ✗ 污染裁决:本 run 计时作废,污染 log 改存 *_polluted,自动重跑一次
[09-10 19:17:43] 
[09-10 19:17:43] ===== [6/22] cell D / smart =====
[09-10 19:17:43] 动态选卡:等待任意 3 张空闲 GPU...
[09-10 19:17:43] ✓ 动态选中 GPU [1,2,3]
[09-10 19:17:43] ✓ 磁盘剩余 15G
=== cell D / smart (内部名 pipeline_smart) ===
已写入 run_all.py,变更如下:
  · MAX_EVENTS = 100000
  · COARSE_TRIALS = 12
  · RERANK_TOP_K = 0
  · DATA_PARALLEL_WORKERS = 3
  · SMART_NUM_PIPELINE_STAGES = 1
  · GPU_LIST = "1,2,3"
  · SEARCH_SPACE = "rnn_only"
  · SMART_PIPELINE_STAGE_TRAIN_WORKERS = "3"
  · ENABLE_STRATEGIES = [pipeline_smart]  (smart)
── 预检摘要(启动后 precheck.py 会照此核对)──
  策略        : pipeline_smart  (cell D-smart)
  MAX_EVENTS  : 100000
  SEARCH_SPACE: rnn_only
  GPU_LIST    : 1,2,3
  BATCH_MODE  : serial (固定, 保真协议)
  SEED        : 42 (固定)
  COARSE_TRIALS: 12   RERANK_TOP_K: 0
  Smart stages: 1 × train[3] (自动分配=OFF)

[09-10 19:17:43] 已启动 PID=1356105, CUDA_VISIBLE_DEVICES=1,2,3, log=run_pos_cellD_smart_rerun.log
=== 自动预检: cell D / smart (期望 pipeline_smart) ===
  快照: /home/wanghaoyu/JODIE-simple/results/20260910_191746/config.json
  ✓ MAX_EVENTS = 100000
  ✓ SEARCH_SPACE = 'rnn_only'
  ✓ COARSE_TRIALS = 12
  ✓ RERANK_TOP_K = 0
  ✓ GPU_LIST = '1,2,3'
  ✓ DATA_PARALLEL_WORKERS = 3
  ✓ SMART_NUM_PIPELINE_STAGES = 1
  ✓ SMART_PIPELINE_STAGE_TRAIN_WORKERS = '3'
  ✓ ENABLE_STRATEGIES = ['pipeline_smart']
  ✓ SEARCH_MODE = 'rl'
  ✓ BATCH_MODE = 'serial'
  ✓ SEED = 42
  ✓ PARTITION_SIZE = 2000
  ✓ FEATURE_DIM = 4
  ✓ SMART_ENABLE_AUTO_PIPELINE_CONFIG = False
  ✓ log: 数据文件
  ✓ log: CUDA
  ✓ log: Ray 已安装
  ✓ log: 结果目录
  ✓ log: 启用策略
  ✓ 可见GPU数 3 = 期望 3(CUDA_VISIBLE_DEVICES 已生效)

  [预检] ✓ 全部通过 — 配置与指南一致,运行继续。
[09-10 19:19:13] ✓ 预检通过
[09-10 19:20:14] ⚠⚠ 污染警报:本 run 卡上出现活跃计算的他人进程 PID=1129097 (sm>15%),本 run 计时可能作废
[09-10 19:21:15] ⚠⚠ 污染警报:本 run 卡上出现活跃计算的他人进程 PID=1039402 (sm>15%),本 run 计时可能作废
[09-10 20:02:58] ⚠⚠ 污染警报:本 run 卡上出现活跃计算的他人进程 PID=1356543 (sm>15%),本 run 计时可能作废
[09-10 22:32:04] ✓ 本 run 正常结束
[09-10 22:32:17] ✗✗ 重跑仍受污染,不再自动重跑,留待人工判读
[09-10 22:32:17] 
[09-10 22:32:17] ===== [7/22] cell D / dp =====
[09-10 22:32:17] 动态选卡:等待任意 3 张空闲 GPU...
[09-10 22:32:18] ✓ 动态选中 GPU [0,1,2]
[09-10 22:32:18] ✓ 磁盘剩余 15G
=== cell D / dp (内部名 data_parallel) ===
已写入 run_all.py,变更如下:
  · MAX_EVENTS = 100000
  · COARSE_TRIALS = 12
  · RERANK_TOP_K = 0
  · DATA_PARALLEL_WORKERS = 3
  · GPU_LIST = "0,1,2"
  · SEARCH_SPACE = "rnn_only"
  · ENABLE_STRATEGIES = [data_parallel]  (dp)
── 预检摘要(启动后 precheck.py 会照此核对)──
  策略        : data_parallel  (cell D-dp)
  MAX_EVENTS  : 100000
  SEARCH_SPACE: rnn_only
  GPU_LIST    : 0,1,2
  BATCH_MODE  : serial (固定, 保真协议)
  SEED        : 42 (固定)
  COARSE_TRIALS: 12   RERANK_TOP_K: 0
  DP workers   : 3

[09-10 22:32:18] 已启动 PID=1731874, CUDA_VISIBLE_DEVICES=0,1,2, log=run_pos_cellD_dp_fixed.log
=== 自动预检: cell D / dp (期望 data_parallel) ===
  快照: /home/wanghaoyu/JODIE-simple/results/20260910_223221/config.json
  ✓ MAX_EVENTS = 100000
  ✓ SEARCH_SPACE = 'rnn_only'
  ✓ COARSE_TRIALS = 12
  ✓ RERANK_TOP_K = 0
  ✓ GPU_LIST = '0,1,2'
  ✓ DATA_PARALLEL_WORKERS = 3
  ✓ ENABLE_STRATEGIES = ['data_parallel']
  ✓ SEARCH_MODE = 'rl'
  ✓ BATCH_MODE = 'serial'
  ✓ SEED = 42
  ✓ PARTITION_SIZE = 2000
  ✓ FEATURE_DIM = 4
  ✓ SMART_ENABLE_AUTO_PIPELINE_CONFIG = False
  ✓ log: 数据文件
  ✓ log: CUDA
  ✓ log: Ray 已安装
  ✓ log: 结果目录
  ✓ log: 启用策略
  ✓ 可见GPU数 3 = 期望 3(CUDA_VISIBLE_DEVICES 已生效)

  [预检] ✓ 全部通过 — 配置与指南一致,运行继续。
[09-10 22:33:48] ✓ 预检通过
[09-10 22:44:49] ⚠⚠ 污染警报:本 run 卡上出现活跃计算的他人进程 PID=1356543 (sm>15%),本 run 计时可能作废
[09-11 00:19:58] ✓ 本 run 正常结束
[09-11 00:20:11] ✗ 污染裁决:本 run 计时作废,污染 log 改存 *_polluted,自动重跑一次
[09-11 00:20:11] 
[09-11 00:20:11] ===== [7/22] cell D / dp =====
[09-11 00:20:11] 动态选卡:等待任意 3 张空闲 GPU...
[09-11 00:20:11] ✓ 动态选中 GPU [0,1,2]
[09-11 00:20:11] ✓ 磁盘剩余 15G
=== cell D / dp (内部名 data_parallel) ===
已写入 run_all.py,变更如下:
  · MAX_EVENTS = 100000
  · COARSE_TRIALS = 12
  · RERANK_TOP_K = 0
  · DATA_PARALLEL_WORKERS = 3
  · GPU_LIST = "0,1,2"
  · SEARCH_SPACE = "rnn_only"
  · ENABLE_STRATEGIES = [data_parallel]  (dp)
── 预检摘要(启动后 precheck.py 会照此核对)──
  策略        : data_parallel  (cell D-dp)
  MAX_EVENTS  : 100000
  SEARCH_SPACE: rnn_only
  GPU_LIST    : 0,1,2
  BATCH_MODE  : serial (固定, 保真协议)
  SEED        : 42 (固定)
  COARSE_TRIALS: 12   RERANK_TOP_K: 0
  DP workers   : 3

[09-11 00:20:11] 已启动 PID=3629849, CUDA_VISIBLE_DEVICES=0,1,2, log=run_pos_cellD_dp_fixed.log
=== 自动预检: cell D / dp (期望 data_parallel) ===
  快照: /home/wanghaoyu/JODIE-simple/results/20260911_002014/config.json
  ✓ MAX_EVENTS = 100000
  ✓ SEARCH_SPACE = 'rnn_only'
  ✓ COARSE_TRIALS = 12
  ✓ RERANK_TOP_K = 0
  ✓ GPU_LIST = '0,1,2'
  ✓ DATA_PARALLEL_WORKERS = 3
  ✓ ENABLE_STRATEGIES = ['data_parallel']
  ✓ SEARCH_MODE = 'rl'
  ✓ BATCH_MODE = 'serial'
  ✓ SEED = 42
  ✓ PARTITION_SIZE = 2000
  ✓ FEATURE_DIM = 4
  ✓ SMART_ENABLE_AUTO_PIPELINE_CONFIG = False
  ✓ log: 数据文件
  ✓ log: CUDA
  ✓ log: Ray 已安装
  ✓ log: 结果目录
  ✓ log: 启用策略
  ✓ 可见GPU数 3 = 期望 3(CUDA_VISIBLE_DEVICES 已生效)

  [预检] ✓ 全部通过 — 配置与指南一致,运行继续。
[09-11 00:21:41] ✓ 预检通过
[09-11 01:56:44] ✓ 本 run 正常结束
[09-11 01:56:56] ✓ 本 run 干净(仅占显存不计算的作业不计污染)
[09-11 01:56:56] 
[09-11 01:56:56] ===== [8/22] cell D / smart_sync =====
[09-11 01:56:56] 动态选卡:等待任意 3 张空闲 GPU...
[09-11 01:56:57] ✓ 动态选中 GPU [0,1,2]
[09-11 01:56:57] ✓ 磁盘剩余 15G
=== cell D / smart_sync (内部名 pipeline_smart) ===
已写入 run_all.py,变更如下:
  · MAX_EVENTS = 100000
  · COARSE_TRIALS = 12
  · RERANK_TOP_K = 0
  · DATA_PARALLEL_WORKERS = 3
  · SMART_NUM_PIPELINE_STAGES = 1
  · GPU_LIST = "0,1,2"
  · SEARCH_SPACE = "rnn_only"
  · SMART_PIPELINE_STAGE_TRAIN_WORKERS = "3"
  · SMART_PIPELINE_MODE = "naive"
  · ENABLE_STRATEGIES = [pipeline_smart]  (smart_sync)
── 预检摘要(启动后 precheck.py 会照此核对)──
  策略        : pipeline_smart  (cell D-smart_sync)
  MAX_EVENTS  : 100000
  SEARCH_SPACE: rnn_only
  GPU_LIST    : 0,1,2
  BATCH_MODE  : serial (固定, 保真协议)
  SEED        : 42 (固定)
  COARSE_TRIALS: 12   RERANK_TOP_K: 0
  Smart stages: 1 × train[3] (自动分配=OFF)
  驱动        : SMART_PIPELINE_MODE=naive (批同步, 去异步)

[09-11 01:56:57] 已启动 PID=1310622, CUDA_VISIBLE_DEVICES=0,1,2, log=run_pos_cellD_smart_sync.log
=== 自动预检: cell D / smart_sync (期望 pipeline_smart) ===
  快照: /home/wanghaoyu/JODIE-simple/results/20260911_015659/config.json
  ✓ MAX_EVENTS = 100000
  ✓ SEARCH_SPACE = 'rnn_only'
  ✓ COARSE_TRIALS = 12
  ✓ RERANK_TOP_K = 0
  ✓ GPU_LIST = '0,1,2'
  ✓ DATA_PARALLEL_WORKERS = 3
  ✓ SMART_NUM_PIPELINE_STAGES = 1
  ✓ SMART_PIPELINE_STAGE_TRAIN_WORKERS = '3'
  ✓ SMART_PIPELINE_MODE = 'naive'
  ✓ ENABLE_STRATEGIES = ['pipeline_smart']
  ✓ SEARCH_MODE = 'rl'
  ✓ BATCH_MODE = 'serial'
  ✓ SEED = 42
  ✓ PARTITION_SIZE = 2000
  ✓ FEATURE_DIM = 4
  ✓ SMART_ENABLE_AUTO_PIPELINE_CONFIG = False
  ✓ log: 数据文件
  ✓ log: CUDA
  ✓ log: Ray 已安装
  ✓ log: 结果目录
  ✓ log: 启用策略
  ✓ 可见GPU数 3 = 期望 3(CUDA_VISIBLE_DEVICES 已生效)

  [预检] ✓ 全部通过 — 配置与指南一致,运行继续。
[09-11 01:58:27] ✓ 预检通过
[09-11 02:57:28] ✓ 本 run 正常结束
[09-11 02:57:41] ✓ 本 run 干净(仅占显存不计算的作业不计污染)
[09-11 02:57:41] 
[09-11 02:57:41] ===== [9/22] cell D / naive_alloc =====
[09-11 02:57:41] 动态选卡:等待任意 3 张空闲 GPU...
[09-11 02:57:41] ✓ 动态选中 GPU [0,1,2]
[09-11 02:57:41] ✓ 磁盘剩余 15G
=== cell D / naive_alloc (内部名 pipeline_naive) ===
已写入 run_all.py,变更如下:
  · MAX_EVENTS = 100000
  · COARSE_TRIALS = 12
  · RERANK_TOP_K = 0
  · DATA_PARALLEL_WORKERS = 3
  · NUM_PIPELINE_STAGES = 2
  · GPU_LIST = "0,1,2"
  · SEARCH_SPACE = "rnn_only"
  · PIPELINE_STAGE_TRAIN_WORKERS = "2,1"
  · PIPELINE_STAGE_EVAL_WORKERS = "2,1"
  · ENABLE_STRATEGIES = [pipeline_naive]  (naive_alloc)
── 预检摘要(启动后 precheck.py 会照此核对)──
  策略        : pipeline_naive  (cell D-naive_alloc)
  MAX_EVENTS  : 100000
  SEARCH_SPACE: rnn_only
  GPU_LIST    : 0,1,2
  BATCH_MODE  : serial (固定, 保真协议)
  SEED        : 42 (固定)
  COARSE_TRIALS: 12   RERANK_TOP_K: 0
  Naive stages: 2 × train[2,1] eval[2,1]

[09-11 02:57:41] 已启动 PID=1403215, CUDA_VISIBLE_DEVICES=0,1,2, log=run_pos_cellD_naive_alloc.log
=== 自动预检: cell D / naive_alloc (期望 pipeline_naive) ===
  快照: /home/wanghaoyu/JODIE-simple/results/20260911_025743/config.json
  ✓ MAX_EVENTS = 100000
  ✓ SEARCH_SPACE = 'rnn_only'
  ✓ COARSE_TRIALS = 12
  ✓ RERANK_TOP_K = 0
  ✓ GPU_LIST = '0,1,2'
  ✓ DATA_PARALLEL_WORKERS = 3
  ✓ NUM_PIPELINE_STAGES = 2
  ✓ PIPELINE_STAGE_TRAIN_WORKERS = '2,1'
  ✓ PIPELINE_STAGE_EVAL_WORKERS = '2,1'
  ✓ ENABLE_STRATEGIES = ['pipeline_naive']
  ✓ SEARCH_MODE = 'rl'
  ✓ BATCH_MODE = 'serial'
  ✓ SEED = 42
  ✓ PARTITION_SIZE = 2000
  ✓ FEATURE_DIM = 4
  ✓ SMART_ENABLE_AUTO_PIPELINE_CONFIG = False
  ✓ log: 数据文件
  ✓ log: CUDA
  ✓ log: Ray 已安装
  ✓ log: 结果目录
  ✓ log: 启用策略
  ✓ 可见GPU数 3 = 期望 3(CUDA_VISIBLE_DEVICES 已生效)

  [预检] ✓ 全部通过 — 配置与指南一致,运行继续。
[09-11 02:59:12] ✓ 预检通过
[09-11 04:08:13] ✓ 本 run 正常结束
[09-11 04:08:26] ✓ 本 run 干净(仅占显存不计算的作业不计污染)
[09-11 04:08:26] 
[09-11 04:08:26] ===== [10/22] cell F / smart =====
[09-11 04:08:26] 动态选卡:等待任意 3 张空闲 GPU...
[09-11 04:08:26] ✓ 动态选中 GPU [0,1,2]
[09-11 04:08:26] ✓ 磁盘剩余 15G
=== cell F / smart (内部名 pipeline_smart) ===
已写入 run_all.py,变更如下:
  · MAX_EVENTS = 200000
  · COARSE_TRIALS = 12
  · RERANK_TOP_K = 0
  · DATA_PARALLEL_WORKERS = 3
  · SMART_NUM_PIPELINE_STAGES = 1
  · GPU_LIST = "0,1,2"
  · SEARCH_SPACE = "rnn_only"
  · SMART_PIPELINE_STAGE_TRAIN_WORKERS = "3"
  · ENABLE_STRATEGIES = [pipeline_smart]  (smart)
── 预检摘要(启动后 precheck.py 会照此核对)──
  策略        : pipeline_smart  (cell F-smart)
  MAX_EVENTS  : 200000
  SEARCH_SPACE: rnn_only
  GPU_LIST    : 0,1,2
  BATCH_MODE  : serial (固定, 保真协议)
  SEED        : 42 (固定)
  COARSE_TRIALS: 12   RERANK_TOP_K: 0
  Smart stages: 1 × train[3] (自动分配=OFF)

[09-11 04:08:26] 已启动 PID=1510386, CUDA_VISIBLE_DEVICES=0,1,2, log=run_pos_cellF_smart.log
=== 自动预检: cell F / smart (期望 pipeline_smart) ===
  快照: /home/wanghaoyu/JODIE-simple/results/20260911_040828/config.json
  ✓ MAX_EVENTS = 200000
  ✓ SEARCH_SPACE = 'rnn_only'
  ✓ COARSE_TRIALS = 12
  ✓ RERANK_TOP_K = 0
  ✓ GPU_LIST = '0,1,2'
  ✓ DATA_PARALLEL_WORKERS = 3
  ✓ SMART_NUM_PIPELINE_STAGES = 1
  ✓ SMART_PIPELINE_STAGE_TRAIN_WORKERS = '3'
  ✓ ENABLE_STRATEGIES = ['pipeline_smart']
  ✓ SEARCH_MODE = 'rl'
  ✓ BATCH_MODE = 'serial'
  ✓ SEED = 42
  ✓ PARTITION_SIZE = 2000
  ✓ FEATURE_DIM = 4
  ✓ SMART_ENABLE_AUTO_PIPELINE_CONFIG = False
  ✓ log: 数据文件
  ✓ log: CUDA
  ✓ log: Ray 已安装
  ✓ log: 结果目录
  ✓ log: 启用策略
  ✓ 可见GPU数 3 = 期望 3(CUDA_VISIBLE_DEVICES 已生效)

  [预检] ✓ 全部通过 — 配置与指南一致,运行继续。
[09-11 04:09:56] ✓ 预检通过
[09-11 06:03:59] ✓ 本 run 正常结束
[09-11 06:04:11] ✓ 本 run 干净(仅占显存不计算的作业不计污染)
[09-11 06:04:11] 
[09-11 06:04:11] ===== [11/22] cell F / naive =====
[09-11 06:04:11] 动态选卡:等待任意 3 张空闲 GPU...
[09-11 06:04:12] ✓ 动态选中 GPU [0,1,2]
[09-11 06:04:12] ✓ 磁盘剩余 14G
=== cell F / naive (内部名 pipeline_naive) ===
已写入 run_all.py,变更如下:
  · MAX_EVENTS = 200000
  · COARSE_TRIALS = 12
  · RERANK_TOP_K = 0
  · DATA_PARALLEL_WORKERS = 3
  · NUM_PIPELINE_STAGES = 3
  · GPU_LIST = "0,1,2"
  · SEARCH_SPACE = "rnn_only"
  · PIPELINE_STAGE_TRAIN_WORKERS = "1,1,1"
  · PIPELINE_STAGE_EVAL_WORKERS = "1,1,1"
  · ENABLE_STRATEGIES = [pipeline_naive]  (naive)
── 预检摘要(启动后 precheck.py 会照此核对)──
  策略        : pipeline_naive  (cell F-naive)
  MAX_EVENTS  : 200000
  SEARCH_SPACE: rnn_only
  GPU_LIST    : 0,1,2
  BATCH_MODE  : serial (固定, 保真协议)
  SEED        : 42 (固定)
  COARSE_TRIALS: 12   RERANK_TOP_K: 0
  Naive stages: 3 × train[1,1,1] eval[1,1,1]

[09-11 06:04:12] 已启动 PID=1683216, CUDA_VISIBLE_DEVICES=0,1,2, log=run_pos_cellF_naive.log
=== 自动预检: cell F / naive (期望 pipeline_naive) ===
  快照: /home/wanghaoyu/JODIE-simple/results/20260911_060414/config.json
  ✓ MAX_EVENTS = 200000
  ✓ SEARCH_SPACE = 'rnn_only'
  ✓ COARSE_TRIALS = 12
  ✓ RERANK_TOP_K = 0
  ✓ GPU_LIST = '0,1,2'
  ✓ DATA_PARALLEL_WORKERS = 3
  ✓ NUM_PIPELINE_STAGES = 3
  ✓ PIPELINE_STAGE_TRAIN_WORKERS = '1,1,1'
  ✓ PIPELINE_STAGE_EVAL_WORKERS = '1,1,1'
  ✓ ENABLE_STRATEGIES = ['pipeline_naive']
  ✓ SEARCH_MODE = 'rl'
  ✓ BATCH_MODE = 'serial'
  ✓ SEED = 42
  ✓ PARTITION_SIZE = 2000
  ✓ FEATURE_DIM = 4
  ✓ SMART_ENABLE_AUTO_PIPELINE_CONFIG = False
  ✓ log: 数据文件
  ✓ log: CUDA
  ✓ log: Ray 已安装
  ✓ log: 结果目录
  ✓ log: 启用策略
  ✓ 可见GPU数 3 = 期望 3(CUDA_VISIBLE_DEVICES 已生效)

  [预检] ✓ 全部通过 — 配置与指南一致,运行继续。
[09-11 06:05:42] ✓ 预检通过
[09-11 08:04:45] ✓ 本 run 正常结束
[09-11 08:04:57] ✓ 本 run 干净(仅占显存不计算的作业不计污染)
[09-11 08:04:57] 
[09-11 08:04:57] ===== [12/22] cell F / naive_alloc =====
[09-11 08:04:57] 动态选卡:等待任意 3 张空闲 GPU...
[09-11 08:04:57] ✓ 动态选中 GPU [0,1,2]
[09-11 08:04:57] ✓ 磁盘剩余 14G
=== cell F / naive_alloc (内部名 pipeline_naive) ===
已写入 run_all.py,变更如下:
  · MAX_EVENTS = 200000
  · COARSE_TRIALS = 12
  · RERANK_TOP_K = 0
  · DATA_PARALLEL_WORKERS = 3
  · NUM_PIPELINE_STAGES = 2
  · GPU_LIST = "0,1,2"
  · SEARCH_SPACE = "rnn_only"
  · PIPELINE_STAGE_TRAIN_WORKERS = "2,1"
  · PIPELINE_STAGE_EVAL_WORKERS = "2,1"
  · ENABLE_STRATEGIES = [pipeline_naive]  (naive_alloc)
── 预检摘要(启动后 precheck.py 会照此核对)──
  策略        : pipeline_naive  (cell F-naive_alloc)
  MAX_EVENTS  : 200000
  SEARCH_SPACE: rnn_only
  GPU_LIST    : 0,1,2
  BATCH_MODE  : serial (固定, 保真协议)
  SEED        : 42 (固定)
  COARSE_TRIALS: 12   RERANK_TOP_K: 0
  Naive stages: 2 × train[2,1] eval[2,1]

[09-11 08:04:57] 已启动 PID=1863405, CUDA_VISIBLE_DEVICES=0,1,2, log=run_pos_cellF_naive_alloc.log
=== 自动预检: cell F / naive_alloc (期望 pipeline_naive) ===
  快照: /home/wanghaoyu/JODIE-simple/results/20260911_080500/config.json
  ✓ MAX_EVENTS = 200000
  ✓ SEARCH_SPACE = 'rnn_only'
  ✓ COARSE_TRIALS = 12
  ✓ RERANK_TOP_K = 0
  ✓ GPU_LIST = '0,1,2'
  ✓ DATA_PARALLEL_WORKERS = 3
  ✓ NUM_PIPELINE_STAGES = 2
  ✓ PIPELINE_STAGE_TRAIN_WORKERS = '2,1'
  ✓ PIPELINE_STAGE_EVAL_WORKERS = '2,1'
  ✓ ENABLE_STRATEGIES = ['pipeline_naive']
  ✓ SEARCH_MODE = 'rl'
  ✓ BATCH_MODE = 'serial'
  ✓ SEED = 42
  ✓ PARTITION_SIZE = 2000
  ✓ FEATURE_DIM = 4
  ✓ SMART_ENABLE_AUTO_PIPELINE_CONFIG = False
  ✓ log: 数据文件
  ✓ log: CUDA
  ✓ log: Ray 已安装
  ✓ log: 结果目录
  ✓ log: 启用策略
  ✓ 可见GPU数 3 = 期望 3(CUDA_VISIBLE_DEVICES 已生效)

  [预检] ✓ 全部通过 — 配置与指南一致,运行继续。
[09-11 08:06:28] ✓ 预检通过
[09-11 10:20:31] ✓ 本 run 正常结束
[09-11 10:20:43] ✓ 本 run 干净(仅占显存不计算的作业不计污染)
[09-11 10:20:44] 
[09-11 10:20:44] ===== [13/22] cell F / smart_sync =====
[09-11 10:20:44] 动态选卡:等待任意 3 张空闲 GPU...
[09-11 10:20:44] ✓ 动态选中 GPU [0,1,2]
[09-11 10:20:44] ✓ 磁盘剩余 14G
=== cell F / smart_sync (内部名 pipeline_smart) ===
已写入 run_all.py,变更如下:
  · MAX_EVENTS = 200000
  · COARSE_TRIALS = 12
  · RERANK_TOP_K = 0
  · DATA_PARALLEL_WORKERS = 3
  · SMART_NUM_PIPELINE_STAGES = 1
  · GPU_LIST = "0,1,2"
  · SEARCH_SPACE = "rnn_only"
  · SMART_PIPELINE_STAGE_TRAIN_WORKERS = "3"
  · SMART_PIPELINE_MODE = "naive"
  · ENABLE_STRATEGIES = [pipeline_smart]  (smart_sync)
── 预检摘要(启动后 precheck.py 会照此核对)──
  策略        : pipeline_smart  (cell F-smart_sync)
  MAX_EVENTS  : 200000
  SEARCH_SPACE: rnn_only
  GPU_LIST    : 0,1,2
  BATCH_MODE  : serial (固定, 保真协议)
  SEED        : 42 (固定)
  COARSE_TRIALS: 12   RERANK_TOP_K: 0
  Smart stages: 1 × train[3] (自动分配=OFF)
  驱动        : SMART_PIPELINE_MODE=naive (批同步, 去异步)

[09-11 10:20:44] 已启动 PID=2100707, CUDA_VISIBLE_DEVICES=0,1,2, log=run_pos_cellF_smart_sync.log
=== 自动预检: cell F / smart_sync (期望 pipeline_smart) ===
  快照: /home/wanghaoyu/JODIE-simple/results/20260911_102046/config.json
  ✓ MAX_EVENTS = 200000
  ✓ SEARCH_SPACE = 'rnn_only'
  ✓ COARSE_TRIALS = 12
  ✓ RERANK_TOP_K = 0
  ✓ GPU_LIST = '0,1,2'
  ✓ DATA_PARALLEL_WORKERS = 3
  ✓ SMART_NUM_PIPELINE_STAGES = 1
  ✓ SMART_PIPELINE_STAGE_TRAIN_WORKERS = '3'
  ✓ SMART_PIPELINE_MODE = 'naive'
  ✓ ENABLE_STRATEGIES = ['pipeline_smart']
  ✓ SEARCH_MODE = 'rl'
  ✓ BATCH_MODE = 'serial'
  ✓ SEED = 42
  ✓ PARTITION_SIZE = 2000
  ✓ FEATURE_DIM = 4
  ✓ SMART_ENABLE_AUTO_PIPELINE_CONFIG = False
  ✓ log: 数据文件
  ✓ log: CUDA
  ✓ log: Ray 已安装
  ✓ log: 结果目录
  ✓ log: 启用策略
  ✓ 可见GPU数 3 = 期望 3(CUDA_VISIBLE_DEVICES 已生效)

  [预检] ✓ 全部通过 — 配置与指南一致,运行继续。
[09-11 10:22:14] ✓ 预检通过
[09-11 12:17:17] ✓ 本 run 正常结束
[09-11 12:17:29] ✓ 本 run 干净(仅占显存不计算的作业不计污染)
[09-11 12:17:29] 
[09-11 12:17:29] ===== [14/22] cell F / dp =====
[09-11 12:17:30] 动态选卡:等待任意 3 张空闲 GPU...
[09-11 12:17:30] ✓ 动态选中 GPU [0,1,2]
[09-11 12:17:30] ✓ 磁盘剩余 14G
=== cell F / dp (内部名 data_parallel) ===
已写入 run_all.py,变更如下:
  · MAX_EVENTS = 200000
  · COARSE_TRIALS = 12
  · RERANK_TOP_K = 0
  · DATA_PARALLEL_WORKERS = 3
  · GPU_LIST = "0,1,2"
  · SEARCH_SPACE = "rnn_only"
  · ENABLE_STRATEGIES = [data_parallel]  (dp)
── 预检摘要(启动后 precheck.py 会照此核对)──
  策略        : data_parallel  (cell F-dp)
  MAX_EVENTS  : 200000
  SEARCH_SPACE: rnn_only
  GPU_LIST    : 0,1,2
  BATCH_MODE  : serial (固定, 保真协议)
  SEED        : 42 (固定)
  COARSE_TRIALS: 12   RERANK_TOP_K: 0
  DP workers   : 3

[09-11 12:17:30] 已启动 PID=2288544, CUDA_VISIBLE_DEVICES=0,1,2, log=run_pos_cellF_dp.log
=== 自动预检: cell F / dp (期望 data_parallel) ===
  快照: /home/wanghaoyu/JODIE-simple/results/20260911_121732/config.json
  ✓ MAX_EVENTS = 200000
  ✓ SEARCH_SPACE = 'rnn_only'
  ✓ COARSE_TRIALS = 12
  ✓ RERANK_TOP_K = 0
  ✓ GPU_LIST = '0,1,2'
  ✓ DATA_PARALLEL_WORKERS = 3
  ✓ ENABLE_STRATEGIES = ['data_parallel']
  ✓ SEARCH_MODE = 'rl'
  ✓ BATCH_MODE = 'serial'
  ✓ SEED = 42
  ✓ PARTITION_SIZE = 2000
  ✓ FEATURE_DIM = 4
  ✓ SMART_ENABLE_AUTO_PIPELINE_CONFIG = False
  ✓ log: 数据文件
  ✓ log: CUDA
  ✓ log: Ray 已安装
  ✓ log: 结果目录
  ✓ log: 启用策略
  ✓ 可见GPU数 3 = 期望 3(CUDA_VISIBLE_DEVICES 已生效)

  [预检] ✓ 全部通过 — 配置与指南一致,运行继续。
[09-11 12:19:00] ✓ 预检通过
[09-11 16:50:12] ✓ 本 run 正常结束
[09-11 16:50:25] ✓ 本 run 干净(仅占显存不计算的作业不计污染)
[09-11 16:50:25] 
[09-11 16:50:25] ===== [15/22] cell F / serial =====
[09-11 16:50:25] 动态选卡:等待任意 3 张空闲 GPU...
[09-11 16:50:25] ✓ 动态选中 GPU [0,1,2]
[09-11 16:50:25] ✓ 磁盘剩余 14G
=== cell F / serial (内部名 serial) ===
已写入 run_all.py,变更如下:
  · MAX_EVENTS = 200000
  · COARSE_TRIALS = 12
  · RERANK_TOP_K = 0
  · DATA_PARALLEL_WORKERS = 3
  · GPU_LIST = "0,1,2"
  · SEARCH_SPACE = "rnn_only"
  · ENABLE_STRATEGIES = [serial]  (serial)
── 预检摘要(启动后 precheck.py 会照此核对)──
  策略        : serial  (cell F-serial)
  MAX_EVENTS  : 200000
  SEARCH_SPACE: rnn_only
  GPU_LIST    : 0,1,2
  BATCH_MODE  : serial (固定, 保真协议)
  SEED        : 42 (固定)
  COARSE_TRIALS: 12   RERANK_TOP_K: 0

[09-11 16:50:26] 已启动 PID=1978732, CUDA_VISIBLE_DEVICES=0,1,2, log=run_pos_cellF_serial.log
=== 自动预检: cell F / serial (期望 serial) ===
  快照: /home/wanghaoyu/JODIE-simple/results/20260911_165029/config.json
  ✓ MAX_EVENTS = 200000
  ✓ SEARCH_SPACE = 'rnn_only'
  ✓ COARSE_TRIALS = 12
  ✓ RERANK_TOP_K = 0
  ✓ GPU_LIST = '0,1,2'
  ✓ DATA_PARALLEL_WORKERS = 3
  ✓ ENABLE_STRATEGIES = ['serial']
  ✓ SEARCH_MODE = 'rl'
  ✓ BATCH_MODE = 'serial'
  ✓ SEED = 42
  ✓ PARTITION_SIZE = 2000
  ✓ FEATURE_DIM = 4
  ✓ SMART_ENABLE_AUTO_PIPELINE_CONFIG = False
  ✓ log: 数据文件
  ✓ log: CUDA
  ✓ log: Ray 已安装
  ✓ log: 结果目录
  ✓ log: 启用策略
  ✓ 可见GPU数 3 = 期望 3(CUDA_VISIBLE_DEVICES 已生效)

  [预检] ✓ 全部通过 — 配置与指南一致,运行继续。
[09-11 16:51:56] ✓ 预检通过
[09-11 20:24:06] ✓ 本 run 正常结束
[09-11 20:24:19] ✓ 本 run 干净(仅占显存不计算的作业不计污染)
[09-11 20:24:19] 
[09-11 20:24:19] ===== [16/22] cell C / smart =====
[09-11 20:24:19] 动态选卡:等待任意 3 张空闲 GPU...
[09-11 20:24:19] ✓ 动态选中 GPU [0,1,2]
[09-11 20:24:19] ✓ 磁盘剩余 14G
=== cell C / smart (内部名 pipeline_smart) ===
已写入 run_all.py,变更如下:
  · MAX_EVENTS = 20000
  · COARSE_TRIALS = 50
  · RERANK_TOP_K = 8
  · DATA_PARALLEL_WORKERS = 3
  · SMART_NUM_PIPELINE_STAGES = 1
  · GPU_LIST = "0,1,2"
  · SEARCH_SPACE = "mixed"
  · SMART_PIPELINE_STAGE_TRAIN_WORKERS = "3"
  · ENABLE_STRATEGIES = [pipeline_smart]  (smart)
── 预检摘要(启动后 precheck.py 会照此核对)──
  策略        : pipeline_smart  (cell C-smart)
  MAX_EVENTS  : 20000
  SEARCH_SPACE: mixed
  GPU_LIST    : 0,1,2
  BATCH_MODE  : serial (固定, 保真协议)
  SEED        : 42 (固定)
  COARSE_TRIALS: 50   RERANK_TOP_K: 8
  Smart stages: 1 × train[3] (自动分配=OFF)

[09-11 20:24:19] 已启动 PID=2367902, CUDA_VISIBLE_DEVICES=0,1,2, log=run_pos_cellC_smart.log
=== 自动预检: cell C / smart (期望 pipeline_smart) ===
  快照: /home/wanghaoyu/JODIE-simple/results/20260911_202422/config.json
  ✓ MAX_EVENTS = 20000
  ✓ SEARCH_SPACE = 'mixed'
  ✓ COARSE_TRIALS = 50
  ✓ RERANK_TOP_K = 8
  ✓ GPU_LIST = '0,1,2'
  ✓ DATA_PARALLEL_WORKERS = 3
  ✓ SMART_NUM_PIPELINE_STAGES = 1
  ✓ SMART_PIPELINE_STAGE_TRAIN_WORKERS = '3'
  ✓ ENABLE_STRATEGIES = ['pipeline_smart']
  ✓ SEARCH_MODE = 'rl'
  ✓ BATCH_MODE = 'serial'
  ✓ SEED = 42
  ✓ PARTITION_SIZE = 2000
  ✓ FEATURE_DIM = 4
  ✓ SMART_ENABLE_AUTO_PIPELINE_CONFIG = False
  ✓ log: 数据文件
  ✓ log: CUDA
  ✓ log: Ray 已安装
  ✓ log: 结果目录
  ✓ log: 启用策略
  ✓ 可见GPU数 3 = 期望 3(CUDA_VISIBLE_DEVICES 已生效)

  [预检] ✓ 全部通过 — 配置与指南一致,运行继续。
[09-11 20:25:50] ✓ 预检通过
[09-11 20:28:50] ✓ 本 run 正常结束
[09-11 20:29:03] ✓ 本 run 干净(仅占显存不计算的作业不计污染)
[09-11 20:29:03] 
[09-11 20:29:03] ===== [17/22] cell C / naive =====
[09-11 20:29:03] 动态选卡:等待任意 3 张空闲 GPU...
[09-11 20:29:03] ✓ 动态选中 GPU [0,1,2]
[09-11 20:29:03] ✓ 磁盘剩余 14G
=== cell C / naive (内部名 pipeline_naive) ===
已写入 run_all.py,变更如下:
  · MAX_EVENTS = 20000
  · COARSE_TRIALS = 50
  · RERANK_TOP_K = 8
  · DATA_PARALLEL_WORKERS = 3
  · NUM_PIPELINE_STAGES = 3
  · GPU_LIST = "0,1,2"
  · SEARCH_SPACE = "mixed"
  · PIPELINE_STAGE_TRAIN_WORKERS = "1,1,1"
  · PIPELINE_STAGE_EVAL_WORKERS = "1,1,1"
  · ENABLE_STRATEGIES = [pipeline_naive]  (naive)
── 预检摘要(启动后 precheck.py 会照此核对)──
  策略        : pipeline_naive  (cell C-naive)
  MAX_EVENTS  : 20000
  SEARCH_SPACE: mixed
  GPU_LIST    : 0,1,2
  BATCH_MODE  : serial (固定, 保真协议)
  SEED        : 42 (固定)
  COARSE_TRIALS: 50   RERANK_TOP_K: 8
  Naive stages: 3 × train[1,1,1] eval[1,1,1]

[09-11 20:29:04] 已启动 PID=2380341, CUDA_VISIBLE_DEVICES=0,1,2, log=run_pos_cellC_naive.log
=== 自动预检: cell C / naive (期望 pipeline_naive) ===
  快照: /home/wanghaoyu/JODIE-simple/results/20260911_202906/config.json
  ✓ MAX_EVENTS = 20000
  ✓ SEARCH_SPACE = 'mixed'
  ✓ COARSE_TRIALS = 50
  ✓ RERANK_TOP_K = 8
  ✓ GPU_LIST = '0,1,2'
  ✓ DATA_PARALLEL_WORKERS = 3
  ✓ NUM_PIPELINE_STAGES = 3
  ✓ PIPELINE_STAGE_TRAIN_WORKERS = '1,1,1'
  ✓ PIPELINE_STAGE_EVAL_WORKERS = '1,1,1'
  ✓ ENABLE_STRATEGIES = ['pipeline_naive']
  ✓ SEARCH_MODE = 'rl'
  ✓ BATCH_MODE = 'serial'
  ✓ SEED = 42
  ✓ PARTITION_SIZE = 2000
  ✓ FEATURE_DIM = 4
  ✓ SMART_ENABLE_AUTO_PIPELINE_CONFIG = False
  ✓ log: 数据文件
  ✓ log: CUDA
  ✓ log: Ray 已安装
  ✓ log: 结果目录
  ✓ log: 启用策略
  ✓ 可见GPU数 3 = 期望 3(CUDA_VISIBLE_DEVICES 已生效)

  [预检] ✓ 全部通过 — 配置与指南一致,运行继续。
[09-11 20:30:34] ✓ 预检通过
[09-11 20:33:34] ✓ 本 run 正常结束
[09-11 20:33:46] ✓ 本 run 干净(仅占显存不计算的作业不计污染)
[09-11 20:33:46] 
[09-11 20:33:46] ===== [18/22] cell C / naive_alloc =====
[09-11 20:33:47] 动态选卡:等待任意 3 张空闲 GPU...
[09-11 20:33:47] ✓ 动态选中 GPU [0,1,2]
[09-11 20:33:47] ✓ 磁盘剩余 14G
=== cell C / naive_alloc (内部名 pipeline_naive) ===
已写入 run_all.py,变更如下:
  · MAX_EVENTS = 20000
  · COARSE_TRIALS = 50
  · RERANK_TOP_K = 8
  · DATA_PARALLEL_WORKERS = 3
  · NUM_PIPELINE_STAGES = 2
  · GPU_LIST = "0,1,2"
  · SEARCH_SPACE = "mixed"
  · PIPELINE_STAGE_TRAIN_WORKERS = "2,1"
  · PIPELINE_STAGE_EVAL_WORKERS = "2,1"
  · ENABLE_STRATEGIES = [pipeline_naive]  (naive_alloc)
── 预检摘要(启动后 precheck.py 会照此核对)──
  策略        : pipeline_naive  (cell C-naive_alloc)
  MAX_EVENTS  : 20000
  SEARCH_SPACE: mixed
  GPU_LIST    : 0,1,2
  BATCH_MODE  : serial (固定, 保真协议)
  SEED        : 42 (固定)
  COARSE_TRIALS: 50   RERANK_TOP_K: 8
  Naive stages: 2 × train[2,1] eval[2,1]

[09-11 20:33:47] 已启动 PID=2392765, CUDA_VISIBLE_DEVICES=0,1,2, log=run_pos_cellC_naive_alloc.log
=== 自动预检: cell C / naive_alloc (期望 pipeline_naive) ===
  快照: /home/wanghaoyu/JODIE-simple/results/20260911_203349/config.json
  ✓ MAX_EVENTS = 20000
  ✓ SEARCH_SPACE = 'mixed'
  ✓ COARSE_TRIALS = 50
  ✓ RERANK_TOP_K = 8
  ✓ GPU_LIST = '0,1,2'
  ✓ DATA_PARALLEL_WORKERS = 3
  ✓ NUM_PIPELINE_STAGES = 2
  ✓ PIPELINE_STAGE_TRAIN_WORKERS = '2,1'
  ✓ PIPELINE_STAGE_EVAL_WORKERS = '2,1'
  ✓ ENABLE_STRATEGIES = ['pipeline_naive']
  ✓ SEARCH_MODE = 'rl'
  ✓ BATCH_MODE = 'serial'
  ✓ SEED = 42
  ✓ PARTITION_SIZE = 2000
  ✓ FEATURE_DIM = 4
  ✓ SMART_ENABLE_AUTO_PIPELINE_CONFIG = False
  ✓ log: 数据文件
  ✓ log: CUDA
  ✓ log: Ray 已安装
  ✓ log: 结果目录
  ✓ log: 启用策略
  ✓ 可见GPU数 3 = 期望 3(CUDA_VISIBLE_DEVICES 已生效)

  [预检] ✓ 全部通过 — 配置与指南一致,运行继续。
[09-11 20:35:17] ✓ 预检通过
[09-11 20:39:17] ✓ 本 run 正常结束
[09-11 20:39:30] ✓ 本 run 干净(仅占显存不计算的作业不计污染)
[09-11 20:39:30] 
[09-11 20:39:30] ===== [19/22] cell C / smart_sync =====
[09-11 20:39:30] 动态选卡:等待任意 3 张空闲 GPU...
[09-11 20:39:30] ✓ 动态选中 GPU [0,1,2]
[09-11 20:39:30] ✓ 磁盘剩余 14G
=== cell C / smart_sync (内部名 pipeline_smart) ===
已写入 run_all.py,变更如下:
  · MAX_EVENTS = 20000
  · COARSE_TRIALS = 50
  · RERANK_TOP_K = 8
  · DATA_PARALLEL_WORKERS = 3
  · SMART_NUM_PIPELINE_STAGES = 1
  · GPU_LIST = "0,1,2"
  · SEARCH_SPACE = "mixed"
  · SMART_PIPELINE_STAGE_TRAIN_WORKERS = "3"
  · SMART_PIPELINE_MODE = "naive"
  · ENABLE_STRATEGIES = [pipeline_smart]  (smart_sync)
── 预检摘要(启动后 precheck.py 会照此核对)──
  策略        : pipeline_smart  (cell C-smart_sync)
  MAX_EVENTS  : 20000
  SEARCH_SPACE: mixed
  GPU_LIST    : 0,1,2
  BATCH_MODE  : serial (固定, 保真协议)
  SEED        : 42 (固定)
  COARSE_TRIALS: 50   RERANK_TOP_K: 8
  Smart stages: 1 × train[3] (自动分配=OFF)
  驱动        : SMART_PIPELINE_MODE=naive (批同步, 去异步)

[09-11 20:39:31] 已启动 PID=2406792, CUDA_VISIBLE_DEVICES=0,1,2, log=run_pos_cellC_smart_sync.log
=== 自动预检: cell C / smart_sync (期望 pipeline_smart) ===
  快照: /home/wanghaoyu/JODIE-simple/results/20260911_203933/config.json
  ✓ MAX_EVENTS = 20000
  ✓ SEARCH_SPACE = 'mixed'
  ✓ COARSE_TRIALS = 50
  ✓ RERANK_TOP_K = 8
  ✓ GPU_LIST = '0,1,2'
  ✓ DATA_PARALLEL_WORKERS = 3
  ✓ SMART_NUM_PIPELINE_STAGES = 1
  ✓ SMART_PIPELINE_STAGE_TRAIN_WORKERS = '3'
  ✓ SMART_PIPELINE_MODE = 'naive'
  ✓ ENABLE_STRATEGIES = ['pipeline_smart']
  ✓ SEARCH_MODE = 'rl'
  ✓ BATCH_MODE = 'serial'
  ✓ SEED = 42
  ✓ PARTITION_SIZE = 2000
  ✓ FEATURE_DIM = 4
  ✓ SMART_ENABLE_AUTO_PIPELINE_CONFIG = False
  ✓ log: 数据文件
  ✓ log: CUDA
  ✓ log: Ray 已安装
  ✓ log: 结果目录
  ✓ log: 启用策略
  ✓ 可见GPU数 3 = 期望 3(CUDA_VISIBLE_DEVICES 已生效)

  [预检] ✓ 全部通过 — 配置与指南一致,运行继续。
[09-11 20:41:01] ✓ 预检通过
[09-11 20:44:01] ✓ 本 run 正常结束
[09-11 20:44:14] ✓ 本 run 干净(仅占显存不计算的作业不计污染)
[09-11 20:44:14] 
[09-11 20:44:14] ===== [20/22] cell C / dp =====
[09-11 20:44:14] 动态选卡:等待任意 3 张空闲 GPU...
[09-11 20:44:15] ✓ 动态选中 GPU [0,1,2]
[09-11 20:44:15] ✓ 磁盘剩余 14G
=== cell C / dp (内部名 data_parallel) ===
已写入 run_all.py,变更如下:
  · MAX_EVENTS = 20000
  · COARSE_TRIALS = 50
  · RERANK_TOP_K = 8
  · DATA_PARALLEL_WORKERS = 3
  · GPU_LIST = "0,1,2"
  · SEARCH_SPACE = "mixed"
  · ENABLE_STRATEGIES = [data_parallel]  (dp)
── 预检摘要(启动后 precheck.py 会照此核对)──
  策略        : data_parallel  (cell C-dp)
  MAX_EVENTS  : 20000
  SEARCH_SPACE: mixed
  GPU_LIST    : 0,1,2
  BATCH_MODE  : serial (固定, 保真协议)
  SEED        : 42 (固定)
  COARSE_TRIALS: 50   RERANK_TOP_K: 8
  DP workers   : 3

[09-11 20:44:15] 已启动 PID=2419207, CUDA_VISIBLE_DEVICES=0,1,2, log=run_pos_cellC_dp.log
=== 自动预检: cell C / dp (期望 data_parallel) ===
  快照: /home/wanghaoyu/JODIE-simple/results/20260911_204417/config.json
  ✓ MAX_EVENTS = 20000
  ✓ SEARCH_SPACE = 'mixed'
  ✓ COARSE_TRIALS = 50
  ✓ RERANK_TOP_K = 8
  ✓ GPU_LIST = '0,1,2'
  ✓ DATA_PARALLEL_WORKERS = 3
  ✓ ENABLE_STRATEGIES = ['data_parallel']
  ✓ SEARCH_MODE = 'rl'
  ✓ BATCH_MODE = 'serial'
  ✓ SEED = 42
  ✓ PARTITION_SIZE = 2000
  ✓ FEATURE_DIM = 4
  ✓ SMART_ENABLE_AUTO_PIPELINE_CONFIG = False
  ✓ log: 数据文件
  ✓ log: CUDA
  ✓ log: Ray 已安装
  ✓ log: 结果目录
  ✓ log: 启用策略
  ✓ 可见GPU数 3 = 期望 3(CUDA_VISIBLE_DEVICES 已生效)

  [预检] ✓ 全部通过 — 配置与指南一致,运行继续。
[09-11 20:45:45] ✓ 预检通过
[09-11 22:10:48] ✓ 本 run 正常结束
[09-11 22:11:01] ✓ 本 run 干净(仅占显存不计算的作业不计污染)
[09-11 22:11:01] 
[09-11 22:11:01] ===== [21/22] cell C / serial =====
[09-11 22:11:01] 动态选卡:等待任意 3 张空闲 GPU...
[09-11 22:11:01] ✓ 动态选中 GPU [0,1,2]
[09-11 22:11:01] ✓ 磁盘剩余 14G
=== cell C / serial (内部名 serial) ===
已写入 run_all.py,变更如下:
  · MAX_EVENTS = 20000
  · COARSE_TRIALS = 50
  · RERANK_TOP_K = 8
  · DATA_PARALLEL_WORKERS = 3
  · GPU_LIST = "0,1,2"
  · SEARCH_SPACE = "mixed"
  · ENABLE_STRATEGIES = [serial]  (serial)
── 预检摘要(启动后 precheck.py 会照此核对)──
  策略        : serial  (cell C-serial)
  MAX_EVENTS  : 20000
  SEARCH_SPACE: mixed
  GPU_LIST    : 0,1,2
  BATCH_MODE  : serial (固定, 保真协议)
  SEED        : 42 (固定)
  COARSE_TRIALS: 50   RERANK_TOP_K: 8

[09-11 22:11:01] 已启动 PID=3850521, CUDA_VISIBLE_DEVICES=0,1,2, log=run_pos_cellC_serial.log
=== 自动预检: cell C / serial (期望 serial) ===
  快照: /home/wanghaoyu/JODIE-simple/results/20260911_221103/config.json
  ✓ MAX_EVENTS = 20000
  ✓ SEARCH_SPACE = 'mixed'
  ✓ COARSE_TRIALS = 50
  ✓ RERANK_TOP_K = 8
  ✓ GPU_LIST = '0,1,2'
  ✓ DATA_PARALLEL_WORKERS = 3
  ✓ ENABLE_STRATEGIES = ['serial']
  ✓ SEARCH_MODE = 'rl'
  ✓ BATCH_MODE = 'serial'
  ✓ SEED = 42
  ✓ PARTITION_SIZE = 2000
  ✓ FEATURE_DIM = 4
  ✓ SMART_ENABLE_AUTO_PIPELINE_CONFIG = False
  ✓ log: 数据文件
  ✓ log: CUDA
  ✓ log: Ray 已安装
  ✓ log: 结果目录
  ✓ log: 启用策略
  ✓ 可见GPU数 3 = 期望 3(CUDA_VISIBLE_DEVICES 已生效)

  [预检] ✓ 全部通过 — 配置与指南一致,运行继续。
[09-11 22:12:31] ✓ 预检通过
[09-12 00:10:35] ✓ 本 run 正常结束
[09-12 00:10:48] ✓ 本 run 干净(仅占显存不计算的作业不计污染)
[09-12 00:10:48] 
[09-12 00:10:48] ===== [22/22] cell B / serial =====
[09-12 00:10:48] 动态选卡:等待任意 2 张空闲 GPU...
[09-12 00:10:48] ✓ 动态选中 GPU [0,1]
[09-12 00:10:48] ✓ 磁盘剩余 14G
=== cell B / serial (内部名 serial) ===
已写入 run_all.py,变更如下:
  · MAX_EVENTS = 20000
  · COARSE_TRIALS = 50
  · RERANK_TOP_K = 8
  · DATA_PARALLEL_WORKERS = 2
  · GPU_LIST = "0,1"
  · SEARCH_SPACE = "rnn_only"
  · ENABLE_STRATEGIES = [serial]  (serial)
── 预检摘要(启动后 precheck.py 会照此核对)──
  策略        : serial  (cell B-serial)
  MAX_EVENTS  : 20000
  SEARCH_SPACE: rnn_only
  GPU_LIST    : 0,1
  BATCH_MODE  : serial (固定, 保真协议)
  SEED        : 42 (固定)
  COARSE_TRIALS: 50   RERANK_TOP_K: 8

[09-12 00:10:49] 已启动 PID=4019868, CUDA_VISIBLE_DEVICES=0,1, log=run_pos_cellB_serial.log
=== 自动预检: cell B / serial (期望 serial) ===
  快照: /home/wanghaoyu/JODIE-simple/results/20260912_001051/config.json
  ✓ MAX_EVENTS = 20000
  ✓ SEARCH_SPACE = 'rnn_only'
  ✓ COARSE_TRIALS = 50
  ✓ RERANK_TOP_K = 8
  ✓ GPU_LIST = '0,1'
  ✓ DATA_PARALLEL_WORKERS = 2
  ✓ ENABLE_STRATEGIES = ['serial']
  ✓ SEARCH_MODE = 'rl'
  ✓ BATCH_MODE = 'serial'
  ✓ SEED = 42
  ✓ PARTITION_SIZE = 2000
  ✓ FEATURE_DIM = 4
  ✓ SMART_ENABLE_AUTO_PIPELINE_CONFIG = False
  ✓ log: 数据文件
  ✓ log: CUDA
  ✓ log: Ray 已安装
  ✓ log: 结果目录
  ✓ log: 启用策略
  ✓ 可见GPU数 2 = 期望 2(CUDA_VISIBLE_DEVICES 已生效)

  [预检] ✓ 全部通过 — 配置与指南一致,运行继续。
[09-12 00:12:19] ✓ 预检通过
[09-12 02:09:22] ✓ 本 run 正常结束
[09-12 02:09:35] ✓ 本 run 干净(仅占显存不计算的作业不计污染)
[09-12 02:09:35] 
[09-12 02:09:35] ===== 链条全部结束 (Phase 3) =====
[09-12 02:09:35] run_pos_cellB_dp_fixed.log (完成标志: 1)
[09-12 02:09:35] run_pos_cellB_smart_sync.log (完成标志: 1)
[09-12 02:09:35] run_pos_cellE_dp_fixed.log (完成标志: 1)
[09-12 02:09:35] run_pos_cellE_smart_sync.log (完成标志: 1)
[09-12 02:09:35] run_pos_cellE_serial.log (完成标志: 1)
[09-12 02:09:35] run_pos_cellE_serial.log (完成标志: 1)
[09-12 02:09:35] run_pos_cellD_smart_rerun.log (完成标志: 1)
[09-12 02:09:35] run_pos_cellD_smart_rerun.log (完成标志: 1)
[09-12 02:09:35] run_pos_cellD_dp_fixed.log (完成标志: 1)
[09-12 02:09:35] run_pos_cellD_dp_fixed.log (完成标志: 1)
[09-12 02:09:35] run_pos_cellD_smart_sync.log (完成标志: 1)
[09-12 02:09:35] run_pos_cellD_naive_alloc.log (完成标志: 1)
[09-12 02:09:35] run_pos_cellF_smart.log (完成标志: 1)
[09-12 02:09:35] run_pos_cellF_naive.log (完成标志: 1)
[09-12 02:09:35] run_pos_cellF_naive_alloc.log (完成标志: 1)
[09-12 02:09:35] run_pos_cellF_smart_sync.log (完成标志: 1)
[09-12 02:09:35] run_pos_cellF_dp.log (完成标志: 1)
[09-12 02:09:35] run_pos_cellF_serial.log (完成标志: 1)
[09-12 02:09:35] run_pos_cellC_smart.log (完成标志: 1)
[09-12 02:09:35] run_pos_cellC_naive.log (完成标志: 1)
[09-12 02:09:35] run_pos_cellC_naive_alloc.log (完成标志: 1)
[09-12 02:09:35] run_pos_cellC_smart_sync.log (完成标志: 1)
[09-12 02:09:35] run_pos_cellC_dp.log (完成标志: 1)
[09-12 02:09:35] run_pos_cellC_serial.log (完成标志: 1)
[09-12 02:09:35] run_pos_cellB_serial.log (完成标志: 1)
