[09-08 21:55:36] ===== 定位实验链条启动 (从第 4 个 run 开始) =====
[09-08 21:55:36] 
[09-08 21:55:36] ===== [4/7] cell D / smart =====
[09-08 21:55:36] 动态选卡:等待任意 3 张空闲 GPU...
[09-08 21:55:37] ✓ 动态选中 GPU [0,1,2]
[09-08 21:55:37] ✓ 磁盘剩余 13G
=== cell D / smart (内部名 pipeline_smart) ===
已写入 run_all.py,变更如下:
  · MAX_EVENTS = 100000
  · COARSE_TRIALS = 12
  · RERANK_TOP_K = 0
  · DATA_PARALLEL_WORKERS = 3
  · SMART_NUM_PIPELINE_STAGES = 1
  · GPU_LIST = "0,1,2"
  · SMART_PIPELINE_STAGE_TRAIN_WORKERS = "3"
  · ENABLE_STRATEGIES = [pipeline_smart]  (smart)
── 预检摘要(启动后 precheck.py 会照此核对)──
  策略        : pipeline_smart  (cell D-smart)
  MAX_EVENTS  : 100000
  SEARCH_SPACE: rnn_only (固定)
  GPU_LIST    : 0,1,2
  BATCH_MODE  : serial (固定, 保真协议)
  SEED        : 42 (固定)
  COARSE_TRIALS: 12   RERANK_TOP_K: 0
  Smart stages: 1 × train[3] (自动分配=OFF)

[09-08 21:55:37] 已启动 PID=954707, CUDA_VISIBLE_DEVICES=0,1,2, log=run_pos_cellD_smart.log
=== 自动预检: cell D / smart (期望 pipeline_smart) ===
  快照: /home/wanghaoyu/JODIE-simple/results/20260908_215548/config.json
  ✓ MAX_EVENTS = 100000
  ✓ COARSE_TRIALS = 12
  ✓ RERANK_TOP_K = 0
  ✓ GPU_LIST = '0,1,2'
  ✓ DATA_PARALLEL_WORKERS = 3
  ✓ SMART_NUM_PIPELINE_STAGES = 1
  ✓ SMART_PIPELINE_STAGE_TRAIN_WORKERS = '3'
  ✓ ENABLE_STRATEGIES = ['pipeline_smart']
  ✓ SEARCH_SPACE = 'rnn_only'
  ✓ SEARCH_MODE = 'rl'
  ✓ BATCH_MODE = 'serial'
  ✓ SEED = 42
  ✓ PARTITION_SIZE = 2000
  ✓ FEATURE_DIM = 4
  ✓ SMART_ENABLE_AUTO_PIPELINE_CONFIG = False
  ✓ log: 数据文件
  ✓ log: CUDA
  ✓ log: Ray 已安装
  ✓ log: 结果目录
  ✓ log: 启用策略
  ✓ 可见GPU数 3 = 期望 3(CUDA_VISIBLE_DEVICES 已生效)

  [预检] ✓ 全部通过 — 配置与指南一致,运行继续。
[09-08 21:57:07] ✓ 预检通过
[09-08 23:37:57] ✓ 本 run 正常结束
[09-08 23:38:11] 
[09-08 23:38:11] ===== [5/7] cell D / naive =====
[09-08 23:38:11] 动态选卡:等待任意 3 张空闲 GPU...
[09-08 23:38:11] ✓ 动态选中 GPU [0,1,2]
[09-08 23:38:11] ✓ 磁盘剩余 13G
=== cell D / naive (内部名 pipeline_naive) ===
已写入 run_all.py,变更如下:
  · MAX_EVENTS = 100000
  · COARSE_TRIALS = 12
  · RERANK_TOP_K = 0
  · DATA_PARALLEL_WORKERS = 3
  · NUM_PIPELINE_STAGES = 3
  · GPU_LIST = "0,1,2"
  · PIPELINE_STAGE_TRAIN_WORKERS = "1,1,1"
  · PIPELINE_STAGE_EVAL_WORKERS = "1,1,1"
  · ENABLE_STRATEGIES = [pipeline_naive]  (naive)
── 预检摘要(启动后 precheck.py 会照此核对)──
  策略        : pipeline_naive  (cell D-naive)
  MAX_EVENTS  : 100000
  SEARCH_SPACE: rnn_only (固定)
  GPU_LIST    : 0,1,2
  BATCH_MODE  : serial (固定, 保真协议)
  SEED        : 42 (固定)
  COARSE_TRIALS: 12   RERANK_TOP_K: 0
  Naive stages: 3 × train[1,1,1] eval[1,1,1]

[09-08 23:38:11] 已启动 PID=1151856, CUDA_VISIBLE_DEVICES=0,1,2, log=run_pos_cellD_naive.log
=== 自动预检: cell D / naive (期望 pipeline_naive) ===
  快照: /home/wanghaoyu/JODIE-simple/results/20260908_233815/config.json
  ✓ MAX_EVENTS = 100000
  ✓ COARSE_TRIALS = 12
  ✓ RERANK_TOP_K = 0
  ✓ GPU_LIST = '0,1,2'
  ✓ DATA_PARALLEL_WORKERS = 3
  ✓ NUM_PIPELINE_STAGES = 3
  ✓ PIPELINE_STAGE_TRAIN_WORKERS = '1,1,1'
  ✓ PIPELINE_STAGE_EVAL_WORKERS = '1,1,1'
  ✓ ENABLE_STRATEGIES = ['pipeline_naive']
  ✓ SEARCH_SPACE = 'rnn_only'
  ✓ SEARCH_MODE = 'rl'
  ✓ BATCH_MODE = 'serial'
  ✓ SEED = 42
  ✓ PARTITION_SIZE = 2000
  ✓ FEATURE_DIM = 4
  ✓ SMART_ENABLE_AUTO_PIPELINE_CONFIG = False
  ✓ log: 数据文件
  ✓ log: CUDA
  ✓ log: Ray 已安装
  ✓ log: 结果目录
  ✓ log: 启用策略
  ✓ 可见GPU数 3 = 期望 3(CUDA_VISIBLE_DEVICES 已生效)

  [预检] ✓ 全部通过 — 配置与指南一致,运行继续。
[09-08 23:39:41] ✓ 预检通过
[09-09 01:08:41] ✓ 本 run 正常结束
[09-09 01:08:54] 
[09-09 01:08:54] ===== [6/7] cell D / dp =====
[09-09 01:08:54] 动态选卡:等待任意 3 张空闲 GPU...
[09-09 01:08:54] ✓ 动态选中 GPU [0,1,2]
[09-09 01:08:54] ✓ 磁盘剩余 13G
=== cell D / dp (内部名 data_parallel) ===
已写入 run_all.py,变更如下:
  · MAX_EVENTS = 100000
  · COARSE_TRIALS = 12
  · RERANK_TOP_K = 0
  · DATA_PARALLEL_WORKERS = 3
  · GPU_LIST = "0,1,2"
  · ENABLE_STRATEGIES = [data_parallel]  (dp)
── 预检摘要(启动后 precheck.py 会照此核对)──
  策略        : data_parallel  (cell D-dp)
  MAX_EVENTS  : 100000
  SEARCH_SPACE: rnn_only (固定)
  GPU_LIST    : 0,1,2
  BATCH_MODE  : serial (固定, 保真协议)
  SEED        : 42 (固定)
  COARSE_TRIALS: 12   RERANK_TOP_K: 0
  DP workers   : 3

[09-09 01:08:54] 已启动 PID=1297098, CUDA_VISIBLE_DEVICES=0,1,2, log=run_pos_cellD_dp.log
=== 自动预检: cell D / dp (期望 data_parallel) ===
  快照: /home/wanghaoyu/JODIE-simple/results/20260909_010858/config.json
  ✓ MAX_EVENTS = 100000
  ✓ COARSE_TRIALS = 12
  ✓ RERANK_TOP_K = 0
  ✓ GPU_LIST = '0,1,2'
  ✓ DATA_PARALLEL_WORKERS = 3
  ✓ ENABLE_STRATEGIES = ['data_parallel']
  ✓ SEARCH_SPACE = 'rnn_only'
  ✓ SEARCH_MODE = 'rl'
  ✓ BATCH_MODE = 'serial'
  ✓ SEED = 42
  ✓ PARTITION_SIZE = 2000
  ✓ FEATURE_DIM = 4
  ✓ SMART_ENABLE_AUTO_PIPELINE_CONFIG = False
  ✓ log: 数据文件
  ✓ log: CUDA
  ✓ log: Ray 已安装
  ✓ log: 结果目录
  ✓ log: 启用策略
  ✓ 可见GPU数 3 = 期望 3(CUDA_VISIBLE_DEVICES 已生效)

  [预检] ✓ 全部通过 — 配置与指南一致,运行继续。
[09-09 01:10:24] ✓ 预检通过
[09-09 02:32:38] ✓ 本 run 正常结束
[09-09 02:32:52] 
[09-09 02:32:52] ===== [7/7] cell D / serial =====
[09-09 02:32:52] 动态选卡:等待任意 3 张空闲 GPU...
[09-09 02:32:52] ✓ 动态选中 GPU [0,1,2]
[09-09 02:32:52] ✓ 磁盘剩余 13G
=== cell D / serial (内部名 serial) ===
已写入 run_all.py,变更如下:
  · MAX_EVENTS = 100000
  · COARSE_TRIALS = 12
  · RERANK_TOP_K = 0
  · DATA_PARALLEL_WORKERS = 3
  · GPU_LIST = "0,1,2"
  · ENABLE_STRATEGIES = [serial]  (serial)
── 预检摘要(启动后 precheck.py 会照此核对)──
  策略        : serial  (cell D-serial)
  MAX_EVENTS  : 100000
  SEARCH_SPACE: rnn_only (固定)
  GPU_LIST    : 0,1,2
  BATCH_MODE  : serial (固定, 保真协议)
  SEED        : 42 (固定)
  COARSE_TRIALS: 12   RERANK_TOP_K: 0

[09-09 02:32:52] 已启动 PID=2420066, CUDA_VISIBLE_DEVICES=0,1,2, log=run_pos_cellD_serial.log
=== 自动预检: cell D / serial (期望 serial) ===
  快照: /home/wanghaoyu/JODIE-simple/results/20260909_023255/config.json
  ✓ MAX_EVENTS = 100000
  ✓ COARSE_TRIALS = 12
  ✓ RERANK_TOP_K = 0
  ✓ GPU_LIST = '0,1,2'
  ✓ DATA_PARALLEL_WORKERS = 3
  ✓ ENABLE_STRATEGIES = ['serial']
  ✓ SEARCH_SPACE = 'rnn_only'
  ✓ SEARCH_MODE = 'rl'
  ✓ BATCH_MODE = 'serial'
  ✓ SEED = 42
  ✓ PARTITION_SIZE = 2000
  ✓ FEATURE_DIM = 4
  ✓ SMART_ENABLE_AUTO_PIPELINE_CONFIG = False
  ✓ log: 数据文件
  ✓ log: CUDA
  ✓ log: Ray 已安装
  ✓ log: 结果目录
  ✓ log: 启用策略
  ✓ 可见GPU数 3 = 期望 3(CUDA_VISIBLE_DEVICES 已生效)

  [预检] ✓ 全部通过 — 配置与指南一致,运行继续。
[09-09 02:34:22] ✓ 预检通过
[09-09 04:19:49] ✓ 本 run 正常结束
[09-09 04:20:03] 
[09-09 04:20:03] ===== 链条全部结束 =====
[09-09 04:20:03] B smart → run_pos_cellB_smart.log (完成标志: 0)
[09-09 04:20:03] B naive → run_pos_cellB_naive.log (完成标志: 1)
[09-09 04:20:03] B dp → run_pos_cellB_dp.log (完成标志: 1)
[09-09 04:20:03] D smart → run_pos_cellD_smart.log (完成标志: 1)
[09-09 04:20:03] D naive → run_pos_cellD_naive.log (完成标志: 1)
[09-09 04:20:03] D dp → run_pos_cellD_dp.log (完成标志: 1)
[09-09 04:20:03] D serial → run_pos_cellD_serial.log (完成标志: 1)
