2026-09-15 20:53:22,833	INFO worker.py:1812 -- Started a local Ray instance. View the dashboard at [1m[32mhttp://127.0.0.1:8266 [39m[22m
[Microcheck] cell=B max_events=20000 train=14000 val=1999 test=4001 epochs=2
Epoch 1/2 | L2 Loss: 6.4860
Epoch 2/2 | L2 Loss: 6.0159
[Microcheck] serial score(mrr) = 0.5139392453105059
[AsyncPool] started: 2 stages, workers=[1, 1]
[36m(PartitionShardWorker pid=663743)[0m /usr/local/anaconda3/lib/python3.11/site-packages/torch/storage.py:414: FutureWarning: You are using `torch.load` with `weights_only=False` (the current default value), which uses the default pickle module implicitly. It is possible to construct malicious pickle data which will execute arbitrary code during unpickling (See https://github.com/pytorch/pytorch/blob/main/SECURITY.md#untrusted-models for more details). In a future release, the default value for `weights_only` will be flipped to `True`. This limits the functions that could be executed during unpickling. Arbitrary objects will no longer be allowed to be loaded via this mode unless they are explicitly allowlisted by the user via `torch.serialization.add_safe_globals`. We recommend you start setting `weights_only=True` for any use case where you don't have full control of the loaded file. Please open an issue on GitHub for any issues related to this experimental feature.
[36m(PartitionShardWorker pid=663743)[0m   return torch.load(io.BytesIO(b))
/usr/local/anaconda3/lib/python3.11/site-packages/torch/storage.py:414: FutureWarning: You are using `torch.load` with `weights_only=False` (the current default value), which uses the default pickle module implicitly. It is possible to construct malicious pickle data which will execute arbitrary code during unpickling (See https://github.com/pytorch/pytorch/blob/main/SECURITY.md#untrusted-models for more details). In a future release, the default value for `weights_only` will be flipped to `True`. This limits the functions that could be executed during unpickling. Arbitrary objects will no longer be allowed to be loaded via this mode unless they are explicitly allowlisted by the user via `torch.serialization.add_safe_globals`. We recommend you start setting `weights_only=True` for any use case where you don't have full control of the loaded file. Please open an issue on GitHub for any issues related to this experimental feature.
  return torch.load(io.BytesIO(b))
[36m(PartitionShardWorker pid=663743)[0m /usr/local/anaconda3/lib/python3.11/site-packages/torch/storage.py:414: FutureWarning: You are using `torch.load` with `weights_only=False` (the current default value), which uses the default pickle module implicitly. It is possible to construct malicious pickle data which will execute arbitrary code during unpickling (See https://github.com/pytorch/pytorch/blob/main/SECURITY.md#untrusted-models for more details). In a future release, the default value for `weights_only` will be flipped to `True`. This limits the functions that could be executed during unpickling. Arbitrary objects will no longer be allowed to be loaded via this mode unless they are explicitly allowlisted by the user via `torch.serialization.add_safe_globals`. We recommend you start setting `weights_only=True` for any use case where you don't have full control of the loaded file. Please open an issue on GitHub for any issues related to this experimental feature.[32m [repeated 2x across cluster] (Ray deduplicates logs by default. Set RAY_DEDUP_LOGS=0 to disable log deduplication, or see https://docs.ray.io/en/master/ray-observability/user-guides/configure-logging.html#log-deduplication for more options.)[0m
[36m(PartitionShardWorker pid=663743)[0m   return torch.load(io.BytesIO(b))[32m [repeated 2x across cluster][0m
[36m(PartitionShardWorker pid=663731)[0m /usr/local/anaconda3/lib/python3.11/site-packages/torch/storage.py:414: FutureWarning: You are using `torch.load` with `weights_only=False` (the current default value), which uses the default pickle module implicitly. It is possible to construct malicious pickle data which will execute arbitrary code during unpickling (See https://github.com/pytorch/pytorch/blob/main/SECURITY.md#untrusted-models for more details). In a future release, the default value for `weights_only` will be flipped to `True`. This limits the functions that could be executed during unpickling. Arbitrary objects will no longer be allowed to be loaded via this mode unless they are explicitly allowlisted by the user via `torch.serialization.add_safe_globals`. We recommend you start setting `weights_only=True` for any use case where you don't have full control of the loaded file. Please open an issue on GitHub for any issues related to this experimental feature.
[36m(PartitionShardWorker pid=663731)[0m   return torch.load(io.BytesIO(b))
[Microcheck] pool submitted trial_id=0 (期望 seed=42 + 0)
[36m(PartitionShardWorker pid=663743)[0m [trial=0 partitions=[7]] [Interaction 1/1999 (0.1%)] elapsed=0.0s, est.remain=199.8s, partition=7
[36m(PartitionShardWorker pid=663743)[0m [trial=0 partitions=[7]] [Interaction 100/1999 (5.0%)] elapsed=1.9s, est.remain=35.7s, partition=7
[36m(PartitionShardWorker pid=663743)[0m [trial=0 partitions=[7]] [Interaction 200/1999 (10.0%)] elapsed=2.1s, est.remain=18.6s, partition=7
[36m(PartitionShardWorker pid=663743)[0m [trial=0 partitions=[7]] [Interaction 300/1999 (15.0%)] elapsed=2.2s, est.remain=12.3s, partition=7
[36m(PartitionShardWorker pid=663743)[0m [trial=0 partitions=[7]] [Interaction 400/1999 (20.0%)] elapsed=2.3s, est.remain=9.1s, partition=7
[36m(PartitionShardWorker pid=663743)[0m [trial=0 partitions=[7]] [Interaction 500/1999 (25.0%)] elapsed=2.4s, est.remain=7.2s, partition=7
[36m(PartitionShardWorker pid=663743)[0m [trial=0 partitions=[7]] [Interaction 600/1999 (30.0%)] elapsed=2.5s, est.remain=5.8s, partition=7
[36m(PartitionShardWorker pid=663743)[0m [trial=0 partitions=[7]] [Interaction 700/1999 (35.0%)] elapsed=2.6s, est.remain=4.8s, partition=7
[36m(PartitionShardWorker pid=663743)[0m [trial=0 partitions=[7]] [Interaction 800/1999 (40.0%)] elapsed=2.7s, est.remain=4.1s, partition=7
[36m(PartitionShardWorker pid=663743)[0m [trial=0 partitions=[7]] [Interaction 900/1999 (45.0%)] elapsed=3.1s, est.remain=3.8s, partition=7
[36m(PartitionShardWorker pid=663743)[0m [trial=0 partitions=[7]] [Interaction 1000/1999 (50.0%)] elapsed=3.4s, est.remain=3.4s, partition=7
[36m(PartitionShardWorker pid=663743)[0m [trial=0 partitions=[7]] [Interaction 1100/1999 (55.0%)] elapsed=4.7s, est.remain=3.8s, partition=7
[36m(PartitionShardWorker pid=663743)[0m [trial=0 partitions=[7]] [Interaction 1200/1999 (60.0%)] elapsed=5.1s, est.remain=3.4s, partition=7
[36m(PartitionShardWorker pid=663743)[0m [trial=0 partitions=[7]] [Interaction 1300/1999 (65.0%)] elapsed=5.3s, est.remain=2.9s, partition=7
[36m(PartitionShardWorker pid=663743)[0m [trial=0 partitions=[7]] [Interaction 1400/1999 (70.0%)] elapsed=6.5s, est.remain=2.8s, partition=7
[36m(PartitionShardWorker pid=663743)[0m [trial=0 partitions=[7]] [Interaction 1500/1999 (75.0%)] elapsed=7.1s, est.remain=2.4s, partition=7
[36m(PartitionShardWorker pid=663743)[0m [trial=0 partitions=[7]] [Interaction 1600/1999 (80.0%)] elapsed=7.2s, est.remain=1.8s, partition=7
[36m(PartitionShardWorker pid=663743)[0m [trial=0 partitions=[7]] [Interaction 1700/1999 (85.0%)] elapsed=7.5s, est.remain=1.3s, partition=7
[36m(PartitionShardWorker pid=663743)[0m [trial=0 partitions=[7]] [Interaction 1800/1999 (90.0%)] elapsed=7.7s, est.remain=0.9s, partition=7
[36m(PartitionShardWorker pid=663743)[0m [trial=0 partitions=[7]] [Interaction 1900/1999 (95.0%)] elapsed=7.9s, est.remain=0.4s, partition=7
[36m(PartitionShardWorker pid=663743)[0m [trial=0 partitions=[7]] [Interaction 1999/1999 (100.0%)] elapsed=8.4s, est.remain=0.0s, partition=7

===== 结果(异步池路径,Fix D 验证)=====
serial score = 0.5139392453105059
pool   score = 0.5139392453105059
pool trial_id = 0 (期望 0 → seed=42 全局计数)
pool mrr=0.5139392453105059 recall=0.9154577288644322

score 位级等价: True
