==========================================
四种策略对比实验（无Rerank）
==========================================
配置: 50 trials × 3 epochs (无rerank)
Final Test: Serial训练（train+val → test）
==========================================

[1/4] Serial (无Rerank)...
[Timing] Timing log: outputs/no_rerank_experiment/seed_1000/serial/timing_log.csv
Epoch 1/3 | L2 Loss: 7.1578
Epoch 2/3 | L2 Loss: 5.7991
Epoch 3/3 | L2 Loss: 5.7811
[Coarse 1/50] model=jodie_rnn agg=none memory=lstm time_proj=linear val_score=0.2669
Epoch 1/3 | L2 Loss: 0.1718
Epoch 2/3 | L2 Loss: 0.1392
Epoch 3/3 | L2 Loss: 0.1350
[Coarse 2/50] model=jodie_rnn agg=none memory=gru time_proj=off val_score=0.3338
Epoch 1/3 | L2 Loss: 0.1579
Epoch 2/3 | L2 Loss: 0.1399
Epoch 3/3 | L2 Loss: 0.1378
[Coarse 3/50] model=jodie_rnn agg=none memory=gru time_proj=off val_score=0.3237
Epoch 1/3 | L2 Loss: nan
Epoch 2/3 | L2 Loss: nan
Epoch 3/3 | L2 Loss: nan
[Coarse 4/50] model=jodie_rnn agg=none memory=gru time_proj=linear val_score=0.1266
Epoch 1/3 | L2 Loss: 0.1139
Epoch 2/3 | L2 Loss: 0.1013
Epoch 3/3 | L2 Loss: 0.0988
[Coarse 5/50] model=jodie_rnn agg=none memory=lstm time_proj=off val_score=0.3102
Epoch 1/3 | L2 Loss: 0.3355
Epoch 2/3 | L2 Loss: 0.3021
Epoch 3/3 | L2 Loss: 0.2962
[Coarse 6/50] model=jodie_rnn agg=none memory=lstm time_proj=off val_score=0.3017
Epoch 1/3 | L2 Loss: nan
Epoch 2/3 | L2 Loss: nan
Epoch 3/3 | L2 Loss: nan
[Coarse 7/50] model=jodie_rnn agg=none memory=gru time_proj=linear val_score=0.1266
Epoch 1/3 | L2 Loss: 2.2431
Epoch 2/3 | L2 Loss: 1.9266
Epoch 3/3 | L2 Loss: 1.8492
[Coarse 8/50] model=jodie_rnn agg=none memory=gru time_proj=off val_score=0.4979
Epoch 1/3 | L2 Loss: 0.7479
Epoch 2/3 | L2 Loss: 0.6952
Epoch 3/3 | L2 Loss: 0.6711
[Coarse 9/50] model=jodie_rnn agg=none memory=lstm time_proj=linear val_score=0.6096
Epoch 1/3 | L2 Loss: 1.0831
Epoch 2/3 | L2 Loss: 0.9321
Epoch 3/3 | L2 Loss: 0.9022
[Coarse 10/50] model=jodie_rnn agg=none memory=lstm time_proj=linear val_score=0.5334
Epoch 1/3 | L2 Loss: 4.1456
Epoch 2/3 | L2 Loss: 3.3398
Epoch 3/3 | L2 Loss: 3.2908
[Coarse 11/50] model=jodie_rnn agg=none memory=lstm time_proj=linear val_score=0.2923
Epoch 1/3 | L2 Loss: 25.3959
Epoch 2/3 | L2 Loss: 23.7177
Epoch 3/3 | L2 Loss: 23.5010
[Coarse 12/50] model=jodie_rnn agg=none memory=rnn time_proj=linear val_score=0.5902
Epoch 1/3 | L2 Loss: 0.7865
Epoch 2/3 | L2 Loss: 0.8181
Epoch 3/3 | L2 Loss: 0.8316
[Coarse 13/50] model=jodie_rnn agg=none memory=gru time_proj=linear val_score=0.5353
Epoch 1/3 | L2 Loss: 0.2048
Epoch 2/3 | L2 Loss: 0.1766
Epoch 3/3 | L2 Loss: 0.1696
[Coarse 14/50] model=jodie_rnn agg=none memory=lstm time_proj=off val_score=0.3529
Epoch 1/3 | L2 Loss: 13.6686
Epoch 2/3 | L2 Loss: 10.9782
Epoch 3/3 | L2 Loss: 10.4837
[Coarse 15/50] model=jodie_rnn agg=none memory=lstm time_proj=linear val_score=0.2973
Epoch 1/3 | L2 Loss: 14.5974
Epoch 2/3 | L2 Loss: 13.4621
Epoch 3/3 | L2 Loss: 13.3015
[Coarse 16/50] model=jodie_rnn agg=none memory=rnn time_proj=off val_score=0.6861
Epoch 1/3 | L2 Loss: 7.7451
Epoch 2/3 | L2 Loss: 6.4351
Epoch 3/3 | L2 Loss: 6.3848
[Coarse 17/50] model=jodie_rnn agg=none memory=lstm time_proj=linear val_score=0.2957
Epoch 1/3 | L2 Loss: 0.1983
Epoch 2/3 | L2 Loss: 0.1764
Epoch 3/3 | L2 Loss: 0.1708
[Coarse 18/50] model=jodie_rnn agg=none memory=lstm time_proj=off val_score=0.3006
Epoch 1/3 | L2 Loss: 1.3069
Epoch 2/3 | L2 Loss: 1.2265
Epoch 3/3 | L2 Loss: 1.1555
[Coarse 19/50] model=jodie_rnn agg=none memory=lstm time_proj=linear val_score=0.5186
Epoch 1/3 | L2 Loss: 0.1502
Epoch 2/3 | L2 Loss: 0.1352
Epoch 3/3 | L2 Loss: 0.1318
[Coarse 20/50] model=jodie_rnn agg=none memory=gru time_proj=off val_score=0.3413
Epoch 1/3 | L2 Loss: 3.9867
Epoch 2/3 | L2 Loss: 3.3180
Epoch 3/3 | L2 Loss: 3.2380
[Coarse 21/50] model=jodie_rnn agg=none memory=lstm time_proj=linear val_score=0.2610
Epoch 1/3 | L2 Loss: 0.8101
Epoch 2/3 | L2 Loss: 0.7443
Epoch 3/3 | L2 Loss: 0.7250
[Coarse 22/50] model=jodie_rnn agg=none memory=rnn time_proj=linear val_score=0.6848
Epoch 1/3 | L2 Loss: 0.4421
Epoch 2/3 | L2 Loss: 0.3743
Epoch 3/3 | L2 Loss: 0.3594
[Coarse 23/50] model=jodie_rnn agg=none memory=lstm time_proj=off val_score=0.4295
Epoch 1/3 | L2 Loss: 1.4973
Epoch 2/3 | L2 Loss: 1.3023
Epoch 3/3 | L2 Loss: 1.2722
[Coarse 24/50] model=jodie_rnn agg=none memory=gru time_proj=off val_score=0.3957
Epoch 1/3 | L2 Loss: 0.1388
Epoch 2/3 | L2 Loss: 0.1206
Epoch 3/3 | L2 Loss: 0.1180
[Coarse 25/50] model=jodie_rnn agg=none memory=lstm time_proj=off val_score=0.2954
Epoch 1/3 | L2 Loss: 0.7918
Epoch 2/3 | L2 Loss: 0.7015
Epoch 3/3 | L2 Loss: 0.7002
[Coarse 26/50] model=jodie_rnn agg=none memory=lstm time_proj=linear val_score=0.5638
Epoch 1/3 | L2 Loss: nan
Epoch 2/3 | L2 Loss: nan
Epoch 3/3 | L2 Loss: nan
[Coarse 27/50] model=jodie_rnn agg=none memory=gru time_proj=linear val_score=0.1266
Epoch 1/3 | L2 Loss: 0.8346
Epoch 2/3 | L2 Loss: 0.7556
Epoch 3/3 | L2 Loss: 0.7516
[Coarse 28/50] model=jodie_rnn agg=none memory=rnn time_proj=linear val_score=0.6118
Epoch 1/3 | L2 Loss: 0.4156
Epoch 2/3 | L2 Loss: 0.3677
Epoch 3/3 | L2 Loss: 0.3582
[Coarse 29/50] model=jodie_rnn agg=none memory=lstm time_proj=off val_score=0.3057
Epoch 1/3 | L2 Loss: nan
Epoch 2/3 | L2 Loss: nan
Epoch 3/3 | L2 Loss: nan
[Coarse 30/50] model=jodie_rnn agg=none memory=gru time_proj=linear val_score=0.1266
Epoch 1/3 | L2 Loss: 0.6959
Epoch 2/3 | L2 Loss: 0.6036
Epoch 3/3 | L2 Loss: 0.5720
[Coarse 31/50] model=jodie_rnn agg=none memory=rnn time_proj=linear val_score=0.7370
Epoch 1/3 | L2 Loss: 50.1738
Epoch 2/3 | L2 Loss: 47.1400
Epoch 3/3 | L2 Loss: 47.2764
[Coarse 32/50] model=jodie_rnn agg=none memory=rnn time_proj=linear val_score=0.5865
Epoch 1/3 | L2 Loss: 2.4318
Epoch 2/3 | L2 Loss: 2.1239
Epoch 3/3 | L2 Loss: 2.0661
[Coarse 33/50] model=jodie_rnn agg=none memory=gru time_proj=off val_score=0.4161
Epoch 1/3 | L2 Loss: 98.0189
Epoch 2/3 | L2 Loss: 92.9956
Epoch 3/3 | L2 Loss: 92.8632
[Coarse 34/50] model=jodie_rnn agg=none memory=rnn time_proj=linear val_score=0.5927
Epoch 1/3 | L2 Loss: 0.1482
Epoch 2/3 | L2 Loss: 0.1281
Epoch 3/3 | L2 Loss: 0.1222
[Coarse 35/50] model=jodie_rnn agg=none memory=lstm time_proj=off val_score=0.3995
Epoch 1/3 | L2 Loss: 1.2398
Epoch 2/3 | L2 Loss: 1.0758
Epoch 3/3 | L2 Loss: 1.0552
[Coarse 36/50] model=jodie_rnn agg=none memory=gru time_proj=off val_score=0.3739
Epoch 1/3 | L2 Loss: 98.0067
Epoch 2/3 | L2 Loss: 92.3566
Epoch 3/3 | L2 Loss: 92.2185
[Coarse 37/50] model=jodie_rnn agg=none memory=rnn time_proj=linear val_score=0.6725
Epoch 1/3 | L2 Loss: 0.2856
Epoch 2/3 | L2 Loss: 0.2465
Epoch 3/3 | L2 Loss: 0.2381
[Coarse 38/50] model=jodie_rnn agg=none memory=lstm time_proj=off val_score=0.3213
Epoch 1/3 | L2 Loss: 13.4144
Epoch 2/3 | L2 Loss: 10.6985
Epoch 3/3 | L2 Loss: 10.3231
[Coarse 39/50] model=jodie_rnn agg=none memory=lstm time_proj=linear val_score=0.2833
Epoch 1/3 | L2 Loss: 0.2613
Epoch 2/3 | L2 Loss: 0.2258
Epoch 3/3 | L2 Loss: 0.2197
[Coarse 40/50] model=jodie_rnn agg=none memory=lstm time_proj=off val_score=0.3852
Epoch 1/3 | L2 Loss: 0.9785
Epoch 2/3 | L2 Loss: 0.8698
Epoch 3/3 | L2 Loss: 0.8780
[Coarse 41/50] model=jodie_rnn agg=none memory=lstm time_proj=linear val_score=0.4403
Epoch 1/3 | L2 Loss: 0.6357
Epoch 2/3 | L2 Loss: 0.7130
Epoch 3/3 | L2 Loss: 0.6819
[Coarse 42/50] model=jodie_rnn agg=none memory=gru time_proj=linear val_score=0.4031
Epoch 1/3 | L2 Loss: 0.2009
Epoch 2/3 | L2 Loss: 0.1719
Epoch 3/3 | L2 Loss: 0.1634
[Coarse 43/50] model=jodie_rnn agg=none memory=gru time_proj=off val_score=0.4218
Epoch 1/3 | L2 Loss: 1.1974
Epoch 2/3 | L2 Loss: 1.0324
Epoch 3/3 | L2 Loss: 1.0024
[Coarse 44/50] model=jodie_rnn agg=none memory=gru time_proj=off val_score=0.4004
Epoch 1/3 | L2 Loss: 21.2048
Epoch 2/3 | L2 Loss: 19.4017
Epoch 3/3 | L2 Loss: 19.1611
[Coarse 45/50] model=jodie_rnn agg=none memory=rnn time_proj=off val_score=0.8103
Epoch 1/3 | L2 Loss: 0.9970
Epoch 2/3 | L2 Loss: 0.8997
Epoch 3/3 | L2 Loss: 0.8897
[Coarse 46/50] model=jodie_rnn agg=none memory=rnn time_proj=linear val_score=0.7082
Epoch 1/3 | L2 Loss: 0.1692
Epoch 2/3 | L2 Loss: 0.1460
Epoch 3/3 | L2 Loss: 0.1403
[Coarse 47/50] model=jodie_rnn agg=none memory=gru time_proj=off val_score=0.3928
Epoch 1/3 | L2 Loss: 0.5191
Epoch 2/3 | L2 Loss: 0.4537
Epoch 3/3 | L2 Loss: 0.4216
[Coarse 48/50] model=jodie_rnn agg=none memory=gru time_proj=linear val_score=0.6114
Epoch 1/3 | L2 Loss: nan
Epoch 2/3 | L2 Loss: nan
Epoch 3/3 | L2 Loss: nan
[Coarse 49/50] model=jodie_rnn agg=none memory=gru time_proj=linear val_score=0.1266
Epoch 1/3 | L2 Loss: 0.8391
Epoch 2/3 | L2 Loss: 0.6902
Epoch 3/3 | L2 Loss: 0.6574
[Coarse 50/50] model=jodie_rnn agg=none memory=gru time_proj=linear val_score=0.4670
Epoch 1/3 | L2 Loss: 26.2188
Epoch 2/3 | L2 Loss: 24.2830
Epoch 3/3 | L2 Loss: 24.0769
Best architecture saved to: outputs/no_rerank_experiment/seed_1000/serial/best_arch.json
Leaderboard saved to: outputs/no_rerank_experiment/seed_1000/serial/leaderboard.csv
Search mode: rl
Best selection score: 0.8103
Best test score: 0.8103
Best model family: jodie_rnn
✓ Serial完成

[2/4] Data Parallel (无Rerank)...

======================================================================
[GraphNAS] Starting data-parallel search
[GraphNAS] Coarse trials: 50, epochs: 3, workers: 3
======================================================================

[Timing] Timing log: outputs/no_rerank_experiment/seed_1000/data_parallel/timing_log.csv
2026-06-10 11:19:20,592	INFO worker.py:1812 -- Started a local Ray instance. View the dashboard at [1m[32mhttp://127.0.0.1:8268 [39m[22m
[36m(_DataParallelWorker pid=1545822)[0m /usr/local/anaconda3/lib/python3.11/site-packages/torch/storage.py:414: FutureWarning: You are using `torch.load` with `weights_only=False` (the current default value), which uses the default pickle module implicitly. It is possible to construct malicious pickle data which will execute arbitrary code during unpickling (See https://github.com/pytorch/pytorch/blob/main/SECURITY.md#untrusted-models for more details). In a future release, the default value for `weights_only` will be flipped to `True`. This limits the functions that could be executed during unpickling. Arbitrary objects will no longer be allowed to be loaded via this mode unless they are explicitly allowlisted by the user via `torch.serialization.add_safe_globals`. We recommend you start setting `weights_only=True` for any use case where you don't have full control of the loaded file. Please open an issue on GitHub for any issues related to this experimental feature.
[36m(_DataParallelWorker pid=1545822)[0m   return torch.load(io.BytesIO(b))
/usr/local/anaconda3/lib/python3.11/site-packages/torch/storage.py:414: FutureWarning: You are using `torch.load` with `weights_only=False` (the current default value), which uses the default pickle module implicitly. It is possible to construct malicious pickle data which will execute arbitrary code during unpickling (See https://github.com/pytorch/pytorch/blob/main/SECURITY.md#untrusted-models for more details). In a future release, the default value for `weights_only` will be flipped to `True`. This limits the functions that could be executed during unpickling. Arbitrary objects will no longer be allowed to be loaded via this mode unless they are explicitly allowlisted by the user via `torch.serialization.add_safe_globals`. We recommend you start setting `weights_only=True` for any use case where you don't have full control of the loaded file. Please open an issue on GitHub for any issues related to this experimental feature.
  return torch.load(io.BytesIO(b))
[DataParallel batch-sync] trial=0 epoch=1/3 partition=0 interactions=4000/14000
[DataParallel batch-sync] trial=0 epoch=1/3 partition=0 interactions=8000/14000
