# pipeline trace log
# created_at=2026-05-17 01:23:10
[pipeline-trace] wall=01:23:18 elapsed=4.023s phase=train event=dispatch trial=0 stage=1/3
[pipeline-trace] wall=01:23:32 elapsed=17.948s phase=train event=complete trial=0 stage=1/3 stage_duration_sec=13.924
[pipeline-trace] wall=01:23:32 elapsed=17.948s phase=train event=dispatch trial=1 stage=1/3
[pipeline-trace] wall=01:23:32 elapsed=17.953s phase=train event=dispatch trial=0 stage=2/3
[pipeline-trace] wall=01:23:42 elapsed=27.898s phase=train event=complete trial=1 stage=1/3 stage_duration_sec=9.950
[pipeline-trace] wall=01:23:42 elapsed=27.898s phase=train event=dispatch trial=2 stage=1/3
[pipeline-trace] wall=01:23:45 elapsed=31.799s phase=train event=complete trial=0 stage=2/3 stage_duration_sec=13.846
[pipeline-trace] wall=01:23:45 elapsed=31.799s phase=train event=dispatch trial=1 stage=2/3
[pipeline-trace] wall=01:23:45 elapsed=31.819s phase=train event=dispatch trial=0 stage=3/3
[pipeline-trace] wall=01:23:51 elapsed=36.971s phase=train event=complete trial=2 stage=1/3 stage_duration_sec=9.073
[pipeline-trace] wall=01:23:58 elapsed=44.404s phase=train event=complete trial=1 stage=2/3 stage_duration_sec=12.605
[pipeline-trace] wall=01:23:58 elapsed=44.405s phase=train event=dispatch trial=2 stage=2/3
[pipeline-trace] wall=01:24:09 elapsed=55.147s phase=train event=complete trial=2 stage=2/3 stage_duration_sec=10.742
[pipeline-trace] wall=01:24:43 elapsed=89.511s phase=train event=complete trial=0 stage=3/3 stage_duration_sec=57.692
[pipeline-trace] wall=01:24:43 elapsed=89.512s phase=train event=dispatch trial=1 stage=3/3
[pipeline-trace] wall=01:25:47 elapsed=153.348s phase=train event=complete trial=1 stage=3/3 stage_duration_sec=63.837
[pipeline-trace] wall=01:25:47 elapsed=153.349s phase=train event=dispatch trial=2 stage=3/3
[pipeline-trace] wall=01:27:00 elapsed=226.622s phase=train event=complete trial=2 stage=3/3 stage_duration_sec=73.273
[pipeline-trace] wall=01:27:00 elapsed=226.623s phase=train event=dispatch trial=0 stage=1/3
[pipeline-trace] wall=01:27:10 elapsed=236.489s phase=train event=complete trial=0 stage=1/3 stage_duration_sec=9.866
[pipeline-trace] wall=01:27:10 elapsed=236.489s phase=train event=dispatch trial=1 stage=1/3
[pipeline-trace] wall=01:27:10 elapsed=236.499s phase=train event=dispatch trial=0 stage=2/3
[pipeline-trace] wall=01:27:19 elapsed=245.849s phase=train event=complete trial=1 stage=1/3 stage_duration_sec=9.360
[pipeline-trace] wall=01:27:19 elapsed=245.849s phase=train event=dispatch trial=2 stage=1/3
[pipeline-trace] wall=01:27:22 elapsed=248.758s phase=train event=complete trial=0 stage=2/3 stage_duration_sec=12.259
[pipeline-trace] wall=01:27:22 elapsed=248.758s phase=train event=dispatch trial=1 stage=2/3
[pipeline-trace] wall=01:27:22 elapsed=248.769s phase=train event=dispatch trial=0 stage=3/3
[pipeline-trace] wall=01:27:28 elapsed=254.448s phase=train event=complete trial=2 stage=1/3 stage_duration_sec=8.599
[pipeline-trace] wall=01:27:34 elapsed=260.529s phase=train event=complete trial=1 stage=2/3 stage_duration_sec=11.771
[pipeline-trace] wall=01:27:34 elapsed=260.530s phase=train event=dispatch trial=2 stage=2/3
[pipeline-trace] wall=01:27:44 elapsed=269.880s phase=train event=complete trial=2 stage=2/3 stage_duration_sec=9.351
[pipeline-trace] wall=01:28:21 elapsed=307.330s phase=train event=complete trial=0 stage=3/3 stage_duration_sec=58.561
[pipeline-trace] wall=01:28:21 elapsed=307.330s phase=train event=dispatch trial=1 stage=3/3
[pipeline-trace] wall=01:29:24 elapsed=370.443s phase=train event=complete trial=1 stage=3/3 stage_duration_sec=63.113
[pipeline-trace] wall=01:29:24 elapsed=370.444s phase=train event=dispatch trial=2 stage=3/3
[pipeline-trace] wall=01:30:38 elapsed=444.500s phase=train event=complete trial=2 stage=3/3 stage_duration_sec=74.057
[pipeline-trace] wall=01:30:38 elapsed=444.501s phase=train event=dispatch trial=0 stage=1/5
[pipeline-trace] wall=01:30:48 elapsed=454.087s phase=train event=complete trial=0 stage=1/5 stage_duration_sec=9.587
[pipeline-trace] wall=01:30:48 elapsed=454.087s phase=train event=dispatch trial=1 stage=1/5
[pipeline-trace] wall=01:30:48 elapsed=454.092s phase=train event=dispatch trial=0 stage=2/5
[pipeline-trace] wall=01:30:58 elapsed=463.996s phase=train event=complete trial=1 stage=1/5 stage_duration_sec=9.908
[pipeline-trace] wall=01:30:58 elapsed=463.996s phase=train event=dispatch trial=2 stage=1/5
[pipeline-trace] wall=01:31:00 elapsed=466.550s phase=train event=complete trial=0 stage=2/5 stage_duration_sec=12.457
[pipeline-trace] wall=01:31:00 elapsed=466.550s phase=train event=dispatch trial=1 stage=2/5
[pipeline-trace] wall=01:31:00 elapsed=466.561s phase=train event=dispatch trial=0 stage=3/5
[pipeline-trace] wall=01:31:06 elapsed=472.104s phase=train event=complete trial=2 stage=1/5 stage_duration_sec=8.108
[pipeline-trace] wall=01:31:13 elapsed=479.100s phase=train event=complete trial=1 stage=2/5 stage_duration_sec=12.550
[pipeline-trace] wall=01:31:13 elapsed=479.100s phase=train event=dispatch trial=2 stage=2/5
[pipeline-trace] wall=01:31:23 elapsed=489.637s phase=train event=complete trial=2 stage=2/5 stage_duration_sec=10.536
[pipeline-trace] wall=01:32:16 elapsed=542.116s phase=train event=complete trial=0 stage=3/5 stage_duration_sec=75.555
[pipeline-trace] wall=01:32:16 elapsed=542.116s phase=train event=dispatch trial=1 stage=3/5
[pipeline-trace] wall=01:32:16 elapsed=542.127s phase=eval event=dispatch trial=0 stage=1/5
[pipeline-trace] wall=01:32:16 elapsed=535.330s phase=eval event=batch_start trial=0 partitions=[14] synthetic=False
[pipeline-trace] wall=01:32:16 elapsed=535.330s phase=eval event=partition_start trial=0 partition=14 interactions=1000
[pipeline-trace] wall=01:32:16 elapsed=535.330s phase=eval event=interaction_progress trial=0 partition=14 processed=1 total=1000 metric=ranking
[pipeline-trace] wall=01:32:16 elapsed=535.562s phase=eval event=interaction_progress trial=0 partition=14 processed=100 total=1000 metric=ranking
[pipeline-trace] wall=01:32:16 elapsed=535.710s phase=eval event=interaction_progress trial=0 partition=14 processed=200 total=1000 metric=ranking
[pipeline-trace] wall=01:32:16 elapsed=535.858s phase=eval event=interaction_progress trial=0 partition=14 processed=300 total=1000 metric=ranking
[pipeline-trace] wall=01:32:17 elapsed=536.005s phase=eval event=interaction_progress trial=0 partition=14 processed=400 total=1000 metric=ranking
[pipeline-trace] wall=01:32:17 elapsed=536.152s phase=eval event=interaction_progress trial=0 partition=14 processed=500 total=1000 metric=ranking
[pipeline-trace] wall=01:32:17 elapsed=536.299s phase=eval event=interaction_progress trial=0 partition=14 processed=600 total=1000 metric=ranking
[pipeline-trace] wall=01:32:17 elapsed=536.447s phase=eval event=interaction_progress trial=0 partition=14 processed=700 total=1000 metric=ranking
[pipeline-trace] wall=01:32:17 elapsed=536.593s phase=eval event=interaction_progress trial=0 partition=14 processed=800 total=1000 metric=ranking
[pipeline-trace] wall=01:32:17 elapsed=536.739s phase=eval event=interaction_progress trial=0 partition=14 processed=900 total=1000 metric=ranking
[pipeline-trace] wall=01:32:17 elapsed=536.886s phase=eval event=interaction_progress trial=0 partition=14 processed=1000 total=1000 metric=ranking
[pipeline-trace] wall=01:32:17 elapsed=536.887s phase=eval event=partition_complete trial=0 partition=14 elapsed_sec=1.557 hits=290 total=1000
[pipeline-trace] wall=01:32:17 elapsed=543.785s phase=eval event=complete trial=0 stage=1/5 stage_duration_sec=1.658
[pipeline-trace] wall=01:32:17 elapsed=543.785s phase=eval event=dispatch trial=0 stage=2/5
[pipeline-trace] wall=01:32:18 elapsed=536.131s phase=eval event=batch_start trial=0 partitions=[15] synthetic=False
[pipeline-trace] wall=01:32:18 elapsed=536.132s phase=eval event=partition_start trial=0 partition=15 interactions=999
[pipeline-trace] wall=01:32:18 elapsed=536.132s phase=eval event=interaction_progress trial=0 partition=15 processed=1 total=999 metric=ranking
[pipeline-trace] wall=01:32:18 elapsed=536.349s phase=eval event=interaction_progress trial=0 partition=15 processed=100 total=999 metric=ranking
[pipeline-trace] wall=01:32:18 elapsed=536.496s phase=eval event=interaction_progress trial=0 partition=15 processed=200 total=999 metric=ranking
[pipeline-trace] wall=01:32:18 elapsed=536.642s phase=eval event=interaction_progress trial=0 partition=15 processed=300 total=999 metric=ranking
[pipeline-trace] wall=01:32:18 elapsed=536.789s phase=eval event=interaction_progress trial=0 partition=15 processed=400 total=999 metric=ranking
[pipeline-trace] wall=01:32:18 elapsed=536.938s phase=eval event=interaction_progress trial=0 partition=15 processed=500 total=999 metric=ranking
[pipeline-trace] wall=01:32:18 elapsed=537.087s phase=eval event=interaction_progress trial=0 partition=15 processed=600 total=999 metric=ranking
[pipeline-trace] wall=01:32:19 elapsed=537.233s phase=eval event=interaction_progress trial=0 partition=15 processed=700 total=999 metric=ranking
[pipeline-trace] wall=01:32:19 elapsed=537.380s phase=eval event=interaction_progress trial=0 partition=15 processed=800 total=999 metric=ranking
[pipeline-trace] wall=01:32:19 elapsed=537.527s phase=eval event=interaction_progress trial=0 partition=15 processed=900 total=999 metric=ranking
[pipeline-trace] wall=01:32:19 elapsed=537.669s phase=eval event=interaction_progress trial=0 partition=15 processed=999 total=999 metric=ranking
[pipeline-trace] wall=01:32:19 elapsed=537.671s phase=eval event=partition_complete trial=0 partition=15 elapsed_sec=1.539 hits=306 total=999
[pipeline-trace] wall=01:32:19 elapsed=545.439s phase=eval event=complete trial=0 stage=2/5 stage_duration_sec=1.654
[pipeline-trace] wall=01:33:20 elapsed=605.862s phase=train event=complete trial=1 stage=3/5 stage_duration_sec=63.745
[pipeline-trace] wall=01:33:20 elapsed=605.862s phase=train event=dispatch trial=2 stage=3/5
[pipeline-trace] wall=01:33:20 elapsed=605.891s phase=eval event=dispatch trial=1 stage=1/5
[pipeline-trace] wall=01:33:20 elapsed=599.075s phase=eval event=batch_start trial=1 partitions=[14] synthetic=False
[pipeline-trace] wall=01:33:20 elapsed=599.075s phase=eval event=partition_start trial=1 partition=14 interactions=1000
[pipeline-trace] wall=01:33:20 elapsed=599.075s phase=eval event=interaction_progress trial=1 partition=14 processed=1 total=1000 metric=ranking
[pipeline-trace] wall=01:33:20 elapsed=599.249s phase=eval event=interaction_progress trial=1 partition=14 processed=100 total=1000 metric=ranking
[pipeline-trace] wall=01:33:20 elapsed=599.413s phase=eval event=interaction_progress trial=1 partition=14 processed=200 total=1000 metric=ranking
[pipeline-trace] wall=01:33:20 elapsed=599.575s phase=eval event=interaction_progress trial=1 partition=14 processed=300 total=1000 metric=ranking
[pipeline-trace] wall=01:33:20 elapsed=599.737s phase=eval event=interaction_progress trial=1 partition=14 processed=400 total=1000 metric=ranking
[pipeline-trace] wall=01:33:20 elapsed=599.898s phase=eval event=interaction_progress trial=1 partition=14 processed=500 total=1000 metric=ranking
[pipeline-trace] wall=01:33:21 elapsed=600.058s phase=eval event=interaction_progress trial=1 partition=14 processed=600 total=1000 metric=ranking
[pipeline-trace] wall=01:33:21 elapsed=600.218s phase=eval event=interaction_progress trial=1 partition=14 processed=700 total=1000 metric=ranking
[pipeline-trace] wall=01:33:21 elapsed=600.379s phase=eval event=interaction_progress trial=1 partition=14 processed=800 total=1000 metric=ranking
[pipeline-trace] wall=01:33:21 elapsed=600.539s phase=eval event=interaction_progress trial=1 partition=14 processed=900 total=1000 metric=ranking
[pipeline-trace] wall=01:33:21 elapsed=600.698s phase=eval event=interaction_progress trial=1 partition=14 processed=1000 total=1000 metric=ranking
[pipeline-trace] wall=01:33:21 elapsed=600.700s phase=eval event=partition_complete trial=1 partition=14 elapsed_sec=1.626 hits=529 total=1000
[pipeline-trace] wall=01:33:21 elapsed=607.586s phase=eval event=complete trial=1 stage=1/5 stage_duration_sec=1.696
[pipeline-trace] wall=01:33:21 elapsed=607.587s phase=eval event=dispatch trial=1 stage=2/5
[pipeline-trace] wall=01:33:21 elapsed=599.917s phase=eval event=batch_start trial=1 partitions=[15] synthetic=False
[pipeline-trace] wall=01:33:21 elapsed=599.917s phase=eval event=partition_start trial=1 partition=15 interactions=999
[pipeline-trace] wall=01:33:21 elapsed=599.917s phase=eval event=interaction_progress trial=1 partition=15 processed=1 total=999 metric=ranking
[pipeline-trace] wall=01:33:21 elapsed=600.089s phase=eval event=interaction_progress trial=1 partition=15 processed=100 total=999 metric=ranking
[pipeline-trace] wall=01:33:22 elapsed=600.252s phase=eval event=interaction_progress trial=1 partition=15 processed=200 total=999 metric=ranking
[pipeline-trace] wall=01:33:22 elapsed=600.415s phase=eval event=interaction_progress trial=1 partition=15 processed=300 total=999 metric=ranking
[pipeline-trace] wall=01:33:22 elapsed=600.576s phase=eval event=interaction_progress trial=1 partition=15 processed=400 total=999 metric=ranking
[pipeline-trace] wall=01:33:22 elapsed=600.736s phase=eval event=interaction_progress trial=1 partition=15 processed=500 total=999 metric=ranking
[pipeline-trace] wall=01:33:22 elapsed=600.897s phase=eval event=interaction_progress trial=1 partition=15 processed=600 total=999 metric=ranking
[pipeline-trace] wall=01:33:22 elapsed=601.057s phase=eval event=interaction_progress trial=1 partition=15 processed=700 total=999 metric=ranking
[pipeline-trace] wall=01:33:23 elapsed=601.219s phase=eval event=interaction_progress trial=1 partition=15 processed=800 total=999 metric=ranking
[pipeline-trace] wall=01:33:23 elapsed=601.381s phase=eval event=interaction_progress trial=1 partition=15 processed=900 total=999 metric=ranking
[pipeline-trace] wall=01:33:23 elapsed=601.540s phase=eval event=interaction_progress trial=1 partition=15 processed=999 total=999 metric=ranking
[pipeline-trace] wall=01:33:23 elapsed=601.542s phase=eval event=partition_complete trial=1 partition=15 elapsed_sec=1.625 hits=526 total=999
[pipeline-trace] wall=01:33:23 elapsed=609.299s phase=eval event=complete trial=1 stage=2/5 stage_duration_sec=1.712
[pipeline-trace] wall=01:34:17 elapsed=663.438s phase=train event=complete trial=2 stage=3/5 stage_duration_sec=57.576
[pipeline-trace] wall=01:34:17 elapsed=663.438s phase=eval event=dispatch trial=2 stage=1/5
[pipeline-trace] wall=01:34:17 elapsed=656.650s phase=eval event=batch_start trial=2 partitions=[14] synthetic=False
[pipeline-trace] wall=01:34:17 elapsed=656.650s phase=eval event=partition_start trial=2 partition=14 interactions=1000
[pipeline-trace] wall=01:34:17 elapsed=656.650s phase=eval event=interaction_progress trial=2 partition=14 processed=1 total=1000 metric=ranking
[pipeline-trace] wall=01:34:17 elapsed=656.786s phase=eval event=interaction_progress trial=2 partition=14 processed=100 total=1000 metric=ranking
[pipeline-trace] wall=01:34:17 elapsed=656.916s phase=eval event=interaction_progress trial=2 partition=14 processed=200 total=1000 metric=ranking
[pipeline-trace] wall=01:34:18 elapsed=657.046s phase=eval event=interaction_progress trial=2 partition=14 processed=300 total=1000 metric=ranking
[pipeline-trace] wall=01:34:18 elapsed=657.174s phase=eval event=interaction_progress trial=2 partition=14 processed=400 total=1000 metric=ranking
[pipeline-trace] wall=01:34:18 elapsed=657.305s phase=eval event=interaction_progress trial=2 partition=14 processed=500 total=1000 metric=ranking
[pipeline-trace] wall=01:34:18 elapsed=657.434s phase=eval event=interaction_progress trial=2 partition=14 processed=600 total=1000 metric=ranking
[pipeline-trace] wall=01:34:18 elapsed=657.562s phase=eval event=interaction_progress trial=2 partition=14 processed=700 total=1000 metric=ranking
[pipeline-trace] wall=01:34:18 elapsed=657.689s phase=eval event=interaction_progress trial=2 partition=14 processed=800 total=1000 metric=ranking
[pipeline-trace] wall=01:34:18 elapsed=657.818s phase=eval event=interaction_progress trial=2 partition=14 processed=900 total=1000 metric=ranking
[pipeline-trace] wall=01:34:18 elapsed=657.948s phase=eval event=interaction_progress trial=2 partition=14 processed=1000 total=1000 metric=ranking
[pipeline-trace] wall=01:34:18 elapsed=657.950s phase=eval event=partition_complete trial=2 partition=14 elapsed_sec=1.300 hits=612 total=1000
[pipeline-trace] wall=01:34:18 elapsed=664.854s phase=eval event=complete trial=2 stage=1/5 stage_duration_sec=1.415
[pipeline-trace] wall=01:34:18 elapsed=664.854s phase=eval event=dispatch trial=2 stage=2/5
[pipeline-trace] wall=01:34:19 elapsed=657.205s phase=eval event=batch_start trial=2 partitions=[15] synthetic=False
[pipeline-trace] wall=01:34:19 elapsed=657.205s phase=eval event=partition_start trial=2 partition=15 interactions=999
[pipeline-trace] wall=01:34:19 elapsed=657.205s phase=eval event=interaction_progress trial=2 partition=15 processed=1 total=999 metric=ranking
[pipeline-trace] wall=01:34:19 elapsed=657.363s phase=eval event=interaction_progress trial=2 partition=15 processed=100 total=999 metric=ranking
[pipeline-trace] wall=01:34:19 elapsed=657.492s phase=eval event=interaction_progress trial=2 partition=15 processed=200 total=999 metric=ranking
[pipeline-trace] wall=01:34:19 elapsed=657.620s phase=eval event=interaction_progress trial=2 partition=15 processed=300 total=999 metric=ranking
[pipeline-trace] wall=01:34:19 elapsed=657.745s phase=eval event=interaction_progress trial=2 partition=15 processed=400 total=999 metric=ranking
[pipeline-trace] wall=01:34:19 elapsed=657.870s phase=eval event=interaction_progress trial=2 partition=15 processed=500 total=999 metric=ranking
[pipeline-trace] wall=01:34:19 elapsed=657.997s phase=eval event=interaction_progress trial=2 partition=15 processed=600 total=999 metric=ranking
[pipeline-trace] wall=01:34:19 elapsed=658.124s phase=eval event=interaction_progress trial=2 partition=15 processed=700 total=999 metric=ranking
[pipeline-trace] wall=01:34:20 elapsed=658.251s phase=eval event=interaction_progress trial=2 partition=15 processed=800 total=999 metric=ranking
[pipeline-trace] wall=01:34:20 elapsed=658.378s phase=eval event=interaction_progress trial=2 partition=15 processed=900 total=999 metric=ranking
[pipeline-trace] wall=01:34:20 elapsed=658.503s phase=eval event=interaction_progress trial=2 partition=15 processed=999 total=999 metric=ranking
[pipeline-trace] wall=01:34:20 elapsed=658.505s phase=eval event=partition_complete trial=2 partition=15 elapsed_sec=1.300 hits=579 total=999
[pipeline-trace] wall=01:34:20 elapsed=666.281s phase=eval event=complete trial=2 stage=2/5 stage_duration_sec=1.427
[pipeline-trace] wall=01:34:21 elapsed=667.528s phase=train event=dispatch trial=0 stage=1/3
[pipeline-trace] wall=01:34:33 elapsed=679.548s phase=train event=complete trial=0 stage=1/3 stage_duration_sec=12.021
[pipeline-trace] wall=01:34:33 elapsed=679.549s phase=train event=dispatch trial=1 stage=1/3
[pipeline-trace] wall=01:34:33 elapsed=679.556s phase=train event=dispatch trial=0 stage=2/3
[pipeline-trace] wall=01:34:44 elapsed=690.146s phase=train event=complete trial=1 stage=1/3 stage_duration_sec=10.598
[pipeline-trace] wall=01:34:44 elapsed=690.147s phase=train event=dispatch trial=2 stage=1/3
[pipeline-trace] wall=01:34:47 elapsed=693.339s phase=train event=complete trial=0 stage=2/3 stage_duration_sec=13.783
[pipeline-trace] wall=01:34:47 elapsed=693.339s phase=train event=dispatch trial=1 stage=2/3
[pipeline-trace] wall=01:34:47 elapsed=693.355s phase=train event=dispatch trial=0 stage=3/3
[pipeline-trace] wall=01:34:53 elapsed=699.458s phase=train event=complete trial=2 stage=1/3 stage_duration_sec=9.311
[pipeline-trace] wall=01:35:02 elapsed=708.390s phase=train event=complete trial=1 stage=2/3 stage_duration_sec=15.050
[pipeline-trace] wall=01:35:02 elapsed=708.390s phase=train event=dispatch trial=2 stage=2/3
[pipeline-trace] wall=01:35:15 elapsed=721.123s phase=train event=complete trial=2 stage=2/3 stage_duration_sec=12.733
